Command line invocation:
    /Applications/Xcode.app/Contents/Developer/usr/bin/xcodebuild -project Fiz.xcodeproj -scheme Fiz -configuration Debug clean build

Resolve Package Graph


Resolved source packages:
  PostHog: https://github.com/PostHog/posthog-ios @ 3.35.0

CreateBuildRequest

SendProjectDescription

CreateBuildOperation

** CLEAN SUCCEEDED **

ComputePackagePrebuildTargetDependencyGraph

Prepare packages

CreateBuildRequest

SendProjectDescription

CreateBuildOperation

ComputeTargetDependencyGraph
note: Building targets in dependency order
note: Target dependency graph (5 targets)
    Target 'Fiz' in project 'Fiz'
        ➜ Explicit dependency on target 'PostHog' in project 'PostHog'
    Target 'PostHog' in project 'PostHog'
        ➜ Explicit dependency on target 'PostHog' in project 'PostHog'
        ➜ Explicit dependency on target 'PostHog_PostHog' in project 'PostHog'
        ➜ Explicit dependency on target 'phlibwebp' in project 'PostHog'
    Target 'PostHog' in project 'PostHog'
        ➜ Explicit dependency on target 'PostHog_PostHog' in project 'PostHog'
        ➜ Explicit dependency on target 'phlibwebp' in project 'PostHog'
    Target 'phlibwebp' in project 'PostHog' (no dependencies)
    Target 'PostHog_PostHog' in project 'PostHog' (no dependencies)

GatherProvisioningInputs

CreateBuildDescription

ExecuteExternalTool /Applications/Xcode.app/Contents/Developer/Toolchains/XcodeDefault.xctoolchain/usr/bin/clang -v -E -dM -isysroot /Applications/Xcode.app/Contents/Developer/Platforms/iPhoneOS.platform/Developer/SDKs/iPhoneOS26.2.sdk -x c -c /dev/null

ExecuteExternalTool /Applications/Xcode.app/Contents/Developer/usr/bin/actool --print-asset-tag-combinations --output-format xml1 /Users/colbycorcoran/Documents/App Development/Fiz/Fiz/Assets.xcassets

ExecuteExternalTool /Applications/Xcode.app/Contents/Developer/Toolchains/XcodeDefault.xctoolchain/usr/bin/clang -v -E -dM -arch arm64 -isysroot /Applications/Xcode.app/Contents/Developer/Platforms/iPhoneOS.platform/Developer/SDKs/iPhoneOS26.2.sdk -x c -c /dev/null

ExecuteExternalTool /Applications/Xcode.app/Contents/Developer/Toolchains/XcodeDefault.xctoolchain/usr/bin/swiftc --version

ExecuteExternalTool /Applications/Xcode.app/Contents/Developer/usr/bin/actool --version --output-format xml1

ExecuteExternalTool /Applications/Xcode.app/Contents/Developer/Toolchains/XcodeDefault.xctoolchain/usr/bin/ld -version_details

Build description signature: d098abca02944e9dbd35a1344f43818b
Build description path: /Users/colbycorcoran/Library/Developer/Xcode/DerivedData/Fiz-fiflxcjvlfosoebhvlytfgwprkxo/Build/Intermediates.noindex/XCBuildData/d098abca02944e9dbd35a1344f43818b.xcbuilddata
ClangStatCache /Applications/Xcode.app/Contents/Developer/Toolchains/XcodeDefault.xctoolchain/usr/bin/clang-stat-cache /Applications/Xcode.app/Contents/Developer/Platforms/iPhoneOS.platform/Developer/SDKs/iPhoneOS26.2.sdk /Users/colbycorcoran/Library/Developer/Xcode/DerivedData/SDKStatCaches.noindex/iphoneos26.2-23C53-3794476bd08197c3e2abd9bb477ef7f7.sdkstatcache
    cd /Users/colbycorcoran/Documents/App\ Development/Fiz/Fiz.xcodeproj
    /Applications/Xcode.app/Contents/Developer/Toolchains/XcodeDefault.xctoolchain/usr/bin/clang-stat-cache /Applications/Xcode.app/Contents/Developer/Platforms/iPhoneOS.platform/Developer/SDKs/iPhoneOS26.2.sdk -o /Users/colbycorcoran/Library/Developer/Xcode/DerivedData/SDKStatCaches.noindex/iphoneos26.2-23C53-3794476bd08197c3e2abd9bb477ef7f7.sdkstatcache

CreateBuildDirectory /Users/colbycorcoran/Library/Developer/Xcode/DerivedData/Fiz-fiflxcjvlfosoebhvlytfgwprkxo/Build/Products
    cd /Users/colbycorcoran/Documents/App\ Development/Fiz/Fiz.xcodeproj
    builtin-create-build-directory /Users/colbycorcoran/Library/Developer/Xcode/DerivedData/Fiz-fiflxcjvlfosoebhvlytfgwprkxo/Build/Products

CreateBuildDirectory /Users/colbycorcoran/Library/Developer/Xcode/DerivedData/Fiz-fiflxcjvlfosoebhvlytfgwprkxo/Build/Intermediates.noindex
    cd /Users/colbycorcoran/Documents/App\ Development/Fiz/Fiz.xcodeproj
    builtin-create-build-directory /Users/colbycorcoran/Library/Developer/Xcode/DerivedData/Fiz-fiflxcjvlfosoebhvlytfgwprkxo/Build/Intermediates.noindex

CreateBuildDirectory /Users/colbycorcoran/Library/Developer/Xcode/DerivedData/Fiz-fiflxcjvlfosoebhvlytfgwprkxo/Build/Intermediates.noindex/SwiftExplicitPrecompiledModules
    cd /Users/colbycorcoran/Documents/App\ Development/Fiz/Fiz.xcodeproj
    builtin-create-build-directory /Users/colbycorcoran/Library/Developer/Xcode/DerivedData/Fiz-fiflxcjvlfosoebhvlytfgwprkxo/Build/Intermediates.noindex/SwiftExplicitPrecompiledModules

CreateBuildDirectory /Users/colbycorcoran/Library/Developer/Xcode/DerivedData/Fiz-fiflxcjvlfosoebhvlytfgwprkxo/Build/Intermediates.noindex/ExplicitPrecompiledModules
    cd /Users/colbycorcoran/Documents/App\ Development/Fiz/Fiz.xcodeproj
    builtin-create-build-directory /Users/colbycorcoran/Library/Developer/Xcode/DerivedData/Fiz-fiflxcjvlfosoebhvlytfgwprkxo/Build/Intermediates.noindex/ExplicitPrecompiledModules

CreateBuildDirectory /Users/colbycorcoran/Library/Developer/Xcode/DerivedData/Fiz-fiflxcjvlfosoebhvlytfgwprkxo/Build/Products/Debug-iphoneos
    cd /Users/colbycorcoran/Documents/App\ Development/Fiz/Fiz.xcodeproj
    builtin-create-build-directory /Users/colbycorcoran/Library/Developer/Xcode/DerivedData/Fiz-fiflxcjvlfosoebhvlytfgwprkxo/Build/Products/Debug-iphoneos

CreateBuildDirectory /Users/colbycorcoran/Library/Developer/Xcode/DerivedData/Fiz-fiflxcjvlfosoebhvlytfgwprkxo/Build/Intermediates.noindex/EagerLinkingTBDs/Debug-iphoneos
    cd /Users/colbycorcoran/Documents/App\ Development/Fiz/Fiz.xcodeproj
    builtin-create-build-directory /Users/colbycorcoran/Library/Developer/Xcode/DerivedData/Fiz-fiflxcjvlfosoebhvlytfgwprkxo/Build/Intermediates.noindex/EagerLinkingTBDs/Debug-iphoneos

WriteAuxiliaryFile /Users/colbycorcoran/Library/Developer/Xcode/DerivedData/Fiz-fiflxcjvlfosoebhvlytfgwprkxo/Build/Intermediates.noindex/Fiz.build/Debug-iphoneos/Fiz-778151566b949ac38fddff91c5adf1f7-VFS-iphoneos/all-product-headers.yaml
    cd /Users/colbycorcoran/Documents/App\ Development/Fiz/Fiz.xcodeproj
    write-file /Users/colbycorcoran/Library/Developer/Xcode/DerivedData/Fiz-fiflxcjvlfosoebhvlytfgwprkxo/Build/Intermediates.noindex/Fiz.build/Debug-iphoneos/Fiz-778151566b949ac38fddff91c5adf1f7-VFS-iphoneos/all-product-headers.yaml

CreateBuildDirectory /Users/colbycorcoran/Library/Developer/Xcode/DerivedData/Fiz-fiflxcjvlfosoebhvlytfgwprkxo/Build/Products/Debug-iphoneos/PackageFrameworks
    cd /Users/colbycorcoran/Documents/App\ Development/Fiz/Fiz.xcodeproj
    builtin-create-build-directory /Users/colbycorcoran/Library/Developer/Xcode/DerivedData/Fiz-fiflxcjvlfosoebhvlytfgwprkxo/Build/Products/Debug-iphoneos/PackageFrameworks

WriteAuxiliaryFile /Users/colbycorcoran/Library/Developer/Xcode/DerivedData/Fiz-fiflxcjvlfosoebhvlytfgwprkxo/Build/Intermediates.noindex/PostHog.build/Debug-iphoneos/phlibwebp.build/phlibwebp.modulemap (in target 'phlibwebp' from project 'PostHog')
    cd /Users/colbycorcoran/Library/Developer/Xcode/DerivedData/Fiz-fiflxcjvlfosoebhvlytfgwprkxo/SourcePackages/checkouts/posthog-ios
    write-file /Users/colbycorcoran/Library/Developer/Xcode/DerivedData/Fiz-fiflxcjvlfosoebhvlytfgwprkxo/Build/Intermediates.noindex/PostHog.build/Debug-iphoneos/phlibwebp.build/phlibwebp.modulemap

WriteAuxiliaryFile /Users/colbycorcoran/Library/Developer/Xcode/DerivedData/Fiz-fiflxcjvlfosoebhvlytfgwprkxo/Build/Intermediates.noindex/PostHog.build/Debug-iphoneos/phlibwebp.build/phlibwebp.DependencyStaticMetadataFileList (in target 'phlibwebp' from project 'PostHog')
    cd /Users/colbycorcoran/Library/Developer/Xcode/DerivedData/Fiz-fiflxcjvlfosoebhvlytfgwprkxo/SourcePackages/checkouts/posthog-ios
    write-file /Users/colbycorcoran/Library/Developer/Xcode/DerivedData/Fiz-fiflxcjvlfosoebhvlytfgwprkxo/Build/Intermediates.noindex/PostHog.build/Debug-iphoneos/phlibwebp.build/phlibwebp.DependencyStaticMetadataFileList

MkDir /Users/colbycorcoran/Library/Developer/Xcode/DerivedData/Fiz-fiflxcjvlfosoebhvlytfgwprkxo/Build/Products/Debug-iphoneos/PostHog_PostHog.bundle (in target 'PostHog_PostHog' from project 'PostHog')
    cd /Users/colbycorcoran/Library/Developer/Xcode/DerivedData/Fiz-fiflxcjvlfosoebhvlytfgwprkxo/SourcePackages/checkouts/posthog-ios
    /bin/mkdir -p /Users/colbycorcoran/Library/Developer/Xcode/DerivedData/Fiz-fiflxcjvlfosoebhvlytfgwprkxo/Build/Products/Debug-iphoneos/PostHog_PostHog.bundle

WriteAuxiliaryFile /Users/colbycorcoran/Library/Developer/Xcode/DerivedData/Fiz-fiflxcjvlfosoebhvlytfgwprkxo/Build/Intermediates.noindex/PostHog.build/Debug-iphoneos/phlibwebp.build/phlibwebp.DependencyMetadataFileList (in target 'phlibwebp' from project 'PostHog')
    cd /Users/colbycorcoran/Library/Developer/Xcode/DerivedData/Fiz-fiflxcjvlfosoebhvlytfgwprkxo/SourcePackages/checkouts/posthog-ios
    write-file /Users/colbycorcoran/Library/Developer/Xcode/DerivedData/Fiz-fiflxcjvlfosoebhvlytfgwprkxo/Build/Intermediates.noindex/PostHog.build/Debug-iphoneos/phlibwebp.build/phlibwebp.DependencyMetadataFileList

WriteAuxiliaryFile /Users/colbycorcoran/Library/Developer/Xcode/DerivedData/Fiz-fiflxcjvlfosoebhvlytfgwprkxo/Build/Intermediates.noindex/PostHog.build/Debug-iphoneos/PostHog_PostHog.build/PostHog_PostHog.DependencyStaticMetadataFileList (in target 'PostHog_PostHog' from project 'PostHog')
    cd /Users/colbycorcoran/Library/Developer/Xcode/DerivedData/Fiz-fiflxcjvlfosoebhvlytfgwprkxo/SourcePackages/checkouts/posthog-ios
    write-file /Users/colbycorcoran/Library/Developer/Xcode/DerivedData/Fiz-fiflxcjvlfosoebhvlytfgwprkxo/Build/Intermediates.noindex/PostHog.build/Debug-iphoneos/PostHog_PostHog.build/PostHog_PostHog.DependencyStaticMetadataFileList

WriteAuxiliaryFile /Users/colbycorcoran/Library/Developer/Xcode/DerivedData/Fiz-fiflxcjvlfosoebhvlytfgwprkxo/Build/Intermediates.noindex/PostHog.build/Debug-iphoneos/PostHog_PostHog.build/empty-PostHog_PostHog.plist (in target 'PostHog_PostHog' from project 'PostHog')
    cd /Users/colbycorcoran/Library/Developer/Xcode/DerivedData/Fiz-fiflxcjvlfosoebhvlytfgwprkxo/SourcePackages/checkouts/posthog-ios
    write-file /Users/colbycorcoran/Library/Developer/Xcode/DerivedData/Fiz-fiflxcjvlfosoebhvlytfgwprkxo/Build/Intermediates.noindex/PostHog.build/Debug-iphoneos/PostHog_PostHog.build/empty-PostHog_PostHog.plist

WriteAuxiliaryFile /Users/colbycorcoran/Library/Developer/Xcode/DerivedData/Fiz-fiflxcjvlfosoebhvlytfgwprkxo/Build/Intermediates.noindex/PostHog.build/Debug-iphoneos/PostHog_PostHog.build/PostHog_PostHog.DependencyMetadataFileList (in target 'PostHog_PostHog' from project 'PostHog')
    cd /Users/colbycorcoran/Library/Developer/Xcode/DerivedData/Fiz-fiflxcjvlfosoebhvlytfgwprkxo/SourcePackages/checkouts/posthog-ios
    write-file /Users/colbycorcoran/Library/Developer/Xcode/DerivedData/Fiz-fiflxcjvlfosoebhvlytfgwprkxo/Build/Intermediates.noindex/PostHog.build/Debug-iphoneos/PostHog_PostHog.build/PostHog_PostHog.DependencyMetadataFileList

WriteAuxiliaryFile /Users/colbycorcoran/Library/Developer/Xcode/DerivedData/Fiz-fiflxcjvlfosoebhvlytfgwprkxo/Build/Intermediates.noindex/PostHog.build/Debug-iphoneos/phlibwebp.build/Objects-normal/arm64/phlibwebp.LinkFileList (in target 'phlibwebp' from project 'PostHog')
    cd /Users/colbycorcoran/Library/Developer/Xcode/DerivedData/Fiz-fiflxcjvlfosoebhvlytfgwprkxo/SourcePackages/checkouts/posthog-ios
    write-file /Users/colbycorcoran/Library/Developer/Xcode/DerivedData/Fiz-fiflxcjvlfosoebhvlytfgwprkxo/Build/Intermediates.noindex/PostHog.build/Debug-iphoneos/phlibwebp.build/Objects-normal/arm64/phlibwebp.LinkFileList

WriteAuxiliaryFile /Users/colbycorcoran/Library/Developer/Xcode/DerivedData/Fiz-fiflxcjvlfosoebhvlytfgwprkxo/Build/Intermediates.noindex/PostHog.build/Debug-iphoneos/phlibwebp.build/Objects-normal/arm64/7187679823f38a2a940e0043cdf9d637-common-args.resp (in target 'phlibwebp' from project 'PostHog')
    cd /Users/colbycorcoran/Library/Developer/Xcode/DerivedData/Fiz-fiflxcjvlfosoebhvlytfgwprkxo/SourcePackages/checkouts/posthog-ios
    write-file /Users/colbycorcoran/Library/Developer/Xcode/DerivedData/Fiz-fiflxcjvlfosoebhvlytfgwprkxo/Build/Intermediates.noindex/PostHog.build/Debug-iphoneos/phlibwebp.build/Objects-normal/arm64/7187679823f38a2a940e0043cdf9d637-common-args.resp
-target arm64-apple-ios13.0 -fmodules -gmodules '-fmodules-cache-path=/Users/colbycorcoran/Library/Developer/Xcode/DerivedData/ModuleCache.noindex' '-fmodule-name=phlibwebp' -fpascal-strings -O0 -DSWIFT_PACKAGE '-DDEBUG=1' -isysroot /Applications/Xcode.app/Contents/Developer/Platforms/iPhoneOS.platform/Developer/SDKs/iPhoneOS26.2.sdk -g -fprofile-instr-generate -fcoverage-mapping -I/Users/colbycorcoran/Library/Developer/Xcode/DerivedData/Fiz-fiflxcjvlfosoebhvlytfgwprkxo/Build/Products/Debug-iphoneos/include -I/Users/colbycorcoran/Library/Developer/Xcode/DerivedData/Fiz-fiflxcjvlfosoebhvlytfgwprkxo/SourcePackages/checkouts/posthog-ios/vendor/libwebp -I/Users/colbycorcoran/Library/Developer/Xcode/DerivedData/Fiz-fiflxcjvlfosoebhvlytfgwprkxo/SourcePackages/checkouts/posthog-ios/vendor/libwebp -I/Users/colbycorcoran/Library/Developer/Xcode/DerivedData/Fiz-fiflxcjvlfosoebhvlytfgwprkxo/Build/Intermediates.noindex/PostHog.build/Debug-iphoneos/phlibwebp.build/DerivedSources-normal/arm64 -I/Users/colbycorcoran/Library/Developer/Xcode/DerivedData/Fiz-fiflxcjvlfosoebhvlytfgwprkxo/Build/Intermediates.noindex/PostHog.build/Debug-iphoneos/phlibwebp.build/DerivedSources/arm64 -I/Users/colbycorcoran/Library/Developer/Xcode/DerivedData/Fiz-fiflxcjvlfosoebhvlytfgwprkxo/Build/Intermediates.noindex/PostHog.build/Debug-iphoneos/phlibwebp.build/DerivedSources -F/Users/colbycorcoran/Library/Developer/Xcode/DerivedData/Fiz-fiflxcjvlfosoebhvlytfgwprkxo/Build/Products/Debug-iphoneos -iframework /Applications/Xcode.app/Contents/Developer/Platforms/iPhoneOS.platform/Developer/Library/Frameworks -iframework /Applications/Xcode.app/Contents/Developer/Platforms/iPhoneOS.platform/Developer/SDKs/iPhoneOS26.2.sdk/Developer/Library/Frameworks -DXcode

WriteAuxiliaryFile /Users/colbycorcoran/Library/Developer/Xcode/DerivedData/Fiz-fiflxcjvlfosoebhvlytfgwprkxo/Build/Intermediates.noindex/PostHog.build/Debug-iphoneos/PostHog.build/PostHog.modulemap (in target 'PostHog' from project 'PostHog')
    cd /Users/colbycorcoran/Library/Developer/Xcode/DerivedData/Fiz-fiflxcjvlfosoebhvlytfgwprkxo/SourcePackages/checkouts/posthog-ios
    write-file /Users/colbycorcoran/Library/Developer/Xcode/DerivedData/Fiz-fiflxcjvlfosoebhvlytfgwprkxo/Build/Intermediates.noindex/PostHog.build/Debug-iphoneos/PostHog.build/PostHog.modulemap

WriteAuxiliaryFile /Users/colbycorcoran/Library/Developer/Xcode/DerivedData/Fiz-fiflxcjvlfosoebhvlytfgwprkxo/Build/Intermediates.noindex/PostHog.build/Debug-iphoneos/PostHog.build/PostHog.DependencyMetadataFileList (in target 'PostHog' from project 'PostHog')
    cd /Users/colbycorcoran/Library/Developer/Xcode/DerivedData/Fiz-fiflxcjvlfosoebhvlytfgwprkxo/SourcePackages/checkouts/posthog-ios
    write-file /Users/colbycorcoran/Library/Developer/Xcode/DerivedData/Fiz-fiflxcjvlfosoebhvlytfgwprkxo/Build/Intermediates.noindex/PostHog.build/Debug-iphoneos/PostHog.build/PostHog.DependencyMetadataFileList

WriteAuxiliaryFile /Users/colbycorcoran/Library/Developer/Xcode/DerivedData/Fiz-fiflxcjvlfosoebhvlytfgwprkxo/Build/Intermediates.noindex/PostHog.build/Debug-iphoneos/PostHog.build/PostHog.DependencyStaticMetadataFileList (in target 'PostHog' from project 'PostHog')
    cd /Users/colbycorcoran/Library/Developer/Xcode/DerivedData/Fiz-fiflxcjvlfosoebhvlytfgwprkxo/SourcePackages/checkouts/posthog-ios
    write-file /Users/colbycorcoran/Library/Developer/Xcode/DerivedData/Fiz-fiflxcjvlfosoebhvlytfgwprkxo/Build/Intermediates.noindex/PostHog.build/Debug-iphoneos/PostHog.build/PostHog.DependencyStaticMetadataFileList

WriteAuxiliaryFile /Users/colbycorcoran/Library/Developer/Xcode/DerivedData/Fiz-fiflxcjvlfosoebhvlytfgwprkxo/Build/Intermediates.noindex/PostHog.build/Debug-iphoneos/PostHog.build/Objects-normal/arm64/PostHog_const_extract_protocols.json (in target 'PostHog' from project 'PostHog')
    cd /Users/colbycorcoran/Library/Developer/Xcode/DerivedData/Fiz-fiflxcjvlfosoebhvlytfgwprkxo/SourcePackages/checkouts/posthog-ios
    write-file /Users/colbycorcoran/Library/Developer/Xcode/DerivedData/Fiz-fiflxcjvlfosoebhvlytfgwprkxo/Build/Intermediates.noindex/PostHog.build/Debug-iphoneos/PostHog.build/Objects-normal/arm64/PostHog_const_extract_protocols.json

WriteAuxiliaryFile /Users/colbycorcoran/Library/Developer/Xcode/DerivedData/Fiz-fiflxcjvlfosoebhvlytfgwprkxo/Build/Intermediates.noindex/PostHog.build/Debug-iphoneos/PostHog.build/Objects-normal/arm64/PostHog.SwiftFileList (in target 'PostHog' from project 'PostHog')
    cd /Users/colbycorcoran/Library/Developer/Xcode/DerivedData/Fiz-fiflxcjvlfosoebhvlytfgwprkxo/SourcePackages/checkouts/posthog-ios
    write-file /Users/colbycorcoran/Library/Developer/Xcode/DerivedData/Fiz-fiflxcjvlfosoebhvlytfgwprkxo/Build/Intermediates.noindex/PostHog.build/Debug-iphoneos/PostHog.build/Objects-normal/arm64/PostHog.SwiftFileList

WriteAuxiliaryFile /Users/colbycorcoran/Library/Developer/Xcode/DerivedData/Fiz-fiflxcjvlfosoebhvlytfgwprkxo/Build/Intermediates.noindex/PostHog.build/Debug-iphoneos/PostHog.build/Objects-normal/arm64/PostHog.SwiftConstValuesFileList (in target 'PostHog' from project 'PostHog')
    cd /Users/colbycorcoran/Library/Developer/Xcode/DerivedData/Fiz-fiflxcjvlfosoebhvlytfgwprkxo/SourcePackages/checkouts/posthog-ios
    write-file /Users/colbycorcoran/Library/Developer/Xcode/DerivedData/Fiz-fiflxcjvlfosoebhvlytfgwprkxo/Build/Intermediates.noindex/PostHog.build/Debug-iphoneos/PostHog.build/Objects-normal/arm64/PostHog.SwiftConstValuesFileList

Copy /Users/colbycorcoran/Library/Developer/Xcode/DerivedData/Fiz-fiflxcjvlfosoebhvlytfgwprkxo/Build/Intermediates.noindex/GeneratedModuleMaps-iphoneos/phlibwebp.modulemap /Users/colbycorcoran/Library/Developer/Xcode/DerivedData/Fiz-fiflxcjvlfosoebhvlytfgwprkxo/Build/Intermediates.noindex/PostHog.build/Debug-iphoneos/phlibwebp.build/phlibwebp.modulemap (in target 'phlibwebp' from project 'PostHog')
    cd /Users/colbycorcoran/Library/Developer/Xcode/DerivedData/Fiz-fiflxcjvlfosoebhvlytfgwprkxo/SourcePackages/checkouts/posthog-ios
    builtin-copy -exclude .DS_Store -exclude CVS -exclude .svn -exclude .git -exclude .hg -resolve-src-symlinks /Users/colbycorcoran/Library/Developer/Xcode/DerivedData/Fiz-fiflxcjvlfosoebhvlytfgwprkxo/Build/Intermediates.noindex/PostHog.build/Debug-iphoneos/phlibwebp.build/phlibwebp.modulemap /Users/colbycorcoran/Library/Developer/Xcode/DerivedData/Fiz-fiflxcjvlfosoebhvlytfgwprkxo/Build/Intermediates.noindex/GeneratedModuleMaps-iphoneos

WriteAuxiliaryFile /Users/colbycorcoran/Library/Developer/Xcode/DerivedData/Fiz-fiflxcjvlfosoebhvlytfgwprkxo/Build/Intermediates.noindex/PostHog.build/Debug-iphoneos/PostHog.build/Objects-normal/arm64/PostHog.LinkFileList (in target 'PostHog' from project 'PostHog')
    cd /Users/colbycorcoran/Library/Developer/Xcode/DerivedData/Fiz-fiflxcjvlfosoebhvlytfgwprkxo/SourcePackages/checkouts/posthog-ios
    write-file /Users/colbycorcoran/Library/Developer/Xcode/DerivedData/Fiz-fiflxcjvlfosoebhvlytfgwprkxo/Build/Intermediates.noindex/PostHog.build/Debug-iphoneos/PostHog.build/Objects-normal/arm64/PostHog.LinkFileList

WriteAuxiliaryFile /Users/colbycorcoran/Library/Developer/Xcode/DerivedData/Fiz-fiflxcjvlfosoebhvlytfgwprkxo/Build/Intermediates.noindex/PostHog.build/Debug-iphoneos/PostHog.build/Objects-normal/arm64/PostHog-OutputFileMap.json (in target 'PostHog' from project 'PostHog')
    cd /Users/colbycorcoran/Library/Developer/Xcode/DerivedData/Fiz-fiflxcjvlfosoebhvlytfgwprkxo/SourcePackages/checkouts/posthog-ios
    write-file /Users/colbycorcoran/Library/Developer/Xcode/DerivedData/Fiz-fiflxcjvlfosoebhvlytfgwprkxo/Build/Intermediates.noindex/PostHog.build/Debug-iphoneos/PostHog.build/Objects-normal/arm64/PostHog-OutputFileMap.json

WriteAuxiliaryFile /Users/colbycorcoran/Library/Developer/Xcode/DerivedData/Fiz-fiflxcjvlfosoebhvlytfgwprkxo/Build/Intermediates.noindex/PostHog.build/Debug-iphoneos/PostHog.build/DerivedSources/resource_bundle_accessor.swift (in target 'PostHog' from project 'PostHog')
    cd /Users/colbycorcoran/Library/Developer/Xcode/DerivedData/Fiz-fiflxcjvlfosoebhvlytfgwprkxo/SourcePackages/checkouts/posthog-ios
    write-file /Users/colbycorcoran/Library/Developer/Xcode/DerivedData/Fiz-fiflxcjvlfosoebhvlytfgwprkxo/Build/Intermediates.noindex/PostHog.build/Debug-iphoneos/PostHog.build/DerivedSources/resource_bundle_accessor.swift

Copy /Users/colbycorcoran/Library/Developer/Xcode/DerivedData/Fiz-fiflxcjvlfosoebhvlytfgwprkxo/Build/Intermediates.noindex/GeneratedModuleMaps-iphoneos/PostHog.modulemap /Users/colbycorcoran/Library/Developer/Xcode/DerivedData/Fiz-fiflxcjvlfosoebhvlytfgwprkxo/Build/Intermediates.noindex/PostHog.build/Debug-iphoneos/PostHog.build/PostHog.modulemap (in target 'PostHog' from project 'PostHog')
    cd /Users/colbycorcoran/Library/Developer/Xcode/DerivedData/Fiz-fiflxcjvlfosoebhvlytfgwprkxo/SourcePackages/checkouts/posthog-ios
    builtin-copy -exclude .DS_Store -exclude CVS -exclude .svn -exclude .git -exclude .hg -resolve-src-symlinks /Users/colbycorcoran/Library/Developer/Xcode/DerivedData/Fiz-fiflxcjvlfosoebhvlytfgwprkxo/Build/Intermediates.noindex/PostHog.build/Debug-iphoneos/PostHog.build/PostHog.modulemap /Users/colbycorcoran/Library/Developer/Xcode/DerivedData/Fiz-fiflxcjvlfosoebhvlytfgwprkxo/Build/Intermediates.noindex/GeneratedModuleMaps-iphoneos

WriteAuxiliaryFile /Users/colbycorcoran/Library/Developer/Xcode/DerivedData/Fiz-fiflxcjvlfosoebhvlytfgwprkxo/Build/Intermediates.noindex/Fiz.build/Debug-iphoneos/Fiz.build/Objects-normal/arm64/Fiz_const_extract_protocols.json (in target 'Fiz' from project 'Fiz')
    cd /Users/colbycorcoran/Documents/App\ Development/Fiz
    write-file /Users/colbycorcoran/Library/Developer/Xcode/DerivedData/Fiz-fiflxcjvlfosoebhvlytfgwprkxo/Build/Intermediates.noindex/Fiz.build/Debug-iphoneos/Fiz.build/Objects-normal/arm64/Fiz_const_extract_protocols.json

WriteAuxiliaryFile /Users/colbycorcoran/Library/Developer/Xcode/DerivedData/Fiz-fiflxcjvlfosoebhvlytfgwprkxo/Build/Intermediates.noindex/Fiz.build/Debug-iphoneos/Fiz.build/Objects-normal/arm64/Fiz.SwiftFileList (in target 'Fiz' from project 'Fiz')
    cd /Users/colbycorcoran/Documents/App\ Development/Fiz
    write-file /Users/colbycorcoran/Library/Developer/Xcode/DerivedData/Fiz-fiflxcjvlfosoebhvlytfgwprkxo/Build/Intermediates.noindex/Fiz.build/Debug-iphoneos/Fiz.build/Objects-normal/arm64/Fiz.SwiftFileList

WriteAuxiliaryFile /Users/colbycorcoran/Library/Developer/Xcode/DerivedData/Fiz-fiflxcjvlfosoebhvlytfgwprkxo/Build/Intermediates.noindex/Fiz.build/Debug-iphoneos/Fiz.build/Objects-normal/arm64/Fiz.SwiftConstValuesFileList (in target 'Fiz' from project 'Fiz')
    cd /Users/colbycorcoran/Documents/App\ Development/Fiz
    write-file /Users/colbycorcoran/Library/Developer/Xcode/DerivedData/Fiz-fiflxcjvlfosoebhvlytfgwprkxo/Build/Intermediates.noindex/Fiz.build/Debug-iphoneos/Fiz.build/Objects-normal/arm64/Fiz.SwiftConstValuesFileList

WriteAuxiliaryFile /Users/colbycorcoran/Library/Developer/Xcode/DerivedData/Fiz-fiflxcjvlfosoebhvlytfgwprkxo/Build/Intermediates.noindex/Fiz.build/Debug-iphoneos/Fiz.build/Objects-normal/arm64/Fiz.LinkFileList (in target 'Fiz' from project 'Fiz')
    cd /Users/colbycorcoran/Documents/App\ Development/Fiz
    write-file /Users/colbycorcoran/Library/Developer/Xcode/DerivedData/Fiz-fiflxcjvlfosoebhvlytfgwprkxo/Build/Intermediates.noindex/Fiz.build/Debug-iphoneos/Fiz.build/Objects-normal/arm64/Fiz.LinkFileList

WriteAuxiliaryFile /Users/colbycorcoran/Library/Developer/Xcode/DerivedData/Fiz-fiflxcjvlfosoebhvlytfgwprkxo/Build/Intermediates.noindex/Fiz.build/Debug-iphoneos/Fiz.build/Objects-normal/arm64/Fiz-OutputFileMap.json (in target 'Fiz' from project 'Fiz')
    cd /Users/colbycorcoran/Documents/App\ Development/Fiz
    write-file /Users/colbycorcoran/Library/Developer/Xcode/DerivedData/Fiz-fiflxcjvlfosoebhvlytfgwprkxo/Build/Intermediates.noindex/Fiz.build/Debug-iphoneos/Fiz.build/Objects-normal/arm64/Fiz-OutputFileMap.json

WriteAuxiliaryFile /Users/colbycorcoran/Library/Developer/Xcode/DerivedData/Fiz-fiflxcjvlfosoebhvlytfgwprkxo/Build/Intermediates.noindex/Fiz.build/Debug-iphoneos/Fiz.build/Fiz.hmap (in target 'Fiz' from project 'Fiz')
    cd /Users/colbycorcoran/Documents/App\ Development/Fiz
    write-file /Users/colbycorcoran/Library/Developer/Xcode/DerivedData/Fiz-fiflxcjvlfosoebhvlytfgwprkxo/Build/Intermediates.noindex/Fiz.build/Debug-iphoneos/Fiz.build/Fiz.hmap

WriteAuxiliaryFile /Users/colbycorcoran/Library/Developer/Xcode/DerivedData/Fiz-fiflxcjvlfosoebhvlytfgwprkxo/Build/Intermediates.noindex/Fiz.build/Debug-iphoneos/Fiz.build/Fiz.DependencyStaticMetadataFileList (in target 'Fiz' from project 'Fiz')
    cd /Users/colbycorcoran/Documents/App\ Development/Fiz
    write-file /Users/colbycorcoran/Library/Developer/Xcode/DerivedData/Fiz-fiflxcjvlfosoebhvlytfgwprkxo/Build/Intermediates.noindex/Fiz.build/Debug-iphoneos/Fiz.build/Fiz.DependencyStaticMetadataFileList

WriteAuxiliaryFile /Users/colbycorcoran/Library/Developer/Xcode/DerivedData/Fiz-fiflxcjvlfosoebhvlytfgwprkxo/Build/Intermediates.noindex/Fiz.build/Debug-iphoneos/Fiz.build/Fiz.DependencyMetadataFileList (in target 'Fiz' from project 'Fiz')
    cd /Users/colbycorcoran/Documents/App\ Development/Fiz
    write-file /Users/colbycorcoran/Library/Developer/Xcode/DerivedData/Fiz-fiflxcjvlfosoebhvlytfgwprkxo/Build/Intermediates.noindex/Fiz.build/Debug-iphoneos/Fiz.build/Fiz.DependencyMetadataFileList

WriteAuxiliaryFile /Users/colbycorcoran/Library/Developer/Xcode/DerivedData/Fiz-fiflxcjvlfosoebhvlytfgwprkxo/Build/Intermediates.noindex/Fiz.build/Debug-iphoneos/Fiz.build/Fiz-project-headers.hmap (in target 'Fiz' from project 'Fiz')
    cd /Users/colbycorcoran/Documents/App\ Development/Fiz
    write-file /Users/colbycorcoran/Library/Developer/Xcode/DerivedData/Fiz-fiflxcjvlfosoebhvlytfgwprkxo/Build/Intermediates.noindex/Fiz.build/Debug-iphoneos/Fiz.build/Fiz-project-headers.hmap

WriteAuxiliaryFile /Users/colbycorcoran/Library/Developer/Xcode/DerivedData/Fiz-fiflxcjvlfosoebhvlytfgwprkxo/Build/Intermediates.noindex/Fiz.build/Debug-iphoneos/Fiz.build/Fiz-own-target-headers.hmap (in target 'Fiz' from project 'Fiz')
    cd /Users/colbycorcoran/Documents/App\ Development/Fiz
    write-file /Users/colbycorcoran/Library/Developer/Xcode/DerivedData/Fiz-fiflxcjvlfosoebhvlytfgwprkxo/Build/Intermediates.noindex/Fiz.build/Debug-iphoneos/Fiz.build/Fiz-own-target-headers.hmap

WriteAuxiliaryFile /Users/colbycorcoran/Library/Developer/Xcode/DerivedData/Fiz-fiflxcjvlfosoebhvlytfgwprkxo/Build/Intermediates.noindex/Fiz.build/Debug-iphoneos/Fiz.build/Fiz-generated-files.hmap (in target 'Fiz' from project 'Fiz')
    cd /Users/colbycorcoran/Documents/App\ Development/Fiz
    write-file /Users/colbycorcoran/Library/Developer/Xcode/DerivedData/Fiz-fiflxcjvlfosoebhvlytfgwprkxo/Build/Intermediates.noindex/Fiz.build/Debug-iphoneos/Fiz.build/Fiz-generated-files.hmap

WriteAuxiliaryFile /Users/colbycorcoran/Library/Developer/Xcode/DerivedData/Fiz-fiflxcjvlfosoebhvlytfgwprkxo/Build/Intermediates.noindex/Fiz.build/Debug-iphoneos/Fiz.build/Fiz-all-target-headers.hmap (in target 'Fiz' from project 'Fiz')
    cd /Users/colbycorcoran/Documents/App\ Development/Fiz
    write-file /Users/colbycorcoran/Library/Developer/Xcode/DerivedData/Fiz-fiflxcjvlfosoebhvlytfgwprkxo/Build/Intermediates.noindex/Fiz.build/Debug-iphoneos/Fiz.build/Fiz-all-target-headers.hmap

WriteAuxiliaryFile /Users/colbycorcoran/Library/Developer/Xcode/DerivedData/Fiz-fiflxcjvlfosoebhvlytfgwprkxo/Build/Intermediates.noindex/Fiz.build/Debug-iphoneos/Fiz.build/Fiz-all-non-framework-target-headers.hmap (in target 'Fiz' from project 'Fiz')
    cd /Users/colbycorcoran/Documents/App\ Development/Fiz
    write-file /Users/colbycorcoran/Library/Developer/Xcode/DerivedData/Fiz-fiflxcjvlfosoebhvlytfgwprkxo/Build/Intermediates.noindex/Fiz.build/Debug-iphoneos/Fiz.build/Fiz-all-non-framework-target-headers.hmap

WriteAuxiliaryFile /Users/colbycorcoran/Library/Developer/Xcode/DerivedData/Fiz-fiflxcjvlfosoebhvlytfgwprkxo/Build/Intermediates.noindex/Fiz.build/Debug-iphoneos/Fiz.build/Fiz-DebugDylibPath-normal-arm64.txt (in target 'Fiz' from project 'Fiz')
    cd /Users/colbycorcoran/Documents/App\ Development/Fiz
    write-file /Users/colbycorcoran/Library/Developer/Xcode/DerivedData/Fiz-fiflxcjvlfosoebhvlytfgwprkxo/Build/Intermediates.noindex/Fiz.build/Debug-iphoneos/Fiz.build/Fiz-DebugDylibPath-normal-arm64.txt

WriteAuxiliaryFile /Users/colbycorcoran/Library/Developer/Xcode/DerivedData/Fiz-fiflxcjvlfosoebhvlytfgwprkxo/Build/Intermediates.noindex/Fiz.build/Debug-iphoneos/Fiz.build/Fiz-DebugDylibInstallName-normal-arm64.txt (in target 'Fiz' from project 'Fiz')
    cd /Users/colbycorcoran/Documents/App\ Development/Fiz
    write-file /Users/colbycorcoran/Library/Developer/Xcode/DerivedData/Fiz-fiflxcjvlfosoebhvlytfgwprkxo/Build/Intermediates.noindex/Fiz.build/Debug-iphoneos/Fiz.build/Fiz-DebugDylibInstallName-normal-arm64.txt

WriteAuxiliaryFile /Users/colbycorcoran/Library/Developer/Xcode/DerivedData/Fiz-fiflxcjvlfosoebhvlytfgwprkxo/Build/Intermediates.noindex/Fiz.build/Debug-iphoneos/Fiz.build/DerivedSources/Entitlements.plist (in target 'Fiz' from project 'Fiz')
    cd /Users/colbycorcoran/Documents/App\ Development/Fiz
    write-file /Users/colbycorcoran/Library/Developer/Xcode/DerivedData/Fiz-fiflxcjvlfosoebhvlytfgwprkxo/Build/Intermediates.noindex/Fiz.build/Debug-iphoneos/Fiz.build/DerivedSources/Entitlements.plist

MkDir /Users/colbycorcoran/Library/Developer/Xcode/DerivedData/Fiz-fiflxcjvlfosoebhvlytfgwprkxo/Build/Products/Debug-iphoneos/Fiz.app (in target 'Fiz' from project 'Fiz')
    cd /Users/colbycorcoran/Documents/App\ Development/Fiz
    /bin/mkdir -p /Users/colbycorcoran/Library/Developer/Xcode/DerivedData/Fiz-fiflxcjvlfosoebhvlytfgwprkxo/Build/Products/Debug-iphoneos/Fiz.app

CpResource /Users/colbycorcoran/Library/Developer/Xcode/DerivedData/Fiz-fiflxcjvlfosoebhvlytfgwprkxo/Build/Products/Debug-iphoneos/PostHog_PostHog.bundle/PrivacyInfo.xcprivacy /Users/colbycorcoran/Library/Developer/Xcode/DerivedData/Fiz-fiflxcjvlfosoebhvlytfgwprkxo/SourcePackages/checkouts/posthog-ios/PostHog/Resources/PrivacyInfo.xcprivacy (in target 'PostHog_PostHog' from project 'PostHog')
    cd /Users/colbycorcoran/Library/Developer/Xcode/DerivedData/Fiz-fiflxcjvlfosoebhvlytfgwprkxo/SourcePackages/checkouts/posthog-ios
    builtin-copy -exclude .DS_Store -exclude CVS -exclude .svn -exclude .git -exclude .hg -resolve-src-symlinks /Users/colbycorcoran/Library/Developer/Xcode/DerivedData/Fiz-fiflxcjvlfosoebhvlytfgwprkxo/SourcePackages/checkouts/posthog-ios/PostHog/Resources/PrivacyInfo.xcprivacy /Users/colbycorcoran/Library/Developer/Xcode/DerivedData/Fiz-fiflxcjvlfosoebhvlytfgwprkxo/Build/Products/Debug-iphoneos/PostHog_PostHog.bundle

ProcessInfoPlistFile /Users/colbycorcoran/Library/Developer/Xcode/DerivedData/Fiz-fiflxcjvlfosoebhvlytfgwprkxo/Build/Products/Debug-iphoneos/PostHog_PostHog.bundle/Info.plist /Users/colbycorcoran/Library/Developer/Xcode/DerivedData/Fiz-fiflxcjvlfosoebhvlytfgwprkxo/Build/Intermediates.noindex/PostHog.build/Debug-iphoneos/PostHog_PostHog.build/empty-PostHog_PostHog.plist (in target 'PostHog_PostHog' from project 'PostHog')
    cd /Users/colbycorcoran/Library/Developer/Xcode/DerivedData/Fiz-fiflxcjvlfosoebhvlytfgwprkxo/SourcePackages/checkouts/posthog-ios
    builtin-infoPlistUtility /Users/colbycorcoran/Library/Developer/Xcode/DerivedData/Fiz-fiflxcjvlfosoebhvlytfgwprkxo/Build/Intermediates.noindex/PostHog.build/Debug-iphoneos/PostHog_PostHog.build/empty-PostHog_PostHog.plist -producttype com.apple.product-type.bundle -expandbuildsettings -format binary -platform iphoneos -requiredArchitecture arm64 -o /Users/colbycorcoran/Library/Developer/Xcode/DerivedData/Fiz-fiflxcjvlfosoebhvlytfgwprkxo/Build/Products/Debug-iphoneos/PostHog_PostHog.bundle/Info.plist

RegisterExecutionPolicyException /Users/colbycorcoran/Library/Developer/Xcode/DerivedData/Fiz-fiflxcjvlfosoebhvlytfgwprkxo/Build/Products/Debug-iphoneos/PostHog_PostHog.bundle (in target 'PostHog_PostHog' from project 'PostHog')
    cd /Users/colbycorcoran/Library/Developer/Xcode/DerivedData/Fiz-fiflxcjvlfosoebhvlytfgwprkxo/SourcePackages/checkouts/posthog-ios
    builtin-RegisterExecutionPolicyException /Users/colbycorcoran/Library/Developer/Xcode/DerivedData/Fiz-fiflxcjvlfosoebhvlytfgwprkxo/Build/Products/Debug-iphoneos/PostHog_PostHog.bundle

Touch /Users/colbycorcoran/Library/Developer/Xcode/DerivedData/Fiz-fiflxcjvlfosoebhvlytfgwprkxo/Build/Products/Debug-iphoneos/PostHog_PostHog.bundle (in target 'PostHog_PostHog' from project 'PostHog')
    cd /Users/colbycorcoran/Library/Developer/Xcode/DerivedData/Fiz-fiflxcjvlfosoebhvlytfgwprkxo/SourcePackages/checkouts/posthog-ios
    /usr/bin/touch -c /Users/colbycorcoran/Library/Developer/Xcode/DerivedData/Fiz-fiflxcjvlfosoebhvlytfgwprkxo/Build/Products/Debug-iphoneos/PostHog_PostHog.bundle

ScanDependencies /Users/colbycorcoran/Library/Developer/Xcode/DerivedData/Fiz-fiflxcjvlfosoebhvlytfgwprkxo/Build/Intermediates.noindex/PostHog.build/Debug-iphoneos/phlibwebp.build/Objects-normal/arm64/vp8l_enc.o /Users/colbycorcoran/Library/Developer/Xcode/DerivedData/Fiz-fiflxcjvlfosoebhvlytfgwprkxo/SourcePackages/checkouts/posthog-ios/vendor/libwebp/vp8l_enc.c normal arm64 c com.apple.compilers.llvm.clang.1_0.compiler (in target 'phlibwebp' from project 'PostHog')
    cd /Users/colbycorcoran/Documents/App\ Development/Fiz/Fiz.xcodeproj
    
    Using response file: /Users/colbycorcoran/Library/Developer/Xcode/DerivedData/Fiz-fiflxcjvlfosoebhvlytfgwprkxo/Build/Intermediates.noindex/PostHog.build/Debug-iphoneos/phlibwebp.build/Objects-normal/arm64/7187679823f38a2a940e0043cdf9d637-common-args.resp
    
    builtin-ScanDependencies -o /Users/colbycorcoran/Library/Developer/Xcode/DerivedData/Fiz-fiflxcjvlfosoebhvlytfgwprkxo/Build/Intermediates.noindex/PostHog.build/Debug-iphoneos/phlibwebp.build/Objects-normal/arm64/vp8l_enc.o.scan -- /Applications/Xcode.app/Contents/Developer/Toolchains/XcodeDefault.xctoolchain/usr/bin/clang -x c -ivfsstatcache /Users/colbycorcoran/Library/Developer/Xcode/DerivedData/SDKStatCaches.noindex/iphoneos26.2-23C53-3794476bd08197c3e2abd9bb477ef7f7.sdkstatcache -fmessage-length\=0 -fdiagnostics-show-note-include-stack -fmacro-backtrace-limit\=0 -fno-color-diagnostics -fmodules-prune-interval\=86400 -fmodules-prune-after\=345600 -fbuild-session-file\=/Users/colbycorcoran/Library/Developer/Xcode/DerivedData/ModuleCache.noindex/Session.modulevalidation -fmodules-validate-once-per-build-session -Wnon-modular-include-in-framework-module -Werror\=non-modular-include-in-framework-module -Wno-trigraphs -Wno-missing-field-initializers -Wno-missing-prototypes -Wno-return-type -Wno-missing-braces -Wparentheses -Wswitch -Wno-unused-function -Wno-unused-label -Wno-unused-parameter -Wno-unused-variable -Wunused-value -Wno-empty-body -Wno-uninitialized -Wno-unknown-pragmas -w -Wno-shadow -Wno-four-char-constants -Wno-conversion -Wno-constant-conversion -Wno-int-conversion -Wno-bool-conversion -Wno-enum-conversion -Wno-float-conversion -Wno-non-literal-null-conversion -Wno-objc-literal-conversion -Wshorten-64-to-32 -Wpointer-sign -Wno-newline-eof -Wno-implicit-fallthrough -fstrict-aliasing -Wdeprecated-declarations -Wno-sign-conversion -Wno-infinite-recursion -Wno-comma -Wno-block-capture-autoreleasing -Wno-strict-prototypes -Wno-semicolon-before-method-body -index-store-path /Users/colbycorcoran/Library/Developer/Xcode/DerivedData/Fiz-fiflxcjvlfosoebhvlytfgwprkxo/Index.noindex/DataStore @/Users/colbycorcoran/Library/Developer/Xcode/DerivedData/Fiz-fiflxcjvlfosoebhvlytfgwprkxo/Build/Intermediates.noindex/PostHog.build/Debug-iphoneos/phlibwebp.build/Objects-normal/arm64/7187679823f38a2a940e0043cdf9d637-common-args.resp -MMD -MT dependencies -MF /Users/colbycorcoran/Library/Developer/Xcode/DerivedData/Fiz-fiflxcjvlfosoebhvlytfgwprkxo/Build/Intermediates.noindex/PostHog.build/Debug-iphoneos/phlibwebp.build/Objects-normal/arm64/vp8l_enc.d --serialize-diagnostics /Users/colbycorcoran/Library/Developer/Xcode/DerivedData/Fiz-fiflxcjvlfosoebhvlytfgwprkxo/Build/Intermediates.noindex/PostHog.build/Debug-iphoneos/phlibwebp.build/Objects-normal/arm64/vp8l_enc.dia -c /Users/colbycorcoran/Library/Developer/Xcode/DerivedData/Fiz-fiflxcjvlfosoebhvlytfgwprkxo/SourcePackages/checkouts/posthog-ios/vendor/libwebp/vp8l_enc.c -o /Users/colbycorcoran/Library/Developer/Xcode/DerivedData/Fiz-fiflxcjvlfosoebhvlytfgwprkxo/Build/Intermediates.noindex/PostHog.build/Debug-iphoneos/phlibwebp.build/Objects-normal/arm64/vp8l_enc.o -index-unit-output-path /PostHog.build/Debug-iphoneos/phlibwebp.build/Objects-normal/arm64/vp8l_enc.o

ScanDependencies /Users/colbycorcoran/Library/Developer/Xcode/DerivedData/Fiz-fiflxcjvlfosoebhvlytfgwprkxo/Build/Intermediates.noindex/PostHog.build/Debug-iphoneos/phlibwebp.build/Objects-normal/arm64/webp_enc.o /Users/colbycorcoran/Library/Developer/Xcode/DerivedData/Fiz-fiflxcjvlfosoebhvlytfgwprkxo/SourcePackages/checkouts/posthog-ios/vendor/libwebp/webp_enc.c normal arm64 c com.apple.compilers.llvm.clang.1_0.compiler (in target 'phlibwebp' from project 'PostHog')
    cd /Users/colbycorcoran/Documents/App\ Development/Fiz/Fiz.xcodeproj
    
    Using response file: /Users/colbycorcoran/Library/Developer/Xcode/DerivedData/Fiz-fiflxcjvlfosoebhvlytfgwprkxo/Build/Intermediates.noindex/PostHog.build/Debug-iphoneos/phlibwebp.build/Objects-normal/arm64/7187679823f38a2a940e0043cdf9d637-common-args.resp
    
    builtin-ScanDependencies -o /Users/colbycorcoran/Library/Developer/Xcode/DerivedData/Fiz-fiflxcjvlfosoebhvlytfgwprkxo/Build/Intermediates.noindex/PostHog.build/Debug-iphoneos/phlibwebp.build/Objects-normal/arm64/webp_enc.o.scan -- /Applications/Xcode.app/Contents/Developer/Toolchains/XcodeDefault.xctoolchain/usr/bin/clang -x c -ivfsstatcache /Users/colbycorcoran/Library/Developer/Xcode/DerivedData/SDKStatCaches.noindex/iphoneos26.2-23C53-3794476bd08197c3e2abd9bb477ef7f7.sdkstatcache -fmessage-length\=0 -fdiagnostics-show-note-include-stack -fmacro-backtrace-limit\=0 -fno-color-diagnostics -fmodules-prune-interval\=86400 -fmodules-prune-after\=345600 -fbuild-session-file\=/Users/colbycorcoran/Library/Developer/Xcode/DerivedData/ModuleCache.noindex/Session.modulevalidation -fmodules-validate-once-per-build-session -Wnon-modular-include-in-framework-module -Werror\=non-modular-include-in-framework-module -Wno-trigraphs -Wno-missing-field-initializers -Wno-missing-prototypes -Wno-return-type -Wno-missing-braces -Wparentheses -Wswitch -Wno-unused-function -Wno-unused-label -Wno-unused-parameter -Wno-unused-variable -Wunused-value -Wno-empty-body -Wno-uninitialized -Wno-unknown-pragmas -w -Wno-shadow -Wno-four-char-constants -Wno-conversion -Wno-constant-conversion -Wno-int-conversion -Wno-bool-conversion -Wno-enum-conversion -Wno-float-conversion -Wno-non-literal-null-conversion -Wno-objc-literal-conversion -Wshorten-64-to-32 -Wpointer-sign -Wno-newline-eof -Wno-implicit-fallthrough -fstrict-aliasing -Wdeprecated-declarations -Wno-sign-conversion -Wno-infinite-recursion -Wno-comma -Wno-block-capture-autoreleasing -Wno-strict-prototypes -Wno-semicolon-before-method-body -index-store-path /Users/colbycorcoran/Library/Developer/Xcode/DerivedData/Fiz-fiflxcjvlfosoebhvlytfgwprkxo/Index.noindex/DataStore @/Users/colbycorcoran/Library/Developer/Xcode/DerivedData/Fiz-fiflxcjvlfosoebhvlytfgwprkxo/Build/Intermediates.noindex/PostHog.build/Debug-iphoneos/phlibwebp.build/Objects-normal/arm64/7187679823f38a2a940e0043cdf9d637-common-args.resp -MMD -MT dependencies -MF /Users/colbycorcoran/Library/Developer/Xcode/DerivedData/Fiz-fiflxcjvlfosoebhvlytfgwprkxo/Build/Intermediates.noindex/PostHog.build/Debug-iphoneos/phlibwebp.build/Objects-normal/arm64/webp_enc.d --serialize-diagnostics /Users/colbycorcoran/Library/Developer/Xcode/DerivedData/Fiz-fiflxcjvlfosoebhvlytfgwprkxo/Build/Intermediates.noindex/PostHog.build/Debug-iphoneos/phlibwebp.build/Objects-normal/arm64/webp_enc.dia -c /Users/colbycorcoran/Library/Developer/Xcode/DerivedData/Fiz-fiflxcjvlfosoebhvlytfgwprkxo/SourcePackages/checkouts/posthog-ios/vendor/libwebp/webp_enc.c -o /Users/colbycorcoran/Library/Developer/Xcode/DerivedData/Fiz-fiflxcjvlfosoebhvlytfgwprkxo/Build/Intermediates.noindex/PostHog.build/Debug-iphoneos/phlibwebp.build/Objects-normal/arm64/webp_enc.o -index-unit-output-path /PostHog.build/Debug-iphoneos/phlibwebp.build/Objects-normal/arm64/webp_enc.o

ScanDependencies /Users/colbycorcoran/Library/Developer/Xcode/DerivedData/Fiz-fiflxcjvlfosoebhvlytfgwprkxo/Build/Intermediates.noindex/PostHog.build/Debug-iphoneos/phlibwebp.build/Objects-normal/arm64/utils.o /Users/colbycorcoran/Library/Developer/Xcode/DerivedData/Fiz-fiflxcjvlfosoebhvlytfgwprkxo/SourcePackages/checkouts/posthog-ios/vendor/libwebp/utils.c normal arm64 c com.apple.compilers.llvm.clang.1_0.compiler (in target 'phlibwebp' from project 'PostHog')
    cd /Users/colbycorcoran/Documents/App\ Development/Fiz/Fiz.xcodeproj
    
    Using response file: /Users/colbycorcoran/Library/Developer/Xcode/DerivedData/Fiz-fiflxcjvlfosoebhvlytfgwprkxo/Build/Intermediates.noindex/PostHog.build/Debug-iphoneos/phlibwebp.build/Objects-normal/arm64/7187679823f38a2a940e0043cdf9d637-common-args.resp
    
    builtin-ScanDependencies -o /Users/colbycorcoran/Library/Developer/Xcode/DerivedData/Fiz-fiflxcjvlfosoebhvlytfgwprkxo/Build/Intermediates.noindex/PostHog.build/Debug-iphoneos/phlibwebp.build/Objects-normal/arm64/utils.o.scan -- /Applications/Xcode.app/Contents/Developer/Toolchains/XcodeDefault.xctoolchain/usr/bin/clang -x c -ivfsstatcache /Users/colbycorcoran/Library/Developer/Xcode/DerivedData/SDKStatCaches.noindex/iphoneos26.2-23C53-3794476bd08197c3e2abd9bb477ef7f7.sdkstatcache -fmessage-length\=0 -fdiagnostics-show-note-include-stack -fmacro-backtrace-limit\=0 -fno-color-diagnostics -fmodules-prune-interval\=86400 -fmodules-prune-after\=345600 -fbuild-session-file\=/Users/colbycorcoran/Library/Developer/Xcode/DerivedData/ModuleCache.noindex/Session.modulevalidation -fmodules-validate-once-per-build-session -Wnon-modular-include-in-framework-module -Werror\=non-modular-include-in-framework-module -Wno-trigraphs -Wno-missing-field-initializers -Wno-missing-prototypes -Wno-return-type -Wno-missing-braces -Wparentheses -Wswitch -Wno-unused-function -Wno-unused-label -Wno-unused-parameter -Wno-unused-variable -Wunused-value -Wno-empty-body -Wno-uninitialized -Wno-unknown-pragmas -w -Wno-shadow -Wno-four-char-constants -Wno-conversion -Wno-constant-conversion -Wno-int-conversion -Wno-bool-conversion -Wno-enum-conversion -Wno-float-conversion -Wno-non-literal-null-conversion -Wno-objc-literal-conversion -Wshorten-64-to-32 -Wpointer-sign -Wno-newline-eof -Wno-implicit-fallthrough -fstrict-aliasing -Wdeprecated-declarations -Wno-sign-conversion -Wno-infinite-recursion -Wno-comma -Wno-block-capture-autoreleasing -Wno-strict-prototypes -Wno-semicolon-before-method-body -index-store-path /Users/colbycorcoran/Library/Developer/Xcode/DerivedData/Fiz-fiflxcjvlfosoebhvlytfgwprkxo/Index.noindex/DataStore @/Users/colbycorcoran/Library/Developer/Xcode/DerivedData/Fiz-fiflxcjvlfosoebhvlytfgwprkxo/Build/Intermediates.noindex/PostHog.build/Debug-iphoneos/phlibwebp.build/Objects-normal/arm64/7187679823f38a2a940e0043cdf9d637-common-args.resp -MMD -MT dependencies -MF /Users/colbycorcoran/Library/Developer/Xcode/DerivedData/Fiz-fiflxcjvlfosoebhvlytfgwprkxo/Build/Intermediates.noindex/PostHog.build/Debug-iphoneos/phlibwebp.build/Objects-normal/arm64/utils.d --serialize-diagnostics /Users/colbycorcoran/Library/Developer/Xcode/DerivedData/Fiz-fiflxcjvlfosoebhvlytfgwprkxo/Build/Intermediates.noindex/PostHog.build/Debug-iphoneos/phlibwebp.build/Objects-normal/arm64/utils.dia -c /Users/colbycorcoran/Library/Developer/Xcode/DerivedData/Fiz-fiflxcjvlfosoebhvlytfgwprkxo/SourcePackages/checkouts/posthog-ios/vendor/libwebp/utils.c -o /Users/colbycorcoran/Library/Developer/Xcode/DerivedData/Fiz-fiflxcjvlfosoebhvlytfgwprkxo/Build/Intermediates.noindex/PostHog.build/Debug-iphoneos/phlibwebp.build/Objects-normal/arm64/utils.o -index-unit-output-path /PostHog.build/Debug-iphoneos/phlibwebp.build/Objects-normal/arm64/utils.o

ScanDependencies /Users/colbycorcoran/Library/Developer/Xcode/DerivedData/Fiz-fiflxcjvlfosoebhvlytfgwprkxo/Build/Intermediates.noindex/PostHog.build/Debug-iphoneos/phlibwebp.build/Objects-normal/arm64/yuv_sse41.o /Users/colbycorcoran/Library/Developer/Xcode/DerivedData/Fiz-fiflxcjvlfosoebhvlytfgwprkxo/SourcePackages/checkouts/posthog-ios/vendor/libwebp/yuv_sse41.c normal arm64 c com.apple.compilers.llvm.clang.1_0.compiler (in target 'phlibwebp' from project 'PostHog')
    cd /Users/colbycorcoran/Documents/App\ Development/Fiz/Fiz.xcodeproj
    
    Using response file: /Users/colbycorcoran/Library/Developer/Xcode/DerivedData/Fiz-fiflxcjvlfosoebhvlytfgwprkxo/Build/Intermediates.noindex/PostHog.build/Debug-iphoneos/phlibwebp.build/Objects-normal/arm64/7187679823f38a2a940e0043cdf9d637-common-args.resp
    
    builtin-ScanDependencies -o /Users/colbycorcoran/Library/Developer/Xcode/DerivedData/Fiz-fiflxcjvlfosoebhvlytfgwprkxo/Build/Intermediates.noindex/PostHog.build/Debug-iphoneos/phlibwebp.build/Objects-normal/arm64/yuv_sse41.o.scan -- /Applications/Xcode.app/Contents/Developer/Toolchains/XcodeDefault.xctoolchain/usr/bin/clang -x c -ivfsstatcache /Users/colbycorcoran/Library/Developer/Xcode/DerivedData/SDKStatCaches.noindex/iphoneos26.2-23C53-3794476bd08197c3e2abd9bb477ef7f7.sdkstatcache -fmessage-length\=0 -fdiagnostics-show-note-include-stack -fmacro-backtrace-limit\=0 -fno-color-diagnostics -fmodules-prune-interval\=86400 -fmodules-prune-after\=345600 -fbuild-session-file\=/Users/colbycorcoran/Library/Developer/Xcode/DerivedData/ModuleCache.noindex/Session.modulevalidation -fmodules-validate-once-per-build-session -Wnon-modular-include-in-framework-module -Werror\=non-modular-include-in-framework-module -Wno-trigraphs -Wno-missing-field-initializers -Wno-missing-prototypes -Wno-return-type -Wno-missing-braces -Wparentheses -Wswitch -Wno-unused-function -Wno-unused-label -Wno-unused-parameter -Wno-unused-variable -Wunused-value -Wno-empty-body -Wno-uninitialized -Wno-unknown-pragmas -w -Wno-shadow -Wno-four-char-constants -Wno-conversion -Wno-constant-conversion -Wno-int-conversion -Wno-bool-conversion -Wno-enum-conversion -Wno-float-conversion -Wno-non-literal-null-conversion -Wno-objc-literal-conversion -Wshorten-64-to-32 -Wpointer-sign -Wno-newline-eof -Wno-implicit-fallthrough -fstrict-aliasing -Wdeprecated-declarations -Wno-sign-conversion -Wno-infinite-recursion -Wno-comma -Wno-block-capture-autoreleasing -Wno-strict-prototypes -Wno-semicolon-before-method-body -index-store-path /Users/colbycorcoran/Library/Developer/Xcode/DerivedData/Fiz-fiflxcjvlfosoebhvlytfgwprkxo/Index.noindex/DataStore @/Users/colbycorcoran/Library/Developer/Xcode/DerivedData/Fiz-fiflxcjvlfosoebhvlytfgwprkxo/Build/Intermediates.noindex/PostHog.build/Debug-iphoneos/phlibwebp.build/Objects-normal/arm64/7187679823f38a2a940e0043cdf9d637-common-args.resp -MMD -MT dependencies -MF /Users/colbycorcoran/Library/Developer/Xcode/DerivedData/Fiz-fiflxcjvlfosoebhvlytfgwprkxo/Build/Intermediates.noindex/PostHog.build/Debug-iphoneos/phlibwebp.build/Objects-normal/arm64/yuv_sse41.d --serialize-diagnostics /Users/colbycorcoran/Library/Developer/Xcode/DerivedData/Fiz-fiflxcjvlfosoebhvlytfgwprkxo/Build/Intermediates.noindex/PostHog.build/Debug-iphoneos/phlibwebp.build/Objects-normal/arm64/yuv_sse41.dia -c /Users/colbycorcoran/Library/Developer/Xcode/DerivedData/Fiz-fiflxcjvlfosoebhvlytfgwprkxo/SourcePackages/checkouts/posthog-ios/vendor/libwebp/yuv_sse41.c -o /Users/colbycorcoran/Library/Developer/Xcode/DerivedData/Fiz-fiflxcjvlfosoebhvlytfgwprkxo/Build/Intermediates.noindex/PostHog.build/Debug-iphoneos/phlibwebp.build/Objects-normal/arm64/yuv_sse41.o -index-unit-output-path /PostHog.build/Debug-iphoneos/phlibwebp.build/Objects-normal/arm64/yuv_sse41.o

ScanDependencies /Users/colbycorcoran/Library/Developer/Xcode/DerivedData/Fiz-fiflxcjvlfosoebhvlytfgwprkxo/Build/Intermediates.noindex/PostHog.build/Debug-iphoneos/phlibwebp.build/Objects-normal/arm64/yuv.o /Users/colbycorcoran/Library/Developer/Xcode/DerivedData/Fiz-fiflxcjvlfosoebhvlytfgwprkxo/SourcePackages/checkouts/posthog-ios/vendor/libwebp/yuv.c normal arm64 c com.apple.compilers.llvm.clang.1_0.compiler (in target 'phlibwebp' from project 'PostHog')
    cd /Users/colbycorcoran/Documents/App\ Development/Fiz/Fiz.xcodeproj
    
    Using response file: /Users/colbycorcoran/Library/Developer/Xcode/DerivedData/Fiz-fiflxcjvlfosoebhvlytfgwprkxo/Build/Intermediates.noindex/PostHog.build/Debug-iphoneos/phlibwebp.build/Objects-normal/arm64/7187679823f38a2a940e0043cdf9d637-common-args.resp
    
    builtin-ScanDependencies -o /Users/colbycorcoran/Library/Developer/Xcode/DerivedData/Fiz-fiflxcjvlfosoebhvlytfgwprkxo/Build/Intermediates.noindex/PostHog.build/Debug-iphoneos/phlibwebp.build/Objects-normal/arm64/yuv.o.scan -- /Applications/Xcode.app/Contents/Developer/Toolchains/XcodeDefault.xctoolchain/usr/bin/clang -x c -ivfsstatcache /Users/colbycorcoran/Library/Developer/Xcode/DerivedData/SDKStatCaches.noindex/iphoneos26.2-23C53-3794476bd08197c3e2abd9bb477ef7f7.sdkstatcache -fmessage-length\=0 -fdiagnostics-show-note-include-stack -fmacro-backtrace-limit\=0 -fno-color-diagnostics -fmodules-prune-interval\=86400 -fmodules-prune-after\=345600 -fbuild-session-file\=/Users/colbycorcoran/Library/Developer/Xcode/DerivedData/ModuleCache.noindex/Session.modulevalidation -fmodules-validate-once-per-build-session -Wnon-modular-include-in-framework-module -Werror\=non-modular-include-in-framework-module -Wno-trigraphs -Wno-missing-field-initializers -Wno-missing-prototypes -Wno-return-type -Wno-missing-braces -Wparentheses -Wswitch -Wno-unused-function -Wno-unused-label -Wno-unused-parameter -Wno-unused-variable -Wunused-value -Wno-empty-body -Wno-uninitialized -Wno-unknown-pragmas -w -Wno-shadow -Wno-four-char-constants -Wno-conversion -Wno-constant-conversion -Wno-int-conversion -Wno-bool-conversion -Wno-enum-conversion -Wno-float-conversion -Wno-non-literal-null-conversion -Wno-objc-literal-conversion -Wshorten-64-to-32 -Wpointer-sign -Wno-newline-eof -Wno-implicit-fallthrough -fstrict-aliasing -Wdeprecated-declarations -Wno-sign-conversion -Wno-infinite-recursion -Wno-comma -Wno-block-capture-autoreleasing -Wno-strict-prototypes -Wno-semicolon-before-method-body -index-store-path /Users/colbycorcoran/Library/Developer/Xcode/DerivedData/Fiz-fiflxcjvlfosoebhvlytfgwprkxo/Index.noindex/DataStore @/Users/colbycorcoran/Library/Developer/Xcode/DerivedData/Fiz-fiflxcjvlfosoebhvlytfgwprkxo/Build/Intermediates.noindex/PostHog.build/Debug-iphoneos/phlibwebp.build/Objects-normal/arm64/7187679823f38a2a940e0043cdf9d637-common-args.resp -MMD -MT dependencies -MF /Users/colbycorcoran/Library/Developer/Xcode/DerivedData/Fiz-fiflxcjvlfosoebhvlytfgwprkxo/Build/Intermediates.noindex/PostHog.build/Debug-iphoneos/phlibwebp.build/Objects-normal/arm64/yuv.d --serialize-diagnostics /Users/colbycorcoran/Library/Developer/Xcode/DerivedData/Fiz-fiflxcjvlfosoebhvlytfgwprkxo/Build/Intermediates.noindex/PostHog.build/Debug-iphoneos/phlibwebp.build/Objects-normal/arm64/yuv.dia -c /Users/colbycorcoran/Library/Developer/Xcode/DerivedData/Fiz-fiflxcjvlfosoebhvlytfgwprkxo/SourcePackages/checkouts/posthog-ios/vendor/libwebp/yuv.c -o /Users/colbycorcoran/Library/Developer/Xcode/DerivedData/Fiz-fiflxcjvlfosoebhvlytfgwprkxo/Build/Intermediates.noindex/PostHog.build/Debug-iphoneos/phlibwebp.build/Objects-normal/arm64/yuv.o -index-unit-output-path /PostHog.build/Debug-iphoneos/phlibwebp.build/Objects-normal/arm64/yuv.o

ScanDependencies /Users/colbycorcoran/Library/Developer/Xcode/DerivedData/Fiz-fiflxcjvlfosoebhvlytfgwprkxo/Build/Intermediates.noindex/PostHog.build/Debug-iphoneos/phlibwebp.build/Objects-normal/arm64/yuv_neon.o /Users/colbycorcoran/Library/Developer/Xcode/DerivedData/Fiz-fiflxcjvlfosoebhvlytfgwprkxo/SourcePackages/checkouts/posthog-ios/vendor/libwebp/yuv_neon.c normal arm64 c com.apple.compilers.llvm.clang.1_0.compiler (in target 'phlibwebp' from project 'PostHog')
    cd /Users/colbycorcoran/Documents/App\ Development/Fiz/Fiz.xcodeproj
    
    Using response file: /Users/colbycorcoran/Library/Developer/Xcode/DerivedData/Fiz-fiflxcjvlfosoebhvlytfgwprkxo/Build/Intermediates.noindex/PostHog.build/Debug-iphoneos/phlibwebp.build/Objects-normal/arm64/7187679823f38a2a940e0043cdf9d637-common-args.resp
    
    builtin-ScanDependencies -o /Users/colbycorcoran/Library/Developer/Xcode/DerivedData/Fiz-fiflxcjvlfosoebhvlytfgwprkxo/Build/Intermediates.noindex/PostHog.build/Debug-iphoneos/phlibwebp.build/Objects-normal/arm64/yuv_neon.o.scan -- /Applications/Xcode.app/Contents/Developer/Toolchains/XcodeDefault.xctoolchain/usr/bin/clang -x c -ivfsstatcache /Users/colbycorcoran/Library/Developer/Xcode/DerivedData/SDKStatCaches.noindex/iphoneos26.2-23C53-3794476bd08197c3e2abd9bb477ef7f7.sdkstatcache -fmessage-length\=0 -fdiagnostics-show-note-include-stack -fmacro-backtrace-limit\=0 -fno-color-diagnostics -fmodules-prune-interval\=86400 -fmodules-prune-after\=345600 -fbuild-session-file\=/Users/colbycorcoran/Library/Developer/Xcode/DerivedData/ModuleCache.noindex/Session.modulevalidation -fmodules-validate-once-per-build-session -Wnon-modular-include-in-framework-module -Werror\=non-modular-include-in-framework-module -Wno-trigraphs -Wno-missing-field-initializers -Wno-missing-prototypes -Wno-return-type -Wno-missing-braces -Wparentheses -Wswitch -Wno-unused-function -Wno-unused-label -Wno-unused-parameter -Wno-unused-variable -Wunused-value -Wno-empty-body -Wno-uninitialized -Wno-unknown-pragmas -w -Wno-shadow -Wno-four-char-constants -Wno-conversion -Wno-constant-conversion -Wno-int-conversion -Wno-bool-conversion -Wno-enum-conversion -Wno-float-conversion -Wno-non-literal-null-conversion -Wno-objc-literal-conversion -Wshorten-64-to-32 -Wpointer-sign -Wno-newline-eof -Wno-implicit-fallthrough -fstrict-aliasing -Wdeprecated-declarations -Wno-sign-conversion -Wno-infinite-recursion -Wno-comma -Wno-block-capture-autoreleasing -Wno-strict-prototypes -Wno-semicolon-before-method-body -index-store-path /Users/colbycorcoran/Library/Developer/Xcode/DerivedData/Fiz-fiflxcjvlfosoebhvlytfgwprkxo/Index.noindex/DataStore @/Users/colbycorcoran/Library/Developer/Xcode/DerivedData/Fiz-fiflxcjvlfosoebhvlytfgwprkxo/Build/Intermediates.noindex/PostHog.build/Debug-iphoneos/phlibwebp.build/Objects-normal/arm64/7187679823f38a2a940e0043cdf9d637-common-args.resp -MMD -MT dependencies -MF /Users/colbycorcoran/Library/Developer/Xcode/DerivedData/Fiz-fiflxcjvlfosoebhvlytfgwprkxo/Build/Intermediates.noindex/PostHog.build/Debug-iphoneos/phlibwebp.build/Objects-normal/arm64/yuv_neon.d --serialize-diagnostics /Users/colbycorcoran/Library/Developer/Xcode/DerivedData/Fiz-fiflxcjvlfosoebhvlytfgwprkxo/Build/Intermediates.noindex/PostHog.build/Debug-iphoneos/phlibwebp.build/Objects-normal/arm64/yuv_neon.dia -c /Users/colbycorcoran/Library/Developer/Xcode/DerivedData/Fiz-fiflxcjvlfosoebhvlytfgwprkxo/SourcePackages/checkouts/posthog-ios/vendor/libwebp/yuv_neon.c -o /Users/colbycorcoran/Library/Developer/Xcode/DerivedData/Fiz-fiflxcjvlfosoebhvlytfgwprkxo/Build/Intermediates.noindex/PostHog.build/Debug-iphoneos/phlibwebp.build/Objects-normal/arm64/yuv_neon.o -index-unit-output-path /PostHog.build/Debug-iphoneos/phlibwebp.build/Objects-normal/arm64/yuv_neon.o

ScanDependencies /Users/colbycorcoran/Library/Developer/Xcode/DerivedData/Fiz-fiflxcjvlfosoebhvlytfgwprkxo/Build/Intermediates.noindex/PostHog.build/Debug-iphoneos/phlibwebp.build/Objects-normal/arm64/yuv_sse2.o /Users/colbycorcoran/Library/Developer/Xcode/DerivedData/Fiz-fiflxcjvlfosoebhvlytfgwprkxo/SourcePackages/checkouts/posthog-ios/vendor/libwebp/yuv_sse2.c normal arm64 c com.apple.compilers.llvm.clang.1_0.compiler (in target 'phlibwebp' from project 'PostHog')
    cd /Users/colbycorcoran/Documents/App\ Development/Fiz/Fiz.xcodeproj
    
    Using response file: /Users/colbycorcoran/Library/Developer/Xcode/DerivedData/Fiz-fiflxcjvlfosoebhvlytfgwprkxo/Build/Intermediates.noindex/PostHog.build/Debug-iphoneos/phlibwebp.build/Objects-normal/arm64/7187679823f38a2a940e0043cdf9d637-common-args.resp
    
    builtin-ScanDependencies -o /Users/colbycorcoran/Library/Developer/Xcode/DerivedData/Fiz-fiflxcjvlfosoebhvlytfgwprkxo/Build/Intermediates.noindex/PostHog.build/Debug-iphoneos/phlibwebp.build/Objects-normal/arm64/yuv_sse2.o.scan -- /Applications/Xcode.app/Contents/Developer/Toolchains/XcodeDefault.xctoolchain/usr/bin/clang -x c -ivfsstatcache /Users/colbycorcoran/Library/Developer/Xcode/DerivedData/SDKStatCaches.noindex/iphoneos26.2-23C53-3794476bd08197c3e2abd9bb477ef7f7.sdkstatcache -fmessage-length\=0 -fdiagnostics-show-note-include-stack -fmacro-backtrace-limit\=0 -fno-color-diagnostics -fmodules-prune-interval\=86400 -fmodules-prune-after\=345600 -fbuild-session-file\=/Users/colbycorcoran/Library/Developer/Xcode/DerivedData/ModuleCache.noindex/Session.modulevalidation -fmodules-validate-once-per-build-session -Wnon-modular-include-in-framework-module -Werror\=non-modular-include-in-framework-module -Wno-trigraphs -Wno-missing-field-initializers -Wno-missing-prototypes -Wno-return-type -Wno-missing-braces -Wparentheses -Wswitch -Wno-unused-function -Wno-unused-label -Wno-unused-parameter -Wno-unused-variable -Wunused-value -Wno-empty-body -Wno-uninitialized -Wno-unknown-pragmas -w -Wno-shadow -Wno-four-char-constants -Wno-conversion -Wno-constant-conversion -Wno-int-conversion -Wno-bool-conversion -Wno-enum-conversion -Wno-float-conversion -Wno-non-literal-null-conversion -Wno-objc-literal-conversion -Wshorten-64-to-32 -Wpointer-sign -Wno-newline-eof -Wno-implicit-fallthrough -fstrict-aliasing -Wdeprecated-declarations -Wno-sign-conversion -Wno-infinite-recursion -Wno-comma -Wno-block-capture-autoreleasing -Wno-strict-prototypes -Wno-semicolon-before-method-body -index-store-path /Users/colbycorcoran/Library/Developer/Xcode/DerivedData/Fiz-fiflxcjvlfosoebhvlytfgwprkxo/Index.noindex/DataStore @/Users/colbycorcoran/Library/Developer/Xcode/DerivedData/Fiz-fiflxcjvlfosoebhvlytfgwprkxo/Build/Intermediates.noindex/PostHog.build/Debug-iphoneos/phlibwebp.build/Objects-normal/arm64/7187679823f38a2a940e0043cdf9d637-common-args.resp -MMD -MT dependencies -MF /Users/colbycorcoran/Library/Developer/Xcode/DerivedData/Fiz-fiflxcjvlfosoebhvlytfgwprkxo/Build/Intermediates.noindex/PostHog.build/Debug-iphoneos/phlibwebp.build/Objects-normal/arm64/yuv_sse2.d --serialize-diagnostics /Users/colbycorcoran/Library/Developer/Xcode/DerivedData/Fiz-fiflxcjvlfosoebhvlytfgwprkxo/Build/Intermediates.noindex/PostHog.build/Debug-iphoneos/phlibwebp.build/Objects-normal/arm64/yuv_sse2.dia -c /Users/colbycorcoran/Library/Developer/Xcode/DerivedData/Fiz-fiflxcjvlfosoebhvlytfgwprkxo/SourcePackages/checkouts/posthog-ios/vendor/libwebp/yuv_sse2.c -o /Users/colbycorcoran/Library/Developer/Xcode/DerivedData/Fiz-fiflxcjvlfosoebhvlytfgwprkxo/Build/Intermediates.noindex/PostHog.build/Debug-iphoneos/phlibwebp.build/Objects-normal/arm64/yuv_sse2.o -index-unit-output-path /PostHog.build/Debug-iphoneos/phlibwebp.build/Objects-normal/arm64/yuv_sse2.o

ScanDependencies /Users/colbycorcoran/Library/Developer/Xcode/DerivedData/Fiz-fiflxcjvlfosoebhvlytfgwprkxo/Build/Intermediates.noindex/PostHog.build/Debug-iphoneos/phlibwebp.build/Objects-normal/arm64/upsampling_sse41.o /Users/colbycorcoran/Library/Developer/Xcode/DerivedData/Fiz-fiflxcjvlfosoebhvlytfgwprkxo/SourcePackages/checkouts/posthog-ios/vendor/libwebp/upsampling_sse41.c normal arm64 c com.apple.compilers.llvm.clang.1_0.compiler (in target 'phlibwebp' from project 'PostHog')
    cd /Users/colbycorcoran/Documents/App\ Development/Fiz/Fiz.xcodeproj
    
    Using response file: /Users/colbycorcoran/Library/Developer/Xcode/DerivedData/Fiz-fiflxcjvlfosoebhvlytfgwprkxo/Build/Intermediates.noindex/PostHog.build/Debug-iphoneos/phlibwebp.build/Objects-normal/arm64/7187679823f38a2a940e0043cdf9d637-common-args.resp
    
    builtin-ScanDependencies -o /Users/colbycorcoran/Library/Developer/Xcode/DerivedData/Fiz-fiflxcjvlfosoebhvlytfgwprkxo/Build/Intermediates.noindex/PostHog.build/Debug-iphoneos/phlibwebp.build/Objects-normal/arm64/upsampling_sse41.o.scan -- /Applications/Xcode.app/Contents/Developer/Toolchains/XcodeDefault.xctoolchain/usr/bin/clang -x c -ivfsstatcache /Users/colbycorcoran/Library/Developer/Xcode/DerivedData/SDKStatCaches.noindex/iphoneos26.2-23C53-3794476bd08197c3e2abd9bb477ef7f7.sdkstatcache -fmessage-length\=0 -fdiagnostics-show-note-include-stack -fmacro-backtrace-limit\=0 -fno-color-diagnostics -fmodules-prune-interval\=86400 -fmodules-prune-after\=345600 -fbuild-session-file\=/Users/colbycorcoran/Library/Developer/Xcode/DerivedData/ModuleCache.noindex/Session.modulevalidation -fmodules-validate-once-per-build-session -Wnon-modular-include-in-framework-module -Werror\=non-modular-include-in-framework-module -Wno-trigraphs -Wno-missing-field-initializers -Wno-missing-prototypes -Wno-return-type -Wno-missing-braces -Wparentheses -Wswitch -Wno-unused-function -Wno-unused-label -Wno-unused-parameter -Wno-unused-variable -Wunused-value -Wno-empty-body -Wno-uninitialized -Wno-unknown-pragmas -w -Wno-shadow -Wno-four-char-constants -Wno-conversion -Wno-constant-conversion -Wno-int-conversion -Wno-bool-conversion -Wno-enum-conversion -Wno-float-conversion -Wno-non-literal-null-conversion -Wno-objc-literal-conversion -Wshorten-64-to-32 -Wpointer-sign -Wno-newline-eof -Wno-implicit-fallthrough -fstrict-aliasing -Wdeprecated-declarations -Wno-sign-conversion -Wno-infinite-recursion -Wno-comma -Wno-block-capture-autoreleasing -Wno-strict-prototypes -Wno-semicolon-before-method-body -index-store-path /Users/colbycorcoran/Library/Developer/Xcode/DerivedData/Fiz-fiflxcjvlfosoebhvlytfgwprkxo/Index.noindex/DataStore @/Users/colbycorcoran/Library/Developer/Xcode/DerivedData/Fiz-fiflxcjvlfosoebhvlytfgwprkxo/Build/Intermediates.noindex/PostHog.build/Debug-iphoneos/phlibwebp.build/Objects-normal/arm64/7187679823f38a2a940e0043cdf9d637-common-args.resp -MMD -MT dependencies -MF /Users/colbycorcoran/Library/Developer/Xcode/DerivedData/Fiz-fiflxcjvlfosoebhvlytfgwprkxo/Build/Intermediates.noindex/PostHog.build/Debug-iphoneos/phlibwebp.build/Objects-normal/arm64/upsampling_sse41.d --serialize-diagnostics /Users/colbycorcoran/Library/Developer/Xcode/DerivedData/Fiz-fiflxcjvlfosoebhvlytfgwprkxo/Build/Intermediates.noindex/PostHog.build/Debug-iphoneos/phlibwebp.build/Objects-normal/arm64/upsampling_sse41.dia -c /Users/colbycorcoran/Library/Developer/Xcode/DerivedData/Fiz-fiflxcjvlfosoebhvlytfgwprkxo/SourcePackages/checkouts/posthog-ios/vendor/libwebp/upsampling_sse41.c -o /Users/colbycorcoran/Library/Developer/Xcode/DerivedData/Fiz-fiflxcjvlfosoebhvlytfgwprkxo/Build/Intermediates.noindex/PostHog.build/Debug-iphoneos/phlibwebp.build/Objects-normal/arm64/upsampling_sse41.o -index-unit-output-path /PostHog.build/Debug-iphoneos/phlibwebp.build/Objects-normal/arm64/upsampling_sse41.o

ScanDependencies /Users/colbycorcoran/Library/Developer/Xcode/DerivedData/Fiz-fiflxcjvlfosoebhvlytfgwprkxo/Build/Intermediates.noindex/PostHog.build/Debug-iphoneos/phlibwebp.build/Objects-normal/arm64/upsampling_sse2.o /Users/colbycorcoran/Library/Developer/Xcode/DerivedData/Fiz-fiflxcjvlfosoebhvlytfgwprkxo/SourcePackages/checkouts/posthog-ios/vendor/libwebp/upsampling_sse2.c normal arm64 c com.apple.compilers.llvm.clang.1_0.compiler (in target 'phlibwebp' from project 'PostHog')
    cd /Users/colbycorcoran/Documents/App\ Development/Fiz/Fiz.xcodeproj
    
    Using response file: /Users/colbycorcoran/Library/Developer/Xcode/DerivedData/Fiz-fiflxcjvlfosoebhvlytfgwprkxo/Build/Intermediates.noindex/PostHog.build/Debug-iphoneos/phlibwebp.build/Objects-normal/arm64/7187679823f38a2a940e0043cdf9d637-common-args.resp
    
    builtin-ScanDependencies -o /Users/colbycorcoran/Library/Developer/Xcode/DerivedData/Fiz-fiflxcjvlfosoebhvlytfgwprkxo/Build/Intermediates.noindex/PostHog.build/Debug-iphoneos/phlibwebp.build/Objects-normal/arm64/upsampling_sse2.o.scan -- /Applications/Xcode.app/Contents/Developer/Toolchains/XcodeDefault.xctoolchain/usr/bin/clang -x c -ivfsstatcache /Users/colbycorcoran/Library/Developer/Xcode/DerivedData/SDKStatCaches.noindex/iphoneos26.2-23C53-3794476bd08197c3e2abd9bb477ef7f7.sdkstatcache -fmessage-length\=0 -fdiagnostics-show-note-include-stack -fmacro-backtrace-limit\=0 -fno-color-diagnostics -fmodules-prune-interval\=86400 -fmodules-prune-after\=345600 -fbuild-session-file\=/Users/colbycorcoran/Library/Developer/Xcode/DerivedData/ModuleCache.noindex/Session.modulevalidation -fmodules-validate-once-per-build-session -Wnon-modular-include-in-framework-module -Werror\=non-modular-include-in-framework-module -Wno-trigraphs -Wno-missing-field-initializers -Wno-missing-prototypes -Wno-return-type -Wno-missing-braces -Wparentheses -Wswitch -Wno-unused-function -Wno-unused-label -Wno-unused-parameter -Wno-unused-variable -Wunused-value -Wno-empty-body -Wno-uninitialized -Wno-unknown-pragmas -w -Wno-shadow -Wno-four-char-constants -Wno-conversion -Wno-constant-conversion -Wno-int-conversion -Wno-bool-conversion -Wno-enum-conversion -Wno-float-conversion -Wno-non-literal-null-conversion -Wno-objc-literal-conversion -Wshorten-64-to-32 -Wpointer-sign -Wno-newline-eof -Wno-implicit-fallthrough -fstrict-aliasing -Wdeprecated-declarations -Wno-sign-conversion -Wno-infinite-recursion -Wno-comma -Wno-block-capture-autoreleasing -Wno-strict-prototypes -Wno-semicolon-before-method-body -index-store-path /Users/colbycorcoran/Library/Developer/Xcode/DerivedData/Fiz-fiflxcjvlfosoebhvlytfgwprkxo/Index.noindex/DataStore @/Users/colbycorcoran/Library/Developer/Xcode/DerivedData/Fiz-fiflxcjvlfosoebhvlytfgwprkxo/Build/Intermediates.noindex/PostHog.build/Debug-iphoneos/phlibwebp.build/Objects-normal/arm64/7187679823f38a2a940e0043cdf9d637-common-args.resp -MMD -MT dependencies -MF /Users/colbycorcoran/Library/Developer/Xcode/DerivedData/Fiz-fiflxcjvlfosoebhvlytfgwprkxo/Build/Intermediates.noindex/PostHog.build/Debug-iphoneos/phlibwebp.build/Objects-normal/arm64/upsampling_sse2.d --serialize-diagnostics /Users/colbycorcoran/Library/Developer/Xcode/DerivedData/Fiz-fiflxcjvlfosoebhvlytfgwprkxo/Build/Intermediates.noindex/PostHog.build/Debug-iphoneos/phlibwebp.build/Objects-normal/arm64/upsampling_sse2.dia -c /Users/colbycorcoran/Library/Developer/Xcode/DerivedData/Fiz-fiflxcjvlfosoebhvlytfgwprkxo/SourcePackages/checkouts/posthog-ios/vendor/libwebp/upsampling_sse2.c -o /Users/colbycorcoran/Library/Developer/Xcode/DerivedData/Fiz-fiflxcjvlfosoebhvlytfgwprkxo/Build/Intermediates.noindex/PostHog.build/Debug-iphoneos/phlibwebp.build/Objects-normal/arm64/upsampling_sse2.o -index-unit-output-path /PostHog.build/Debug-iphoneos/phlibwebp.build/Objects-normal/arm64/upsampling_sse2.o

ScanDependencies /Users/colbycorcoran/Library/Developer/Xcode/DerivedData/Fiz-fiflxcjvlfosoebhvlytfgwprkxo/Build/Intermediates.noindex/PostHog.build/Debug-iphoneos/phlibwebp.build/Objects-normal/arm64/upsampling_neon.o /Users/colbycorcoran/Library/Developer/Xcode/DerivedData/Fiz-fiflxcjvlfosoebhvlytfgwprkxo/SourcePackages/checkouts/posthog-ios/vendor/libwebp/upsampling_neon.c normal arm64 c com.apple.compilers.llvm.clang.1_0.compiler (in target 'phlibwebp' from project 'PostHog')
    cd /Users/colbycorcoran/Documents/App\ Development/Fiz/Fiz.xcodeproj
    
    Using response file: /Users/colbycorcoran/Library/Developer/Xcode/DerivedData/Fiz-fiflxcjvlfosoebhvlytfgwprkxo/Build/Intermediates.noindex/PostHog.build/Debug-iphoneos/phlibwebp.build/Objects-normal/arm64/7187679823f38a2a940e0043cdf9d637-common-args.resp
    
    builtin-ScanDependencies -o /Users/colbycorcoran/Library/Developer/Xcode/DerivedData/Fiz-fiflxcjvlfosoebhvlytfgwprkxo/Build/Intermediates.noindex/PostHog.build/Debug-iphoneos/phlibwebp.build/Objects-normal/arm64/upsampling_neon.o.scan -- /Applications/Xcode.app/Contents/Developer/Toolchains/XcodeDefault.xctoolchain/usr/bin/clang -x c -ivfsstatcache /Users/colbycorcoran/Library/Developer/Xcode/DerivedData/SDKStatCaches.noindex/iphoneos26.2-23C53-3794476bd08197c3e2abd9bb477ef7f7.sdkstatcache -fmessage-length\=0 -fdiagnostics-show-note-include-stack -fmacro-backtrace-limit\=0 -fno-color-diagnostics -fmodules-prune-interval\=86400 -fmodules-prune-after\=345600 -fbuild-session-file\=/Users/colbycorcoran/Library/Developer/Xcode/DerivedData/ModuleCache.noindex/Session.modulevalidation -fmodules-validate-once-per-build-session -Wnon-modular-include-in-framework-module -Werror\=non-modular-include-in-framework-module -Wno-trigraphs -Wno-missing-field-initializers -Wno-missing-prototypes -Wno-return-type -Wno-missing-braces -Wparentheses -Wswitch -Wno-unused-function -Wno-unused-label -Wno-unused-parameter -Wno-unused-variable -Wunused-value -Wno-empty-body -Wno-uninitialized -Wno-unknown-pragmas -w -Wno-shadow -Wno-four-char-constants -Wno-conversion -Wno-constant-conversion -Wno-int-conversion -Wno-bool-conversion -Wno-enum-conversion -Wno-float-conversion -Wno-non-literal-null-conversion -Wno-objc-literal-conversion -Wshorten-64-to-32 -Wpointer-sign -Wno-newline-eof -Wno-implicit-fallthrough -fstrict-aliasing -Wdeprecated-declarations -Wno-sign-conversion -Wno-infinite-recursion -Wno-comma -Wno-block-capture-autoreleasing -Wno-strict-prototypes -Wno-semicolon-before-method-body -index-store-path /Users/colbycorcoran/Library/Developer/Xcode/DerivedData/Fiz-fiflxcjvlfosoebhvlytfgwprkxo/Index.noindex/DataStore @/Users/colbycorcoran/Library/Developer/Xcode/DerivedData/Fiz-fiflxcjvlfosoebhvlytfgwprkxo/Build/Intermediates.noindex/PostHog.build/Debug-iphoneos/phlibwebp.build/Objects-normal/arm64/7187679823f38a2a940e0043cdf9d637-common-args.resp -MMD -MT dependencies -MF /Users/colbycorcoran/Library/Developer/Xcode/DerivedData/Fiz-fiflxcjvlfosoebhvlytfgwprkxo/Build/Intermediates.noindex/PostHog.build/Debug-iphoneos/phlibwebp.build/Objects-normal/arm64/upsampling_neon.d --serialize-diagnostics /Users/colbycorcoran/Library/Developer/Xcode/DerivedData/Fiz-fiflxcjvlfosoebhvlytfgwprkxo/Build/Intermediates.noindex/PostHog.build/Debug-iphoneos/phlibwebp.build/Objects-normal/arm64/upsampling_neon.dia -c /Users/colbycorcoran/Library/Developer/Xcode/DerivedData/Fiz-fiflxcjvlfosoebhvlytfgwprkxo/SourcePackages/checkouts/posthog-ios/vendor/libwebp/upsampling_neon.c -o /Users/colbycorcoran/Library/Developer/Xcode/DerivedData/Fiz-fiflxcjvlfosoebhvlytfgwprkxo/Build/Intermediates.noindex/PostHog.build/Debug-iphoneos/phlibwebp.build/Objects-normal/arm64/upsampling_neon.o -index-unit-output-path /PostHog.build/Debug-iphoneos/phlibwebp.build/Objects-normal/arm64/upsampling_neon.o

SwiftDriver PostHog normal arm64 com.apple.xcode.tools.swift.compiler (in target 'PostHog' from project 'PostHog')
    cd /Users/colbycorcoran/Documents/App\ Development/Fiz/Fiz.xcodeproj
    builtin-SwiftDriver -- /Applications/Xcode.app/Contents/Developer/Toolchains/XcodeDefault.xctoolchain/usr/bin/swiftc -module-name PostHog -Onone -enforce-exclusivity\=checked @/Users/colbycorcoran/Library/Developer/Xcode/DerivedData/Fiz-fiflxcjvlfosoebhvlytfgwprkxo/Build/Intermediates.noindex/PostHog.build/Debug-iphoneos/PostHog.build/Objects-normal/arm64/PostHog.SwiftFileList -DSWIFT_PACKAGE -DDEBUG -DSWIFT_MODULE_RESOURCE_BUNDLE_AVAILABLE -Xcc -fmodule-map-file\=/Users/colbycorcoran/Library/Developer/Xcode/DerivedData/Fiz-fiflxcjvlfosoebhvlytfgwprkxo/Build/Intermediates.noindex/GeneratedModuleMaps-iphoneos/phlibwebp.modulemap -DXcode -plugin-path /Applications/Xcode.app/Contents/Developer/Toolchains/XcodeDefault.xctoolchain/usr/lib/swift/host/plugins/testing -enable-experimental-feature DebugDescriptionMacro -sdk /Applications/Xcode.app/Contents/Developer/Platforms/iPhoneOS.platform/Developer/SDKs/iPhoneOS26.2.sdk -target arm64-apple-ios13.0 -g -module-cache-path /Users/colbycorcoran/Library/Developer/Xcode/DerivedData/ModuleCache.noindex -Xfrontend -serialize-debugging-options -profile-coverage-mapping -profile-generate -enable-testing -suppress-warnings -index-store-path /Users/colbycorcoran/Library/Developer/Xcode/DerivedData/Fiz-fiflxcjvlfosoebhvlytfgwprkxo/Index.noindex/DataStore -Xcc -D_LIBCPP_HARDENING_MODE\=_LIBCPP_HARDENING_MODE_DEBUG -swift-version 5 -I /Users/colbycorcoran/Library/Developer/Xcode/DerivedData/Fiz-fiflxcjvlfosoebhvlytfgwprkxo/Build/Products/Debug-iphoneos -Isystem /Applications/Xcode.app/Contents/Developer/Platforms/iPhoneOS.platform/Developer/usr/lib -F /Users/colbycorcoran/Library/Developer/Xcode/DerivedData/Fiz-fiflxcjvlfosoebhvlytfgwprkxo/Build/Products/Debug-iphoneos/PackageFrameworks -F /Users/colbycorcoran/Library/Developer/Xcode/DerivedData/Fiz-fiflxcjvlfosoebhvlytfgwprkxo/Build/Products/Debug-iphoneos -F /Applications/Xcode.app/Contents/Developer/Platforms/iPhoneOS.platform/Developer/Library/Frameworks -F /Applications/Xcode.app/Contents/Developer/Platforms/iPhoneOS.platform/Developer/SDKs/iPhoneOS26.2.sdk/Developer/Library/Frameworks -c -j10 -enable-batch-mode -incremental -Xcc -ivfsstatcache -Xcc /Users/colbycorcoran/Library/Developer/Xcode/DerivedData/SDKStatCaches.noindex/iphoneos26.2-23C53-3794476bd08197c3e2abd9bb477ef7f7.sdkstatcache -output-file-map /Users/colbycorcoran/Library/Developer/Xcode/DerivedData/Fiz-fiflxcjvlfosoebhvlytfgwprkxo/Build/Intermediates.noindex/PostHog.build/Debug-iphoneos/PostHog.build/Objects-normal/arm64/PostHog-OutputFileMap.json -use-frontend-parseable-output -save-temps -no-color-diagnostics -explicit-module-build -module-cache-path /Users/colbycorcoran/Library/Developer/Xcode/DerivedData/Fiz-fiflxcjvlfosoebhvlytfgwprkxo/Build/Intermediates.noindex/SwiftExplicitPrecompiledModules -clang-scanner-module-cache-path /Users/colbycorcoran/Library/Developer/Xcode/DerivedData/ModuleCache.noindex -sdk-module-cache-path /Users/colbycorcoran/Library/Developer/Xcode/DerivedData/ModuleCache.noindex -serialize-diagnostics -emit-dependencies -emit-module -emit-module-path /Users/colbycorcoran/Library/Developer/Xcode/DerivedData/Fiz-fiflxcjvlfosoebhvlytfgwprkxo/Build/Intermediates.noindex/PostHog.build/Debug-iphoneos/PostHog.build/Objects-normal/arm64/PostHog.swiftmodule -validate-clang-modules-once -clang-build-session-file /Users/colbycorcoran/Library/Developer/Xcode/DerivedData/ModuleCache.noindex/Session.modulevalidation -Xcc -I/Users/colbycorcoran/Library/Developer/Xcode/DerivedData/Fiz-fiflxcjvlfosoebhvlytfgwprkxo/Build/Intermediates.noindex/PostHog.build/Debug-iphoneos/PostHog.build/swift-overrides.hmap -emit-const-values -Xfrontend -const-gather-protocols-file -Xfrontend /Users/colbycorcoran/Library/Developer/Xcode/DerivedData/Fiz-fiflxcjvlfosoebhvlytfgwprkxo/Build/Intermediates.noindex/PostHog.build/Debug-iphoneos/PostHog.build/Objects-normal/arm64/PostHog_const_extract_protocols.json -Xcc -I/Users/colbycorcoran/Library/Developer/Xcode/DerivedData/Fiz-fiflxcjvlfosoebhvlytfgwprkxo/SourcePackages/checkouts/posthog-ios/vendor/libwebp -Xcc -I/Users/colbycorcoran/Library/Developer/Xcode/DerivedData/Fiz-fiflxcjvlfosoebhvlytfgwprkxo/Build/Products/Debug-iphoneos/include -Xcc -I/Users/colbycorcoran/Library/Developer/Xcode/DerivedData/Fiz-fiflxcjvlfosoebhvlytfgwprkxo/Build/Intermediates.noindex/PostHog.build/Debug-iphoneos/PostHog.build/DerivedSources-normal/arm64 -Xcc -I/Users/colbycorcoran/Library/Developer/Xcode/DerivedData/Fiz-fiflxcjvlfosoebhvlytfgwprkxo/Build/Intermediates.noindex/PostHog.build/Debug-iphoneos/PostHog.build/DerivedSources/arm64 -Xcc -I/Users/colbycorcoran/Library/Developer/Xcode/DerivedData/Fiz-fiflxcjvlfosoebhvlytfgwprkxo/Build/Intermediates.noindex/PostHog.build/Debug-iphoneos/PostHog.build/DerivedSources -Xcc -DSWIFT_PACKAGE -Xcc -DDEBUG\=1 -emit-objc-header -emit-objc-header-path /Users/colbycorcoran/Library/Developer/Xcode/DerivedData/Fiz-fiflxcjvlfosoebhvlytfgwprkxo/Build/Intermediates.noindex/PostHog.build/Debug-iphoneos/PostHog.build/Objects-normal/arm64/PostHog-Swift.h -working-directory /Users/colbycorcoran/Documents/App\ Development/Fiz/Fiz.xcodeproj -experimental-emit-module-separately -disable-cmo

ScanDependencies /Users/colbycorcoran/Library/Developer/Xcode/DerivedData/Fiz-fiflxcjvlfosoebhvlytfgwprkxo/Build/Intermediates.noindex/PostHog.build/Debug-iphoneos/phlibwebp.build/Objects-normal/arm64/upsampling.o /Users/colbycorcoran/Library/Developer/Xcode/DerivedData/Fiz-fiflxcjvlfosoebhvlytfgwprkxo/SourcePackages/checkouts/posthog-ios/vendor/libwebp/upsampling.c normal arm64 c com.apple.compilers.llvm.clang.1_0.compiler (in target 'phlibwebp' from project 'PostHog')
    cd /Users/colbycorcoran/Documents/App\ Development/Fiz/Fiz.xcodeproj
    
    Using response file: /Users/colbycorcoran/Library/Developer/Xcode/DerivedData/Fiz-fiflxcjvlfosoebhvlytfgwprkxo/Build/Intermediates.noindex/PostHog.build/Debug-iphoneos/phlibwebp.build/Objects-normal/arm64/7187679823f38a2a940e0043cdf9d637-common-args.resp
    
    builtin-ScanDependencies -o /Users/colbycorcoran/Library/Developer/Xcode/DerivedData/Fiz-fiflxcjvlfosoebhvlytfgwprkxo/Build/Intermediates.noindex/PostHog.build/Debug-iphoneos/phlibwebp.build/Objects-normal/arm64/upsampling.o.scan -- /Applications/Xcode.app/Contents/Developer/Toolchains/XcodeDefault.xctoolchain/usr/bin/clang -x c -ivfsstatcache /Users/colbycorcoran/Library/Developer/Xcode/DerivedData/SDKStatCaches.noindex/iphoneos26.2-23C53-3794476bd08197c3e2abd9bb477ef7f7.sdkstatcache -fmessage-length\=0 -fdiagnostics-show-note-include-stack -fmacro-backtrace-limit\=0 -fno-color-diagnostics -fmodules-prune-interval\=86400 -fmodules-prune-after\=345600 -fbuild-session-file\=/Users/colbycorcoran/Library/Developer/Xcode/DerivedData/ModuleCache.noindex/Session.modulevalidation -fmodules-validate-once-per-build-session -Wnon-modular-include-in-framework-module -Werror\=non-modular-include-in-framework-module -Wno-trigraphs -Wno-missing-field-initializers -Wno-missing-prototypes -Wno-return-type -Wno-missing-braces -Wparentheses -Wswitch -Wno-unused-function -Wno-unused-label -Wno-unused-parameter -Wno-unused-variable -Wunused-value -Wno-empty-body -Wno-uninitialized -Wno-unknown-pragmas -w -Wno-shadow -Wno-four-char-constants -Wno-conversion -Wno-constant-conversion -Wno-int-conversion -Wno-bool-conversion -Wno-enum-conversion -Wno-float-conversion -Wno-non-literal-null-conversion -Wno-objc-literal-conversion -Wshorten-64-to-32 -Wpointer-sign -Wno-newline-eof -Wno-implicit-fallthrough -fstrict-aliasing -Wdeprecated-declarations -Wno-sign-conversion -Wno-infinite-recursion -Wno-comma -Wno-block-capture-autoreleasing -Wno-strict-prototypes -Wno-semicolon-before-method-body -index-store-path /Users/colbycorcoran/Library/Developer/Xcode/DerivedData/Fiz-fiflxcjvlfosoebhvlytfgwprkxo/Index.noindex/DataStore @/Users/colbycorcoran/Library/Developer/Xcode/DerivedData/Fiz-fiflxcjvlfosoebhvlytfgwprkxo/Build/Intermediates.noindex/PostHog.build/Debug-iphoneos/phlibwebp.build/Objects-normal/arm64/7187679823f38a2a940e0043cdf9d637-common-args.resp -MMD -MT dependencies -MF /Users/colbycorcoran/Library/Developer/Xcode/DerivedData/Fiz-fiflxcjvlfosoebhvlytfgwprkxo/Build/Intermediates.noindex/PostHog.build/Debug-iphoneos/phlibwebp.build/Objects-normal/arm64/upsampling.d --serialize-diagnostics /Users/colbycorcoran/Library/Developer/Xcode/DerivedData/Fiz-fiflxcjvlfosoebhvlytfgwprkxo/Build/Intermediates.noindex/PostHog.build/Debug-iphoneos/phlibwebp.build/Objects-normal/arm64/upsampling.dia -c /Users/colbycorcoran/Library/Developer/Xcode/DerivedData/Fiz-fiflxcjvlfosoebhvlytfgwprkxo/SourcePackages/checkouts/posthog-ios/vendor/libwebp/upsampling.c -o /Users/colbycorcoran/Library/Developer/Xcode/DerivedData/Fiz-fiflxcjvlfosoebhvlytfgwprkxo/Build/Intermediates.noindex/PostHog.build/Debug-iphoneos/phlibwebp.build/Objects-normal/arm64/upsampling.o -index-unit-output-path /PostHog.build/Debug-iphoneos/phlibwebp.build/Objects-normal/arm64/upsampling.o

ScanDependencies /Users/colbycorcoran/Library/Developer/Xcode/DerivedData/Fiz-fiflxcjvlfosoebhvlytfgwprkxo/Build/Intermediates.noindex/PostHog.build/Debug-iphoneos/phlibwebp.build/Objects-normal/arm64/tree_enc.o /Users/colbycorcoran/Library/Developer/Xcode/DerivedData/Fiz-fiflxcjvlfosoebhvlytfgwprkxo/SourcePackages/checkouts/posthog-ios/vendor/libwebp/tree_enc.c normal arm64 c com.apple.compilers.llvm.clang.1_0.compiler (in target 'phlibwebp' from project 'PostHog')
    cd /Users/colbycorcoran/Documents/App\ Development/Fiz/Fiz.xcodeproj
    
    Using response file: /Users/colbycorcoran/Library/Developer/Xcode/DerivedData/Fiz-fiflxcjvlfosoebhvlytfgwprkxo/Build/Intermediates.noindex/PostHog.build/Debug-iphoneos/phlibwebp.build/Objects-normal/arm64/7187679823f38a2a940e0043cdf9d637-common-args.resp
    
    builtin-ScanDependencies -o /Users/colbycorcoran/Library/Developer/Xcode/DerivedData/Fiz-fiflxcjvlfosoebhvlytfgwprkxo/Build/Intermediates.noindex/PostHog.build/Debug-iphoneos/phlibwebp.build/Objects-normal/arm64/tree_enc.o.scan -- /Applications/Xcode.app/Contents/Developer/Toolchains/XcodeDefault.xctoolchain/usr/bin/clang -x c -ivfsstatcache /Users/colbycorcoran/Library/Developer/Xcode/DerivedData/SDKStatCaches.noindex/iphoneos26.2-23C53-3794476bd08197c3e2abd9bb477ef7f7.sdkstatcache -fmessage-length\=0 -fdiagnostics-show-note-include-stack -fmacro-backtrace-limit\=0 -fno-color-diagnostics -fmodules-prune-interval\=86400 -fmodules-prune-after\=345600 -fbuild-session-file\=/Users/colbycorcoran/Library/Developer/Xcode/DerivedData/ModuleCache.noindex/Session.modulevalidation -fmodules-validate-once-per-build-session -Wnon-modular-include-in-framework-module -Werror\=non-modular-include-in-framework-module -Wno-trigraphs -Wno-missing-field-initializers -Wno-missing-prototypes -Wno-return-type -Wno-missing-braces -Wparentheses -Wswitch -Wno-unused-function -Wno-unused-label -Wno-unused-parameter -Wno-unused-variable -Wunused-value -Wno-empty-body -Wno-uninitialized -Wno-unknown-pragmas -w -Wno-shadow -Wno-four-char-constants -Wno-conversion -Wno-constant-conversion -Wno-int-conversion -Wno-bool-conversion -Wno-enum-conversion -Wno-float-conversion -Wno-non-literal-null-conversion -Wno-objc-literal-conversion -Wshorten-64-to-32 -Wpointer-sign -Wno-newline-eof -Wno-implicit-fallthrough -fstrict-aliasing -Wdeprecated-declarations -Wno-sign-conversion -Wno-infinite-recursion -Wno-comma -Wno-block-capture-autoreleasing -Wno-strict-prototypes -Wno-semicolon-before-method-body -index-store-path /Users/colbycorcoran/Library/Developer/Xcode/DerivedData/Fiz-fiflxcjvlfosoebhvlytfgwprkxo/Index.noindex/DataStore @/Users/colbycorcoran/Library/Developer/Xcode/DerivedData/Fiz-fiflxcjvlfosoebhvlytfgwprkxo/Build/Intermediates.noindex/PostHog.build/Debug-iphoneos/phlibwebp.build/Objects-normal/arm64/7187679823f38a2a940e0043cdf9d637-common-args.resp -MMD -MT dependencies -MF /Users/colbycorcoran/Library/Developer/Xcode/DerivedData/Fiz-fiflxcjvlfosoebhvlytfgwprkxo/Build/Intermediates.noindex/PostHog.build/Debug-iphoneos/phlibwebp.build/Objects-normal/arm64/tree_enc.d --serialize-diagnostics /Users/colbycorcoran/Library/Developer/Xcode/DerivedData/Fiz-fiflxcjvlfosoebhvlytfgwprkxo/Build/Intermediates.noindex/PostHog.build/Debug-iphoneos/phlibwebp.build/Objects-normal/arm64/tree_enc.dia -c /Users/colbycorcoran/Library/Developer/Xcode/DerivedData/Fiz-fiflxcjvlfosoebhvlytfgwprkxo/SourcePackages/checkouts/posthog-ios/vendor/libwebp/tree_enc.c -o /Users/colbycorcoran/Library/Developer/Xcode/DerivedData/Fiz-fiflxcjvlfosoebhvlytfgwprkxo/Build/Intermediates.noindex/PostHog.build/Debug-iphoneos/phlibwebp.build/Objects-normal/arm64/tree_enc.o -index-unit-output-path /PostHog.build/Debug-iphoneos/phlibwebp.build/Objects-normal/arm64/tree_enc.o

ScanDependencies /Users/colbycorcoran/Library/Developer/Xcode/DerivedData/Fiz-fiflxcjvlfosoebhvlytfgwprkxo/Build/Intermediates.noindex/PostHog.build/Debug-iphoneos/phlibwebp.build/Objects-normal/arm64/token_enc.o /Users/colbycorcoran/Library/Developer/Xcode/DerivedData/Fiz-fiflxcjvlfosoebhvlytfgwprkxo/SourcePackages/checkouts/posthog-ios/vendor/libwebp/token_enc.c normal arm64 c com.apple.compilers.llvm.clang.1_0.compiler (in target 'phlibwebp' from project 'PostHog')
    cd /Users/colbycorcoran/Documents/App\ Development/Fiz/Fiz.xcodeproj
    
    Using response file: /Users/colbycorcoran/Library/Developer/Xcode/DerivedData/Fiz-fiflxcjvlfosoebhvlytfgwprkxo/Build/Intermediates.noindex/PostHog.build/Debug-iphoneos/phlibwebp.build/Objects-normal/arm64/7187679823f38a2a940e0043cdf9d637-common-args.resp
    
    builtin-ScanDependencies -o /Users/colbycorcoran/Library/Developer/Xcode/DerivedData/Fiz-fiflxcjvlfosoebhvlytfgwprkxo/Build/Intermediates.noindex/PostHog.build/Debug-iphoneos/phlibwebp.build/Objects-normal/arm64/token_enc.o.scan -- /Applications/Xcode.app/Contents/Developer/Toolchains/XcodeDefault.xctoolchain/usr/bin/clang -x c -ivfsstatcache /Users/colbycorcoran/Library/Developer/Xcode/DerivedData/SDKStatCaches.noindex/iphoneos26.2-23C53-3794476bd08197c3e2abd9bb477ef7f7.sdkstatcache -fmessage-length\=0 -fdiagnostics-show-note-include-stack -fmacro-backtrace-limit\=0 -fno-color-diagnostics -fmodules-prune-interval\=86400 -fmodules-prune-after\=345600 -fbuild-session-file\=/Users/colbycorcoran/Library/Developer/Xcode/DerivedData/ModuleCache.noindex/Session.modulevalidation -fmodules-validate-once-per-build-session -Wnon-modular-include-in-framework-module -Werror\=non-modular-include-in-framework-module -Wno-trigraphs -Wno-missing-field-initializers -Wno-missing-prototypes -Wno-return-type -Wno-missing-braces -Wparentheses -Wswitch -Wno-unused-function -Wno-unused-label -Wno-unused-parameter -Wno-unused-variable -Wunused-value -Wno-empty-body -Wno-uninitialized -Wno-unknown-pragmas -w -Wno-shadow -Wno-four-char-constants -Wno-conversion -Wno-constant-conversion -Wno-int-conversion -Wno-bool-conversion -Wno-enum-conversion -Wno-float-conversion -Wno-non-literal-null-conversion -Wno-objc-literal-conversion -Wshorten-64-to-32 -Wpointer-sign -Wno-newline-eof -Wno-implicit-fallthrough -fstrict-aliasing -Wdeprecated-declarations -Wno-sign-conversion -Wno-infinite-recursion -Wno-comma -Wno-block-capture-autoreleasing -Wno-strict-prototypes -Wno-semicolon-before-method-body -index-store-path /Users/colbycorcoran/Library/Developer/Xcode/DerivedData/Fiz-fiflxcjvlfosoebhvlytfgwprkxo/Index.noindex/DataStore @/Users/colbycorcoran/Library/Developer/Xcode/DerivedData/Fiz-fiflxcjvlfosoebhvlytfgwprkxo/Build/Intermediates.noindex/PostHog.build/Debug-iphoneos/phlibwebp.build/Objects-normal/arm64/7187679823f38a2a940e0043cdf9d637-common-args.resp -MMD -MT dependencies -MF /Users/colbycorcoran/Library/Developer/Xcode/DerivedData/Fiz-fiflxcjvlfosoebhvlytfgwprkxo/Build/Intermediates.noindex/PostHog.build/Debug-iphoneos/phlibwebp.build/Objects-normal/arm64/token_enc.d --serialize-diagnostics /Users/colbycorcoran/Library/Developer/Xcode/DerivedData/Fiz-fiflxcjvlfosoebhvlytfgwprkxo/Build/Intermediates.noindex/PostHog.build/Debug-iphoneos/phlibwebp.build/Objects-normal/arm64/token_enc.dia -c /Users/colbycorcoran/Library/Developer/Xcode/DerivedData/Fiz-fiflxcjvlfosoebhvlytfgwprkxo/SourcePackages/checkouts/posthog-ios/vendor/libwebp/token_enc.c -o /Users/colbycorcoran/Library/Developer/Xcode/DerivedData/Fiz-fiflxcjvlfosoebhvlytfgwprkxo/Build/Intermediates.noindex/PostHog.build/Debug-iphoneos/phlibwebp.build/Objects-normal/arm64/token_enc.o -index-unit-output-path /PostHog.build/Debug-iphoneos/phlibwebp.build/Objects-normal/arm64/token_enc.o

ScanDependencies /Users/colbycorcoran/Library/Developer/Xcode/DerivedData/Fiz-fiflxcjvlfosoebhvlytfgwprkxo/Build/Intermediates.noindex/PostHog.build/Debug-iphoneos/phlibwebp.build/Objects-normal/arm64/thread_utils.o /Users/colbycorcoran/Library/Developer/Xcode/DerivedData/Fiz-fiflxcjvlfosoebhvlytfgwprkxo/SourcePackages/checkouts/posthog-ios/vendor/libwebp/thread_utils.c normal arm64 c com.apple.compilers.llvm.clang.1_0.compiler (in target 'phlibwebp' from project 'PostHog')
    cd /Users/colbycorcoran/Documents/App\ Development/Fiz/Fiz.xcodeproj
    
    Using response file: /Users/colbycorcoran/Library/Developer/Xcode/DerivedData/Fiz-fiflxcjvlfosoebhvlytfgwprkxo/Build/Intermediates.noindex/PostHog.build/Debug-iphoneos/phlibwebp.build/Objects-normal/arm64/7187679823f38a2a940e0043cdf9d637-common-args.resp
    
    builtin-ScanDependencies -o /Users/colbycorcoran/Library/Developer/Xcode/DerivedData/Fiz-fiflxcjvlfosoebhvlytfgwprkxo/Build/Intermediates.noindex/PostHog.build/Debug-iphoneos/phlibwebp.build/Objects-normal/arm64/thread_utils.o.scan -- /Applications/Xcode.app/Contents/Developer/Toolchains/XcodeDefault.xctoolchain/usr/bin/clang -x c -ivfsstatcache /Users/colbycorcoran/Library/Developer/Xcode/DerivedData/SDKStatCaches.noindex/iphoneos26.2-23C53-3794476bd08197c3e2abd9bb477ef7f7.sdkstatcache -fmessage-length\=0 -fdiagnostics-show-note-include-stack -fmacro-backtrace-limit\=0 -fno-color-diagnostics -fmodules-prune-interval\=86400 -fmodules-prune-after\=345600 -fbuild-session-file\=/Users/colbycorcoran/Library/Developer/Xcode/DerivedData/ModuleCache.noindex/Session.modulevalidation -fmodules-validate-once-per-build-session -Wnon-modular-include-in-framework-module -Werror\=non-modular-include-in-framework-module -Wno-trigraphs -Wno-missing-field-initializers -Wno-missing-prototypes -Wno-return-type -Wno-missing-braces -Wparentheses -Wswitch -Wno-unused-function -Wno-unused-label -Wno-unused-parameter -Wno-unused-variable -Wunused-value -Wno-empty-body -Wno-uninitialized -Wno-unknown-pragmas -w -Wno-shadow -Wno-four-char-constants -Wno-conversion -Wno-constant-conversion -Wno-int-conversion -Wno-bool-conversion -Wno-enum-conversion -Wno-float-conversion -Wno-non-literal-null-conversion -Wno-objc-literal-conversion -Wshorten-64-to-32 -Wpointer-sign -Wno-newline-eof -Wno-implicit-fallthrough -fstrict-aliasing -Wdeprecated-declarations -Wno-sign-conversion -Wno-infinite-recursion -Wno-comma -Wno-block-capture-autoreleasing -Wno-strict-prototypes -Wno-semicolon-before-method-body -index-store-path /Users/colbycorcoran/Library/Developer/Xcode/DerivedData/Fiz-fiflxcjvlfosoebhvlytfgwprkxo/Index.noindex/DataStore @/Users/colbycorcoran/Library/Developer/Xcode/DerivedData/Fiz-fiflxcjvlfosoebhvlytfgwprkxo/Build/Intermediates.noindex/PostHog.build/Debug-iphoneos/phlibwebp.build/Objects-normal/arm64/7187679823f38a2a940e0043cdf9d637-common-args.resp -MMD -MT dependencies -MF /Users/colbycorcoran/Library/Developer/Xcode/DerivedData/Fiz-fiflxcjvlfosoebhvlytfgwprkxo/Build/Intermediates.noindex/PostHog.build/Debug-iphoneos/phlibwebp.build/Objects-normal/arm64/thread_utils.d --serialize-diagnostics /Users/colbycorcoran/Library/Developer/Xcode/DerivedData/Fiz-fiflxcjvlfosoebhvlytfgwprkxo/Build/Intermediates.noindex/PostHog.build/Debug-iphoneos/phlibwebp.build/Objects-normal/arm64/thread_utils.dia -c /Users/colbycorcoran/Library/Developer/Xcode/DerivedData/Fiz-fiflxcjvlfosoebhvlytfgwprkxo/SourcePackages/checkouts/posthog-ios/vendor/libwebp/thread_utils.c -o /Users/colbycorcoran/Library/Developer/Xcode/DerivedData/Fiz-fiflxcjvlfosoebhvlytfgwprkxo/Build/Intermediates.noindex/PostHog.build/Debug-iphoneos/phlibwebp.build/Objects-normal/arm64/thread_utils.o -index-unit-output-path /PostHog.build/Debug-iphoneos/phlibwebp.build/Objects-normal/arm64/thread_utils.o

ScanDependencies /Users/colbycorcoran/Library/Developer/Xcode/DerivedData/Fiz-fiflxcjvlfosoebhvlytfgwprkxo/Build/Intermediates.noindex/PostHog.build/Debug-iphoneos/phlibwebp.build/Objects-normal/arm64/syntax_enc.o /Users/colbycorcoran/Library/Developer/Xcode/DerivedData/Fiz-fiflxcjvlfosoebhvlytfgwprkxo/SourcePackages/checkouts/posthog-ios/vendor/libwebp/syntax_enc.c normal arm64 c com.apple.compilers.llvm.clang.1_0.compiler (in target 'phlibwebp' from project 'PostHog')
    cd /Users/colbycorcoran/Documents/App\ Development/Fiz/Fiz.xcodeproj
    
    Using response file: /Users/colbycorcoran/Library/Developer/Xcode/DerivedData/Fiz-fiflxcjvlfosoebhvlytfgwprkxo/Build/Intermediates.noindex/PostHog.build/Debug-iphoneos/phlibwebp.build/Objects-normal/arm64/7187679823f38a2a940e0043cdf9d637-common-args.resp
    
    builtin-ScanDependencies -o /Users/colbycorcoran/Library/Developer/Xcode/DerivedData/Fiz-fiflxcjvlfosoebhvlytfgwprkxo/Build/Intermediates.noindex/PostHog.build/Debug-iphoneos/phlibwebp.build/Objects-normal/arm64/syntax_enc.o.scan -- /Applications/Xcode.app/Contents/Developer/Toolchains/XcodeDefault.xctoolchain/usr/bin/clang -x c -ivfsstatcache /Users/colbycorcoran/Library/Developer/Xcode/DerivedData/SDKStatCaches.noindex/iphoneos26.2-23C53-3794476bd08197c3e2abd9bb477ef7f7.sdkstatcache -fmessage-length\=0 -fdiagnostics-show-note-include-stack -fmacro-backtrace-limit\=0 -fno-color-diagnostics -fmodules-prune-interval\=86400 -fmodules-prune-after\=345600 -fbuild-session-file\=/Users/colbycorcoran/Library/Developer/Xcode/DerivedData/ModuleCache.noindex/Session.modulevalidation -fmodules-validate-once-per-build-session -Wnon-modular-include-in-framework-module -Werror\=non-modular-include-in-framework-module -Wno-trigraphs -Wno-missing-field-initializers -Wno-missing-prototypes -Wno-return-type -Wno-missing-braces -Wparentheses -Wswitch -Wno-unused-function -Wno-unused-label -Wno-unused-parameter -Wno-unused-variable -Wunused-value -Wno-empty-body -Wno-uninitialized -Wno-unknown-pragmas -w -Wno-shadow -Wno-four-char-constants -Wno-conversion -Wno-constant-conversion -Wno-int-conversion -Wno-bool-conversion -Wno-enum-conversion -Wno-float-conversion -Wno-non-literal-null-conversion -Wno-objc-literal-conversion -Wshorten-64-to-32 -Wpointer-sign -Wno-newline-eof -Wno-implicit-fallthrough -fstrict-aliasing -Wdeprecated-declarations -Wno-sign-conversion -Wno-infinite-recursion -Wno-comma -Wno-block-capture-autoreleasing -Wno-strict-prototypes -Wno-semicolon-before-method-body -index-store-path /Users/colbycorcoran/Library/Developer/Xcode/DerivedData/Fiz-fiflxcjvlfosoebhvlytfgwprkxo/Index.noindex/DataStore @/Users/colbycorcoran/Library/Developer/Xcode/DerivedData/Fiz-fiflxcjvlfosoebhvlytfgwprkxo/Build/Intermediates.noindex/PostHog.build/Debug-iphoneos/phlibwebp.build/Objects-normal/arm64/7187679823f38a2a940e0043cdf9d637-common-args.resp -MMD -MT dependencies -MF /Users/colbycorcoran/Library/Developer/Xcode/DerivedData/Fiz-fiflxcjvlfosoebhvlytfgwprkxo/Build/Intermediates.noindex/PostHog.build/Debug-iphoneos/phlibwebp.build/Objects-normal/arm64/syntax_enc.d --serialize-diagnostics /Users/colbycorcoran/Library/Developer/Xcode/DerivedData/Fiz-fiflxcjvlfosoebhvlytfgwprkxo/Build/Intermediates.noindex/PostHog.build/Debug-iphoneos/phlibwebp.build/Objects-normal/arm64/syntax_enc.dia -c /Users/colbycorcoran/Library/Developer/Xcode/DerivedData/Fiz-fiflxcjvlfosoebhvlytfgwprkxo/SourcePackages/checkouts/posthog-ios/vendor/libwebp/syntax_enc.c -o /Users/colbycorcoran/Library/Developer/Xcode/DerivedData/Fiz-fiflxcjvlfosoebhvlytfgwprkxo/Build/Intermediates.noindex/PostHog.build/Debug-iphoneos/phlibwebp.build/Objects-normal/arm64/syntax_enc.o -index-unit-output-path /PostHog.build/Debug-iphoneos/phlibwebp.build/Objects-normal/arm64/syntax_enc.o

ScanDependencies /Users/colbycorcoran/Library/Developer/Xcode/DerivedData/Fiz-fiflxcjvlfosoebhvlytfgwprkxo/Build/Intermediates.noindex/PostHog.build/Debug-iphoneos/phlibwebp.build/Objects-normal/arm64/ssim_sse2.o /Users/colbycorcoran/Library/Developer/Xcode/DerivedData/Fiz-fiflxcjvlfosoebhvlytfgwprkxo/SourcePackages/checkouts/posthog-ios/vendor/libwebp/ssim_sse2.c normal arm64 c com.apple.compilers.llvm.clang.1_0.compiler (in target 'phlibwebp' from project 'PostHog')
    cd /Users/colbycorcoran/Documents/App\ Development/Fiz/Fiz.xcodeproj
    
    Using response file: /Users/colbycorcoran/Library/Developer/Xcode/DerivedData/Fiz-fiflxcjvlfosoebhvlytfgwprkxo/Build/Intermediates.noindex/PostHog.build/Debug-iphoneos/phlibwebp.build/Objects-normal/arm64/7187679823f38a2a940e0043cdf9d637-common-args.resp
    
    builtin-ScanDependencies -o /Users/colbycorcoran/Library/Developer/Xcode/DerivedData/Fiz-fiflxcjvlfosoebhvlytfgwprkxo/Build/Intermediates.noindex/PostHog.build/Debug-iphoneos/phlibwebp.build/Objects-normal/arm64/ssim_sse2.o.scan -- /Applications/Xcode.app/Contents/Developer/Toolchains/XcodeDefault.xctoolchain/usr/bin/clang -x c -ivfsstatcache /Users/colbycorcoran/Library/Developer/Xcode/DerivedData/SDKStatCaches.noindex/iphoneos26.2-23C53-3794476bd08197c3e2abd9bb477ef7f7.sdkstatcache -fmessage-length\=0 -fdiagnostics-show-note-include-stack -fmacro-backtrace-limit\=0 -fno-color-diagnostics -fmodules-prune-interval\=86400 -fmodules-prune-after\=345600 -fbuild-session-file\=/Users/colbycorcoran/Library/Developer/Xcode/DerivedData/ModuleCache.noindex/Session.modulevalidation -fmodules-validate-once-per-build-session -Wnon-modular-include-in-framework-module -Werror\=non-modular-include-in-framework-module -Wno-trigraphs -Wno-missing-field-initializers -Wno-missing-prototypes -Wno-return-type -Wno-missing-braces -Wparentheses -Wswitch -Wno-unused-function -Wno-unused-label -Wno-unused-parameter -Wno-unused-variable -Wunused-value -Wno-empty-body -Wno-uninitialized -Wno-unknown-pragmas -w -Wno-shadow -Wno-four-char-constants -Wno-conversion -Wno-constant-conversion -Wno-int-conversion -Wno-bool-conversion -Wno-enum-conversion -Wno-float-conversion -Wno-non-literal-null-conversion -Wno-objc-literal-conversion -Wshorten-64-to-32 -Wpointer-sign -Wno-newline-eof -Wno-implicit-fallthrough -fstrict-aliasing -Wdeprecated-declarations -Wno-sign-conversion -Wno-infinite-recursion -Wno-comma -Wno-block-capture-autoreleasing -Wno-strict-prototypes -Wno-semicolon-before-method-body -index-store-path /Users/colbycorcoran/Library/Developer/Xcode/DerivedData/Fiz-fiflxcjvlfosoebhvlytfgwprkxo/Index.noindex/DataStore @/Users/colbycorcoran/Library/Developer/Xcode/DerivedData/Fiz-fiflxcjvlfosoebhvlytfgwprkxo/Build/Intermediates.noindex/PostHog.build/Debug-iphoneos/phlibwebp.build/Objects-normal/arm64/7187679823f38a2a940e0043cdf9d637-common-args.resp -MMD -MT dependencies -MF /Users/colbycorcoran/Library/Developer/Xcode/DerivedData/Fiz-fiflxcjvlfosoebhvlytfgwprkxo/Build/Intermediates.noindex/PostHog.build/Debug-iphoneos/phlibwebp.build/Objects-normal/arm64/ssim_sse2.d --serialize-diagnostics /Users/colbycorcoran/Library/Developer/Xcode/DerivedData/Fiz-fiflxcjvlfosoebhvlytfgwprkxo/Build/Intermediates.noindex/PostHog.build/Debug-iphoneos/phlibwebp.build/Objects-normal/arm64/ssim_sse2.dia -c /Users/colbycorcoran/Library/Developer/Xcode/DerivedData/Fiz-fiflxcjvlfosoebhvlytfgwprkxo/SourcePackages/checkouts/posthog-ios/vendor/libwebp/ssim_sse2.c -o /Users/colbycorcoran/Library/Developer/Xcode/DerivedData/Fiz-fiflxcjvlfosoebhvlytfgwprkxo/Build/Intermediates.noindex/PostHog.build/Debug-iphoneos/phlibwebp.build/Objects-normal/arm64/ssim_sse2.o -index-unit-output-path /PostHog.build/Debug-iphoneos/phlibwebp.build/Objects-normal/arm64/ssim_sse2.o

ScanDependencies /Users/colbycorcoran/Library/Developer/Xcode/DerivedData/Fiz-fiflxcjvlfosoebhvlytfgwprkxo/Build/Intermediates.noindex/PostHog.build/Debug-iphoneos/phlibwebp.build/Objects-normal/arm64/ssim.o /Users/colbycorcoran/Library/Developer/Xcode/DerivedData/Fiz-fiflxcjvlfosoebhvlytfgwprkxo/SourcePackages/checkouts/posthog-ios/vendor/libwebp/ssim.c normal arm64 c com.apple.compilers.llvm.clang.1_0.compiler (in target 'phlibwebp' from project 'PostHog')
    cd /Users/colbycorcoran/Documents/App\ Development/Fiz/Fiz.xcodeproj
    
    Using response file: /Users/colbycorcoran/Library/Developer/Xcode/DerivedData/Fiz-fiflxcjvlfosoebhvlytfgwprkxo/Build/Intermediates.noindex/PostHog.build/Debug-iphoneos/phlibwebp.build/Objects-normal/arm64/7187679823f38a2a940e0043cdf9d637-common-args.resp
    
    builtin-ScanDependencies -o /Users/colbycorcoran/Library/Developer/Xcode/DerivedData/Fiz-fiflxcjvlfosoebhvlytfgwprkxo/Build/Intermediates.noindex/PostHog.build/Debug-iphoneos/phlibwebp.build/Objects-normal/arm64/ssim.o.scan -- /Applications/Xcode.app/Contents/Developer/Toolchains/XcodeDefault.xctoolchain/usr/bin/clang -x c -ivfsstatcache /Users/colbycorcoran/Library/Developer/Xcode/DerivedData/SDKStatCaches.noindex/iphoneos26.2-23C53-3794476bd08197c3e2abd9bb477ef7f7.sdkstatcache -fmessage-length\=0 -fdiagnostics-show-note-include-stack -fmacro-backtrace-limit\=0 -fno-color-diagnostics -fmodules-prune-interval\=86400 -fmodules-prune-after\=345600 -fbuild-session-file\=/Users/colbycorcoran/Library/Developer/Xcode/DerivedData/ModuleCache.noindex/Session.modulevalidation -fmodules-validate-once-per-build-session -Wnon-modular-include-in-framework-module -Werror\=non-modular-include-in-framework-module -Wno-trigraphs -Wno-missing-field-initializers -Wno-missing-prototypes -Wno-return-type -Wno-missing-braces -Wparentheses -Wswitch -Wno-unused-function -Wno-unused-label -Wno-unused-parameter -Wno-unused-variable -Wunused-value -Wno-empty-body -Wno-uninitialized -Wno-unknown-pragmas -w -Wno-shadow -Wno-four-char-constants -Wno-conversion -Wno-constant-conversion -Wno-int-conversion -Wno-bool-conversion -Wno-enum-conversion -Wno-float-conversion -Wno-non-literal-null-conversion -Wno-objc-literal-conversion -Wshorten-64-to-32 -Wpointer-sign -Wno-newline-eof -Wno-implicit-fallthrough -fstrict-aliasing -Wdeprecated-declarations -Wno-sign-conversion -Wno-infinite-recursion -Wno-comma -Wno-block-capture-autoreleasing -Wno-strict-prototypes -Wno-semicolon-before-method-body -index-store-path /Users/colbycorcoran/Library/Developer/Xcode/DerivedData/Fiz-fiflxcjvlfosoebhvlytfgwprkxo/Index.noindex/DataStore @/Users/colbycorcoran/Library/Developer/Xcode/DerivedData/Fiz-fiflxcjvlfosoebhvlytfgwprkxo/Build/Intermediates.noindex/PostHog.build/Debug-iphoneos/phlibwebp.build/Objects-normal/arm64/7187679823f38a2a940e0043cdf9d637-common-args.resp -MMD -MT dependencies -MF /Users/colbycorcoran/Library/Developer/Xcode/DerivedData/Fiz-fiflxcjvlfosoebhvlytfgwprkxo/Build/Intermediates.noindex/PostHog.build/Debug-iphoneos/phlibwebp.build/Objects-normal/arm64/ssim.d --serialize-diagnostics /Users/colbycorcoran/Library/Developer/Xcode/DerivedData/Fiz-fiflxcjvlfosoebhvlytfgwprkxo/Build/Intermediates.noindex/PostHog.build/Debug-iphoneos/phlibwebp.build/Objects-normal/arm64/ssim.dia -c /Users/colbycorcoran/Library/Developer/Xcode/DerivedData/Fiz-fiflxcjvlfosoebhvlytfgwprkxo/SourcePackages/checkouts/posthog-ios/vendor/libwebp/ssim.c -o /Users/colbycorcoran/Library/Developer/Xcode/DerivedData/Fiz-fiflxcjvlfosoebhvlytfgwprkxo/Build/Intermediates.noindex/PostHog.build/Debug-iphoneos/phlibwebp.build/Objects-normal/arm64/ssim.o -index-unit-output-path /PostHog.build/Debug-iphoneos/phlibwebp.build/Objects-normal/arm64/ssim.o

PrecompileModule /Users/colbycorcoran/Library/Developer/Xcode/DerivedData/Fiz-fiflxcjvlfosoebhvlytfgwprkxo/Build/Intermediates.noindex/ExplicitPrecompiledModules/_Builtin_stddef-2E4CNOLUCBYF65233HSJ68LZ7.scan
    cd /
    builtin-precompileModule /Users/colbycorcoran/Library/Developer/Xcode/DerivedData/Fiz-fiflxcjvlfosoebhvlytfgwprkxo/Build/Intermediates.noindex/ExplicitPrecompiledModules/_Builtin_stddef-2E4CNOLUCBYF65233HSJ68LZ7.scan

PrecompileModule /Users/colbycorcoran/Library/Developer/Xcode/DerivedData/Fiz-fiflxcjvlfosoebhvlytfgwprkxo/Build/Intermediates.noindex/ExplicitPrecompiledModules/_Builtin_stdbool-4INOZ0ZUMUZ458NYFR8ZFZCPC.scan
    cd /
    builtin-precompileModule /Users/colbycorcoran/Library/Developer/Xcode/DerivedData/Fiz-fiflxcjvlfosoebhvlytfgwprkxo/Build/Intermediates.noindex/ExplicitPrecompiledModules/_Builtin_stdbool-4INOZ0ZUMUZ458NYFR8ZFZCPC.scan

PrecompileModule /Users/colbycorcoran/Library/Developer/Xcode/DerivedData/Fiz-fiflxcjvlfosoebhvlytfgwprkxo/Build/Intermediates.noindex/ExplicitPrecompiledModules/_AvailabilityInternal-DUS9GUFPB272SYBD9SNM8TY9F.scan
    cd /
    builtin-precompileModule /Users/colbycorcoran/Library/Developer/Xcode/DerivedData/Fiz-fiflxcjvlfosoebhvlytfgwprkxo/Build/Intermediates.noindex/ExplicitPrecompiledModules/_AvailabilityInternal-DUS9GUFPB272SYBD9SNM8TY9F.scan

PrecompileModule /Users/colbycorcoran/Library/Developer/Xcode/DerivedData/Fiz-fiflxcjvlfosoebhvlytfgwprkxo/Build/Intermediates.noindex/ExplicitPrecompiledModules/_Builtin_stdarg-5OXK6B40JGUTDQYWPBV9089QC.scan
    cd /
    builtin-precompileModule /Users/colbycorcoran/Library/Developer/Xcode/DerivedData/Fiz-fiflxcjvlfosoebhvlytfgwprkxo/Build/Intermediates.noindex/ExplicitPrecompiledModules/_Builtin_stdarg-5OXK6B40JGUTDQYWPBV9089QC.scan

PrecompileModule /Users/colbycorcoran/Library/Developer/Xcode/DerivedData/Fiz-fiflxcjvlfosoebhvlytfgwprkxo/Build/Intermediates.noindex/ExplicitPrecompiledModules/ptrcheck-F34YLMMC4PB0XXE5XYULSXQ2.scan
    cd /
    builtin-precompileModule /Users/colbycorcoran/Library/Developer/Xcode/DerivedData/Fiz-fiflxcjvlfosoebhvlytfgwprkxo/Build/Intermediates.noindex/ExplicitPrecompiledModules/ptrcheck-F34YLMMC4PB0XXE5XYULSXQ2.scan

ScanDependencies /Users/colbycorcoran/Library/Developer/Xcode/DerivedData/Fiz-fiflxcjvlfosoebhvlytfgwprkxo/Build/Intermediates.noindex/PostHog.build/Debug-iphoneos/phlibwebp.build/Objects-normal/arm64/sharpyuv_sse2.o /Users/colbycorcoran/Library/Developer/Xcode/DerivedData/Fiz-fiflxcjvlfosoebhvlytfgwprkxo/SourcePackages/checkouts/posthog-ios/vendor/libwebp/sharpyuv_sse2.c normal arm64 c com.apple.compilers.llvm.clang.1_0.compiler (in target 'phlibwebp' from project 'PostHog')
    cd /Users/colbycorcoran/Documents/App\ Development/Fiz/Fiz.xcodeproj
    
    Using response file: /Users/colbycorcoran/Library/Developer/Xcode/DerivedData/Fiz-fiflxcjvlfosoebhvlytfgwprkxo/Build/Intermediates.noindex/PostHog.build/Debug-iphoneos/phlibwebp.build/Objects-normal/arm64/7187679823f38a2a940e0043cdf9d637-common-args.resp
    
    builtin-ScanDependencies -o /Users/colbycorcoran/Library/Developer/Xcode/DerivedData/Fiz-fiflxcjvlfosoebhvlytfgwprkxo/Build/Intermediates.noindex/PostHog.build/Debug-iphoneos/phlibwebp.build/Objects-normal/arm64/sharpyuv_sse2.o.scan -- /Applications/Xcode.app/Contents/Developer/Toolchains/XcodeDefault.xctoolchain/usr/bin/clang -x c -ivfsstatcache /Users/colbycorcoran/Library/Developer/Xcode/DerivedData/SDKStatCaches.noindex/iphoneos26.2-23C53-3794476bd08197c3e2abd9bb477ef7f7.sdkstatcache -fmessage-length\=0 -fdiagnostics-show-note-include-stack -fmacro-backtrace-limit\=0 -fno-color-diagnostics -fmodules-prune-interval\=86400 -fmodules-prune-after\=345600 -fbuild-session-file\=/Users/colbycorcoran/Library/Developer/Xcode/DerivedData/ModuleCache.noindex/Session.modulevalidation -fmodules-validate-once-per-build-session -Wnon-modular-include-in-framework-module -Werror\=non-modular-include-in-framework-module -Wno-trigraphs -Wno-missing-field-initializers -Wno-missing-prototypes -Wno-return-type -Wno-missing-braces -Wparentheses -Wswitch -Wno-unused-function -Wno-unused-label -Wno-unused-parameter -Wno-unused-variable -Wunused-value -Wno-empty-body -Wno-uninitialized -Wno-unknown-pragmas -w -Wno-shadow -Wno-four-char-constants -Wno-conversion -Wno-constant-conversion -Wno-int-conversion -Wno-bool-conversion -Wno-enum-conversion -Wno-float-conversion -Wno-non-literal-null-conversion -Wno-objc-literal-conversion -Wshorten-64-to-32 -Wpointer-sign -Wno-newline-eof -Wno-implicit-fallthrough -fstrict-aliasing -Wdeprecated-declarations -Wno-sign-conversion -Wno-infinite-recursion -Wno-comma -Wno-block-capture-autoreleasing -Wno-strict-prototypes -Wno-semicolon-before-method-body -index-store-path /Users/colbycorcoran/Library/Developer/Xcode/DerivedData/Fiz-fiflxcjvlfosoebhvlytfgwprkxo/Index.noindex/DataStore @/Users/colbycorcoran/Library/Developer/Xcode/DerivedData/Fiz-fiflxcjvlfosoebhvlytfgwprkxo/Build/Intermediates.noindex/PostHog.build/Debug-iphoneos/phlibwebp.build/Objects-normal/arm64/7187679823f38a2a940e0043cdf9d637-common-args.resp -MMD -MT dependencies -MF /Users/colbycorcoran/Library/Developer/Xcode/DerivedData/Fiz-fiflxcjvlfosoebhvlytfgwprkxo/Build/Intermediates.noindex/PostHog.build/Debug-iphoneos/phlibwebp.build/Objects-normal/arm64/sharpyuv_sse2.d --serialize-diagnostics /Users/colbycorcoran/Library/Developer/Xcode/DerivedData/Fiz-fiflxcjvlfosoebhvlytfgwprkxo/Build/Intermediates.noindex/PostHog.build/Debug-iphoneos/phlibwebp.build/Objects-normal/arm64/sharpyuv_sse2.dia -c /Users/colbycorcoran/Library/Developer/Xcode/DerivedData/Fiz-fiflxcjvlfosoebhvlytfgwprkxo/SourcePackages/checkouts/posthog-ios/vendor/libwebp/sharpyuv_sse2.c -o /Users/colbycorcoran/Library/Developer/Xcode/DerivedData/Fiz-fiflxcjvlfosoebhvlytfgwprkxo/Build/Intermediates.noindex/PostHog.build/Debug-iphoneos/phlibwebp.build/Objects-normal/arm64/sharpyuv_sse2.o -index-unit-output-path /PostHog.build/Debug-iphoneos/phlibwebp.build/Objects-normal/arm64/sharpyuv_sse2.o

ScanDependencies /Users/colbycorcoran/Library/Developer/Xcode/DerivedData/Fiz-fiflxcjvlfosoebhvlytfgwprkxo/Build/Intermediates.noindex/PostHog.build/Debug-iphoneos/phlibwebp.build/Objects-normal/arm64/sharpyuv_neon.o /Users/colbycorcoran/Library/Developer/Xcode/DerivedData/Fiz-fiflxcjvlfosoebhvlytfgwprkxo/SourcePackages/checkouts/posthog-ios/vendor/libwebp/sharpyuv_neon.c normal arm64 c com.apple.compilers.llvm.clang.1_0.compiler (in target 'phlibwebp' from project 'PostHog')
    cd /Users/colbycorcoran/Documents/App\ Development/Fiz/Fiz.xcodeproj
    
    Using response file: /Users/colbycorcoran/Library/Developer/Xcode/DerivedData/Fiz-fiflxcjvlfosoebhvlytfgwprkxo/Build/Intermediates.noindex/PostHog.build/Debug-iphoneos/phlibwebp.build/Objects-normal/arm64/7187679823f38a2a940e0043cdf9d637-common-args.resp
    
    builtin-ScanDependencies -o /Users/colbycorcoran/Library/Developer/Xcode/DerivedData/Fiz-fiflxcjvlfosoebhvlytfgwprkxo/Build/Intermediates.noindex/PostHog.build/Debug-iphoneos/phlibwebp.build/Objects-normal/arm64/sharpyuv_neon.o.scan -- /Applications/Xcode.app/Contents/Developer/Toolchains/XcodeDefault.xctoolchain/usr/bin/clang -x c -ivfsstatcache /Users/colbycorcoran/Library/Developer/Xcode/DerivedData/SDKStatCaches.noindex/iphoneos26.2-23C53-3794476bd08197c3e2abd9bb477ef7f7.sdkstatcache -fmessage-length\=0 -fdiagnostics-show-note-include-stack -fmacro-backtrace-limit\=0 -fno-color-diagnostics -fmodules-prune-interval\=86400 -fmodules-prune-after\=345600 -fbuild-session-file\=/Users/colbycorcoran/Library/Developer/Xcode/DerivedData/ModuleCache.noindex/Session.modulevalidation -fmodules-validate-once-per-build-session -Wnon-modular-include-in-framework-module -Werror\=non-modular-include-in-framework-module -Wno-trigraphs -Wno-missing-field-initializers -Wno-missing-prototypes -Wno-return-type -Wno-missing-braces -Wparentheses -Wswitch -Wno-unused-function -Wno-unused-label -Wno-unused-parameter -Wno-unused-variable -Wunused-value -Wno-empty-body -Wno-uninitialized -Wno-unknown-pragmas -w -Wno-shadow -Wno-four-char-constants -Wno-conversion -Wno-constant-conversion -Wno-int-conversion -Wno-bool-conversion -Wno-enum-conversion -Wno-float-conversion -Wno-non-literal-null-conversion -Wno-objc-literal-conversion -Wshorten-64-to-32 -Wpointer-sign -Wno-newline-eof -Wno-implicit-fallthrough -fstrict-aliasing -Wdeprecated-declarations -Wno-sign-conversion -Wno-infinite-recursion -Wno-comma -Wno-block-capture-autoreleasing -Wno-strict-prototypes -Wno-semicolon-before-method-body -index-store-path /Users/colbycorcoran/Library/Developer/Xcode/DerivedData/Fiz-fiflxcjvlfosoebhvlytfgwprkxo/Index.noindex/DataStore @/Users/colbycorcoran/Library/Developer/Xcode/DerivedData/Fiz-fiflxcjvlfosoebhvlytfgwprkxo/Build/Intermediates.noindex/PostHog.build/Debug-iphoneos/phlibwebp.build/Objects-normal/arm64/7187679823f38a2a940e0043cdf9d637-common-args.resp -MMD -MT dependencies -MF /Users/colbycorcoran/Library/Developer/Xcode/DerivedData/Fiz-fiflxcjvlfosoebhvlytfgwprkxo/Build/Intermediates.noindex/PostHog.build/Debug-iphoneos/phlibwebp.build/Objects-normal/arm64/sharpyuv_neon.d --serialize-diagnostics /Users/colbycorcoran/Library/Developer/Xcode/DerivedData/Fiz-fiflxcjvlfosoebhvlytfgwprkxo/Build/Intermediates.noindex/PostHog.build/Debug-iphoneos/phlibwebp.build/Objects-normal/arm64/sharpyuv_neon.dia -c /Users/colbycorcoran/Library/Developer/Xcode/DerivedData/Fiz-fiflxcjvlfosoebhvlytfgwprkxo/SourcePackages/checkouts/posthog-ios/vendor/libwebp/sharpyuv_neon.c -o /Users/colbycorcoran/Library/Developer/Xcode/DerivedData/Fiz-fiflxcjvlfosoebhvlytfgwprkxo/Build/Intermediates.noindex/PostHog.build/Debug-iphoneos/phlibwebp.build/Objects-normal/arm64/sharpyuv_neon.o -index-unit-output-path /PostHog.build/Debug-iphoneos/phlibwebp.build/Objects-normal/arm64/sharpyuv_neon.o

ScanDependencies /Users/colbycorcoran/Library/Developer/Xcode/DerivedData/Fiz-fiflxcjvlfosoebhvlytfgwprkxo/Build/Intermediates.noindex/PostHog.build/Debug-iphoneos/phlibwebp.build/Objects-normal/arm64/sharpyuv_gamma.o /Users/colbycorcoran/Library/Developer/Xcode/DerivedData/Fiz-fiflxcjvlfosoebhvlytfgwprkxo/SourcePackages/checkouts/posthog-ios/vendor/libwebp/sharpyuv_gamma.c normal arm64 c com.apple.compilers.llvm.clang.1_0.compiler (in target 'phlibwebp' from project 'PostHog')
    cd /Users/colbycorcoran/Documents/App\ Development/Fiz/Fiz.xcodeproj
    
    Using response file: /Users/colbycorcoran/Library/Developer/Xcode/DerivedData/Fiz-fiflxcjvlfosoebhvlytfgwprkxo/Build/Intermediates.noindex/PostHog.build/Debug-iphoneos/phlibwebp.build/Objects-normal/arm64/7187679823f38a2a940e0043cdf9d637-common-args.resp
    
    builtin-ScanDependencies -o /Users/colbycorcoran/Library/Developer/Xcode/DerivedData/Fiz-fiflxcjvlfosoebhvlytfgwprkxo/Build/Intermediates.noindex/PostHog.build/Debug-iphoneos/phlibwebp.build/Objects-normal/arm64/sharpyuv_gamma.o.scan -- /Applications/Xcode.app/Contents/Developer/Toolchains/XcodeDefault.xctoolchain/usr/bin/clang -x c -ivfsstatcache /Users/colbycorcoran/Library/Developer/Xcode/DerivedData/SDKStatCaches.noindex/iphoneos26.2-23C53-3794476bd08197c3e2abd9bb477ef7f7.sdkstatcache -fmessage-length\=0 -fdiagnostics-show-note-include-stack -fmacro-backtrace-limit\=0 -fno-color-diagnostics -fmodules-prune-interval\=86400 -fmodules-prune-after\=345600 -fbuild-session-file\=/Users/colbycorcoran/Library/Developer/Xcode/DerivedData/ModuleCache.noindex/Session.modulevalidation -fmodules-validate-once-per-build-session -Wnon-modular-include-in-framework-module -Werror\=non-modular-include-in-framework-module -Wno-trigraphs -Wno-missing-field-initializers -Wno-missing-prototypes -Wno-return-type -Wno-missing-braces -Wparentheses -Wswitch -Wno-unused-function -Wno-unused-label -Wno-unused-parameter -Wno-unused-variable -Wunused-value -Wno-empty-body -Wno-uninitialized -Wno-unknown-pragmas -w -Wno-shadow -Wno-four-char-constants -Wno-conversion -Wno-constant-conversion -Wno-int-conversion -Wno-bool-conversion -Wno-enum-conversion -Wno-float-conversion -Wno-non-literal-null-conversion -Wno-objc-literal-conversion -Wshorten-64-to-32 -Wpointer-sign -Wno-newline-eof -Wno-implicit-fallthrough -fstrict-aliasing -Wdeprecated-declarations -Wno-sign-conversion -Wno-infinite-recursion -Wno-comma -Wno-block-capture-autoreleasing -Wno-strict-prototypes -Wno-semicolon-before-method-body -index-store-path /Users/colbycorcoran/Library/Developer/Xcode/DerivedData/Fiz-fiflxcjvlfosoebhvlytfgwprkxo/Index.noindex/DataStore @/Users/colbycorcoran/Library/Developer/Xcode/DerivedData/Fiz-fiflxcjvlfosoebhvlytfgwprkxo/Build/Intermediates.noindex/PostHog.build/Debug-iphoneos/phlibwebp.build/Objects-normal/arm64/7187679823f38a2a940e0043cdf9d637-common-args.resp -MMD -MT dependencies -MF /Users/colbycorcoran/Library/Developer/Xcode/DerivedData/Fiz-fiflxcjvlfosoebhvlytfgwprkxo/Build/Intermediates.noindex/PostHog.build/Debug-iphoneos/phlibwebp.build/Objects-normal/arm64/sharpyuv_gamma.d --serialize-diagnostics /Users/colbycorcoran/Library/Developer/Xcode/DerivedData/Fiz-fiflxcjvlfosoebhvlytfgwprkxo/Build/Intermediates.noindex/PostHog.build/Debug-iphoneos/phlibwebp.build/Objects-normal/arm64/sharpyuv_gamma.dia -c /Users/colbycorcoran/Library/Developer/Xcode/DerivedData/Fiz-fiflxcjvlfosoebhvlytfgwprkxo/SourcePackages/checkouts/posthog-ios/vendor/libwebp/sharpyuv_gamma.c -o /Users/colbycorcoran/Library/Developer/Xcode/DerivedData/Fiz-fiflxcjvlfosoebhvlytfgwprkxo/Build/Intermediates.noindex/PostHog.build/Debug-iphoneos/phlibwebp.build/Objects-normal/arm64/sharpyuv_gamma.o -index-unit-output-path /PostHog.build/Debug-iphoneos/phlibwebp.build/Objects-normal/arm64/sharpyuv_gamma.o

ScanDependencies /Users/colbycorcoran/Library/Developer/Xcode/DerivedData/Fiz-fiflxcjvlfosoebhvlytfgwprkxo/Build/Intermediates.noindex/PostHog.build/Debug-iphoneos/phlibwebp.build/Objects-normal/arm64/sharpyuv_dsp.o /Users/colbycorcoran/Library/Developer/Xcode/DerivedData/Fiz-fiflxcjvlfosoebhvlytfgwprkxo/SourcePackages/checkouts/posthog-ios/vendor/libwebp/sharpyuv_dsp.c normal arm64 c com.apple.compilers.llvm.clang.1_0.compiler (in target 'phlibwebp' from project 'PostHog')
    cd /Users/colbycorcoran/Documents/App\ Development/Fiz/Fiz.xcodeproj
    
    Using response file: /Users/colbycorcoran/Library/Developer/Xcode/DerivedData/Fiz-fiflxcjvlfosoebhvlytfgwprkxo/Build/Intermediates.noindex/PostHog.build/Debug-iphoneos/phlibwebp.build/Objects-normal/arm64/7187679823f38a2a940e0043cdf9d637-common-args.resp
    
    builtin-ScanDependencies -o /Users/colbycorcoran/Library/Developer/Xcode/DerivedData/Fiz-fiflxcjvlfosoebhvlytfgwprkxo/Build/Intermediates.noindex/PostHog.build/Debug-iphoneos/phlibwebp.build/Objects-normal/arm64/sharpyuv_dsp.o.scan -- /Applications/Xcode.app/Contents/Developer/Toolchains/XcodeDefault.xctoolchain/usr/bin/clang -x c -ivfsstatcache /Users/colbycorcoran/Library/Developer/Xcode/DerivedData/SDKStatCaches.noindex/iphoneos26.2-23C53-3794476bd08197c3e2abd9bb477ef7f7.sdkstatcache -fmessage-length\=0 -fdiagnostics-show-note-include-stack -fmacro-backtrace-limit\=0 -fno-color-diagnostics -fmodules-prune-interval\=86400 -fmodules-prune-after\=345600 -fbuild-session-file\=/Users/colbycorcoran/Library/Developer/Xcode/DerivedData/ModuleCache.noindex/Session.modulevalidation -fmodules-validate-once-per-build-session -Wnon-modular-include-in-framework-module -Werror\=non-modular-include-in-framework-module -Wno-trigraphs -Wno-missing-field-initializers -Wno-missing-prototypes -Wno-return-type -Wno-missing-braces -Wparentheses -Wswitch -Wno-unused-function -Wno-unused-label -Wno-unused-parameter -Wno-unused-variable -Wunused-value -Wno-empty-body -Wno-uninitialized -Wno-unknown-pragmas -w -Wno-shadow -Wno-four-char-constants -Wno-conversion -Wno-constant-conversion -Wno-int-conversion -Wno-bool-conversion -Wno-enum-conversion -Wno-float-conversion -Wno-non-literal-null-conversion -Wno-objc-literal-conversion -Wshorten-64-to-32 -Wpointer-sign -Wno-newline-eof -Wno-implicit-fallthrough -fstrict-aliasing -Wdeprecated-declarations -Wno-sign-conversion -Wno-infinite-recursion -Wno-comma -Wno-block-capture-autoreleasing -Wno-strict-prototypes -Wno-semicolon-before-method-body -index-store-path /Users/colbycorcoran/Library/Developer/Xcode/DerivedData/Fiz-fiflxcjvlfosoebhvlytfgwprkxo/Index.noindex/DataStore @/Users/colbycorcoran/Library/Developer/Xcode/DerivedData/Fiz-fiflxcjvlfosoebhvlytfgwprkxo/Build/Intermediates.noindex/PostHog.build/Debug-iphoneos/phlibwebp.build/Objects-normal/arm64/7187679823f38a2a940e0043cdf9d637-common-args.resp -MMD -MT dependencies -MF /Users/colbycorcoran/Library/Developer/Xcode/DerivedData/Fiz-fiflxcjvlfosoebhvlytfgwprkxo/Build/Intermediates.noindex/PostHog.build/Debug-iphoneos/phlibwebp.build/Objects-normal/arm64/sharpyuv_dsp.d --serialize-diagnostics /Users/colbycorcoran/Library/Developer/Xcode/DerivedData/Fiz-fiflxcjvlfosoebhvlytfgwprkxo/Build/Intermediates.noindex/PostHog.build/Debug-iphoneos/phlibwebp.build/Objects-normal/arm64/sharpyuv_dsp.dia -c /Users/colbycorcoran/Library/Developer/Xcode/DerivedData/Fiz-fiflxcjvlfosoebhvlytfgwprkxo/SourcePackages/checkouts/posthog-ios/vendor/libwebp/sharpyuv_dsp.c -o /Users/colbycorcoran/Library/Developer/Xcode/DerivedData/Fiz-fiflxcjvlfosoebhvlytfgwprkxo/Build/Intermediates.noindex/PostHog.build/Debug-iphoneos/phlibwebp.build/Objects-normal/arm64/sharpyuv_dsp.o -index-unit-output-path /PostHog.build/Debug-iphoneos/phlibwebp.build/Objects-normal/arm64/sharpyuv_dsp.o

ScanDependencies /Users/colbycorcoran/Library/Developer/Xcode/DerivedData/Fiz-fiflxcjvlfosoebhvlytfgwprkxo/Build/Intermediates.noindex/PostHog.build/Debug-iphoneos/phlibwebp.build/Objects-normal/arm64/sharpyuv_csp.o /Users/colbycorcoran/Library/Developer/Xcode/DerivedData/Fiz-fiflxcjvlfosoebhvlytfgwprkxo/SourcePackages/checkouts/posthog-ios/vendor/libwebp/sharpyuv_csp.c normal arm64 c com.apple.compilers.llvm.clang.1_0.compiler (in target 'phlibwebp' from project 'PostHog')
    cd /Users/colbycorcoran/Documents/App\ Development/Fiz/Fiz.xcodeproj
    
    Using response file: /Users/colbycorcoran/Library/Developer/Xcode/DerivedData/Fiz-fiflxcjvlfosoebhvlytfgwprkxo/Build/Intermediates.noindex/PostHog.build/Debug-iphoneos/phlibwebp.build/Objects-normal/arm64/7187679823f38a2a940e0043cdf9d637-common-args.resp
    
    builtin-ScanDependencies -o /Users/colbycorcoran/Library/Developer/Xcode/DerivedData/Fiz-fiflxcjvlfosoebhvlytfgwprkxo/Build/Intermediates.noindex/PostHog.build/Debug-iphoneos/phlibwebp.build/Objects-normal/arm64/sharpyuv_csp.o.scan -- /Applications/Xcode.app/Contents/Developer/Toolchains/XcodeDefault.xctoolchain/usr/bin/clang -x c -ivfsstatcache /Users/colbycorcoran/Library/Developer/Xcode/DerivedData/SDKStatCaches.noindex/iphoneos26.2-23C53-3794476bd08197c3e2abd9bb477ef7f7.sdkstatcache -fmessage-length\=0 -fdiagnostics-show-note-include-stack -fmacro-backtrace-limit\=0 -fno-color-diagnostics -fmodules-prune-interval\=86400 -fmodules-prune-after\=345600 -fbuild-session-file\=/Users/colbycorcoran/Library/Developer/Xcode/DerivedData/ModuleCache.noindex/Session.modulevalidation -fmodules-validate-once-per-build-session -Wnon-modular-include-in-framework-module -Werror\=non-modular-include-in-framework-module -Wno-trigraphs -Wno-missing-field-initializers -Wno-missing-prototypes -Wno-return-type -Wno-missing-braces -Wparentheses -Wswitch -Wno-unused-function -Wno-unused-label -Wno-unused-parameter -Wno-unused-variable -Wunused-value -Wno-empty-body -Wno-uninitialized -Wno-unknown-pragmas -w -Wno-shadow -Wno-four-char-constants -Wno-conversion -Wno-constant-conversion -Wno-int-conversion -Wno-bool-conversion -Wno-enum-conversion -Wno-float-conversion -Wno-non-literal-null-conversion -Wno-objc-literal-conversion -Wshorten-64-to-32 -Wpointer-sign -Wno-newline-eof -Wno-implicit-fallthrough -fstrict-aliasing -Wdeprecated-declarations -Wno-sign-conversion -Wno-infinite-recursion -Wno-comma -Wno-block-capture-autoreleasing -Wno-strict-prototypes -Wno-semicolon-before-method-body -index-store-path /Users/colbycorcoran/Library/Developer/Xcode/DerivedData/Fiz-fiflxcjvlfosoebhvlytfgwprkxo/Index.noindex/DataStore @/Users/colbycorcoran/Library/Developer/Xcode/DerivedData/Fiz-fiflxcjvlfosoebhvlytfgwprkxo/Build/Intermediates.noindex/PostHog.build/Debug-iphoneos/phlibwebp.build/Objects-normal/arm64/7187679823f38a2a940e0043cdf9d637-common-args.resp -MMD -MT dependencies -MF /Users/colbycorcoran/Library/Developer/Xcode/DerivedData/Fiz-fiflxcjvlfosoebhvlytfgwprkxo/Build/Intermediates.noindex/PostHog.build/Debug-iphoneos/phlibwebp.build/Objects-normal/arm64/sharpyuv_csp.d --serialize-diagnostics /Users/colbycorcoran/Library/Developer/Xcode/DerivedData/Fiz-fiflxcjvlfosoebhvlytfgwprkxo/Build/Intermediates.noindex/PostHog.build/Debug-iphoneos/phlibwebp.build/Objects-normal/arm64/sharpyuv_csp.dia -c /Users/colbycorcoran/Library/Developer/Xcode/DerivedData/Fiz-fiflxcjvlfosoebhvlytfgwprkxo/SourcePackages/checkouts/posthog-ios/vendor/libwebp/sharpyuv_csp.c -o /Users/colbycorcoran/Library/Developer/Xcode/DerivedData/Fiz-fiflxcjvlfosoebhvlytfgwprkxo/Build/Intermediates.noindex/PostHog.build/Debug-iphoneos/phlibwebp.build/Objects-normal/arm64/sharpyuv_csp.o -index-unit-output-path /PostHog.build/Debug-iphoneos/phlibwebp.build/Objects-normal/arm64/sharpyuv_csp.o

ScanDependencies /Users/colbycorcoran/Library/Developer/Xcode/DerivedData/Fiz-fiflxcjvlfosoebhvlytfgwprkxo/Build/Intermediates.noindex/PostHog.build/Debug-iphoneos/phlibwebp.build/Objects-normal/arm64/sharpyuv_cpu.o /Users/colbycorcoran/Library/Developer/Xcode/DerivedData/Fiz-fiflxcjvlfosoebhvlytfgwprkxo/SourcePackages/checkouts/posthog-ios/vendor/libwebp/sharpyuv_cpu.c normal arm64 c com.apple.compilers.llvm.clang.1_0.compiler (in target 'phlibwebp' from project 'PostHog')
    cd /Users/colbycorcoran/Documents/App\ Development/Fiz/Fiz.xcodeproj
    
    Using response file: /Users/colbycorcoran/Library/Developer/Xcode/DerivedData/Fiz-fiflxcjvlfosoebhvlytfgwprkxo/Build/Intermediates.noindex/PostHog.build/Debug-iphoneos/phlibwebp.build/Objects-normal/arm64/7187679823f38a2a940e0043cdf9d637-common-args.resp
    
    builtin-ScanDependencies -o /Users/colbycorcoran/Library/Developer/Xcode/DerivedData/Fiz-fiflxcjvlfosoebhvlytfgwprkxo/Build/Intermediates.noindex/PostHog.build/Debug-iphoneos/phlibwebp.build/Objects-normal/arm64/sharpyuv_cpu.o.scan -- /Applications/Xcode.app/Contents/Developer/Toolchains/XcodeDefault.xctoolchain/usr/bin/clang -x c -ivfsstatcache /Users/colbycorcoran/Library/Developer/Xcode/DerivedData/SDKStatCaches.noindex/iphoneos26.2-23C53-3794476bd08197c3e2abd9bb477ef7f7.sdkstatcache -fmessage-length\=0 -fdiagnostics-show-note-include-stack -fmacro-backtrace-limit\=0 -fno-color-diagnostics -fmodules-prune-interval\=86400 -fmodules-prune-after\=345600 -fbuild-session-file\=/Users/colbycorcoran/Library/Developer/Xcode/DerivedData/ModuleCache.noindex/Session.modulevalidation -fmodules-validate-once-per-build-session -Wnon-modular-include-in-framework-module -Werror\=non-modular-include-in-framework-module -Wno-trigraphs -Wno-missing-field-initializers -Wno-missing-prototypes -Wno-return-type -Wno-missing-braces -Wparentheses -Wswitch -Wno-unused-function -Wno-unused-label -Wno-unused-parameter -Wno-unused-variable -Wunused-value -Wno-empty-body -Wno-uninitialized -Wno-unknown-pragmas -w -Wno-shadow -Wno-four-char-constants -Wno-conversion -Wno-constant-conversion -Wno-int-conversion -Wno-bool-conversion -Wno-enum-conversion -Wno-float-conversion -Wno-non-literal-null-conversion -Wno-objc-literal-conversion -Wshorten-64-to-32 -Wpointer-sign -Wno-newline-eof -Wno-implicit-fallthrough -fstrict-aliasing -Wdeprecated-declarations -Wno-sign-conversion -Wno-infinite-recursion -Wno-comma -Wno-block-capture-autoreleasing -Wno-strict-prototypes -Wno-semicolon-before-method-body -index-store-path /Users/colbycorcoran/Library/Developer/Xcode/DerivedData/Fiz-fiflxcjvlfosoebhvlytfgwprkxo/Index.noindex/DataStore @/Users/colbycorcoran/Library/Developer/Xcode/DerivedData/Fiz-fiflxcjvlfosoebhvlytfgwprkxo/Build/Intermediates.noindex/PostHog.build/Debug-iphoneos/phlibwebp.build/Objects-normal/arm64/7187679823f38a2a940e0043cdf9d637-common-args.resp -MMD -MT dependencies -MF /Users/colbycorcoran/Library/Developer/Xcode/DerivedData/Fiz-fiflxcjvlfosoebhvlytfgwprkxo/Build/Intermediates.noindex/PostHog.build/Debug-iphoneos/phlibwebp.build/Objects-normal/arm64/sharpyuv_cpu.d --serialize-diagnostics /Users/colbycorcoran/Library/Developer/Xcode/DerivedData/Fiz-fiflxcjvlfosoebhvlytfgwprkxo/Build/Intermediates.noindex/PostHog.build/Debug-iphoneos/phlibwebp.build/Objects-normal/arm64/sharpyuv_cpu.dia -c /Users/colbycorcoran/Library/Developer/Xcode/DerivedData/Fiz-fiflxcjvlfosoebhvlytfgwprkxo/SourcePackages/checkouts/posthog-ios/vendor/libwebp/sharpyuv_cpu.c -o /Users/colbycorcoran/Library/Developer/Xcode/DerivedData/Fiz-fiflxcjvlfosoebhvlytfgwprkxo/Build/Intermediates.noindex/PostHog.build/Debug-iphoneos/phlibwebp.build/Objects-normal/arm64/sharpyuv_cpu.o -index-unit-output-path /PostHog.build/Debug-iphoneos/phlibwebp.build/Objects-normal/arm64/sharpyuv_cpu.o

ScanDependencies /Users/colbycorcoran/Library/Developer/Xcode/DerivedData/Fiz-fiflxcjvlfosoebhvlytfgwprkxo/Build/Intermediates.noindex/PostHog.build/Debug-iphoneos/phlibwebp.build/Objects-normal/arm64/sharpyuv.o /Users/colbycorcoran/Library/Developer/Xcode/DerivedData/Fiz-fiflxcjvlfosoebhvlytfgwprkxo/SourcePackages/checkouts/posthog-ios/vendor/libwebp/sharpyuv.c normal arm64 c com.apple.compilers.llvm.clang.1_0.compiler (in target 'phlibwebp' from project 'PostHog')
    cd /Users/colbycorcoran/Documents/App\ Development/Fiz/Fiz.xcodeproj
    
    Using response file: /Users/colbycorcoran/Library/Developer/Xcode/DerivedData/Fiz-fiflxcjvlfosoebhvlytfgwprkxo/Build/Intermediates.noindex/PostHog.build/Debug-iphoneos/phlibwebp.build/Objects-normal/arm64/7187679823f38a2a940e0043cdf9d637-common-args.resp
    
    builtin-ScanDependencies -o /Users/colbycorcoran/Library/Developer/Xcode/DerivedData/Fiz-fiflxcjvlfosoebhvlytfgwprkxo/Build/Intermediates.noindex/PostHog.build/Debug-iphoneos/phlibwebp.build/Objects-normal/arm64/sharpyuv.o.scan -- /Applications/Xcode.app/Contents/Developer/Toolchains/XcodeDefault.xctoolchain/usr/bin/clang -x c -ivfsstatcache /Users/colbycorcoran/Library/Developer/Xcode/DerivedData/SDKStatCaches.noindex/iphoneos26.2-23C53-3794476bd08197c3e2abd9bb477ef7f7.sdkstatcache -fmessage-length\=0 -fdiagnostics-show-note-include-stack -fmacro-backtrace-limit\=0 -fno-color-diagnostics -fmodules-prune-interval\=86400 -fmodules-prune-after\=345600 -fbuild-session-file\=/Users/colbycorcoran/Library/Developer/Xcode/DerivedData/ModuleCache.noindex/Session.modulevalidation -fmodules-validate-once-per-build-session -Wnon-modular-include-in-framework-module -Werror\=non-modular-include-in-framework-module -Wno-trigraphs -Wno-missing-field-initializers -Wno-missing-prototypes -Wno-return-type -Wno-missing-braces -Wparentheses -Wswitch -Wno-unused-function -Wno-unused-label -Wno-unused-parameter -Wno-unused-variable -Wunused-value -Wno-empty-body -Wno-uninitialized -Wno-unknown-pragmas -w -Wno-shadow -Wno-four-char-constants -Wno-conversion -Wno-constant-conversion -Wno-int-conversion -Wno-bool-conversion -Wno-enum-conversion -Wno-float-conversion -Wno-non-literal-null-conversion -Wno-objc-literal-conversion -Wshorten-64-to-32 -Wpointer-sign -Wno-newline-eof -Wno-implicit-fallthrough -fstrict-aliasing -Wdeprecated-declarations -Wno-sign-conversion -Wno-infinite-recursion -Wno-comma -Wno-block-capture-autoreleasing -Wno-strict-prototypes -Wno-semicolon-before-method-body -index-store-path /Users/colbycorcoran/Library/Developer/Xcode/DerivedData/Fiz-fiflxcjvlfosoebhvlytfgwprkxo/Index.noindex/DataStore @/Users/colbycorcoran/Library/Developer/Xcode/DerivedData/Fiz-fiflxcjvlfosoebhvlytfgwprkxo/Build/Intermediates.noindex/PostHog.build/Debug-iphoneos/phlibwebp.build/Objects-normal/arm64/7187679823f38a2a940e0043cdf9d637-common-args.resp -MMD -MT dependencies -MF /Users/colbycorcoran/Library/Developer/Xcode/DerivedData/Fiz-fiflxcjvlfosoebhvlytfgwprkxo/Build/Intermediates.noindex/PostHog.build/Debug-iphoneos/phlibwebp.build/Objects-normal/arm64/sharpyuv.d --serialize-diagnostics /Users/colbycorcoran/Library/Developer/Xcode/DerivedData/Fiz-fiflxcjvlfosoebhvlytfgwprkxo/Build/Intermediates.noindex/PostHog.build/Debug-iphoneos/phlibwebp.build/Objects-normal/arm64/sharpyuv.dia -c /Users/colbycorcoran/Library/Developer/Xcode/DerivedData/Fiz-fiflxcjvlfosoebhvlytfgwprkxo/SourcePackages/checkouts/posthog-ios/vendor/libwebp/sharpyuv.c -o /Users/colbycorcoran/Library/Developer/Xcode/DerivedData/Fiz-fiflxcjvlfosoebhvlytfgwprkxo/Build/Intermediates.noindex/PostHog.build/Debug-iphoneos/phlibwebp.build/Objects-normal/arm64/sharpyuv.o -index-unit-output-path /PostHog.build/Debug-iphoneos/phlibwebp.build/Objects-normal/arm64/sharpyuv.o

ScanDependencies /Users/colbycorcoran/Library/Developer/Xcode/DerivedData/Fiz-fiflxcjvlfosoebhvlytfgwprkxo/Build/Intermediates.noindex/PostHog.build/Debug-iphoneos/phlibwebp.build/Objects-normal/arm64/rescaler_utils.o /Users/colbycorcoran/Library/Developer/Xcode/DerivedData/Fiz-fiflxcjvlfosoebhvlytfgwprkxo/SourcePackages/checkouts/posthog-ios/vendor/libwebp/rescaler_utils.c normal arm64 c com.apple.compilers.llvm.clang.1_0.compiler (in target 'phlibwebp' from project 'PostHog')
    cd /Users/colbycorcoran/Documents/App\ Development/Fiz/Fiz.xcodeproj
    
    Using response file: /Users/colbycorcoran/Library/Developer/Xcode/DerivedData/Fiz-fiflxcjvlfosoebhvlytfgwprkxo/Build/Intermediates.noindex/PostHog.build/Debug-iphoneos/phlibwebp.build/Objects-normal/arm64/7187679823f38a2a940e0043cdf9d637-common-args.resp
    
    builtin-ScanDependencies -o /Users/colbycorcoran/Library/Developer/Xcode/DerivedData/Fiz-fiflxcjvlfosoebhvlytfgwprkxo/Build/Intermediates.noindex/PostHog.build/Debug-iphoneos/phlibwebp.build/Objects-normal/arm64/rescaler_utils.o.scan -- /Applications/Xcode.app/Contents/Developer/Toolchains/XcodeDefault.xctoolchain/usr/bin/clang -x c -ivfsstatcache /Users/colbycorcoran/Library/Developer/Xcode/DerivedData/SDKStatCaches.noindex/iphoneos26.2-23C53-3794476bd08197c3e2abd9bb477ef7f7.sdkstatcache -fmessage-length\=0 -fdiagnostics-show-note-include-stack -fmacro-backtrace-limit\=0 -fno-color-diagnostics -fmodules-prune-interval\=86400 -fmodules-prune-after\=345600 -fbuild-session-file\=/Users/colbycorcoran/Library/Developer/Xcode/DerivedData/ModuleCache.noindex/Session.modulevalidation -fmodules-validate-once-per-build-session -Wnon-modular-include-in-framework-module -Werror\=non-modular-include-in-framework-module -Wno-trigraphs -Wno-missing-field-initializers -Wno-missing-prototypes -Wno-return-type -Wno-missing-braces -Wparentheses -Wswitch -Wno-unused-function -Wno-unused-label -Wno-unused-parameter -Wno-unused-variable -Wunused-value -Wno-empty-body -Wno-uninitialized -Wno-unknown-pragmas -w -Wno-shadow -Wno-four-char-constants -Wno-conversion -Wno-constant-conversion -Wno-int-conversion -Wno-bool-conversion -Wno-enum-conversion -Wno-float-conversion -Wno-non-literal-null-conversion -Wno-objc-literal-conversion -Wshorten-64-to-32 -Wpointer-sign -Wno-newline-eof -Wno-implicit-fallthrough -fstrict-aliasing -Wdeprecated-declarations -Wno-sign-conversion -Wno-infinite-recursion -Wno-comma -Wno-block-capture-autoreleasing -Wno-strict-prototypes -Wno-semicolon-before-method-body -index-store-path /Users/colbycorcoran/Library/Developer/Xcode/DerivedData/Fiz-fiflxcjvlfosoebhvlytfgwprkxo/Index.noindex/DataStore @/Users/colbycorcoran/Library/Developer/Xcode/DerivedData/Fiz-fiflxcjvlfosoebhvlytfgwprkxo/Build/Intermediates.noindex/PostHog.build/Debug-iphoneos/phlibwebp.build/Objects-normal/arm64/7187679823f38a2a940e0043cdf9d637-common-args.resp -MMD -MT dependencies -MF /Users/colbycorcoran/Library/Developer/Xcode/DerivedData/Fiz-fiflxcjvlfosoebhvlytfgwprkxo/Build/Intermediates.noindex/PostHog.build/Debug-iphoneos/phlibwebp.build/Objects-normal/arm64/rescaler_utils.d --serialize-diagnostics /Users/colbycorcoran/Library/Developer/Xcode/DerivedData/Fiz-fiflxcjvlfosoebhvlytfgwprkxo/Build/Intermediates.noindex/PostHog.build/Debug-iphoneos/phlibwebp.build/Objects-normal/arm64/rescaler_utils.dia -c /Users/colbycorcoran/Library/Developer/Xcode/DerivedData/Fiz-fiflxcjvlfosoebhvlytfgwprkxo/SourcePackages/checkouts/posthog-ios/vendor/libwebp/rescaler_utils.c -o /Users/colbycorcoran/Library/Developer/Xcode/DerivedData/Fiz-fiflxcjvlfosoebhvlytfgwprkxo/Build/Intermediates.noindex/PostHog.build/Debug-iphoneos/phlibwebp.build/Objects-normal/arm64/rescaler_utils.o -index-unit-output-path /PostHog.build/Debug-iphoneos/phlibwebp.build/Objects-normal/arm64/rescaler_utils.o

ScanDependencies /Users/colbycorcoran/Library/Developer/Xcode/DerivedData/Fiz-fiflxcjvlfosoebhvlytfgwprkxo/Build/Intermediates.noindex/PostHog.build/Debug-iphoneos/phlibwebp.build/Objects-normal/arm64/rescaler_sse2.o /Users/colbycorcoran/Library/Developer/Xcode/DerivedData/Fiz-fiflxcjvlfosoebhvlytfgwprkxo/SourcePackages/checkouts/posthog-ios/vendor/libwebp/rescaler_sse2.c normal arm64 c com.apple.compilers.llvm.clang.1_0.compiler (in target 'phlibwebp' from project 'PostHog')
    cd /Users/colbycorcoran/Documents/App\ Development/Fiz/Fiz.xcodeproj
    
    Using response file: /Users/colbycorcoran/Library/Developer/Xcode/DerivedData/Fiz-fiflxcjvlfosoebhvlytfgwprkxo/Build/Intermediates.noindex/PostHog.build/Debug-iphoneos/phlibwebp.build/Objects-normal/arm64/7187679823f38a2a940e0043cdf9d637-common-args.resp
    
    builtin-ScanDependencies -o /Users/colbycorcoran/Library/Developer/Xcode/DerivedData/Fiz-fiflxcjvlfosoebhvlytfgwprkxo/Build/Intermediates.noindex/PostHog.build/Debug-iphoneos/phlibwebp.build/Objects-normal/arm64/rescaler_sse2.o.scan -- /Applications/Xcode.app/Contents/Developer/Toolchains/XcodeDefault.xctoolchain/usr/bin/clang -x c -ivfsstatcache /Users/colbycorcoran/Library/Developer/Xcode/DerivedData/SDKStatCaches.noindex/iphoneos26.2-23C53-3794476bd08197c3e2abd9bb477ef7f7.sdkstatcache -fmessage-length\=0 -fdiagnostics-show-note-include-stack -fmacro-backtrace-limit\=0 -fno-color-diagnostics -fmodules-prune-interval\=86400 -fmodules-prune-after\=345600 -fbuild-session-file\=/Users/colbycorcoran/Library/Developer/Xcode/DerivedData/ModuleCache.noindex/Session.modulevalidation -fmodules-validate-once-per-build-session -Wnon-modular-include-in-framework-module -Werror\=non-modular-include-in-framework-module -Wno-trigraphs -Wno-missing-field-initializers -Wno-missing-prototypes -Wno-return-type -Wno-missing-braces -Wparentheses -Wswitch -Wno-unused-function -Wno-unused-label -Wno-unused-parameter -Wno-unused-variable -Wunused-value -Wno-empty-body -Wno-uninitialized -Wno-unknown-pragmas -w -Wno-shadow -Wno-four-char-constants -Wno-conversion -Wno-constant-conversion -Wno-int-conversion -Wno-bool-conversion -Wno-enum-conversion -Wno-float-conversion -Wno-non-literal-null-conversion -Wno-objc-literal-conversion -Wshorten-64-to-32 -Wpointer-sign -Wno-newline-eof -Wno-implicit-fallthrough -fstrict-aliasing -Wdeprecated-declarations -Wno-sign-conversion -Wno-infinite-recursion -Wno-comma -Wno-block-capture-autoreleasing -Wno-strict-prototypes -Wno-semicolon-before-method-body -index-store-path /Users/colbycorcoran/Library/Developer/Xcode/DerivedData/Fiz-fiflxcjvlfosoebhvlytfgwprkxo/Index.noindex/DataStore @/Users/colbycorcoran/Library/Developer/Xcode/DerivedData/Fiz-fiflxcjvlfosoebhvlytfgwprkxo/Build/Intermediates.noindex/PostHog.build/Debug-iphoneos/phlibwebp.build/Objects-normal/arm64/7187679823f38a2a940e0043cdf9d637-common-args.resp -MMD -MT dependencies -MF /Users/colbycorcoran/Library/Developer/Xcode/DerivedData/Fiz-fiflxcjvlfosoebhvlytfgwprkxo/Build/Intermediates.noindex/PostHog.build/Debug-iphoneos/phlibwebp.build/Objects-normal/arm64/rescaler_sse2.d --serialize-diagnostics /Users/colbycorcoran/Library/Developer/Xcode/DerivedData/Fiz-fiflxcjvlfosoebhvlytfgwprkxo/Build/Intermediates.noindex/PostHog.build/Debug-iphoneos/phlibwebp.build/Objects-normal/arm64/rescaler_sse2.dia -c /Users/colbycorcoran/Library/Developer/Xcode/DerivedData/Fiz-fiflxcjvlfosoebhvlytfgwprkxo/SourcePackages/checkouts/posthog-ios/vendor/libwebp/rescaler_sse2.c -o /Users/colbycorcoran/Library/Developer/Xcode/DerivedData/Fiz-fiflxcjvlfosoebhvlytfgwprkxo/Build/Intermediates.noindex/PostHog.build/Debug-iphoneos/phlibwebp.build/Objects-normal/arm64/rescaler_sse2.o -index-unit-output-path /PostHog.build/Debug-iphoneos/phlibwebp.build/Objects-normal/arm64/rescaler_sse2.o

ScanDependencies /Users/colbycorcoran/Library/Developer/Xcode/DerivedData/Fiz-fiflxcjvlfosoebhvlytfgwprkxo/Build/Intermediates.noindex/PostHog.build/Debug-iphoneos/phlibwebp.build/Objects-normal/arm64/rescaler_neon.o /Users/colbycorcoran/Library/Developer/Xcode/DerivedData/Fiz-fiflxcjvlfosoebhvlytfgwprkxo/SourcePackages/checkouts/posthog-ios/vendor/libwebp/rescaler_neon.c normal arm64 c com.apple.compilers.llvm.clang.1_0.compiler (in target 'phlibwebp' from project 'PostHog')
    cd /Users/colbycorcoran/Documents/App\ Development/Fiz/Fiz.xcodeproj
    
    Using response file: /Users/colbycorcoran/Library/Developer/Xcode/DerivedData/Fiz-fiflxcjvlfosoebhvlytfgwprkxo/Build/Intermediates.noindex/PostHog.build/Debug-iphoneos/phlibwebp.build/Objects-normal/arm64/7187679823f38a2a940e0043cdf9d637-common-args.resp
    
    builtin-ScanDependencies -o /Users/colbycorcoran/Library/Developer/Xcode/DerivedData/Fiz-fiflxcjvlfosoebhvlytfgwprkxo/Build/Intermediates.noindex/PostHog.build/Debug-iphoneos/phlibwebp.build/Objects-normal/arm64/rescaler_neon.o.scan -- /Applications/Xcode.app/Contents/Developer/Toolchains/XcodeDefault.xctoolchain/usr/bin/clang -x c -ivfsstatcache /Users/colbycorcoran/Library/Developer/Xcode/DerivedData/SDKStatCaches.noindex/iphoneos26.2-23C53-3794476bd08197c3e2abd9bb477ef7f7.sdkstatcache -fmessage-length\=0 -fdiagnostics-show-note-include-stack -fmacro-backtrace-limit\=0 -fno-color-diagnostics -fmodules-prune-interval\=86400 -fmodules-prune-after\=345600 -fbuild-session-file\=/Users/colbycorcoran/Library/Developer/Xcode/DerivedData/ModuleCache.noindex/Session.modulevalidation -fmodules-validate-once-per-build-session -Wnon-modular-include-in-framework-module -Werror\=non-modular-include-in-framework-module -Wno-trigraphs -Wno-missing-field-initializers -Wno-missing-prototypes -Wno-return-type -Wno-missing-braces -Wparentheses -Wswitch -Wno-unused-function -Wno-unused-label -Wno-unused-parameter -Wno-unused-variable -Wunused-value -Wno-empty-body -Wno-uninitialized -Wno-unknown-pragmas -w -Wno-shadow -Wno-four-char-constants -Wno-conversion -Wno-constant-conversion -Wno-int-conversion -Wno-bool-conversion -Wno-enum-conversion -Wno-float-conversion -Wno-non-literal-null-conversion -Wno-objc-literal-conversion -Wshorten-64-to-32 -Wpointer-sign -Wno-newline-eof -Wno-implicit-fallthrough -fstrict-aliasing -Wdeprecated-declarations -Wno-sign-conversion -Wno-infinite-recursion -Wno-comma -Wno-block-capture-autoreleasing -Wno-strict-prototypes -Wno-semicolon-before-method-body -index-store-path /Users/colbycorcoran/Library/Developer/Xcode/DerivedData/Fiz-fiflxcjvlfosoebhvlytfgwprkxo/Index.noindex/DataStore @/Users/colbycorcoran/Library/Developer/Xcode/DerivedData/Fiz-fiflxcjvlfosoebhvlytfgwprkxo/Build/Intermediates.noindex/PostHog.build/Debug-iphoneos/phlibwebp.build/Objects-normal/arm64/7187679823f38a2a940e0043cdf9d637-common-args.resp -MMD -MT dependencies -MF /Users/colbycorcoran/Library/Developer/Xcode/DerivedData/Fiz-fiflxcjvlfosoebhvlytfgwprkxo/Build/Intermediates.noindex/PostHog.build/Debug-iphoneos/phlibwebp.build/Objects-normal/arm64/rescaler_neon.d --serialize-diagnostics /Users/colbycorcoran/Library/Developer/Xcode/DerivedData/Fiz-fiflxcjvlfosoebhvlytfgwprkxo/Build/Intermediates.noindex/PostHog.build/Debug-iphoneos/phlibwebp.build/Objects-normal/arm64/rescaler_neon.dia -c /Users/colbycorcoran/Library/Developer/Xcode/DerivedData/Fiz-fiflxcjvlfosoebhvlytfgwprkxo/SourcePackages/checkouts/posthog-ios/vendor/libwebp/rescaler_neon.c -o /Users/colbycorcoran/Library/Developer/Xcode/DerivedData/Fiz-fiflxcjvlfosoebhvlytfgwprkxo/Build/Intermediates.noindex/PostHog.build/Debug-iphoneos/phlibwebp.build/Objects-normal/arm64/rescaler_neon.o -index-unit-output-path /PostHog.build/Debug-iphoneos/phlibwebp.build/Objects-normal/arm64/rescaler_neon.o

PrecompileModule /Users/colbycorcoran/Library/Developer/Xcode/DerivedData/Fiz-fiflxcjvlfosoebhvlytfgwprkxo/Build/Intermediates.noindex/ExplicitPrecompiledModules/_Builtin_float-C8MIWY0SAPCIDQ6LVXR35SOVL.scan
    cd /
    builtin-precompileModule /Users/colbycorcoran/Library/Developer/Xcode/DerivedData/Fiz-fiflxcjvlfosoebhvlytfgwprkxo/Build/Intermediates.noindex/ExplicitPrecompiledModules/_Builtin_float-C8MIWY0SAPCIDQ6LVXR35SOVL.scan

ScanDependencies /Users/colbycorcoran/Library/Developer/Xcode/DerivedData/Fiz-fiflxcjvlfosoebhvlytfgwprkxo/Build/Intermediates.noindex/PostHog.build/Debug-iphoneos/phlibwebp.build/Objects-normal/arm64/rescaler.o /Users/colbycorcoran/Library/Developer/Xcode/DerivedData/Fiz-fiflxcjvlfosoebhvlytfgwprkxo/SourcePackages/checkouts/posthog-ios/vendor/libwebp/rescaler.c normal arm64 c com.apple.compilers.llvm.clang.1_0.compiler (in target 'phlibwebp' from project 'PostHog')
    cd /Users/colbycorcoran/Documents/App\ Development/Fiz/Fiz.xcodeproj
    
    Using response file: /Users/colbycorcoran/Library/Developer/Xcode/DerivedData/Fiz-fiflxcjvlfosoebhvlytfgwprkxo/Build/Intermediates.noindex/PostHog.build/Debug-iphoneos/phlibwebp.build/Objects-normal/arm64/7187679823f38a2a940e0043cdf9d637-common-args.resp
    
    builtin-ScanDependencies -o /Users/colbycorcoran/Library/Developer/Xcode/DerivedData/Fiz-fiflxcjvlfosoebhvlytfgwprkxo/Build/Intermediates.noindex/PostHog.build/Debug-iphoneos/phlibwebp.build/Objects-normal/arm64/rescaler.o.scan -- /Applications/Xcode.app/Contents/Developer/Toolchains/XcodeDefault.xctoolchain/usr/bin/clang -x c -ivfsstatcache /Users/colbycorcoran/Library/Developer/Xcode/DerivedData/SDKStatCaches.noindex/iphoneos26.2-23C53-3794476bd08197c3e2abd9bb477ef7f7.sdkstatcache -fmessage-length\=0 -fdiagnostics-show-note-include-stack -fmacro-backtrace-limit\=0 -fno-color-diagnostics -fmodules-prune-interval\=86400 -fmodules-prune-after\=345600 -fbuild-session-file\=/Users/colbycorcoran/Library/Developer/Xcode/DerivedData/ModuleCache.noindex/Session.modulevalidation -fmodules-validate-once-per-build-session -Wnon-modular-include-in-framework-module -Werror\=non-modular-include-in-framework-module -Wno-trigraphs -Wno-missing-field-initializers -Wno-missing-prototypes -Wno-return-type -Wno-missing-braces -Wparentheses -Wswitch -Wno-unused-function -Wno-unused-label -Wno-unused-parameter -Wno-unused-variable -Wunused-value -Wno-empty-body -Wno-uninitialized -Wno-unknown-pragmas -w -Wno-shadow -Wno-four-char-constants -Wno-conversion -Wno-constant-conversion -Wno-int-conversion -Wno-bool-conversion -Wno-enum-conversion -Wno-float-conversion -Wno-non-literal-null-conversion -Wno-objc-literal-conversion -Wshorten-64-to-32 -Wpointer-sign -Wno-newline-eof -Wno-implicit-fallthrough -fstrict-aliasing -Wdeprecated-declarations -Wno-sign-conversion -Wno-infinite-recursion -Wno-comma -Wno-block-capture-autoreleasing -Wno-strict-prototypes -Wno-semicolon-before-method-body -index-store-path /Users/colbycorcoran/Library/Developer/Xcode/DerivedData/Fiz-fiflxcjvlfosoebhvlytfgwprkxo/Index.noindex/DataStore @/Users/colbycorcoran/Library/Developer/Xcode/DerivedData/Fiz-fiflxcjvlfosoebhvlytfgwprkxo/Build/Intermediates.noindex/PostHog.build/Debug-iphoneos/phlibwebp.build/Objects-normal/arm64/7187679823f38a2a940e0043cdf9d637-common-args.resp -MMD -MT dependencies -MF /Users/colbycorcoran/Library/Developer/Xcode/DerivedData/Fiz-fiflxcjvlfosoebhvlytfgwprkxo/Build/Intermediates.noindex/PostHog.build/Debug-iphoneos/phlibwebp.build/Objects-normal/arm64/rescaler.d --serialize-diagnostics /Users/colbycorcoran/Library/Developer/Xcode/DerivedData/Fiz-fiflxcjvlfosoebhvlytfgwprkxo/Build/Intermediates.noindex/PostHog.build/Debug-iphoneos/phlibwebp.build/Objects-normal/arm64/rescaler.dia -c /Users/colbycorcoran/Library/Developer/Xcode/DerivedData/Fiz-fiflxcjvlfosoebhvlytfgwprkxo/SourcePackages/checkouts/posthog-ios/vendor/libwebp/rescaler.c -o /Users/colbycorcoran/Library/Developer/Xcode/DerivedData/Fiz-fiflxcjvlfosoebhvlytfgwprkxo/Build/Intermediates.noindex/PostHog.build/Debug-iphoneos/phlibwebp.build/Objects-normal/arm64/rescaler.o -index-unit-output-path /PostHog.build/Debug-iphoneos/phlibwebp.build/Objects-normal/arm64/rescaler.o

ScanDependencies /Users/colbycorcoran/Library/Developer/Xcode/DerivedData/Fiz-fiflxcjvlfosoebhvlytfgwprkxo/Build/Intermediates.noindex/PostHog.build/Debug-iphoneos/phlibwebp.build/Objects-normal/arm64/random_utils.o /Users/colbycorcoran/Library/Developer/Xcode/DerivedData/Fiz-fiflxcjvlfosoebhvlytfgwprkxo/SourcePackages/checkouts/posthog-ios/vendor/libwebp/random_utils.c normal arm64 c com.apple.compilers.llvm.clang.1_0.compiler (in target 'phlibwebp' from project 'PostHog')
    cd /Users/colbycorcoran/Documents/App\ Development/Fiz/Fiz.xcodeproj
    
    Using response file: /Users/colbycorcoran/Library/Developer/Xcode/DerivedData/Fiz-fiflxcjvlfosoebhvlytfgwprkxo/Build/Intermediates.noindex/PostHog.build/Debug-iphoneos/phlibwebp.build/Objects-normal/arm64/7187679823f38a2a940e0043cdf9d637-common-args.resp
    
    builtin-ScanDependencies -o /Users/colbycorcoran/Library/Developer/Xcode/DerivedData/Fiz-fiflxcjvlfosoebhvlytfgwprkxo/Build/Intermediates.noindex/PostHog.build/Debug-iphoneos/phlibwebp.build/Objects-normal/arm64/random_utils.o.scan -- /Applications/Xcode.app/Contents/Developer/Toolchains/XcodeDefault.xctoolchain/usr/bin/clang -x c -ivfsstatcache /Users/colbycorcoran/Library/Developer/Xcode/DerivedData/SDKStatCaches.noindex/iphoneos26.2-23C53-3794476bd08197c3e2abd9bb477ef7f7.sdkstatcache -fmessage-length\=0 -fdiagnostics-show-note-include-stack -fmacro-backtrace-limit\=0 -fno-color-diagnostics -fmodules-prune-interval\=86400 -fmodules-prune-after\=345600 -fbuild-session-file\=/Users/colbycorcoran/Library/Developer/Xcode/DerivedData/ModuleCache.noindex/Session.modulevalidation -fmodules-validate-once-per-build-session -Wnon-modular-include-in-framework-module -Werror\=non-modular-include-in-framework-module -Wno-trigraphs -Wno-missing-field-initializers -Wno-missing-prototypes -Wno-return-type -Wno-missing-braces -Wparentheses -Wswitch -Wno-unused-function -Wno-unused-label -Wno-unused-parameter -Wno-unused-variable -Wunused-value -Wno-empty-body -Wno-uninitialized -Wno-unknown-pragmas -w -Wno-shadow -Wno-four-char-constants -Wno-conversion -Wno-constant-conversion -Wno-int-conversion -Wno-bool-conversion -Wno-enum-conversion -Wno-float-conversion -Wno-non-literal-null-conversion -Wno-objc-literal-conversion -Wshorten-64-to-32 -Wpointer-sign -Wno-newline-eof -Wno-implicit-fallthrough -fstrict-aliasing -Wdeprecated-declarations -Wno-sign-conversion -Wno-infinite-recursion -Wno-comma -Wno-block-capture-autoreleasing -Wno-strict-prototypes -Wno-semicolon-before-method-body -index-store-path /Users/colbycorcoran/Library/Developer/Xcode/DerivedData/Fiz-fiflxcjvlfosoebhvlytfgwprkxo/Index.noindex/DataStore @/Users/colbycorcoran/Library/Developer/Xcode/DerivedData/Fiz-fiflxcjvlfosoebhvlytfgwprkxo/Build/Intermediates.noindex/PostHog.build/Debug-iphoneos/phlibwebp.build/Objects-normal/arm64/7187679823f38a2a940e0043cdf9d637-common-args.resp -MMD -MT dependencies -MF /Users/colbycorcoran/Library/Developer/Xcode/DerivedData/Fiz-fiflxcjvlfosoebhvlytfgwprkxo/Build/Intermediates.noindex/PostHog.build/Debug-iphoneos/phlibwebp.build/Objects-normal/arm64/random_utils.d --serialize-diagnostics /Users/colbycorcoran/Library/Developer/Xcode/DerivedData/Fiz-fiflxcjvlfosoebhvlytfgwprkxo/Build/Intermediates.noindex/PostHog.build/Debug-iphoneos/phlibwebp.build/Objects-normal/arm64/random_utils.dia -c /Users/colbycorcoran/Library/Developer/Xcode/DerivedData/Fiz-fiflxcjvlfosoebhvlytfgwprkxo/SourcePackages/checkouts/posthog-ios/vendor/libwebp/random_utils.c -o /Users/colbycorcoran/Library/Developer/Xcode/DerivedData/Fiz-fiflxcjvlfosoebhvlytfgwprkxo/Build/Intermediates.noindex/PostHog.build/Debug-iphoneos/phlibwebp.build/Objects-normal/arm64/random_utils.o -index-unit-output-path /PostHog.build/Debug-iphoneos/phlibwebp.build/Objects-normal/arm64/random_utils.o

ScanDependencies /Users/colbycorcoran/Library/Developer/Xcode/DerivedData/Fiz-fiflxcjvlfosoebhvlytfgwprkxo/Build/Intermediates.noindex/PostHog.build/Debug-iphoneos/phlibwebp.build/Objects-normal/arm64/quant_levels_utils.o /Users/colbycorcoran/Library/Developer/Xcode/DerivedData/Fiz-fiflxcjvlfosoebhvlytfgwprkxo/SourcePackages/checkouts/posthog-ios/vendor/libwebp/quant_levels_utils.c normal arm64 c com.apple.compilers.llvm.clang.1_0.compiler (in target 'phlibwebp' from project 'PostHog')
    cd /Users/colbycorcoran/Documents/App\ Development/Fiz/Fiz.xcodeproj
    
    Using response file: /Users/colbycorcoran/Library/Developer/Xcode/DerivedData/Fiz-fiflxcjvlfosoebhvlytfgwprkxo/Build/Intermediates.noindex/PostHog.build/Debug-iphoneos/phlibwebp.build/Objects-normal/arm64/7187679823f38a2a940e0043cdf9d637-common-args.resp
    
    builtin-ScanDependencies -o /Users/colbycorcoran/Library/Developer/Xcode/DerivedData/Fiz-fiflxcjvlfosoebhvlytfgwprkxo/Build/Intermediates.noindex/PostHog.build/Debug-iphoneos/phlibwebp.build/Objects-normal/arm64/quant_levels_utils.o.scan -- /Applications/Xcode.app/Contents/Developer/Toolchains/XcodeDefault.xctoolchain/usr/bin/clang -x c -ivfsstatcache /Users/colbycorcoran/Library/Developer/Xcode/DerivedData/SDKStatCaches.noindex/iphoneos26.2-23C53-3794476bd08197c3e2abd9bb477ef7f7.sdkstatcache -fmessage-length\=0 -fdiagnostics-show-note-include-stack -fmacro-backtrace-limit\=0 -fno-color-diagnostics -fmodules-prune-interval\=86400 -fmodules-prune-after\=345600 -fbuild-session-file\=/Users/colbycorcoran/Library/Developer/Xcode/DerivedData/ModuleCache.noindex/Session.modulevalidation -fmodules-validate-once-per-build-session -Wnon-modular-include-in-framework-module -Werror\=non-modular-include-in-framework-module -Wno-trigraphs -Wno-missing-field-initializers -Wno-missing-prototypes -Wno-return-type -Wno-missing-braces -Wparentheses -Wswitch -Wno-unused-function -Wno-unused-label -Wno-unused-parameter -Wno-unused-variable -Wunused-value -Wno-empty-body -Wno-uninitialized -Wno-unknown-pragmas -w -Wno-shadow -Wno-four-char-constants -Wno-conversion -Wno-constant-conversion -Wno-int-conversion -Wno-bool-conversion -Wno-enum-conversion -Wno-float-conversion -Wno-non-literal-null-conversion -Wno-objc-literal-conversion -Wshorten-64-to-32 -Wpointer-sign -Wno-newline-eof -Wno-implicit-fallthrough -fstrict-aliasing -Wdeprecated-declarations -Wno-sign-conversion -Wno-infinite-recursion -Wno-comma -Wno-block-capture-autoreleasing -Wno-strict-prototypes -Wno-semicolon-before-method-body -index-store-path /Users/colbycorcoran/Library/Developer/Xcode/DerivedData/Fiz-fiflxcjvlfosoebhvlytfgwprkxo/Index.noindex/DataStore @/Users/colbycorcoran/Library/Developer/Xcode/DerivedData/Fiz-fiflxcjvlfosoebhvlytfgwprkxo/Build/Intermediates.noindex/PostHog.build/Debug-iphoneos/phlibwebp.build/Objects-normal/arm64/7187679823f38a2a940e0043cdf9d637-common-args.resp -MMD -MT dependencies -MF /Users/colbycorcoran/Library/Developer/Xcode/DerivedData/Fiz-fiflxcjvlfosoebhvlytfgwprkxo/Build/Intermediates.noindex/PostHog.build/Debug-iphoneos/phlibwebp.build/Objects-normal/arm64/quant_levels_utils.d --serialize-diagnostics /Users/colbycorcoran/Library/Developer/Xcode/DerivedData/Fiz-fiflxcjvlfosoebhvlytfgwprkxo/Build/Intermediates.noindex/PostHog.build/Debug-iphoneos/phlibwebp.build/Objects-normal/arm64/quant_levels_utils.dia -c /Users/colbycorcoran/Library/Developer/Xcode/DerivedData/Fiz-fiflxcjvlfosoebhvlytfgwprkxo/SourcePackages/checkouts/posthog-ios/vendor/libwebp/quant_levels_utils.c -o /Users/colbycorcoran/Library/Developer/Xcode/DerivedData/Fiz-fiflxcjvlfosoebhvlytfgwprkxo/Build/Intermediates.noindex/PostHog.build/Debug-iphoneos/phlibwebp.build/Objects-normal/arm64/quant_levels_utils.o -index-unit-output-path /PostHog.build/Debug-iphoneos/phlibwebp.build/Objects-normal/arm64/quant_levels_utils.o

ScanDependencies /Users/colbycorcoran/Library/Developer/Xcode/DerivedData/Fiz-fiflxcjvlfosoebhvlytfgwprkxo/Build/Intermediates.noindex/PostHog.build/Debug-iphoneos/phlibwebp.build/Objects-normal/arm64/quant_levels_dec_utils.o /Users/colbycorcoran/Library/Developer/Xcode/DerivedData/Fiz-fiflxcjvlfosoebhvlytfgwprkxo/SourcePackages/checkouts/posthog-ios/vendor/libwebp/quant_levels_dec_utils.c normal arm64 c com.apple.compilers.llvm.clang.1_0.compiler (in target 'phlibwebp' from project 'PostHog')
    cd /Users/colbycorcoran/Documents/App\ Development/Fiz/Fiz.xcodeproj
    
    Using response file: /Users/colbycorcoran/Library/Developer/Xcode/DerivedData/Fiz-fiflxcjvlfosoebhvlytfgwprkxo/Build/Intermediates.noindex/PostHog.build/Debug-iphoneos/phlibwebp.build/Objects-normal/arm64/7187679823f38a2a940e0043cdf9d637-common-args.resp
    
    builtin-ScanDependencies -o /Users/colbycorcoran/Library/Developer/Xcode/DerivedData/Fiz-fiflxcjvlfosoebhvlytfgwprkxo/Build/Intermediates.noindex/PostHog.build/Debug-iphoneos/phlibwebp.build/Objects-normal/arm64/quant_levels_dec_utils.o.scan -- /Applications/Xcode.app/Contents/Developer/Toolchains/XcodeDefault.xctoolchain/usr/bin/clang -x c -ivfsstatcache /Users/colbycorcoran/Library/Developer/Xcode/DerivedData/SDKStatCaches.noindex/iphoneos26.2-23C53-3794476bd08197c3e2abd9bb477ef7f7.sdkstatcache -fmessage-length\=0 -fdiagnostics-show-note-include-stack -fmacro-backtrace-limit\=0 -fno-color-diagnostics -fmodules-prune-interval\=86400 -fmodules-prune-after\=345600 -fbuild-session-file\=/Users/colbycorcoran/Library/Developer/Xcode/DerivedData/ModuleCache.noindex/Session.modulevalidation -fmodules-validate-once-per-build-session -Wnon-modular-include-in-framework-module -Werror\=non-modular-include-in-framework-module -Wno-trigraphs -Wno-missing-field-initializers -Wno-missing-prototypes -Wno-return-type -Wno-missing-braces -Wparentheses -Wswitch -Wno-unused-function -Wno-unused-label -Wno-unused-parameter -Wno-unused-variable -Wunused-value -Wno-empty-body -Wno-uninitialized -Wno-unknown-pragmas -w -Wno-shadow -Wno-four-char-constants -Wno-conversion -Wno-constant-conversion -Wno-int-conversion -Wno-bool-conversion -Wno-enum-conversion -Wno-float-conversion -Wno-non-literal-null-conversion -Wno-objc-literal-conversion -Wshorten-64-to-32 -Wpointer-sign -Wno-newline-eof -Wno-implicit-fallthrough -fstrict-aliasing -Wdeprecated-declarations -Wno-sign-conversion -Wno-infinite-recursion -Wno-comma -Wno-block-capture-autoreleasing -Wno-strict-prototypes -Wno-semicolon-before-method-body -index-store-path /Users/colbycorcoran/Library/Developer/Xcode/DerivedData/Fiz-fiflxcjvlfosoebhvlytfgwprkxo/Index.noindex/DataStore @/Users/colbycorcoran/Library/Developer/Xcode/DerivedData/Fiz-fiflxcjvlfosoebhvlytfgwprkxo/Build/Intermediates.noindex/PostHog.build/Debug-iphoneos/phlibwebp.build/Objects-normal/arm64/7187679823f38a2a940e0043cdf9d637-common-args.resp -MMD -MT dependencies -MF /Users/colbycorcoran/Library/Developer/Xcode/DerivedData/Fiz-fiflxcjvlfosoebhvlytfgwprkxo/Build/Intermediates.noindex/PostHog.build/Debug-iphoneos/phlibwebp.build/Objects-normal/arm64/quant_levels_dec_utils.d --serialize-diagnostics /Users/colbycorcoran/Library/Developer/Xcode/DerivedData/Fiz-fiflxcjvlfosoebhvlytfgwprkxo/Build/Intermediates.noindex/PostHog.build/Debug-iphoneos/phlibwebp.build/Objects-normal/arm64/quant_levels_dec_utils.dia -c /Users/colbycorcoran/Library/Developer/Xcode/DerivedData/Fiz-fiflxcjvlfosoebhvlytfgwprkxo/SourcePackages/checkouts/posthog-ios/vendor/libwebp/quant_levels_dec_utils.c -o /Users/colbycorcoran/Library/Developer/Xcode/DerivedData/Fiz-fiflxcjvlfosoebhvlytfgwprkxo/Build/Intermediates.noindex/PostHog.build/Debug-iphoneos/phlibwebp.build/Objects-normal/arm64/quant_levels_dec_utils.o -index-unit-output-path /PostHog.build/Debug-iphoneos/phlibwebp.build/Objects-normal/arm64/quant_levels_dec_utils.o

ScanDependencies /Users/colbycorcoran/Library/Developer/Xcode/DerivedData/Fiz-fiflxcjvlfosoebhvlytfgwprkxo/Build/Intermediates.noindex/PostHog.build/Debug-iphoneos/phlibwebp.build/Objects-normal/arm64/quant_enc.o /Users/colbycorcoran/Library/Developer/Xcode/DerivedData/Fiz-fiflxcjvlfosoebhvlytfgwprkxo/SourcePackages/checkouts/posthog-ios/vendor/libwebp/quant_enc.c normal arm64 c com.apple.compilers.llvm.clang.1_0.compiler (in target 'phlibwebp' from project 'PostHog')
    cd /Users/colbycorcoran/Documents/App\ Development/Fiz/Fiz.xcodeproj
    
    Using response file: /Users/colbycorcoran/Library/Developer/Xcode/DerivedData/Fiz-fiflxcjvlfosoebhvlytfgwprkxo/Build/Intermediates.noindex/PostHog.build/Debug-iphoneos/phlibwebp.build/Objects-normal/arm64/7187679823f38a2a940e0043cdf9d637-common-args.resp
    
    builtin-ScanDependencies -o /Users/colbycorcoran/Library/Developer/Xcode/DerivedData/Fiz-fiflxcjvlfosoebhvlytfgwprkxo/Build/Intermediates.noindex/PostHog.build/Debug-iphoneos/phlibwebp.build/Objects-normal/arm64/quant_enc.o.scan -- /Applications/Xcode.app/Contents/Developer/Toolchains/XcodeDefault.xctoolchain/usr/bin/clang -x c -ivfsstatcache /Users/colbycorcoran/Library/Developer/Xcode/DerivedData/SDKStatCaches.noindex/iphoneos26.2-23C53-3794476bd08197c3e2abd9bb477ef7f7.sdkstatcache -fmessage-length\=0 -fdiagnostics-show-note-include-stack -fmacro-backtrace-limit\=0 -fno-color-diagnostics -fmodules-prune-interval\=86400 -fmodules-prune-after\=345600 -fbuild-session-file\=/Users/colbycorcoran/Library/Developer/Xcode/DerivedData/ModuleCache.noindex/Session.modulevalidation -fmodules-validate-once-per-build-session -Wnon-modular-include-in-framework-module -Werror\=non-modular-include-in-framework-module -Wno-trigraphs -Wno-missing-field-initializers -Wno-missing-prototypes -Wno-return-type -Wno-missing-braces -Wparentheses -Wswitch -Wno-unused-function -Wno-unused-label -Wno-unused-parameter -Wno-unused-variable -Wunused-value -Wno-empty-body -Wno-uninitialized -Wno-unknown-pragmas -w -Wno-shadow -Wno-four-char-constants -Wno-conversion -Wno-constant-conversion -Wno-int-conversion -Wno-bool-conversion -Wno-enum-conversion -Wno-float-conversion -Wno-non-literal-null-conversion -Wno-objc-literal-conversion -Wshorten-64-to-32 -Wpointer-sign -Wno-newline-eof -Wno-implicit-fallthrough -fstrict-aliasing -Wdeprecated-declarations -Wno-sign-conversion -Wno-infinite-recursion -Wno-comma -Wno-block-capture-autoreleasing -Wno-strict-prototypes -Wno-semicolon-before-method-body -index-store-path /Users/colbycorcoran/Library/Developer/Xcode/DerivedData/Fiz-fiflxcjvlfosoebhvlytfgwprkxo/Index.noindex/DataStore @/Users/colbycorcoran/Library/Developer/Xcode/DerivedData/Fiz-fiflxcjvlfosoebhvlytfgwprkxo/Build/Intermediates.noindex/PostHog.build/Debug-iphoneos/phlibwebp.build/Objects-normal/arm64/7187679823f38a2a940e0043cdf9d637-common-args.resp -MMD -MT dependencies -MF /Users/colbycorcoran/Library/Developer/Xcode/DerivedData/Fiz-fiflxcjvlfosoebhvlytfgwprkxo/Build/Intermediates.noindex/PostHog.build/Debug-iphoneos/phlibwebp.build/Objects-normal/arm64/quant_enc.d --serialize-diagnostics /Users/colbycorcoran/Library/Developer/Xcode/DerivedData/Fiz-fiflxcjvlfosoebhvlytfgwprkxo/Build/Intermediates.noindex/PostHog.build/Debug-iphoneos/phlibwebp.build/Objects-normal/arm64/quant_enc.dia -c /Users/colbycorcoran/Library/Developer/Xcode/DerivedData/Fiz-fiflxcjvlfosoebhvlytfgwprkxo/SourcePackages/checkouts/posthog-ios/vendor/libwebp/quant_enc.c -o /Users/colbycorcoran/Library/Developer/Xcode/DerivedData/Fiz-fiflxcjvlfosoebhvlytfgwprkxo/Build/Intermediates.noindex/PostHog.build/Debug-iphoneos/phlibwebp.build/Objects-normal/arm64/quant_enc.o -index-unit-output-path /PostHog.build/Debug-iphoneos/phlibwebp.build/Objects-normal/arm64/quant_enc.o

ScanDependencies /Users/colbycorcoran/Library/Developer/Xcode/DerivedData/Fiz-fiflxcjvlfosoebhvlytfgwprkxo/Build/Intermediates.noindex/PostHog.build/Debug-iphoneos/phlibwebp.build/Objects-normal/arm64/predictor_enc.o /Users/colbycorcoran/Library/Developer/Xcode/DerivedData/Fiz-fiflxcjvlfosoebhvlytfgwprkxo/SourcePackages/checkouts/posthog-ios/vendor/libwebp/predictor_enc.c normal arm64 c com.apple.compilers.llvm.clang.1_0.compiler (in target 'phlibwebp' from project 'PostHog')
    cd /Users/colbycorcoran/Documents/App\ Development/Fiz/Fiz.xcodeproj
    
    Using response file: /Users/colbycorcoran/Library/Developer/Xcode/DerivedData/Fiz-fiflxcjvlfosoebhvlytfgwprkxo/Build/Intermediates.noindex/PostHog.build/Debug-iphoneos/phlibwebp.build/Objects-normal/arm64/7187679823f38a2a940e0043cdf9d637-common-args.resp
    
    builtin-ScanDependencies -o /Users/colbycorcoran/Library/Developer/Xcode/DerivedData/Fiz-fiflxcjvlfosoebhvlytfgwprkxo/Build/Intermediates.noindex/PostHog.build/Debug-iphoneos/phlibwebp.build/Objects-normal/arm64/predictor_enc.o.scan -- /Applications/Xcode.app/Contents/Developer/Toolchains/XcodeDefault.xctoolchain/usr/bin/clang -x c -ivfsstatcache /Users/colbycorcoran/Library/Developer/Xcode/DerivedData/SDKStatCaches.noindex/iphoneos26.2-23C53-3794476bd08197c3e2abd9bb477ef7f7.sdkstatcache -fmessage-length\=0 -fdiagnostics-show-note-include-stack -fmacro-backtrace-limit\=0 -fno-color-diagnostics -fmodules-prune-interval\=86400 -fmodules-prune-after\=345600 -fbuild-session-file\=/Users/colbycorcoran/Library/Developer/Xcode/DerivedData/ModuleCache.noindex/Session.modulevalidation -fmodules-validate-once-per-build-session -Wnon-modular-include-in-framework-module -Werror\=non-modular-include-in-framework-module -Wno-trigraphs -Wno-missing-field-initializers -Wno-missing-prototypes -Wno-return-type -Wno-missing-braces -Wparentheses -Wswitch -Wno-unused-function -Wno-unused-label -Wno-unused-parameter -Wno-unused-variable -Wunused-value -Wno-empty-body -Wno-uninitialized -Wno-unknown-pragmas -w -Wno-shadow -Wno-four-char-constants -Wno-conversion -Wno-constant-conversion -Wno-int-conversion -Wno-bool-conversion -Wno-enum-conversion -Wno-float-conversion -Wno-non-literal-null-conversion -Wno-objc-literal-conversion -Wshorten-64-to-32 -Wpointer-sign -Wno-newline-eof -Wno-implicit-fallthrough -fstrict-aliasing -Wdeprecated-declarations -Wno-sign-conversion -Wno-infinite-recursion -Wno-comma -Wno-block-capture-autoreleasing -Wno-strict-prototypes -Wno-semicolon-before-method-body -index-store-path /Users/colbycorcoran/Library/Developer/Xcode/DerivedData/Fiz-fiflxcjvlfosoebhvlytfgwprkxo/Index.noindex/DataStore @/Users/colbycorcoran/Library/Developer/Xcode/DerivedData/Fiz-fiflxcjvlfosoebhvlytfgwprkxo/Build/Intermediates.noindex/PostHog.build/Debug-iphoneos/phlibwebp.build/Objects-normal/arm64/7187679823f38a2a940e0043cdf9d637-common-args.resp -MMD -MT dependencies -MF /Users/colbycorcoran/Library/Developer/Xcode/DerivedData/Fiz-fiflxcjvlfosoebhvlytfgwprkxo/Build/Intermediates.noindex/PostHog.build/Debug-iphoneos/phlibwebp.build/Objects-normal/arm64/predictor_enc.d --serialize-diagnostics /Users/colbycorcoran/Library/Developer/Xcode/DerivedData/Fiz-fiflxcjvlfosoebhvlytfgwprkxo/Build/Intermediates.noindex/PostHog.build/Debug-iphoneos/phlibwebp.build/Objects-normal/arm64/predictor_enc.dia -c /Users/colbycorcoran/Library/Developer/Xcode/DerivedData/Fiz-fiflxcjvlfosoebhvlytfgwprkxo/SourcePackages/checkouts/posthog-ios/vendor/libwebp/predictor_enc.c -o /Users/colbycorcoran/Library/Developer/Xcode/DerivedData/Fiz-fiflxcjvlfosoebhvlytfgwprkxo/Build/Intermediates.noindex/PostHog.build/Debug-iphoneos/phlibwebp.build/Objects-normal/arm64/predictor_enc.o -index-unit-output-path /PostHog.build/Debug-iphoneos/phlibwebp.build/Objects-normal/arm64/predictor_enc.o

PrecompileModule /Users/colbycorcoran/Library/Developer/Xcode/DerivedData/Fiz-fiflxcjvlfosoebhvlytfgwprkxo/Build/Intermediates.noindex/ExplicitPrecompiledModules/_DarwinFoundation1-4VZNG2IS3CEAUZM0MRM3SG5D7.scan
    cd /
    builtin-precompileModule /Users/colbycorcoran/Library/Developer/Xcode/DerivedData/Fiz-fiflxcjvlfosoebhvlytfgwprkxo/Build/Intermediates.noindex/ExplicitPrecompiledModules/_DarwinFoundation1-4VZNG2IS3CEAUZM0MRM3SG5D7.scan

ScanDependencies /Users/colbycorcoran/Library/Developer/Xcode/DerivedData/Fiz-fiflxcjvlfosoebhvlytfgwprkxo/Build/Intermediates.noindex/PostHog.build/Debug-iphoneos/phlibwebp.build/Objects-normal/arm64/picture_tools_enc.o /Users/colbycorcoran/Library/Developer/Xcode/DerivedData/Fiz-fiflxcjvlfosoebhvlytfgwprkxo/SourcePackages/checkouts/posthog-ios/vendor/libwebp/picture_tools_enc.c normal arm64 c com.apple.compilers.llvm.clang.1_0.compiler (in target 'phlibwebp' from project 'PostHog')
    cd /Users/colbycorcoran/Documents/App\ Development/Fiz/Fiz.xcodeproj
    
    Using response file: /Users/colbycorcoran/Library/Developer/Xcode/DerivedData/Fiz-fiflxcjvlfosoebhvlytfgwprkxo/Build/Intermediates.noindex/PostHog.build/Debug-iphoneos/phlibwebp.build/Objects-normal/arm64/7187679823f38a2a940e0043cdf9d637-common-args.resp
    
    builtin-ScanDependencies -o /Users/colbycorcoran/Library/Developer/Xcode/DerivedData/Fiz-fiflxcjvlfosoebhvlytfgwprkxo/Build/Intermediates.noindex/PostHog.build/Debug-iphoneos/phlibwebp.build/Objects-normal/arm64/picture_tools_enc.o.scan -- /Applications/Xcode.app/Contents/Developer/Toolchains/XcodeDefault.xctoolchain/usr/bin/clang -x c -ivfsstatcache /Users/colbycorcoran/Library/Developer/Xcode/DerivedData/SDKStatCaches.noindex/iphoneos26.2-23C53-3794476bd08197c3e2abd9bb477ef7f7.sdkstatcache -fmessage-length\=0 -fdiagnostics-show-note-include-stack -fmacro-backtrace-limit\=0 -fno-color-diagnostics -fmodules-prune-interval\=86400 -fmodules-prune-after\=345600 -fbuild-session-file\=/Users/colbycorcoran/Library/Developer/Xcode/DerivedData/ModuleCache.noindex/Session.modulevalidation -fmodules-validate-once-per-build-session -Wnon-modular-include-in-framework-module -Werror\=non-modular-include-in-framework-module -Wno-trigraphs -Wno-missing-field-initializers -Wno-missing-prototypes -Wno-return-type -Wno-missing-braces -Wparentheses -Wswitch -Wno-unused-function -Wno-unused-label -Wno-unused-parameter -Wno-unused-variable -Wunused-value -Wno-empty-body -Wno-uninitialized -Wno-unknown-pragmas -w -Wno-shadow -Wno-four-char-constants -Wno-conversion -Wno-constant-conversion -Wno-int-conversion -Wno-bool-conversion -Wno-enum-conversion -Wno-float-conversion -Wno-non-literal-null-conversion -Wno-objc-literal-conversion -Wshorten-64-to-32 -Wpointer-sign -Wno-newline-eof -Wno-implicit-fallthrough -fstrict-aliasing -Wdeprecated-declarations -Wno-sign-conversion -Wno-infinite-recursion -Wno-comma -Wno-block-capture-autoreleasing -Wno-strict-prototypes -Wno-semicolon-before-method-body -index-store-path /Users/colbycorcoran/Library/Developer/Xcode/DerivedData/Fiz-fiflxcjvlfosoebhvlytfgwprkxo/Index.noindex/DataStore @/Users/colbycorcoran/Library/Developer/Xcode/DerivedData/Fiz-fiflxcjvlfosoebhvlytfgwprkxo/Build/Intermediates.noindex/PostHog.build/Debug-iphoneos/phlibwebp.build/Objects-normal/arm64/7187679823f38a2a940e0043cdf9d637-common-args.resp -MMD -MT dependencies -MF /Users/colbycorcoran/Library/Developer/Xcode/DerivedData/Fiz-fiflxcjvlfosoebhvlytfgwprkxo/Build/Intermediates.noindex/PostHog.build/Debug-iphoneos/phlibwebp.build/Objects-normal/arm64/picture_tools_enc.d --serialize-diagnostics /Users/colbycorcoran/Library/Developer/Xcode/DerivedData/Fiz-fiflxcjvlfosoebhvlytfgwprkxo/Build/Intermediates.noindex/PostHog.build/Debug-iphoneos/phlibwebp.build/Objects-normal/arm64/picture_tools_enc.dia -c /Users/colbycorcoran/Library/Developer/Xcode/DerivedData/Fiz-fiflxcjvlfosoebhvlytfgwprkxo/SourcePackages/checkouts/posthog-ios/vendor/libwebp/picture_tools_enc.c -o /Users/colbycorcoran/Library/Developer/Xcode/DerivedData/Fiz-fiflxcjvlfosoebhvlytfgwprkxo/Build/Intermediates.noindex/PostHog.build/Debug-iphoneos/phlibwebp.build/Objects-normal/arm64/picture_tools_enc.o -index-unit-output-path /PostHog.build/Debug-iphoneos/phlibwebp.build/Objects-normal/arm64/picture_tools_enc.o

ScanDependencies /Users/colbycorcoran/Library/Developer/Xcode/DerivedData/Fiz-fiflxcjvlfosoebhvlytfgwprkxo/Build/Intermediates.noindex/PostHog.build/Debug-iphoneos/phlibwebp.build/Objects-normal/arm64/picture_rescale_enc.o /Users/colbycorcoran/Library/Developer/Xcode/DerivedData/Fiz-fiflxcjvlfosoebhvlytfgwprkxo/SourcePackages/checkouts/posthog-ios/vendor/libwebp/picture_rescale_enc.c normal arm64 c com.apple.compilers.llvm.clang.1_0.compiler (in target 'phlibwebp' from project 'PostHog')
    cd /Users/colbycorcoran/Documents/App\ Development/Fiz/Fiz.xcodeproj
    
    Using response file: /Users/colbycorcoran/Library/Developer/Xcode/DerivedData/Fiz-fiflxcjvlfosoebhvlytfgwprkxo/Build/Intermediates.noindex/PostHog.build/Debug-iphoneos/phlibwebp.build/Objects-normal/arm64/7187679823f38a2a940e0043cdf9d637-common-args.resp
    
    builtin-ScanDependencies -o /Users/colbycorcoran/Library/Developer/Xcode/DerivedData/Fiz-fiflxcjvlfosoebhvlytfgwprkxo/Build/Intermediates.noindex/PostHog.build/Debug-iphoneos/phlibwebp.build/Objects-normal/arm64/picture_rescale_enc.o.scan -- /Applications/Xcode.app/Contents/Developer/Toolchains/XcodeDefault.xctoolchain/usr/bin/clang -x c -ivfsstatcache /Users/colbycorcoran/Library/Developer/Xcode/DerivedData/SDKStatCaches.noindex/iphoneos26.2-23C53-3794476bd08197c3e2abd9bb477ef7f7.sdkstatcache -fmessage-length\=0 -fdiagnostics-show-note-include-stack -fmacro-backtrace-limit\=0 -fno-color-diagnostics -fmodules-prune-interval\=86400 -fmodules-prune-after\=345600 -fbuild-session-file\=/Users/colbycorcoran/Library/Developer/Xcode/DerivedData/ModuleCache.noindex/Session.modulevalidation -fmodules-validate-once-per-build-session -Wnon-modular-include-in-framework-module -Werror\=non-modular-include-in-framework-module -Wno-trigraphs -Wno-missing-field-initializers -Wno-missing-prototypes -Wno-return-type -Wno-missing-braces -Wparentheses -Wswitch -Wno-unused-function -Wno-unused-label -Wno-unused-parameter -Wno-unused-variable -Wunused-value -Wno-empty-body -Wno-uninitialized -Wno-unknown-pragmas -w -Wno-shadow -Wno-four-char-constants -Wno-conversion -Wno-constant-conversion -Wno-int-conversion -Wno-bool-conversion -Wno-enum-conversion -Wno-float-conversion -Wno-non-literal-null-conversion -Wno-objc-literal-conversion -Wshorten-64-to-32 -Wpointer-sign -Wno-newline-eof -Wno-implicit-fallthrough -fstrict-aliasing -Wdeprecated-declarations -Wno-sign-conversion -Wno-infinite-recursion -Wno-comma -Wno-block-capture-autoreleasing -Wno-strict-prototypes -Wno-semicolon-before-method-body -index-store-path /Users/colbycorcoran/Library/Developer/Xcode/DerivedData/Fiz-fiflxcjvlfosoebhvlytfgwprkxo/Index.noindex/DataStore @/Users/colbycorcoran/Library/Developer/Xcode/DerivedData/Fiz-fiflxcjvlfosoebhvlytfgwprkxo/Build/Intermediates.noindex/PostHog.build/Debug-iphoneos/phlibwebp.build/Objects-normal/arm64/7187679823f38a2a940e0043cdf9d637-common-args.resp -MMD -MT dependencies -MF /Users/colbycorcoran/Library/Developer/Xcode/DerivedData/Fiz-fiflxcjvlfosoebhvlytfgwprkxo/Build/Intermediates.noindex/PostHog.build/Debug-iphoneos/phlibwebp.build/Objects-normal/arm64/picture_rescale_enc.d --serialize-diagnostics /Users/colbycorcoran/Library/Developer/Xcode/DerivedData/Fiz-fiflxcjvlfosoebhvlytfgwprkxo/Build/Intermediates.noindex/PostHog.build/Debug-iphoneos/phlibwebp.build/Objects-normal/arm64/picture_rescale_enc.dia -c /Users/colbycorcoran/Library/Developer/Xcode/DerivedData/Fiz-fiflxcjvlfosoebhvlytfgwprkxo/SourcePackages/checkouts/posthog-ios/vendor/libwebp/picture_rescale_enc.c -o /Users/colbycorcoran/Library/Developer/Xcode/DerivedData/Fiz-fiflxcjvlfosoebhvlytfgwprkxo/Build/Intermediates.noindex/PostHog.build/Debug-iphoneos/phlibwebp.build/Objects-normal/arm64/picture_rescale_enc.o -index-unit-output-path /PostHog.build/Debug-iphoneos/phlibwebp.build/Objects-normal/arm64/picture_rescale_enc.o

ScanDependencies /Users/colbycorcoran/Library/Developer/Xcode/DerivedData/Fiz-fiflxcjvlfosoebhvlytfgwprkxo/Build/Intermediates.noindex/PostHog.build/Debug-iphoneos/phlibwebp.build/Objects-normal/arm64/picture_psnr_enc.o /Users/colbycorcoran/Library/Developer/Xcode/DerivedData/Fiz-fiflxcjvlfosoebhvlytfgwprkxo/SourcePackages/checkouts/posthog-ios/vendor/libwebp/picture_psnr_enc.c normal arm64 c com.apple.compilers.llvm.clang.1_0.compiler (in target 'phlibwebp' from project 'PostHog')
    cd /Users/colbycorcoran/Documents/App\ Development/Fiz/Fiz.xcodeproj
    
    Using response file: /Users/colbycorcoran/Library/Developer/Xcode/DerivedData/Fiz-fiflxcjvlfosoebhvlytfgwprkxo/Build/Intermediates.noindex/PostHog.build/Debug-iphoneos/phlibwebp.build/Objects-normal/arm64/7187679823f38a2a940e0043cdf9d637-common-args.resp
    
    builtin-ScanDependencies -o /Users/colbycorcoran/Library/Developer/Xcode/DerivedData/Fiz-fiflxcjvlfosoebhvlytfgwprkxo/Build/Intermediates.noindex/PostHog.build/Debug-iphoneos/phlibwebp.build/Objects-normal/arm64/picture_psnr_enc.o.scan -- /Applications/Xcode.app/Contents/Developer/Toolchains/XcodeDefault.xctoolchain/usr/bin/clang -x c -ivfsstatcache /Users/colbycorcoran/Library/Developer/Xcode/DerivedData/SDKStatCaches.noindex/iphoneos26.2-23C53-3794476bd08197c3e2abd9bb477ef7f7.sdkstatcache -fmessage-length\=0 -fdiagnostics-show-note-include-stack -fmacro-backtrace-limit\=0 -fno-color-diagnostics -fmodules-prune-interval\=86400 -fmodules-prune-after\=345600 -fbuild-session-file\=/Users/colbycorcoran/Library/Developer/Xcode/DerivedData/ModuleCache.noindex/Session.modulevalidation -fmodules-validate-once-per-build-session -Wnon-modular-include-in-framework-module -Werror\=non-modular-include-in-framework-module -Wno-trigraphs -Wno-missing-field-initializers -Wno-missing-prototypes -Wno-return-type -Wno-missing-braces -Wparentheses -Wswitch -Wno-unused-function -Wno-unused-label -Wno-unused-parameter -Wno-unused-variable -Wunused-value -Wno-empty-body -Wno-uninitialized -Wno-unknown-pragmas -w -Wno-shadow -Wno-four-char-constants -Wno-conversion -Wno-constant-conversion -Wno-int-conversion -Wno-bool-conversion -Wno-enum-conversion -Wno-float-conversion -Wno-non-literal-null-conversion -Wno-objc-literal-conversion -Wshorten-64-to-32 -Wpointer-sign -Wno-newline-eof -Wno-implicit-fallthrough -fstrict-aliasing -Wdeprecated-declarations -Wno-sign-conversion -Wno-infinite-recursion -Wno-comma -Wno-block-capture-autoreleasing -Wno-strict-prototypes -Wno-semicolon-before-method-body -index-store-path /Users/colbycorcoran/Library/Developer/Xcode/DerivedData/Fiz-fiflxcjvlfosoebhvlytfgwprkxo/Index.noindex/DataStore @/Users/colbycorcoran/Library/Developer/Xcode/DerivedData/Fiz-fiflxcjvlfosoebhvlytfgwprkxo/Build/Intermediates.noindex/PostHog.build/Debug-iphoneos/phlibwebp.build/Objects-normal/arm64/7187679823f38a2a940e0043cdf9d637-common-args.resp -MMD -MT dependencies -MF /Users/colbycorcoran/Library/Developer/Xcode/DerivedData/Fiz-fiflxcjvlfosoebhvlytfgwprkxo/Build/Intermediates.noindex/PostHog.build/Debug-iphoneos/phlibwebp.build/Objects-normal/arm64/picture_psnr_enc.d --serialize-diagnostics /Users/colbycorcoran/Library/Developer/Xcode/DerivedData/Fiz-fiflxcjvlfosoebhvlytfgwprkxo/Build/Intermediates.noindex/PostHog.build/Debug-iphoneos/phlibwebp.build/Objects-normal/arm64/picture_psnr_enc.dia -c /Users/colbycorcoran/Library/Developer/Xcode/DerivedData/Fiz-fiflxcjvlfosoebhvlytfgwprkxo/SourcePackages/checkouts/posthog-ios/vendor/libwebp/picture_psnr_enc.c -o /Users/colbycorcoran/Library/Developer/Xcode/DerivedData/Fiz-fiflxcjvlfosoebhvlytfgwprkxo/Build/Intermediates.noindex/PostHog.build/Debug-iphoneos/phlibwebp.build/Objects-normal/arm64/picture_psnr_enc.o -index-unit-output-path /PostHog.build/Debug-iphoneos/phlibwebp.build/Objects-normal/arm64/picture_psnr_enc.o

ScanDependencies /Users/colbycorcoran/Library/Developer/Xcode/DerivedData/Fiz-fiflxcjvlfosoebhvlytfgwprkxo/Build/Intermediates.noindex/PostHog.build/Debug-iphoneos/phlibwebp.build/Objects-normal/arm64/picture_enc.o /Users/colbycorcoran/Library/Developer/Xcode/DerivedData/Fiz-fiflxcjvlfosoebhvlytfgwprkxo/SourcePackages/checkouts/posthog-ios/vendor/libwebp/picture_enc.c normal arm64 c com.apple.compilers.llvm.clang.1_0.compiler (in target 'phlibwebp' from project 'PostHog')
    cd /Users/colbycorcoran/Documents/App\ Development/Fiz/Fiz.xcodeproj
    
    Using response file: /Users/colbycorcoran/Library/Developer/Xcode/DerivedData/Fiz-fiflxcjvlfosoebhvlytfgwprkxo/Build/Intermediates.noindex/PostHog.build/Debug-iphoneos/phlibwebp.build/Objects-normal/arm64/7187679823f38a2a940e0043cdf9d637-common-args.resp
    
    builtin-ScanDependencies -o /Users/colbycorcoran/Library/Developer/Xcode/DerivedData/Fiz-fiflxcjvlfosoebhvlytfgwprkxo/Build/Intermediates.noindex/PostHog.build/Debug-iphoneos/phlibwebp.build/Objects-normal/arm64/picture_enc.o.scan -- /Applications/Xcode.app/Contents/Developer/Toolchains/XcodeDefault.xctoolchain/usr/bin/clang -x c -ivfsstatcache /Users/colbycorcoran/Library/Developer/Xcode/DerivedData/SDKStatCaches.noindex/iphoneos26.2-23C53-3794476bd08197c3e2abd9bb477ef7f7.sdkstatcache -fmessage-length\=0 -fdiagnostics-show-note-include-stack -fmacro-backtrace-limit\=0 -fno-color-diagnostics -fmodules-prune-interval\=86400 -fmodules-prune-after\=345600 -fbuild-session-file\=/Users/colbycorcoran/Library/Developer/Xcode/DerivedData/ModuleCache.noindex/Session.modulevalidation -fmodules-validate-once-per-build-session -Wnon-modular-include-in-framework-module -Werror\=non-modular-include-in-framework-module -Wno-trigraphs -Wno-missing-field-initializers -Wno-missing-prototypes -Wno-return-type -Wno-missing-braces -Wparentheses -Wswitch -Wno-unused-function -Wno-unused-label -Wno-unused-parameter -Wno-unused-variable -Wunused-value -Wno-empty-body -Wno-uninitialized -Wno-unknown-pragmas -w -Wno-shadow -Wno-four-char-constants -Wno-conversion -Wno-constant-conversion -Wno-int-conversion -Wno-bool-conversion -Wno-enum-conversion -Wno-float-conversion -Wno-non-literal-null-conversion -Wno-objc-literal-conversion -Wshorten-64-to-32 -Wpointer-sign -Wno-newline-eof -Wno-implicit-fallthrough -fstrict-aliasing -Wdeprecated-declarations -Wno-sign-conversion -Wno-infinite-recursion -Wno-comma -Wno-block-capture-autoreleasing -Wno-strict-prototypes -Wno-semicolon-before-method-body -index-store-path /Users/colbycorcoran/Library/Developer/Xcode/DerivedData/Fiz-fiflxcjvlfosoebhvlytfgwprkxo/Index.noindex/DataStore @/Users/colbycorcoran/Library/Developer/Xcode/DerivedData/Fiz-fiflxcjvlfosoebhvlytfgwprkxo/Build/Intermediates.noindex/PostHog.build/Debug-iphoneos/phlibwebp.build/Objects-normal/arm64/7187679823f38a2a940e0043cdf9d637-common-args.resp -MMD -MT dependencies -MF /Users/colbycorcoran/Library/Developer/Xcode/DerivedData/Fiz-fiflxcjvlfosoebhvlytfgwprkxo/Build/Intermediates.noindex/PostHog.build/Debug-iphoneos/phlibwebp.build/Objects-normal/arm64/picture_enc.d --serialize-diagnostics /Users/colbycorcoran/Library/Developer/Xcode/DerivedData/Fiz-fiflxcjvlfosoebhvlytfgwprkxo/Build/Intermediates.noindex/PostHog.build/Debug-iphoneos/phlibwebp.build/Objects-normal/arm64/picture_enc.dia -c /Users/colbycorcoran/Library/Developer/Xcode/DerivedData/Fiz-fiflxcjvlfosoebhvlytfgwprkxo/SourcePackages/checkouts/posthog-ios/vendor/libwebp/picture_enc.c -o /Users/colbycorcoran/Library/Developer/Xcode/DerivedData/Fiz-fiflxcjvlfosoebhvlytfgwprkxo/Build/Intermediates.noindex/PostHog.build/Debug-iphoneos/phlibwebp.build/Objects-normal/arm64/picture_enc.o -index-unit-output-path /PostHog.build/Debug-iphoneos/phlibwebp.build/Objects-normal/arm64/picture_enc.o

ScanDependencies /Users/colbycorcoran/Library/Developer/Xcode/DerivedData/Fiz-fiflxcjvlfosoebhvlytfgwprkxo/Build/Intermediates.noindex/PostHog.build/Debug-iphoneos/phlibwebp.build/Objects-normal/arm64/picture_csp_enc.o /Users/colbycorcoran/Library/Developer/Xcode/DerivedData/Fiz-fiflxcjvlfosoebhvlytfgwprkxo/SourcePackages/checkouts/posthog-ios/vendor/libwebp/picture_csp_enc.c normal arm64 c com.apple.compilers.llvm.clang.1_0.compiler (in target 'phlibwebp' from project 'PostHog')
    cd /Users/colbycorcoran/Documents/App\ Development/Fiz/Fiz.xcodeproj
    
    Using response file: /Users/colbycorcoran/Library/Developer/Xcode/DerivedData/Fiz-fiflxcjvlfosoebhvlytfgwprkxo/Build/Intermediates.noindex/PostHog.build/Debug-iphoneos/phlibwebp.build/Objects-normal/arm64/7187679823f38a2a940e0043cdf9d637-common-args.resp
    
    builtin-ScanDependencies -o /Users/colbycorcoran/Library/Developer/Xcode/DerivedData/Fiz-fiflxcjvlfosoebhvlytfgwprkxo/Build/Intermediates.noindex/PostHog.build/Debug-iphoneos/phlibwebp.build/Objects-normal/arm64/picture_csp_enc.o.scan -- /Applications/Xcode.app/Contents/Developer/Toolchains/XcodeDefault.xctoolchain/usr/bin/clang -x c -ivfsstatcache /Users/colbycorcoran/Library/Developer/Xcode/DerivedData/SDKStatCaches.noindex/iphoneos26.2-23C53-3794476bd08197c3e2abd9bb477ef7f7.sdkstatcache -fmessage-length\=0 -fdiagnostics-show-note-include-stack -fmacro-backtrace-limit\=0 -fno-color-diagnostics -fmodules-prune-interval\=86400 -fmodules-prune-after\=345600 -fbuild-session-file\=/Users/colbycorcoran/Library/Developer/Xcode/DerivedData/ModuleCache.noindex/Session.modulevalidation -fmodules-validate-once-per-build-session -Wnon-modular-include-in-framework-module -Werror\=non-modular-include-in-framework-module -Wno-trigraphs -Wno-missing-field-initializers -Wno-missing-prototypes -Wno-return-type -Wno-missing-braces -Wparentheses -Wswitch -Wno-unused-function -Wno-unused-label -Wno-unused-parameter -Wno-unused-variable -Wunused-value -Wno-empty-body -Wno-uninitialized -Wno-unknown-pragmas -w -Wno-shadow -Wno-four-char-constants -Wno-conversion -Wno-constant-conversion -Wno-int-conversion -Wno-bool-conversion -Wno-enum-conversion -Wno-float-conversion -Wno-non-literal-null-conversion -Wno-objc-literal-conversion -Wshorten-64-to-32 -Wpointer-sign -Wno-newline-eof -Wno-implicit-fallthrough -fstrict-aliasing -Wdeprecated-declarations -Wno-sign-conversion -Wno-infinite-recursion -Wno-comma -Wno-block-capture-autoreleasing -Wno-strict-prototypes -Wno-semicolon-before-method-body -index-store-path /Users/colbycorcoran/Library/Developer/Xcode/DerivedData/Fiz-fiflxcjvlfosoebhvlytfgwprkxo/Index.noindex/DataStore @/Users/colbycorcoran/Library/Developer/Xcode/DerivedData/Fiz-fiflxcjvlfosoebhvlytfgwprkxo/Build/Intermediates.noindex/PostHog.build/Debug-iphoneos/phlibwebp.build/Objects-normal/arm64/7187679823f38a2a940e0043cdf9d637-common-args.resp -MMD -MT dependencies -MF /Users/colbycorcoran/Library/Developer/Xcode/DerivedData/Fiz-fiflxcjvlfosoebhvlytfgwprkxo/Build/Intermediates.noindex/PostHog.build/Debug-iphoneos/phlibwebp.build/Objects-normal/arm64/picture_csp_enc.d --serialize-diagnostics /Users/colbycorcoran/Library/Developer/Xcode/DerivedData/Fiz-fiflxcjvlfosoebhvlytfgwprkxo/Build/Intermediates.noindex/PostHog.build/Debug-iphoneos/phlibwebp.build/Objects-normal/arm64/picture_csp_enc.dia -c /Users/colbycorcoran/Library/Developer/Xcode/DerivedData/Fiz-fiflxcjvlfosoebhvlytfgwprkxo/SourcePackages/checkouts/posthog-ios/vendor/libwebp/picture_csp_enc.c -o /Users/colbycorcoran/Library/Developer/Xcode/DerivedData/Fiz-fiflxcjvlfosoebhvlytfgwprkxo/Build/Intermediates.noindex/PostHog.build/Debug-iphoneos/phlibwebp.build/Objects-normal/arm64/picture_csp_enc.o -index-unit-output-path /PostHog.build/Debug-iphoneos/phlibwebp.build/Objects-normal/arm64/picture_csp_enc.o

ScanDependencies /Users/colbycorcoran/Library/Developer/Xcode/DerivedData/Fiz-fiflxcjvlfosoebhvlytfgwprkxo/Build/Intermediates.noindex/PostHog.build/Debug-iphoneos/phlibwebp.build/Objects-normal/arm64/palette.o /Users/colbycorcoran/Library/Developer/Xcode/DerivedData/Fiz-fiflxcjvlfosoebhvlytfgwprkxo/SourcePackages/checkouts/posthog-ios/vendor/libwebp/palette.c normal arm64 c com.apple.compilers.llvm.clang.1_0.compiler (in target 'phlibwebp' from project 'PostHog')
    cd /Users/colbycorcoran/Documents/App\ Development/Fiz/Fiz.xcodeproj
    
    Using response file: /Users/colbycorcoran/Library/Developer/Xcode/DerivedData/Fiz-fiflxcjvlfosoebhvlytfgwprkxo/Build/Intermediates.noindex/PostHog.build/Debug-iphoneos/phlibwebp.build/Objects-normal/arm64/7187679823f38a2a940e0043cdf9d637-common-args.resp
    
    builtin-ScanDependencies -o /Users/colbycorcoran/Library/Developer/Xcode/DerivedData/Fiz-fiflxcjvlfosoebhvlytfgwprkxo/Build/Intermediates.noindex/PostHog.build/Debug-iphoneos/phlibwebp.build/Objects-normal/arm64/palette.o.scan -- /Applications/Xcode.app/Contents/Developer/Toolchains/XcodeDefault.xctoolchain/usr/bin/clang -x c -ivfsstatcache /Users/colbycorcoran/Library/Developer/Xcode/DerivedData/SDKStatCaches.noindex/iphoneos26.2-23C53-3794476bd08197c3e2abd9bb477ef7f7.sdkstatcache -fmessage-length\=0 -fdiagnostics-show-note-include-stack -fmacro-backtrace-limit\=0 -fno-color-diagnostics -fmodules-prune-interval\=86400 -fmodules-prune-after\=345600 -fbuild-session-file\=/Users/colbycorcoran/Library/Developer/Xcode/DerivedData/ModuleCache.noindex/Session.modulevalidation -fmodules-validate-once-per-build-session -Wnon-modular-include-in-framework-module -Werror\=non-modular-include-in-framework-module -Wno-trigraphs -Wno-missing-field-initializers -Wno-missing-prototypes -Wno-return-type -Wno-missing-braces -Wparentheses -Wswitch -Wno-unused-function -Wno-unused-label -Wno-unused-parameter -Wno-unused-variable -Wunused-value -Wno-empty-body -Wno-uninitialized -Wno-unknown-pragmas -w -Wno-shadow -Wno-four-char-constants -Wno-conversion -Wno-constant-conversion -Wno-int-conversion -Wno-bool-conversion -Wno-enum-conversion -Wno-float-conversion -Wno-non-literal-null-conversion -Wno-objc-literal-conversion -Wshorten-64-to-32 -Wpointer-sign -Wno-newline-eof -Wno-implicit-fallthrough -fstrict-aliasing -Wdeprecated-declarations -Wno-sign-conversion -Wno-infinite-recursion -Wno-comma -Wno-block-capture-autoreleasing -Wno-strict-prototypes -Wno-semicolon-before-method-body -index-store-path /Users/colbycorcoran/Library/Developer/Xcode/DerivedData/Fiz-fiflxcjvlfosoebhvlytfgwprkxo/Index.noindex/DataStore @/Users/colbycorcoran/Library/Developer/Xcode/DerivedData/Fiz-fiflxcjvlfosoebhvlytfgwprkxo/Build/Intermediates.noindex/PostHog.build/Debug-iphoneos/phlibwebp.build/Objects-normal/arm64/7187679823f38a2a940e0043cdf9d637-common-args.resp -MMD -MT dependencies -MF /Users/colbycorcoran/Library/Developer/Xcode/DerivedData/Fiz-fiflxcjvlfosoebhvlytfgwprkxo/Build/Intermediates.noindex/PostHog.build/Debug-iphoneos/phlibwebp.build/Objects-normal/arm64/palette.d --serialize-diagnostics /Users/colbycorcoran/Library/Developer/Xcode/DerivedData/Fiz-fiflxcjvlfosoebhvlytfgwprkxo/Build/Intermediates.noindex/PostHog.build/Debug-iphoneos/phlibwebp.build/Objects-normal/arm64/palette.dia -c /Users/colbycorcoran/Library/Developer/Xcode/DerivedData/Fiz-fiflxcjvlfosoebhvlytfgwprkxo/SourcePackages/checkouts/posthog-ios/vendor/libwebp/palette.c -o /Users/colbycorcoran/Library/Developer/Xcode/DerivedData/Fiz-fiflxcjvlfosoebhvlytfgwprkxo/Build/Intermediates.noindex/PostHog.build/Debug-iphoneos/phlibwebp.build/Objects-normal/arm64/palette.o -index-unit-output-path /PostHog.build/Debug-iphoneos/phlibwebp.build/Objects-normal/arm64/palette.o

ScanDependencies /Users/colbycorcoran/Library/Developer/Xcode/DerivedData/Fiz-fiflxcjvlfosoebhvlytfgwprkxo/Build/Intermediates.noindex/PostHog.build/Debug-iphoneos/phlibwebp.build/Objects-normal/arm64/near_lossless_enc.o /Users/colbycorcoran/Library/Developer/Xcode/DerivedData/Fiz-fiflxcjvlfosoebhvlytfgwprkxo/SourcePackages/checkouts/posthog-ios/vendor/libwebp/near_lossless_enc.c normal arm64 c com.apple.compilers.llvm.clang.1_0.compiler (in target 'phlibwebp' from project 'PostHog')
    cd /Users/colbycorcoran/Documents/App\ Development/Fiz/Fiz.xcodeproj
    
    Using response file: /Users/colbycorcoran/Library/Developer/Xcode/DerivedData/Fiz-fiflxcjvlfosoebhvlytfgwprkxo/Build/Intermediates.noindex/PostHog.build/Debug-iphoneos/phlibwebp.build/Objects-normal/arm64/7187679823f38a2a940e0043cdf9d637-common-args.resp
    
    builtin-ScanDependencies -o /Users/colbycorcoran/Library/Developer/Xcode/DerivedData/Fiz-fiflxcjvlfosoebhvlytfgwprkxo/Build/Intermediates.noindex/PostHog.build/Debug-iphoneos/phlibwebp.build/Objects-normal/arm64/near_lossless_enc.o.scan -- /Applications/Xcode.app/Contents/Developer/Toolchains/XcodeDefault.xctoolchain/usr/bin/clang -x c -ivfsstatcache /Users/colbycorcoran/Library/Developer/Xcode/DerivedData/SDKStatCaches.noindex/iphoneos26.2-23C53-3794476bd08197c3e2abd9bb477ef7f7.sdkstatcache -fmessage-length\=0 -fdiagnostics-show-note-include-stack -fmacro-backtrace-limit\=0 -fno-color-diagnostics -fmodules-prune-interval\=86400 -fmodules-prune-after\=345600 -fbuild-session-file\=/Users/colbycorcoran/Library/Developer/Xcode/DerivedData/ModuleCache.noindex/Session.modulevalidation -fmodules-validate-once-per-build-session -Wnon-modular-include-in-framework-module -Werror\=non-modular-include-in-framework-module -Wno-trigraphs -Wno-missing-field-initializers -Wno-missing-prototypes -Wno-return-type -Wno-missing-braces -Wparentheses -Wswitch -Wno-unused-function -Wno-unused-label -Wno-unused-parameter -Wno-unused-variable -Wunused-value -Wno-empty-body -Wno-uninitialized -Wno-unknown-pragmas -w -Wno-shadow -Wno-four-char-constants -Wno-conversion -Wno-constant-conversion -Wno-int-conversion -Wno-bool-conversion -Wno-enum-conversion -Wno-float-conversion -Wno-non-literal-null-conversion -Wno-objc-literal-conversion -Wshorten-64-to-32 -Wpointer-sign -Wno-newline-eof -Wno-implicit-fallthrough -fstrict-aliasing -Wdeprecated-declarations -Wno-sign-conversion -Wno-infinite-recursion -Wno-comma -Wno-block-capture-autoreleasing -Wno-strict-prototypes -Wno-semicolon-before-method-body -index-store-path /Users/colbycorcoran/Library/Developer/Xcode/DerivedData/Fiz-fiflxcjvlfosoebhvlytfgwprkxo/Index.noindex/DataStore @/Users/colbycorcoran/Library/Developer/Xcode/DerivedData/Fiz-fiflxcjvlfosoebhvlytfgwprkxo/Build/Intermediates.noindex/PostHog.build/Debug-iphoneos/phlibwebp.build/Objects-normal/arm64/7187679823f38a2a940e0043cdf9d637-common-args.resp -MMD -MT dependencies -MF /Users/colbycorcoran/Library/Developer/Xcode/DerivedData/Fiz-fiflxcjvlfosoebhvlytfgwprkxo/Build/Intermediates.noindex/PostHog.build/Debug-iphoneos/phlibwebp.build/Objects-normal/arm64/near_lossless_enc.d --serialize-diagnostics /Users/colbycorcoran/Library/Developer/Xcode/DerivedData/Fiz-fiflxcjvlfosoebhvlytfgwprkxo/Build/Intermediates.noindex/PostHog.build/Debug-iphoneos/phlibwebp.build/Objects-normal/arm64/near_lossless_enc.dia -c /Users/colbycorcoran/Library/Developer/Xcode/DerivedData/Fiz-fiflxcjvlfosoebhvlytfgwprkxo/SourcePackages/checkouts/posthog-ios/vendor/libwebp/near_lossless_enc.c -o /Users/colbycorcoran/Library/Developer/Xcode/DerivedData/Fiz-fiflxcjvlfosoebhvlytfgwprkxo/Build/Intermediates.noindex/PostHog.build/Debug-iphoneos/phlibwebp.build/Objects-normal/arm64/near_lossless_enc.o -index-unit-output-path /PostHog.build/Debug-iphoneos/phlibwebp.build/Objects-normal/arm64/near_lossless_enc.o

ScanDependencies /Users/colbycorcoran/Library/Developer/Xcode/DerivedData/Fiz-fiflxcjvlfosoebhvlytfgwprkxo/Build/Intermediates.noindex/PostHog.build/Debug-iphoneos/phlibwebp.build/Objects-normal/arm64/muxread.o /Users/colbycorcoran/Library/Developer/Xcode/DerivedData/Fiz-fiflxcjvlfosoebhvlytfgwprkxo/SourcePackages/checkouts/posthog-ios/vendor/libwebp/muxread.c normal arm64 c com.apple.compilers.llvm.clang.1_0.compiler (in target 'phlibwebp' from project 'PostHog')
    cd /Users/colbycorcoran/Documents/App\ Development/Fiz/Fiz.xcodeproj
    
    Using response file: /Users/colbycorcoran/Library/Developer/Xcode/DerivedData/Fiz-fiflxcjvlfosoebhvlytfgwprkxo/Build/Intermediates.noindex/PostHog.build/Debug-iphoneos/phlibwebp.build/Objects-normal/arm64/7187679823f38a2a940e0043cdf9d637-common-args.resp
    
    builtin-ScanDependencies -o /Users/colbycorcoran/Library/Developer/Xcode/DerivedData/Fiz-fiflxcjvlfosoebhvlytfgwprkxo/Build/Intermediates.noindex/PostHog.build/Debug-iphoneos/phlibwebp.build/Objects-normal/arm64/muxread.o.scan -- /Applications/Xcode.app/Contents/Developer/Toolchains/XcodeDefault.xctoolchain/usr/bin/clang -x c -ivfsstatcache /Users/colbycorcoran/Library/Developer/Xcode/DerivedData/SDKStatCaches.noindex/iphoneos26.2-23C53-3794476bd08197c3e2abd9bb477ef7f7.sdkstatcache -fmessage-length\=0 -fdiagnostics-show-note-include-stack -fmacro-backtrace-limit\=0 -fno-color-diagnostics -fmodules-prune-interval\=86400 -fmodules-prune-after\=345600 -fbuild-session-file\=/Users/colbycorcoran/Library/Developer/Xcode/DerivedData/ModuleCache.noindex/Session.modulevalidation -fmodules-validate-once-per-build-session -Wnon-modular-include-in-framework-module -Werror\=non-modular-include-in-framework-module -Wno-trigraphs -Wno-missing-field-initializers -Wno-missing-prototypes -Wno-return-type -Wno-missing-braces -Wparentheses -Wswitch -Wno-unused-function -Wno-unused-label -Wno-unused-parameter -Wno-unused-variable -Wunused-value -Wno-empty-body -Wno-uninitialized -Wno-unknown-pragmas -w -Wno-shadow -Wno-four-char-constants -Wno-conversion -Wno-constant-conversion -Wno-int-conversion -Wno-bool-conversion -Wno-enum-conversion -Wno-float-conversion -Wno-non-literal-null-conversion -Wno-objc-literal-conversion -Wshorten-64-to-32 -Wpointer-sign -Wno-newline-eof -Wno-implicit-fallthrough -fstrict-aliasing -Wdeprecated-declarations -Wno-sign-conversion -Wno-infinite-recursion -Wno-comma -Wno-block-capture-autoreleasing -Wno-strict-prototypes -Wno-semicolon-before-method-body -index-store-path /Users/colbycorcoran/Library/Developer/Xcode/DerivedData/Fiz-fiflxcjvlfosoebhvlytfgwprkxo/Index.noindex/DataStore @/Users/colbycorcoran/Library/Developer/Xcode/DerivedData/Fiz-fiflxcjvlfosoebhvlytfgwprkxo/Build/Intermediates.noindex/PostHog.build/Debug-iphoneos/phlibwebp.build/Objects-normal/arm64/7187679823f38a2a940e0043cdf9d637-common-args.resp -MMD -MT dependencies -MF /Users/colbycorcoran/Library/Developer/Xcode/DerivedData/Fiz-fiflxcjvlfosoebhvlytfgwprkxo/Build/Intermediates.noindex/PostHog.build/Debug-iphoneos/phlibwebp.build/Objects-normal/arm64/muxread.d --serialize-diagnostics /Users/colbycorcoran/Library/Developer/Xcode/DerivedData/Fiz-fiflxcjvlfosoebhvlytfgwprkxo/Build/Intermediates.noindex/PostHog.build/Debug-iphoneos/phlibwebp.build/Objects-normal/arm64/muxread.dia -c /Users/colbycorcoran/Library/Developer/Xcode/DerivedData/Fiz-fiflxcjvlfosoebhvlytfgwprkxo/SourcePackages/checkouts/posthog-ios/vendor/libwebp/muxread.c -o /Users/colbycorcoran/Library/Developer/Xcode/DerivedData/Fiz-fiflxcjvlfosoebhvlytfgwprkxo/Build/Intermediates.noindex/PostHog.build/Debug-iphoneos/phlibwebp.build/Objects-normal/arm64/muxread.o -index-unit-output-path /PostHog.build/Debug-iphoneos/phlibwebp.build/Objects-normal/arm64/muxread.o

ScanDependencies /Users/colbycorcoran/Library/Developer/Xcode/DerivedData/Fiz-fiflxcjvlfosoebhvlytfgwprkxo/Build/Intermediates.noindex/PostHog.build/Debug-iphoneos/phlibwebp.build/Objects-normal/arm64/muxinternal.o /Users/colbycorcoran/Library/Developer/Xcode/DerivedData/Fiz-fiflxcjvlfosoebhvlytfgwprkxo/SourcePackages/checkouts/posthog-ios/vendor/libwebp/muxinternal.c normal arm64 c com.apple.compilers.llvm.clang.1_0.compiler (in target 'phlibwebp' from project 'PostHog')
    cd /Users/colbycorcoran/Documents/App\ Development/Fiz/Fiz.xcodeproj
    
    Using response file: /Users/colbycorcoran/Library/Developer/Xcode/DerivedData/Fiz-fiflxcjvlfosoebhvlytfgwprkxo/Build/Intermediates.noindex/PostHog.build/Debug-iphoneos/phlibwebp.build/Objects-normal/arm64/7187679823f38a2a940e0043cdf9d637-common-args.resp
    
    builtin-ScanDependencies -o /Users/colbycorcoran/Library/Developer/Xcode/DerivedData/Fiz-fiflxcjvlfosoebhvlytfgwprkxo/Build/Intermediates.noindex/PostHog.build/Debug-iphoneos/phlibwebp.build/Objects-normal/arm64/muxinternal.o.scan -- /Applications/Xcode.app/Contents/Developer/Toolchains/XcodeDefault.xctoolchain/usr/bin/clang -x c -ivfsstatcache /Users/colbycorcoran/Library/Developer/Xcode/DerivedData/SDKStatCaches.noindex/iphoneos26.2-23C53-3794476bd08197c3e2abd9bb477ef7f7.sdkstatcache -fmessage-length\=0 -fdiagnostics-show-note-include-stack -fmacro-backtrace-limit\=0 -fno-color-diagnostics -fmodules-prune-interval\=86400 -fmodules-prune-after\=345600 -fbuild-session-file\=/Users/colbycorcoran/Library/Developer/Xcode/DerivedData/ModuleCache.noindex/Session.modulevalidation -fmodules-validate-once-per-build-session -Wnon-modular-include-in-framework-module -Werror\=non-modular-include-in-framework-module -Wno-trigraphs -Wno-missing-field-initializers -Wno-missing-prototypes -Wno-return-type -Wno-missing-braces -Wparentheses -Wswitch -Wno-unused-function -Wno-unused-label -Wno-unused-parameter -Wno-unused-variable -Wunused-value -Wno-empty-body -Wno-uninitialized -Wno-unknown-pragmas -w -Wno-shadow -Wno-four-char-constants -Wno-conversion -Wno-constant-conversion -Wno-int-conversion -Wno-bool-conversion -Wno-enum-conversion -Wno-float-conversion -Wno-non-literal-null-conversion -Wno-objc-literal-conversion -Wshorten-64-to-32 -Wpointer-sign -Wno-newline-eof -Wno-implicit-fallthrough -fstrict-aliasing -Wdeprecated-declarations -Wno-sign-conversion -Wno-infinite-recursion -Wno-comma -Wno-block-capture-autoreleasing -Wno-strict-prototypes -Wno-semicolon-before-method-body -index-store-path /Users/colbycorcoran/Library/Developer/Xcode/DerivedData/Fiz-fiflxcjvlfosoebhvlytfgwprkxo/Index.noindex/DataStore @/Users/colbycorcoran/Library/Developer/Xcode/DerivedData/Fiz-fiflxcjvlfosoebhvlytfgwprkxo/Build/Intermediates.noindex/PostHog.build/Debug-iphoneos/phlibwebp.build/Objects-normal/arm64/7187679823f38a2a940e0043cdf9d637-common-args.resp -MMD -MT dependencies -MF /Users/colbycorcoran/Library/Developer/Xcode/DerivedData/Fiz-fiflxcjvlfosoebhvlytfgwprkxo/Build/Intermediates.noindex/PostHog.build/Debug-iphoneos/phlibwebp.build/Objects-normal/arm64/muxinternal.d --serialize-diagnostics /Users/colbycorcoran/Library/Developer/Xcode/DerivedData/Fiz-fiflxcjvlfosoebhvlytfgwprkxo/Build/Intermediates.noindex/PostHog.build/Debug-iphoneos/phlibwebp.build/Objects-normal/arm64/muxinternal.dia -c /Users/colbycorcoran/Library/Developer/Xcode/DerivedData/Fiz-fiflxcjvlfosoebhvlytfgwprkxo/SourcePackages/checkouts/posthog-ios/vendor/libwebp/muxinternal.c -o /Users/colbycorcoran/Library/Developer/Xcode/DerivedData/Fiz-fiflxcjvlfosoebhvlytfgwprkxo/Build/Intermediates.noindex/PostHog.build/Debug-iphoneos/phlibwebp.build/Objects-normal/arm64/muxinternal.o -index-unit-output-path /PostHog.build/Debug-iphoneos/phlibwebp.build/Objects-normal/arm64/muxinternal.o

ScanDependencies /Users/colbycorcoran/Library/Developer/Xcode/DerivedData/Fiz-fiflxcjvlfosoebhvlytfgwprkxo/Build/Intermediates.noindex/PostHog.build/Debug-iphoneos/phlibwebp.build/Objects-normal/arm64/muxedit.o /Users/colbycorcoran/Library/Developer/Xcode/DerivedData/Fiz-fiflxcjvlfosoebhvlytfgwprkxo/SourcePackages/checkouts/posthog-ios/vendor/libwebp/muxedit.c normal arm64 c com.apple.compilers.llvm.clang.1_0.compiler (in target 'phlibwebp' from project 'PostHog')
    cd /Users/colbycorcoran/Documents/App\ Development/Fiz/Fiz.xcodeproj
    
    Using response file: /Users/colbycorcoran/Library/Developer/Xcode/DerivedData/Fiz-fiflxcjvlfosoebhvlytfgwprkxo/Build/Intermediates.noindex/PostHog.build/Debug-iphoneos/phlibwebp.build/Objects-normal/arm64/7187679823f38a2a940e0043cdf9d637-common-args.resp
    
    builtin-ScanDependencies -o /Users/colbycorcoran/Library/Developer/Xcode/DerivedData/Fiz-fiflxcjvlfosoebhvlytfgwprkxo/Build/Intermediates.noindex/PostHog.build/Debug-iphoneos/phlibwebp.build/Objects-normal/arm64/muxedit.o.scan -- /Applications/Xcode.app/Contents/Developer/Toolchains/XcodeDefault.xctoolchain/usr/bin/clang -x c -ivfsstatcache /Users/colbycorcoran/Library/Developer/Xcode/DerivedData/SDKStatCaches.noindex/iphoneos26.2-23C53-3794476bd08197c3e2abd9bb477ef7f7.sdkstatcache -fmessage-length\=0 -fdiagnostics-show-note-include-stack -fmacro-backtrace-limit\=0 -fno-color-diagnostics -fmodules-prune-interval\=86400 -fmodules-prune-after\=345600 -fbuild-session-file\=/Users/colbycorcoran/Library/Developer/Xcode/DerivedData/ModuleCache.noindex/Session.modulevalidation -fmodules-validate-once-per-build-session -Wnon-modular-include-in-framework-module -Werror\=non-modular-include-in-framework-module -Wno-trigraphs -Wno-missing-field-initializers -Wno-missing-prototypes -Wno-return-type -Wno-missing-braces -Wparentheses -Wswitch -Wno-unused-function -Wno-unused-label -Wno-unused-parameter -Wno-unused-variable -Wunused-value -Wno-empty-body -Wno-uninitialized -Wno-unknown-pragmas -w -Wno-shadow -Wno-four-char-constants -Wno-conversion -Wno-constant-conversion -Wno-int-conversion -Wno-bool-conversion -Wno-enum-conversion -Wno-float-conversion -Wno-non-literal-null-conversion -Wno-objc-literal-conversion -Wshorten-64-to-32 -Wpointer-sign -Wno-newline-eof -Wno-implicit-fallthrough -fstrict-aliasing -Wdeprecated-declarations -Wno-sign-conversion -Wno-infinite-recursion -Wno-comma -Wno-block-capture-autoreleasing -Wno-strict-prototypes -Wno-semicolon-before-method-body -index-store-path /Users/colbycorcoran/Library/Developer/Xcode/DerivedData/Fiz-fiflxcjvlfosoebhvlytfgwprkxo/Index.noindex/DataStore @/Users/colbycorcoran/Library/Developer/Xcode/DerivedData/Fiz-fiflxcjvlfosoebhvlytfgwprkxo/Build/Intermediates.noindex/PostHog.build/Debug-iphoneos/phlibwebp.build/Objects-normal/arm64/7187679823f38a2a940e0043cdf9d637-common-args.resp -MMD -MT dependencies -MF /Users/colbycorcoran/Library/Developer/Xcode/DerivedData/Fiz-fiflxcjvlfosoebhvlytfgwprkxo/Build/Intermediates.noindex/PostHog.build/Debug-iphoneos/phlibwebp.build/Objects-normal/arm64/muxedit.d --serialize-diagnostics /Users/colbycorcoran/Library/Developer/Xcode/DerivedData/Fiz-fiflxcjvlfosoebhvlytfgwprkxo/Build/Intermediates.noindex/PostHog.build/Debug-iphoneos/phlibwebp.build/Objects-normal/arm64/muxedit.dia -c /Users/colbycorcoran/Library/Developer/Xcode/DerivedData/Fiz-fiflxcjvlfosoebhvlytfgwprkxo/SourcePackages/checkouts/posthog-ios/vendor/libwebp/muxedit.c -o /Users/colbycorcoran/Library/Developer/Xcode/DerivedData/Fiz-fiflxcjvlfosoebhvlytfgwprkxo/Build/Intermediates.noindex/PostHog.build/Debug-iphoneos/phlibwebp.build/Objects-normal/arm64/muxedit.o -index-unit-output-path /PostHog.build/Debug-iphoneos/phlibwebp.build/Objects-normal/arm64/muxedit.o

ScanDependencies /Users/colbycorcoran/Library/Developer/Xcode/DerivedData/Fiz-fiflxcjvlfosoebhvlytfgwprkxo/Build/Intermediates.noindex/PostHog.build/Debug-iphoneos/phlibwebp.build/Objects-normal/arm64/lossless_sse41.o /Users/colbycorcoran/Library/Developer/Xcode/DerivedData/Fiz-fiflxcjvlfosoebhvlytfgwprkxo/SourcePackages/checkouts/posthog-ios/vendor/libwebp/lossless_sse41.c normal arm64 c com.apple.compilers.llvm.clang.1_0.compiler (in target 'phlibwebp' from project 'PostHog')
    cd /Users/colbycorcoran/Documents/App\ Development/Fiz/Fiz.xcodeproj
    
    Using response file: /Users/colbycorcoran/Library/Developer/Xcode/DerivedData/Fiz-fiflxcjvlfosoebhvlytfgwprkxo/Build/Intermediates.noindex/PostHog.build/Debug-iphoneos/phlibwebp.build/Objects-normal/arm64/7187679823f38a2a940e0043cdf9d637-common-args.resp
    
    builtin-ScanDependencies -o /Users/colbycorcoran/Library/Developer/Xcode/DerivedData/Fiz-fiflxcjvlfosoebhvlytfgwprkxo/Build/Intermediates.noindex/PostHog.build/Debug-iphoneos/phlibwebp.build/Objects-normal/arm64/lossless_sse41.o.scan -- /Applications/Xcode.app/Contents/Developer/Toolchains/XcodeDefault.xctoolchain/usr/bin/clang -x c -ivfsstatcache /Users/colbycorcoran/Library/Developer/Xcode/DerivedData/SDKStatCaches.noindex/iphoneos26.2-23C53-3794476bd08197c3e2abd9bb477ef7f7.sdkstatcache -fmessage-length\=0 -fdiagnostics-show-note-include-stack -fmacro-backtrace-limit\=0 -fno-color-diagnostics -fmodules-prune-interval\=86400 -fmodules-prune-after\=345600 -fbuild-session-file\=/Users/colbycorcoran/Library/Developer/Xcode/DerivedData/ModuleCache.noindex/Session.modulevalidation -fmodules-validate-once-per-build-session -Wnon-modular-include-in-framework-module -Werror\=non-modular-include-in-framework-module -Wno-trigraphs -Wno-missing-field-initializers -Wno-missing-prototypes -Wno-return-type -Wno-missing-braces -Wparentheses -Wswitch -Wno-unused-function -Wno-unused-label -Wno-unused-parameter -Wno-unused-variable -Wunused-value -Wno-empty-body -Wno-uninitialized -Wno-unknown-pragmas -w -Wno-shadow -Wno-four-char-constants -Wno-conversion -Wno-constant-conversion -Wno-int-conversion -Wno-bool-conversion -Wno-enum-conversion -Wno-float-conversion -Wno-non-literal-null-conversion -Wno-objc-literal-conversion -Wshorten-64-to-32 -Wpointer-sign -Wno-newline-eof -Wno-implicit-fallthrough -fstrict-aliasing -Wdeprecated-declarations -Wno-sign-conversion -Wno-infinite-recursion -Wno-comma -Wno-block-capture-autoreleasing -Wno-strict-prototypes -Wno-semicolon-before-method-body -index-store-path /Users/colbycorcoran/Library/Developer/Xcode/DerivedData/Fiz-fiflxcjvlfosoebhvlytfgwprkxo/Index.noindex/DataStore @/Users/colbycorcoran/Library/Developer/Xcode/DerivedData/Fiz-fiflxcjvlfosoebhvlytfgwprkxo/Build/Intermediates.noindex/PostHog.build/Debug-iphoneos/phlibwebp.build/Objects-normal/arm64/7187679823f38a2a940e0043cdf9d637-common-args.resp -MMD -MT dependencies -MF /Users/colbycorcoran/Library/Developer/Xcode/DerivedData/Fiz-fiflxcjvlfosoebhvlytfgwprkxo/Build/Intermediates.noindex/PostHog.build/Debug-iphoneos/phlibwebp.build/Objects-normal/arm64/lossless_sse41.d --serialize-diagnostics /Users/colbycorcoran/Library/Developer/Xcode/DerivedData/Fiz-fiflxcjvlfosoebhvlytfgwprkxo/Build/Intermediates.noindex/PostHog.build/Debug-iphoneos/phlibwebp.build/Objects-normal/arm64/lossless_sse41.dia -c /Users/colbycorcoran/Library/Developer/Xcode/DerivedData/Fiz-fiflxcjvlfosoebhvlytfgwprkxo/SourcePackages/checkouts/posthog-ios/vendor/libwebp/lossless_sse41.c -o /Users/colbycorcoran/Library/Developer/Xcode/DerivedData/Fiz-fiflxcjvlfosoebhvlytfgwprkxo/Build/Intermediates.noindex/PostHog.build/Debug-iphoneos/phlibwebp.build/Objects-normal/arm64/lossless_sse41.o -index-unit-output-path /PostHog.build/Debug-iphoneos/phlibwebp.build/Objects-normal/arm64/lossless_sse41.o

ScanDependencies /Users/colbycorcoran/Library/Developer/Xcode/DerivedData/Fiz-fiflxcjvlfosoebhvlytfgwprkxo/Build/Intermediates.noindex/PostHog.build/Debug-iphoneos/phlibwebp.build/Objects-normal/arm64/lossless_sse2.o /Users/colbycorcoran/Library/Developer/Xcode/DerivedData/Fiz-fiflxcjvlfosoebhvlytfgwprkxo/SourcePackages/checkouts/posthog-ios/vendor/libwebp/lossless_sse2.c normal arm64 c com.apple.compilers.llvm.clang.1_0.compiler (in target 'phlibwebp' from project 'PostHog')
    cd /Users/colbycorcoran/Documents/App\ Development/Fiz/Fiz.xcodeproj
    
    Using response file: /Users/colbycorcoran/Library/Developer/Xcode/DerivedData/Fiz-fiflxcjvlfosoebhvlytfgwprkxo/Build/Intermediates.noindex/PostHog.build/Debug-iphoneos/phlibwebp.build/Objects-normal/arm64/7187679823f38a2a940e0043cdf9d637-common-args.resp
    
    builtin-ScanDependencies -o /Users/colbycorcoran/Library/Developer/Xcode/DerivedData/Fiz-fiflxcjvlfosoebhvlytfgwprkxo/Build/Intermediates.noindex/PostHog.build/Debug-iphoneos/phlibwebp.build/Objects-normal/arm64/lossless_sse2.o.scan -- /Applications/Xcode.app/Contents/Developer/Toolchains/XcodeDefault.xctoolchain/usr/bin/clang -x c -ivfsstatcache /Users/colbycorcoran/Library/Developer/Xcode/DerivedData/SDKStatCaches.noindex/iphoneos26.2-23C53-3794476bd08197c3e2abd9bb477ef7f7.sdkstatcache -fmessage-length\=0 -fdiagnostics-show-note-include-stack -fmacro-backtrace-limit\=0 -fno-color-diagnostics -fmodules-prune-interval\=86400 -fmodules-prune-after\=345600 -fbuild-session-file\=/Users/colbycorcoran/Library/Developer/Xcode/DerivedData/ModuleCache.noindex/Session.modulevalidation -fmodules-validate-once-per-build-session -Wnon-modular-include-in-framework-module -Werror\=non-modular-include-in-framework-module -Wno-trigraphs -Wno-missing-field-initializers -Wno-missing-prototypes -Wno-return-type -Wno-missing-braces -Wparentheses -Wswitch -Wno-unused-function -Wno-unused-label -Wno-unused-parameter -Wno-unused-variable -Wunused-value -Wno-empty-body -Wno-uninitialized -Wno-unknown-pragmas -w -Wno-shadow -Wno-four-char-constants -Wno-conversion -Wno-constant-conversion -Wno-int-conversion -Wno-bool-conversion -Wno-enum-conversion -Wno-float-conversion -Wno-non-literal-null-conversion -Wno-objc-literal-conversion -Wshorten-64-to-32 -Wpointer-sign -Wno-newline-eof -Wno-implicit-fallthrough -fstrict-aliasing -Wdeprecated-declarations -Wno-sign-conversion -Wno-infinite-recursion -Wno-comma -Wno-block-capture-autoreleasing -Wno-strict-prototypes -Wno-semicolon-before-method-body -index-store-path /Users/colbycorcoran/Library/Developer/Xcode/DerivedData/Fiz-fiflxcjvlfosoebhvlytfgwprkxo/Index.noindex/DataStore @/Users/colbycorcoran/Library/Developer/Xcode/DerivedData/Fiz-fiflxcjvlfosoebhvlytfgwprkxo/Build/Intermediates.noindex/PostHog.build/Debug-iphoneos/phlibwebp.build/Objects-normal/arm64/7187679823f38a2a940e0043cdf9d637-common-args.resp -MMD -MT dependencies -MF /Users/colbycorcoran/Library/Developer/Xcode/DerivedData/Fiz-fiflxcjvlfosoebhvlytfgwprkxo/Build/Intermediates.noindex/PostHog.build/Debug-iphoneos/phlibwebp.build/Objects-normal/arm64/lossless_sse2.d --serialize-diagnostics /Users/colbycorcoran/Library/Developer/Xcode/DerivedData/Fiz-fiflxcjvlfosoebhvlytfgwprkxo/Build/Intermediates.noindex/PostHog.build/Debug-iphoneos/phlibwebp.build/Objects-normal/arm64/lossless_sse2.dia -c /Users/colbycorcoran/Library/Developer/Xcode/DerivedData/Fiz-fiflxcjvlfosoebhvlytfgwprkxo/SourcePackages/checkouts/posthog-ios/vendor/libwebp/lossless_sse2.c -o /Users/colbycorcoran/Library/Developer/Xcode/DerivedData/Fiz-fiflxcjvlfosoebhvlytfgwprkxo/Build/Intermediates.noindex/PostHog.build/Debug-iphoneos/phlibwebp.build/Objects-normal/arm64/lossless_sse2.o -index-unit-output-path /PostHog.build/Debug-iphoneos/phlibwebp.build/Objects-normal/arm64/lossless_sse2.o

ScanDependencies /Users/colbycorcoran/Library/Developer/Xcode/DerivedData/Fiz-fiflxcjvlfosoebhvlytfgwprkxo/Build/Intermediates.noindex/PostHog.build/Debug-iphoneos/phlibwebp.build/Objects-normal/arm64/lossless_neon.o /Users/colbycorcoran/Library/Developer/Xcode/DerivedData/Fiz-fiflxcjvlfosoebhvlytfgwprkxo/SourcePackages/checkouts/posthog-ios/vendor/libwebp/lossless_neon.c normal arm64 c com.apple.compilers.llvm.clang.1_0.compiler (in target 'phlibwebp' from project 'PostHog')
    cd /Users/colbycorcoran/Documents/App\ Development/Fiz/Fiz.xcodeproj
    
    Using response file: /Users/colbycorcoran/Library/Developer/Xcode/DerivedData/Fiz-fiflxcjvlfosoebhvlytfgwprkxo/Build/Intermediates.noindex/PostHog.build/Debug-iphoneos/phlibwebp.build/Objects-normal/arm64/7187679823f38a2a940e0043cdf9d637-common-args.resp
    
    builtin-ScanDependencies -o /Users/colbycorcoran/Library/Developer/Xcode/DerivedData/Fiz-fiflxcjvlfosoebhvlytfgwprkxo/Build/Intermediates.noindex/PostHog.build/Debug-iphoneos/phlibwebp.build/Objects-normal/arm64/lossless_neon.o.scan -- /Applications/Xcode.app/Contents/Developer/Toolchains/XcodeDefault.xctoolchain/usr/bin/clang -x c -ivfsstatcache /Users/colbycorcoran/Library/Developer/Xcode/DerivedData/SDKStatCaches.noindex/iphoneos26.2-23C53-3794476bd08197c3e2abd9bb477ef7f7.sdkstatcache -fmessage-length\=0 -fdiagnostics-show-note-include-stack -fmacro-backtrace-limit\=0 -fno-color-diagnostics -fmodules-prune-interval\=86400 -fmodules-prune-after\=345600 -fbuild-session-file\=/Users/colbycorcoran/Library/Developer/Xcode/DerivedData/ModuleCache.noindex/Session.modulevalidation -fmodules-validate-once-per-build-session -Wnon-modular-include-in-framework-module -Werror\=non-modular-include-in-framework-module -Wno-trigraphs -Wno-missing-field-initializers -Wno-missing-prototypes -Wno-return-type -Wno-missing-braces -Wparentheses -Wswitch -Wno-unused-function -Wno-unused-label -Wno-unused-parameter -Wno-unused-variable -Wunused-value -Wno-empty-body -Wno-uninitialized -Wno-unknown-pragmas -w -Wno-shadow -Wno-four-char-constants -Wno-conversion -Wno-constant-conversion -Wno-int-conversion -Wno-bool-conversion -Wno-enum-conversion -Wno-float-conversion -Wno-non-literal-null-conversion -Wno-objc-literal-conversion -Wshorten-64-to-32 -Wpointer-sign -Wno-newline-eof -Wno-implicit-fallthrough -fstrict-aliasing -Wdeprecated-declarations -Wno-sign-conversion -Wno-infinite-recursion -Wno-comma -Wno-block-capture-autoreleasing -Wno-strict-prototypes -Wno-semicolon-before-method-body -index-store-path /Users/colbycorcoran/Library/Developer/Xcode/DerivedData/Fiz-fiflxcjvlfosoebhvlytfgwprkxo/Index.noindex/DataStore @/Users/colbycorcoran/Library/Developer/Xcode/DerivedData/Fiz-fiflxcjvlfosoebhvlytfgwprkxo/Build/Intermediates.noindex/PostHog.build/Debug-iphoneos/phlibwebp.build/Objects-normal/arm64/7187679823f38a2a940e0043cdf9d637-common-args.resp -MMD -MT dependencies -MF /Users/colbycorcoran/Library/Developer/Xcode/DerivedData/Fiz-fiflxcjvlfosoebhvlytfgwprkxo/Build/Intermediates.noindex/PostHog.build/Debug-iphoneos/phlibwebp.build/Objects-normal/arm64/lossless_neon.d --serialize-diagnostics /Users/colbycorcoran/Library/Developer/Xcode/DerivedData/Fiz-fiflxcjvlfosoebhvlytfgwprkxo/Build/Intermediates.noindex/PostHog.build/Debug-iphoneos/phlibwebp.build/Objects-normal/arm64/lossless_neon.dia -c /Users/colbycorcoran/Library/Developer/Xcode/DerivedData/Fiz-fiflxcjvlfosoebhvlytfgwprkxo/SourcePackages/checkouts/posthog-ios/vendor/libwebp/lossless_neon.c -o /Users/colbycorcoran/Library/Developer/Xcode/DerivedData/Fiz-fiflxcjvlfosoebhvlytfgwprkxo/Build/Intermediates.noindex/PostHog.build/Debug-iphoneos/phlibwebp.build/Objects-normal/arm64/lossless_neon.o -index-unit-output-path /PostHog.build/Debug-iphoneos/phlibwebp.build/Objects-normal/arm64/lossless_neon.o

ScanDependencies /Users/colbycorcoran/Library/Developer/Xcode/DerivedData/Fiz-fiflxcjvlfosoebhvlytfgwprkxo/Build/Intermediates.noindex/PostHog.build/Debug-iphoneos/phlibwebp.build/Objects-normal/arm64/lossless_enc_sse41.o /Users/colbycorcoran/Library/Developer/Xcode/DerivedData/Fiz-fiflxcjvlfosoebhvlytfgwprkxo/SourcePackages/checkouts/posthog-ios/vendor/libwebp/lossless_enc_sse41.c normal arm64 c com.apple.compilers.llvm.clang.1_0.compiler (in target 'phlibwebp' from project 'PostHog')
    cd /Users/colbycorcoran/Documents/App\ Development/Fiz/Fiz.xcodeproj
    
    Using response file: /Users/colbycorcoran/Library/Developer/Xcode/DerivedData/Fiz-fiflxcjvlfosoebhvlytfgwprkxo/Build/Intermediates.noindex/PostHog.build/Debug-iphoneos/phlibwebp.build/Objects-normal/arm64/7187679823f38a2a940e0043cdf9d637-common-args.resp
    
    builtin-ScanDependencies -o /Users/colbycorcoran/Library/Developer/Xcode/DerivedData/Fiz-fiflxcjvlfosoebhvlytfgwprkxo/Build/Intermediates.noindex/PostHog.build/Debug-iphoneos/phlibwebp.build/Objects-normal/arm64/lossless_enc_sse41.o.scan -- /Applications/Xcode.app/Contents/Developer/Toolchains/XcodeDefault.xctoolchain/usr/bin/clang -x c -ivfsstatcache /Users/colbycorcoran/Library/Developer/Xcode/DerivedData/SDKStatCaches.noindex/iphoneos26.2-23C53-3794476bd08197c3e2abd9bb477ef7f7.sdkstatcache -fmessage-length\=0 -fdiagnostics-show-note-include-stack -fmacro-backtrace-limit\=0 -fno-color-diagnostics -fmodules-prune-interval\=86400 -fmodules-prune-after\=345600 -fbuild-session-file\=/Users/colbycorcoran/Library/Developer/Xcode/DerivedData/ModuleCache.noindex/Session.modulevalidation -fmodules-validate-once-per-build-session -Wnon-modular-include-in-framework-module -Werror\=non-modular-include-in-framework-module -Wno-trigraphs -Wno-missing-field-initializers -Wno-missing-prototypes -Wno-return-type -Wno-missing-braces -Wparentheses -Wswitch -Wno-unused-function -Wno-unused-label -Wno-unused-parameter -Wno-unused-variable -Wunused-value -Wno-empty-body -Wno-uninitialized -Wno-unknown-pragmas -w -Wno-shadow -Wno-four-char-constants -Wno-conversion -Wno-constant-conversion -Wno-int-conversion -Wno-bool-conversion -Wno-enum-conversion -Wno-float-conversion -Wno-non-literal-null-conversion -Wno-objc-literal-conversion -Wshorten-64-to-32 -Wpointer-sign -Wno-newline-eof -Wno-implicit-fallthrough -fstrict-aliasing -Wdeprecated-declarations -Wno-sign-conversion -Wno-infinite-recursion -Wno-comma -Wno-block-capture-autoreleasing -Wno-strict-prototypes -Wno-semicolon-before-method-body -index-store-path /Users/colbycorcoran/Library/Developer/Xcode/DerivedData/Fiz-fiflxcjvlfosoebhvlytfgwprkxo/Index.noindex/DataStore @/Users/colbycorcoran/Library/Developer/Xcode/DerivedData/Fiz-fiflxcjvlfosoebhvlytfgwprkxo/Build/Intermediates.noindex/PostHog.build/Debug-iphoneos/phlibwebp.build/Objects-normal/arm64/7187679823f38a2a940e0043cdf9d637-common-args.resp -MMD -MT dependencies -MF /Users/colbycorcoran/Library/Developer/Xcode/DerivedData/Fiz-fiflxcjvlfosoebhvlytfgwprkxo/Build/Intermediates.noindex/PostHog.build/Debug-iphoneos/phlibwebp.build/Objects-normal/arm64/lossless_enc_sse41.d --serialize-diagnostics /Users/colbycorcoran/Library/Developer/Xcode/DerivedData/Fiz-fiflxcjvlfosoebhvlytfgwprkxo/Build/Intermediates.noindex/PostHog.build/Debug-iphoneos/phlibwebp.build/Objects-normal/arm64/lossless_enc_sse41.dia -c /Users/colbycorcoran/Library/Developer/Xcode/DerivedData/Fiz-fiflxcjvlfosoebhvlytfgwprkxo/SourcePackages/checkouts/posthog-ios/vendor/libwebp/lossless_enc_sse41.c -o /Users/colbycorcoran/Library/Developer/Xcode/DerivedData/Fiz-fiflxcjvlfosoebhvlytfgwprkxo/Build/Intermediates.noindex/PostHog.build/Debug-iphoneos/phlibwebp.build/Objects-normal/arm64/lossless_enc_sse41.o -index-unit-output-path /PostHog.build/Debug-iphoneos/phlibwebp.build/Objects-normal/arm64/lossless_enc_sse41.o

ScanDependencies /Users/colbycorcoran/Library/Developer/Xcode/DerivedData/Fiz-fiflxcjvlfosoebhvlytfgwprkxo/Build/Intermediates.noindex/PostHog.build/Debug-iphoneos/phlibwebp.build/Objects-normal/arm64/lossless_enc_sse2.o /Users/colbycorcoran/Library/Developer/Xcode/DerivedData/Fiz-fiflxcjvlfosoebhvlytfgwprkxo/SourcePackages/checkouts/posthog-ios/vendor/libwebp/lossless_enc_sse2.c normal arm64 c com.apple.compilers.llvm.clang.1_0.compiler (in target 'phlibwebp' from project 'PostHog')
    cd /Users/colbycorcoran/Documents/App\ Development/Fiz/Fiz.xcodeproj
    
    Using response file: /Users/colbycorcoran/Library/Developer/Xcode/DerivedData/Fiz-fiflxcjvlfosoebhvlytfgwprkxo/Build/Intermediates.noindex/PostHog.build/Debug-iphoneos/phlibwebp.build/Objects-normal/arm64/7187679823f38a2a940e0043cdf9d637-common-args.resp
    
    builtin-ScanDependencies -o /Users/colbycorcoran/Library/Developer/Xcode/DerivedData/Fiz-fiflxcjvlfosoebhvlytfgwprkxo/Build/Intermediates.noindex/PostHog.build/Debug-iphoneos/phlibwebp.build/Objects-normal/arm64/lossless_enc_sse2.o.scan -- /Applications/Xcode.app/Contents/Developer/Toolchains/XcodeDefault.xctoolchain/usr/bin/clang -x c -ivfsstatcache /Users/colbycorcoran/Library/Developer/Xcode/DerivedData/SDKStatCaches.noindex/iphoneos26.2-23C53-3794476bd08197c3e2abd9bb477ef7f7.sdkstatcache -fmessage-length\=0 -fdiagnostics-show-note-include-stack -fmacro-backtrace-limit\=0 -fno-color-diagnostics -fmodules-prune-interval\=86400 -fmodules-prune-after\=345600 -fbuild-session-file\=/Users/colbycorcoran/Library/Developer/Xcode/DerivedData/ModuleCache.noindex/Session.modulevalidation -fmodules-validate-once-per-build-session -Wnon-modular-include-in-framework-module -Werror\=non-modular-include-in-framework-module -Wno-trigraphs -Wno-missing-field-initializers -Wno-missing-prototypes -Wno-return-type -Wno-missing-braces -Wparentheses -Wswitch -Wno-unused-function -Wno-unused-label -Wno-unused-parameter -Wno-unused-variable -Wunused-value -Wno-empty-body -Wno-uninitialized -Wno-unknown-pragmas -w -Wno-shadow -Wno-four-char-constants -Wno-conversion -Wno-constant-conversion -Wno-int-conversion -Wno-bool-conversion -Wno-enum-conversion -Wno-float-conversion -Wno-non-literal-null-conversion -Wno-objc-literal-conversion -Wshorten-64-to-32 -Wpointer-sign -Wno-newline-eof -Wno-implicit-fallthrough -fstrict-aliasing -Wdeprecated-declarations -Wno-sign-conversion -Wno-infinite-recursion -Wno-comma -Wno-block-capture-autoreleasing -Wno-strict-prototypes -Wno-semicolon-before-method-body -index-store-path /Users/colbycorcoran/Library/Developer/Xcode/DerivedData/Fiz-fiflxcjvlfosoebhvlytfgwprkxo/Index.noindex/DataStore @/Users/colbycorcoran/Library/Developer/Xcode/DerivedData/Fiz-fiflxcjvlfosoebhvlytfgwprkxo/Build/Intermediates.noindex/PostHog.build/Debug-iphoneos/phlibwebp.build/Objects-normal/arm64/7187679823f38a2a940e0043cdf9d637-common-args.resp -MMD -MT dependencies -MF /Users/colbycorcoran/Library/Developer/Xcode/DerivedData/Fiz-fiflxcjvlfosoebhvlytfgwprkxo/Build/Intermediates.noindex/PostHog.build/Debug-iphoneos/phlibwebp.build/Objects-normal/arm64/lossless_enc_sse2.d --serialize-diagnostics /Users/colbycorcoran/Library/Developer/Xcode/DerivedData/Fiz-fiflxcjvlfosoebhvlytfgwprkxo/Build/Intermediates.noindex/PostHog.build/Debug-iphoneos/phlibwebp.build/Objects-normal/arm64/lossless_enc_sse2.dia -c /Users/colbycorcoran/Library/Developer/Xcode/DerivedData/Fiz-fiflxcjvlfosoebhvlytfgwprkxo/SourcePackages/checkouts/posthog-ios/vendor/libwebp/lossless_enc_sse2.c -o /Users/colbycorcoran/Library/Developer/Xcode/DerivedData/Fiz-fiflxcjvlfosoebhvlytfgwprkxo/Build/Intermediates.noindex/PostHog.build/Debug-iphoneos/phlibwebp.build/Objects-normal/arm64/lossless_enc_sse2.o -index-unit-output-path /PostHog.build/Debug-iphoneos/phlibwebp.build/Objects-normal/arm64/lossless_enc_sse2.o

ScanDependencies /Users/colbycorcoran/Library/Developer/Xcode/DerivedData/Fiz-fiflxcjvlfosoebhvlytfgwprkxo/Build/Intermediates.noindex/PostHog.build/Debug-iphoneos/phlibwebp.build/Objects-normal/arm64/lossless_enc_neon.o /Users/colbycorcoran/Library/Developer/Xcode/DerivedData/Fiz-fiflxcjvlfosoebhvlytfgwprkxo/SourcePackages/checkouts/posthog-ios/vendor/libwebp/lossless_enc_neon.c normal arm64 c com.apple.compilers.llvm.clang.1_0.compiler (in target 'phlibwebp' from project 'PostHog')
    cd /Users/colbycorcoran/Documents/App\ Development/Fiz/Fiz.xcodeproj
    
    Using response file: /Users/colbycorcoran/Library/Developer/Xcode/DerivedData/Fiz-fiflxcjvlfosoebhvlytfgwprkxo/Build/Intermediates.noindex/PostHog.build/Debug-iphoneos/phlibwebp.build/Objects-normal/arm64/7187679823f38a2a940e0043cdf9d637-common-args.resp
    
    builtin-ScanDependencies -o /Users/colbycorcoran/Library/Developer/Xcode/DerivedData/Fiz-fiflxcjvlfosoebhvlytfgwprkxo/Build/Intermediates.noindex/PostHog.build/Debug-iphoneos/phlibwebp.build/Objects-normal/arm64/lossless_enc_neon.o.scan -- /Applications/Xcode.app/Contents/Developer/Toolchains/XcodeDefault.xctoolchain/usr/bin/clang -x c -ivfsstatcache /Users/colbycorcoran/Library/Developer/Xcode/DerivedData/SDKStatCaches.noindex/iphoneos26.2-23C53-3794476bd08197c3e2abd9bb477ef7f7.sdkstatcache -fmessage-length\=0 -fdiagnostics-show-note-include-stack -fmacro-backtrace-limit\=0 -fno-color-diagnostics -fmodules-prune-interval\=86400 -fmodules-prune-after\=345600 -fbuild-session-file\=/Users/colbycorcoran/Library/Developer/Xcode/DerivedData/ModuleCache.noindex/Session.modulevalidation -fmodules-validate-once-per-build-session -Wnon-modular-include-in-framework-module -Werror\=non-modular-include-in-framework-module -Wno-trigraphs -Wno-missing-field-initializers -Wno-missing-prototypes -Wno-return-type -Wno-missing-braces -Wparentheses -Wswitch -Wno-unused-function -Wno-unused-label -Wno-unused-parameter -Wno-unused-variable -Wunused-value -Wno-empty-body -Wno-uninitialized -Wno-unknown-pragmas -w -Wno-shadow -Wno-four-char-constants -Wno-conversion -Wno-constant-conversion -Wno-int-conversion -Wno-bool-conversion -Wno-enum-conversion -Wno-float-conversion -Wno-non-literal-null-conversion -Wno-objc-literal-conversion -Wshorten-64-to-32 -Wpointer-sign -Wno-newline-eof -Wno-implicit-fallthrough -fstrict-aliasing -Wdeprecated-declarations -Wno-sign-conversion -Wno-infinite-recursion -Wno-comma -Wno-block-capture-autoreleasing -Wno-strict-prototypes -Wno-semicolon-before-method-body -index-store-path /Users/colbycorcoran/Library/Developer/Xcode/DerivedData/Fiz-fiflxcjvlfosoebhvlytfgwprkxo/Index.noindex/DataStore @/Users/colbycorcoran/Library/Developer/Xcode/DerivedData/Fiz-fiflxcjvlfosoebhvlytfgwprkxo/Build/Intermediates.noindex/PostHog.build/Debug-iphoneos/phlibwebp.build/Objects-normal/arm64/7187679823f38a2a940e0043cdf9d637-common-args.resp -MMD -MT dependencies -MF /Users/colbycorcoran/Library/Developer/Xcode/DerivedData/Fiz-fiflxcjvlfosoebhvlytfgwprkxo/Build/Intermediates.noindex/PostHog.build/Debug-iphoneos/phlibwebp.build/Objects-normal/arm64/lossless_enc_neon.d --serialize-diagnostics /Users/colbycorcoran/Library/Developer/Xcode/DerivedData/Fiz-fiflxcjvlfosoebhvlytfgwprkxo/Build/Intermediates.noindex/PostHog.build/Debug-iphoneos/phlibwebp.build/Objects-normal/arm64/lossless_enc_neon.dia -c /Users/colbycorcoran/Library/Developer/Xcode/DerivedData/Fiz-fiflxcjvlfosoebhvlytfgwprkxo/SourcePackages/checkouts/posthog-ios/vendor/libwebp/lossless_enc_neon.c -o /Users/colbycorcoran/Library/Developer/Xcode/DerivedData/Fiz-fiflxcjvlfosoebhvlytfgwprkxo/Build/Intermediates.noindex/PostHog.build/Debug-iphoneos/phlibwebp.build/Objects-normal/arm64/lossless_enc_neon.o -index-unit-output-path /PostHog.build/Debug-iphoneos/phlibwebp.build/Objects-normal/arm64/lossless_enc_neon.o

ScanDependencies /Users/colbycorcoran/Library/Developer/Xcode/DerivedData/Fiz-fiflxcjvlfosoebhvlytfgwprkxo/Build/Intermediates.noindex/PostHog.build/Debug-iphoneos/phlibwebp.build/Objects-normal/arm64/lossless_enc.o /Users/colbycorcoran/Library/Developer/Xcode/DerivedData/Fiz-fiflxcjvlfosoebhvlytfgwprkxo/SourcePackages/checkouts/posthog-ios/vendor/libwebp/lossless_enc.c normal arm64 c com.apple.compilers.llvm.clang.1_0.compiler (in target 'phlibwebp' from project 'PostHog')
    cd /Users/colbycorcoran/Documents/App\ Development/Fiz/Fiz.xcodeproj
    
    Using response file: /Users/colbycorcoran/Library/Developer/Xcode/DerivedData/Fiz-fiflxcjvlfosoebhvlytfgwprkxo/Build/Intermediates.noindex/PostHog.build/Debug-iphoneos/phlibwebp.build/Objects-normal/arm64/7187679823f38a2a940e0043cdf9d637-common-args.resp
    
    builtin-ScanDependencies -o /Users/colbycorcoran/Library/Developer/Xcode/DerivedData/Fiz-fiflxcjvlfosoebhvlytfgwprkxo/Build/Intermediates.noindex/PostHog.build/Debug-iphoneos/phlibwebp.build/Objects-normal/arm64/lossless_enc.o.scan -- /Applications/Xcode.app/Contents/Developer/Toolchains/XcodeDefault.xctoolchain/usr/bin/clang -x c -ivfsstatcache /Users/colbycorcoran/Library/Developer/Xcode/DerivedData/SDKStatCaches.noindex/iphoneos26.2-23C53-3794476bd08197c3e2abd9bb477ef7f7.sdkstatcache -fmessage-length\=0 -fdiagnostics-show-note-include-stack -fmacro-backtrace-limit\=0 -fno-color-diagnostics -fmodules-prune-interval\=86400 -fmodules-prune-after\=345600 -fbuild-session-file\=/Users/colbycorcoran/Library/Developer/Xcode/DerivedData/ModuleCache.noindex/Session.modulevalidation -fmodules-validate-once-per-build-session -Wnon-modular-include-in-framework-module -Werror\=non-modular-include-in-framework-module -Wno-trigraphs -Wno-missing-field-initializers -Wno-missing-prototypes -Wno-return-type -Wno-missing-braces -Wparentheses -Wswitch -Wno-unused-function -Wno-unused-label -Wno-unused-parameter -Wno-unused-variable -Wunused-value -Wno-empty-body -Wno-uninitialized -Wno-unknown-pragmas -w -Wno-shadow -Wno-four-char-constants -Wno-conversion -Wno-constant-conversion -Wno-int-conversion -Wno-bool-conversion -Wno-enum-conversion -Wno-float-conversion -Wno-non-literal-null-conversion -Wno-objc-literal-conversion -Wshorten-64-to-32 -Wpointer-sign -Wno-newline-eof -Wno-implicit-fallthrough -fstrict-aliasing -Wdeprecated-declarations -Wno-sign-conversion -Wno-infinite-recursion -Wno-comma -Wno-block-capture-autoreleasing -Wno-strict-prototypes -Wno-semicolon-before-method-body -index-store-path /Users/colbycorcoran/Library/Developer/Xcode/DerivedData/Fiz-fiflxcjvlfosoebhvlytfgwprkxo/Index.noindex/DataStore @/Users/colbycorcoran/Library/Developer/Xcode/DerivedData/Fiz-fiflxcjvlfosoebhvlytfgwprkxo/Build/Intermediates.noindex/PostHog.build/Debug-iphoneos/phlibwebp.build/Objects-normal/arm64/7187679823f38a2a940e0043cdf9d637-common-args.resp -MMD -MT dependencies -MF /Users/colbycorcoran/Library/Developer/Xcode/DerivedData/Fiz-fiflxcjvlfosoebhvlytfgwprkxo/Build/Intermediates.noindex/PostHog.build/Debug-iphoneos/phlibwebp.build/Objects-normal/arm64/lossless_enc.d --serialize-diagnostics /Users/colbycorcoran/Library/Developer/Xcode/DerivedData/Fiz-fiflxcjvlfosoebhvlytfgwprkxo/Build/Intermediates.noindex/PostHog.build/Debug-iphoneos/phlibwebp.build/Objects-normal/arm64/lossless_enc.dia -c /Users/colbycorcoran/Library/Developer/Xcode/DerivedData/Fiz-fiflxcjvlfosoebhvlytfgwprkxo/SourcePackages/checkouts/posthog-ios/vendor/libwebp/lossless_enc.c -o /Users/colbycorcoran/Library/Developer/Xcode/DerivedData/Fiz-fiflxcjvlfosoebhvlytfgwprkxo/Build/Intermediates.noindex/PostHog.build/Debug-iphoneos/phlibwebp.build/Objects-normal/arm64/lossless_enc.o -index-unit-output-path /PostHog.build/Debug-iphoneos/phlibwebp.build/Objects-normal/arm64/lossless_enc.o

ScanDependencies /Users/colbycorcoran/Library/Developer/Xcode/DerivedData/Fiz-fiflxcjvlfosoebhvlytfgwprkxo/Build/Intermediates.noindex/PostHog.build/Debug-iphoneos/phlibwebp.build/Objects-normal/arm64/lossless.o /Users/colbycorcoran/Library/Developer/Xcode/DerivedData/Fiz-fiflxcjvlfosoebhvlytfgwprkxo/SourcePackages/checkouts/posthog-ios/vendor/libwebp/lossless.c normal arm64 c com.apple.compilers.llvm.clang.1_0.compiler (in target 'phlibwebp' from project 'PostHog')
    cd /Users/colbycorcoran/Documents/App\ Development/Fiz/Fiz.xcodeproj
    
    Using response file: /Users/colbycorcoran/Library/Developer/Xcode/DerivedData/Fiz-fiflxcjvlfosoebhvlytfgwprkxo/Build/Intermediates.noindex/PostHog.build/Debug-iphoneos/phlibwebp.build/Objects-normal/arm64/7187679823f38a2a940e0043cdf9d637-common-args.resp
    
    builtin-ScanDependencies -o /Users/colbycorcoran/Library/Developer/Xcode/DerivedData/Fiz-fiflxcjvlfosoebhvlytfgwprkxo/Build/Intermediates.noindex/PostHog.build/Debug-iphoneos/phlibwebp.build/Objects-normal/arm64/lossless.o.scan -- /Applications/Xcode.app/Contents/Developer/Toolchains/XcodeDefault.xctoolchain/usr/bin/clang -x c -ivfsstatcache /Users/colbycorcoran/Library/Developer/Xcode/DerivedData/SDKStatCaches.noindex/iphoneos26.2-23C53-3794476bd08197c3e2abd9bb477ef7f7.sdkstatcache -fmessage-length\=0 -fdiagnostics-show-note-include-stack -fmacro-backtrace-limit\=0 -fno-color-diagnostics -fmodules-prune-interval\=86400 -fmodules-prune-after\=345600 -fbuild-session-file\=/Users/colbycorcoran/Library/Developer/Xcode/DerivedData/ModuleCache.noindex/Session.modulevalidation -fmodules-validate-once-per-build-session -Wnon-modular-include-in-framework-module -Werror\=non-modular-include-in-framework-module -Wno-trigraphs -Wno-missing-field-initializers -Wno-missing-prototypes -Wno-return-type -Wno-missing-braces -Wparentheses -Wswitch -Wno-unused-function -Wno-unused-label -Wno-unused-parameter -Wno-unused-variable -Wunused-value -Wno-empty-body -Wno-uninitialized -Wno-unknown-pragmas -w -Wno-shadow -Wno-four-char-constants -Wno-conversion -Wno-constant-conversion -Wno-int-conversion -Wno-bool-conversion -Wno-enum-conversion -Wno-float-conversion -Wno-non-literal-null-conversion -Wno-objc-literal-conversion -Wshorten-64-to-32 -Wpointer-sign -Wno-newline-eof -Wno-implicit-fallthrough -fstrict-aliasing -Wdeprecated-declarations -Wno-sign-conversion -Wno-infinite-recursion -Wno-comma -Wno-block-capture-autoreleasing -Wno-strict-prototypes -Wno-semicolon-before-method-body -index-store-path /Users/colbycorcoran/Library/Developer/Xcode/DerivedData/Fiz-fiflxcjvlfosoebhvlytfgwprkxo/Index.noindex/DataStore @/Users/colbycorcoran/Library/Developer/Xcode/DerivedData/Fiz-fiflxcjvlfosoebhvlytfgwprkxo/Build/Intermediates.noindex/PostHog.build/Debug-iphoneos/phlibwebp.build/Objects-normal/arm64/7187679823f38a2a940e0043cdf9d637-common-args.resp -MMD -MT dependencies -MF /Users/colbycorcoran/Library/Developer/Xcode/DerivedData/Fiz-fiflxcjvlfosoebhvlytfgwprkxo/Build/Intermediates.noindex/PostHog.build/Debug-iphoneos/phlibwebp.build/Objects-normal/arm64/lossless.d --serialize-diagnostics /Users/colbycorcoran/Library/Developer/Xcode/DerivedData/Fiz-fiflxcjvlfosoebhvlytfgwprkxo/Build/Intermediates.noindex/PostHog.build/Debug-iphoneos/phlibwebp.build/Objects-normal/arm64/lossless.dia -c /Users/colbycorcoran/Library/Developer/Xcode/DerivedData/Fiz-fiflxcjvlfosoebhvlytfgwprkxo/SourcePackages/checkouts/posthog-ios/vendor/libwebp/lossless.c -o /Users/colbycorcoran/Library/Developer/Xcode/DerivedData/Fiz-fiflxcjvlfosoebhvlytfgwprkxo/Build/Intermediates.noindex/PostHog.build/Debug-iphoneos/phlibwebp.build/Objects-normal/arm64/lossless.o -index-unit-output-path /PostHog.build/Debug-iphoneos/phlibwebp.build/Objects-normal/arm64/lossless.o

ScanDependencies /Users/colbycorcoran/Library/Developer/Xcode/DerivedData/Fiz-fiflxcjvlfosoebhvlytfgwprkxo/Build/Intermediates.noindex/PostHog.build/Debug-iphoneos/phlibwebp.build/Objects-normal/arm64/iterator_enc.o /Users/colbycorcoran/Library/Developer/Xcode/DerivedData/Fiz-fiflxcjvlfosoebhvlytfgwprkxo/SourcePackages/checkouts/posthog-ios/vendor/libwebp/iterator_enc.c normal arm64 c com.apple.compilers.llvm.clang.1_0.compiler (in target 'phlibwebp' from project 'PostHog')
    cd /Users/colbycorcoran/Documents/App\ Development/Fiz/Fiz.xcodeproj
    
    Using response file: /Users/colbycorcoran/Library/Developer/Xcode/DerivedData/Fiz-fiflxcjvlfosoebhvlytfgwprkxo/Build/Intermediates.noindex/PostHog.build/Debug-iphoneos/phlibwebp.build/Objects-normal/arm64/7187679823f38a2a940e0043cdf9d637-common-args.resp
    
    builtin-ScanDependencies -o /Users/colbycorcoran/Library/Developer/Xcode/DerivedData/Fiz-fiflxcjvlfosoebhvlytfgwprkxo/Build/Intermediates.noindex/PostHog.build/Debug-iphoneos/phlibwebp.build/Objects-normal/arm64/iterator_enc.o.scan -- /Applications/Xcode.app/Contents/Developer/Toolchains/XcodeDefault.xctoolchain/usr/bin/clang -x c -ivfsstatcache /Users/colbycorcoran/Library/Developer/Xcode/DerivedData/SDKStatCaches.noindex/iphoneos26.2-23C53-3794476bd08197c3e2abd9bb477ef7f7.sdkstatcache -fmessage-length\=0 -fdiagnostics-show-note-include-stack -fmacro-backtrace-limit\=0 -fno-color-diagnostics -fmodules-prune-interval\=86400 -fmodules-prune-after\=345600 -fbuild-session-file\=/Users/colbycorcoran/Library/Developer/Xcode/DerivedData/ModuleCache.noindex/Session.modulevalidation -fmodules-validate-once-per-build-session -Wnon-modular-include-in-framework-module -Werror\=non-modular-include-in-framework-module -Wno-trigraphs -Wno-missing-field-initializers -Wno-missing-prototypes -Wno-return-type -Wno-missing-braces -Wparentheses -Wswitch -Wno-unused-function -Wno-unused-label -Wno-unused-parameter -Wno-unused-variable -Wunused-value -Wno-empty-body -Wno-uninitialized -Wno-unknown-pragmas -w -Wno-shadow -Wno-four-char-constants -Wno-conversion -Wno-constant-conversion -Wno-int-conversion -Wno-bool-conversion -Wno-enum-conversion -Wno-float-conversion -Wno-non-literal-null-conversion -Wno-objc-literal-conversion -Wshorten-64-to-32 -Wpointer-sign -Wno-newline-eof -Wno-implicit-fallthrough -fstrict-aliasing -Wdeprecated-declarations -Wno-sign-conversion -Wno-infinite-recursion -Wno-comma -Wno-block-capture-autoreleasing -Wno-strict-prototypes -Wno-semicolon-before-method-body -index-store-path /Users/colbycorcoran/Library/Developer/Xcode/DerivedData/Fiz-fiflxcjvlfosoebhvlytfgwprkxo/Index.noindex/DataStore @/Users/colbycorcoran/Library/Developer/Xcode/DerivedData/Fiz-fiflxcjvlfosoebhvlytfgwprkxo/Build/Intermediates.noindex/PostHog.build/Debug-iphoneos/phlibwebp.build/Objects-normal/arm64/7187679823f38a2a940e0043cdf9d637-common-args.resp -MMD -MT dependencies -MF /Users/colbycorcoran/Library/Developer/Xcode/DerivedData/Fiz-fiflxcjvlfosoebhvlytfgwprkxo/Build/Intermediates.noindex/PostHog.build/Debug-iphoneos/phlibwebp.build/Objects-normal/arm64/iterator_enc.d --serialize-diagnostics /Users/colbycorcoran/Library/Developer/Xcode/DerivedData/Fiz-fiflxcjvlfosoebhvlytfgwprkxo/Build/Intermediates.noindex/PostHog.build/Debug-iphoneos/phlibwebp.build/Objects-normal/arm64/iterator_enc.dia -c /Users/colbycorcoran/Library/Developer/Xcode/DerivedData/Fiz-fiflxcjvlfosoebhvlytfgwprkxo/SourcePackages/checkouts/posthog-ios/vendor/libwebp/iterator_enc.c -o /Users/colbycorcoran/Library/Developer/Xcode/DerivedData/Fiz-fiflxcjvlfosoebhvlytfgwprkxo/Build/Intermediates.noindex/PostHog.build/Debug-iphoneos/phlibwebp.build/Objects-normal/arm64/iterator_enc.o -index-unit-output-path /PostHog.build/Debug-iphoneos/phlibwebp.build/Objects-normal/arm64/iterator_enc.o

ScanDependencies /Users/colbycorcoran/Library/Developer/Xcode/DerivedData/Fiz-fiflxcjvlfosoebhvlytfgwprkxo/Build/Intermediates.noindex/PostHog.build/Debug-iphoneos/phlibwebp.build/Objects-normal/arm64/huffman_utils.o /Users/colbycorcoran/Library/Developer/Xcode/DerivedData/Fiz-fiflxcjvlfosoebhvlytfgwprkxo/SourcePackages/checkouts/posthog-ios/vendor/libwebp/huffman_utils.c normal arm64 c com.apple.compilers.llvm.clang.1_0.compiler (in target 'phlibwebp' from project 'PostHog')
    cd /Users/colbycorcoran/Documents/App\ Development/Fiz/Fiz.xcodeproj
    
    Using response file: /Users/colbycorcoran/Library/Developer/Xcode/DerivedData/Fiz-fiflxcjvlfosoebhvlytfgwprkxo/Build/Intermediates.noindex/PostHog.build/Debug-iphoneos/phlibwebp.build/Objects-normal/arm64/7187679823f38a2a940e0043cdf9d637-common-args.resp
    
    builtin-ScanDependencies -o /Users/colbycorcoran/Library/Developer/Xcode/DerivedData/Fiz-fiflxcjvlfosoebhvlytfgwprkxo/Build/Intermediates.noindex/PostHog.build/Debug-iphoneos/phlibwebp.build/Objects-normal/arm64/huffman_utils.o.scan -- /Applications/Xcode.app/Contents/Developer/Toolchains/XcodeDefault.xctoolchain/usr/bin/clang -x c -ivfsstatcache /Users/colbycorcoran/Library/Developer/Xcode/DerivedData/SDKStatCaches.noindex/iphoneos26.2-23C53-3794476bd08197c3e2abd9bb477ef7f7.sdkstatcache -fmessage-length\=0 -fdiagnostics-show-note-include-stack -fmacro-backtrace-limit\=0 -fno-color-diagnostics -fmodules-prune-interval\=86400 -fmodules-prune-after\=345600 -fbuild-session-file\=/Users/colbycorcoran/Library/Developer/Xcode/DerivedData/ModuleCache.noindex/Session.modulevalidation -fmodules-validate-once-per-build-session -Wnon-modular-include-in-framework-module -Werror\=non-modular-include-in-framework-module -Wno-trigraphs -Wno-missing-field-initializers -Wno-missing-prototypes -Wno-return-type -Wno-missing-braces -Wparentheses -Wswitch -Wno-unused-function -Wno-unused-label -Wno-unused-parameter -Wno-unused-variable -Wunused-value -Wno-empty-body -Wno-uninitialized -Wno-unknown-pragmas -w -Wno-shadow -Wno-four-char-constants -Wno-conversion -Wno-constant-conversion -Wno-int-conversion -Wno-bool-conversion -Wno-enum-conversion -Wno-float-conversion -Wno-non-literal-null-conversion -Wno-objc-literal-conversion -Wshorten-64-to-32 -Wpointer-sign -Wno-newline-eof -Wno-implicit-fallthrough -fstrict-aliasing -Wdeprecated-declarations -Wno-sign-conversion -Wno-infinite-recursion -Wno-comma -Wno-block-capture-autoreleasing -Wno-strict-prototypes -Wno-semicolon-before-method-body -index-store-path /Users/colbycorcoran/Library/Developer/Xcode/DerivedData/Fiz-fiflxcjvlfosoebhvlytfgwprkxo/Index.noindex/DataStore @/Users/colbycorcoran/Library/Developer/Xcode/DerivedData/Fiz-fiflxcjvlfosoebhvlytfgwprkxo/Build/Intermediates.noindex/PostHog.build/Debug-iphoneos/phlibwebp.build/Objects-normal/arm64/7187679823f38a2a940e0043cdf9d637-common-args.resp -MMD -MT dependencies -MF /Users/colbycorcoran/Library/Developer/Xcode/DerivedData/Fiz-fiflxcjvlfosoebhvlytfgwprkxo/Build/Intermediates.noindex/PostHog.build/Debug-iphoneos/phlibwebp.build/Objects-normal/arm64/huffman_utils.d --serialize-diagnostics /Users/colbycorcoran/Library/Developer/Xcode/DerivedData/Fiz-fiflxcjvlfosoebhvlytfgwprkxo/Build/Intermediates.noindex/PostHog.build/Debug-iphoneos/phlibwebp.build/Objects-normal/arm64/huffman_utils.dia -c /Users/colbycorcoran/Library/Developer/Xcode/DerivedData/Fiz-fiflxcjvlfosoebhvlytfgwprkxo/SourcePackages/checkouts/posthog-ios/vendor/libwebp/huffman_utils.c -o /Users/colbycorcoran/Library/Developer/Xcode/DerivedData/Fiz-fiflxcjvlfosoebhvlytfgwprkxo/Build/Intermediates.noindex/PostHog.build/Debug-iphoneos/phlibwebp.build/Objects-normal/arm64/huffman_utils.o -index-unit-output-path /PostHog.build/Debug-iphoneos/phlibwebp.build/Objects-normal/arm64/huffman_utils.o

ScanDependencies /Users/colbycorcoran/Library/Developer/Xcode/DerivedData/Fiz-fiflxcjvlfosoebhvlytfgwprkxo/Build/Intermediates.noindex/PostHog.build/Debug-iphoneos/phlibwebp.build/Objects-normal/arm64/huffman_encode_utils.o /Users/colbycorcoran/Library/Developer/Xcode/DerivedData/Fiz-fiflxcjvlfosoebhvlytfgwprkxo/SourcePackages/checkouts/posthog-ios/vendor/libwebp/huffman_encode_utils.c normal arm64 c com.apple.compilers.llvm.clang.1_0.compiler (in target 'phlibwebp' from project 'PostHog')
    cd /Users/colbycorcoran/Documents/App\ Development/Fiz/Fiz.xcodeproj
    
    Using response file: /Users/colbycorcoran/Library/Developer/Xcode/DerivedData/Fiz-fiflxcjvlfosoebhvlytfgwprkxo/Build/Intermediates.noindex/PostHog.build/Debug-iphoneos/phlibwebp.build/Objects-normal/arm64/7187679823f38a2a940e0043cdf9d637-common-args.resp
    
    builtin-ScanDependencies -o /Users/colbycorcoran/Library/Developer/Xcode/DerivedData/Fiz-fiflxcjvlfosoebhvlytfgwprkxo/Build/Intermediates.noindex/PostHog.build/Debug-iphoneos/phlibwebp.build/Objects-normal/arm64/huffman_encode_utils.o.scan -- /Applications/Xcode.app/Contents/Developer/Toolchains/XcodeDefault.xctoolchain/usr/bin/clang -x c -ivfsstatcache /Users/colbycorcoran/Library/Developer/Xcode/DerivedData/SDKStatCaches.noindex/iphoneos26.2-23C53-3794476bd08197c3e2abd9bb477ef7f7.sdkstatcache -fmessage-length\=0 -fdiagnostics-show-note-include-stack -fmacro-backtrace-limit\=0 -fno-color-diagnostics -fmodules-prune-interval\=86400 -fmodules-prune-after\=345600 -fbuild-session-file\=/Users/colbycorcoran/Library/Developer/Xcode/DerivedData/ModuleCache.noindex/Session.modulevalidation -fmodules-validate-once-per-build-session -Wnon-modular-include-in-framework-module -Werror\=non-modular-include-in-framework-module -Wno-trigraphs -Wno-missing-field-initializers -Wno-missing-prototypes -Wno-return-type -Wno-missing-braces -Wparentheses -Wswitch -Wno-unused-function -Wno-unused-label -Wno-unused-parameter -Wno-unused-variable -Wunused-value -Wno-empty-body -Wno-uninitialized -Wno-unknown-pragmas -w -Wno-shadow -Wno-four-char-constants -Wno-conversion -Wno-constant-conversion -Wno-int-conversion -Wno-bool-conversion -Wno-enum-conversion -Wno-float-conversion -Wno-non-literal-null-conversion -Wno-objc-literal-conversion -Wshorten-64-to-32 -Wpointer-sign -Wno-newline-eof -Wno-implicit-fallthrough -fstrict-aliasing -Wdeprecated-declarations -Wno-sign-conversion -Wno-infinite-recursion -Wno-comma -Wno-block-capture-autoreleasing -Wno-strict-prototypes -Wno-semicolon-before-method-body -index-store-path /Users/colbycorcoran/Library/Developer/Xcode/DerivedData/Fiz-fiflxcjvlfosoebhvlytfgwprkxo/Index.noindex/DataStore @/Users/colbycorcoran/Library/Developer/Xcode/DerivedData/Fiz-fiflxcjvlfosoebhvlytfgwprkxo/Build/Intermediates.noindex/PostHog.build/Debug-iphoneos/phlibwebp.build/Objects-normal/arm64/7187679823f38a2a940e0043cdf9d637-common-args.resp -MMD -MT dependencies -MF /Users/colbycorcoran/Library/Developer/Xcode/DerivedData/Fiz-fiflxcjvlfosoebhvlytfgwprkxo/Build/Intermediates.noindex/PostHog.build/Debug-iphoneos/phlibwebp.build/Objects-normal/arm64/huffman_encode_utils.d --serialize-diagnostics /Users/colbycorcoran/Library/Developer/Xcode/DerivedData/Fiz-fiflxcjvlfosoebhvlytfgwprkxo/Build/Intermediates.noindex/PostHog.build/Debug-iphoneos/phlibwebp.build/Objects-normal/arm64/huffman_encode_utils.dia -c /Users/colbycorcoran/Library/Developer/Xcode/DerivedData/Fiz-fiflxcjvlfosoebhvlytfgwprkxo/SourcePackages/checkouts/posthog-ios/vendor/libwebp/huffman_encode_utils.c -o /Users/colbycorcoran/Library/Developer/Xcode/DerivedData/Fiz-fiflxcjvlfosoebhvlytfgwprkxo/Build/Intermediates.noindex/PostHog.build/Debug-iphoneos/phlibwebp.build/Objects-normal/arm64/huffman_encode_utils.o -index-unit-output-path /PostHog.build/Debug-iphoneos/phlibwebp.build/Objects-normal/arm64/huffman_encode_utils.o

ScanDependencies /Users/colbycorcoran/Library/Developer/Xcode/DerivedData/Fiz-fiflxcjvlfosoebhvlytfgwprkxo/Build/Intermediates.noindex/PostHog.build/Debug-iphoneos/phlibwebp.build/Objects-normal/arm64/histogram_enc.o /Users/colbycorcoran/Library/Developer/Xcode/DerivedData/Fiz-fiflxcjvlfosoebhvlytfgwprkxo/SourcePackages/checkouts/posthog-ios/vendor/libwebp/histogram_enc.c normal arm64 c com.apple.compilers.llvm.clang.1_0.compiler (in target 'phlibwebp' from project 'PostHog')
    cd /Users/colbycorcoran/Documents/App\ Development/Fiz/Fiz.xcodeproj
    
    Using response file: /Users/colbycorcoran/Library/Developer/Xcode/DerivedData/Fiz-fiflxcjvlfosoebhvlytfgwprkxo/Build/Intermediates.noindex/PostHog.build/Debug-iphoneos/phlibwebp.build/Objects-normal/arm64/7187679823f38a2a940e0043cdf9d637-common-args.resp
    
    builtin-ScanDependencies -o /Users/colbycorcoran/Library/Developer/Xcode/DerivedData/Fiz-fiflxcjvlfosoebhvlytfgwprkxo/Build/Intermediates.noindex/PostHog.build/Debug-iphoneos/phlibwebp.build/Objects-normal/arm64/histogram_enc.o.scan -- /Applications/Xcode.app/Contents/Developer/Toolchains/XcodeDefault.xctoolchain/usr/bin/clang -x c -ivfsstatcache /Users/colbycorcoran/Library/Developer/Xcode/DerivedData/SDKStatCaches.noindex/iphoneos26.2-23C53-3794476bd08197c3e2abd9bb477ef7f7.sdkstatcache -fmessage-length\=0 -fdiagnostics-show-note-include-stack -fmacro-backtrace-limit\=0 -fno-color-diagnostics -fmodules-prune-interval\=86400 -fmodules-prune-after\=345600 -fbuild-session-file\=/Users/colbycorcoran/Library/Developer/Xcode/DerivedData/ModuleCache.noindex/Session.modulevalidation -fmodules-validate-once-per-build-session -Wnon-modular-include-in-framework-module -Werror\=non-modular-include-in-framework-module -Wno-trigraphs -Wno-missing-field-initializers -Wno-missing-prototypes -Wno-return-type -Wno-missing-braces -Wparentheses -Wswitch -Wno-unused-function -Wno-unused-label -Wno-unused-parameter -Wno-unused-variable -Wunused-value -Wno-empty-body -Wno-uninitialized -Wno-unknown-pragmas -w -Wno-shadow -Wno-four-char-constants -Wno-conversion -Wno-constant-conversion -Wno-int-conversion -Wno-bool-conversion -Wno-enum-conversion -Wno-float-conversion -Wno-non-literal-null-conversion -Wno-objc-literal-conversion -Wshorten-64-to-32 -Wpointer-sign -Wno-newline-eof -Wno-implicit-fallthrough -fstrict-aliasing -Wdeprecated-declarations -Wno-sign-conversion -Wno-infinite-recursion -Wno-comma -Wno-block-capture-autoreleasing -Wno-strict-prototypes -Wno-semicolon-before-method-body -index-store-path /Users/colbycorcoran/Library/Developer/Xcode/DerivedData/Fiz-fiflxcjvlfosoebhvlytfgwprkxo/Index.noindex/DataStore @/Users/colbycorcoran/Library/Developer/Xcode/DerivedData/Fiz-fiflxcjvlfosoebhvlytfgwprkxo/Build/Intermediates.noindex/PostHog.build/Debug-iphoneos/phlibwebp.build/Objects-normal/arm64/7187679823f38a2a940e0043cdf9d637-common-args.resp -MMD -MT dependencies -MF /Users/colbycorcoran/Library/Developer/Xcode/DerivedData/Fiz-fiflxcjvlfosoebhvlytfgwprkxo/Build/Intermediates.noindex/PostHog.build/Debug-iphoneos/phlibwebp.build/Objects-normal/arm64/histogram_enc.d --serialize-diagnostics /Users/colbycorcoran/Library/Developer/Xcode/DerivedData/Fiz-fiflxcjvlfosoebhvlytfgwprkxo/Build/Intermediates.noindex/PostHog.build/Debug-iphoneos/phlibwebp.build/Objects-normal/arm64/histogram_enc.dia -c /Users/colbycorcoran/Library/Developer/Xcode/DerivedData/Fiz-fiflxcjvlfosoebhvlytfgwprkxo/SourcePackages/checkouts/posthog-ios/vendor/libwebp/histogram_enc.c -o /Users/colbycorcoran/Library/Developer/Xcode/DerivedData/Fiz-fiflxcjvlfosoebhvlytfgwprkxo/Build/Intermediates.noindex/PostHog.build/Debug-iphoneos/phlibwebp.build/Objects-normal/arm64/histogram_enc.o -index-unit-output-path /PostHog.build/Debug-iphoneos/phlibwebp.build/Objects-normal/arm64/histogram_enc.o

ScanDependencies /Users/colbycorcoran/Library/Developer/Xcode/DerivedData/Fiz-fiflxcjvlfosoebhvlytfgwprkxo/Build/Intermediates.noindex/PostHog.build/Debug-iphoneos/phlibwebp.build/Objects-normal/arm64/frame_enc.o /Users/colbycorcoran/Library/Developer/Xcode/DerivedData/Fiz-fiflxcjvlfosoebhvlytfgwprkxo/SourcePackages/checkouts/posthog-ios/vendor/libwebp/frame_enc.c normal arm64 c com.apple.compilers.llvm.clang.1_0.compiler (in target 'phlibwebp' from project 'PostHog')
    cd /Users/colbycorcoran/Documents/App\ Development/Fiz/Fiz.xcodeproj
    
    Using response file: /Users/colbycorcoran/Library/Developer/Xcode/DerivedData/Fiz-fiflxcjvlfosoebhvlytfgwprkxo/Build/Intermediates.noindex/PostHog.build/Debug-iphoneos/phlibwebp.build/Objects-normal/arm64/7187679823f38a2a940e0043cdf9d637-common-args.resp
    
    builtin-ScanDependencies -o /Users/colbycorcoran/Library/Developer/Xcode/DerivedData/Fiz-fiflxcjvlfosoebhvlytfgwprkxo/Build/Intermediates.noindex/PostHog.build/Debug-iphoneos/phlibwebp.build/Objects-normal/arm64/frame_enc.o.scan -- /Applications/Xcode.app/Contents/Developer/Toolchains/XcodeDefault.xctoolchain/usr/bin/clang -x c -ivfsstatcache /Users/colbycorcoran/Library/Developer/Xcode/DerivedData/SDKStatCaches.noindex/iphoneos26.2-23C53-3794476bd08197c3e2abd9bb477ef7f7.sdkstatcache -fmessage-length\=0 -fdiagnostics-show-note-include-stack -fmacro-backtrace-limit\=0 -fno-color-diagnostics -fmodules-prune-interval\=86400 -fmodules-prune-after\=345600 -fbuild-session-file\=/Users/colbycorcoran/Library/Developer/Xcode/DerivedData/ModuleCache.noindex/Session.modulevalidation -fmodules-validate-once-per-build-session -Wnon-modular-include-in-framework-module -Werror\=non-modular-include-in-framework-module -Wno-trigraphs -Wno-missing-field-initializers -Wno-missing-prototypes -Wno-return-type -Wno-missing-braces -Wparentheses -Wswitch -Wno-unused-function -Wno-unused-label -Wno-unused-parameter -Wno-unused-variable -Wunused-value -Wno-empty-body -Wno-uninitialized -Wno-unknown-pragmas -w -Wno-shadow -Wno-four-char-constants -Wno-conversion -Wno-constant-conversion -Wno-int-conversion -Wno-bool-conversion -Wno-enum-conversion -Wno-float-conversion -Wno-non-literal-null-conversion -Wno-objc-literal-conversion -Wshorten-64-to-32 -Wpointer-sign -Wno-newline-eof -Wno-implicit-fallthrough -fstrict-aliasing -Wdeprecated-declarations -Wno-sign-conversion -Wno-infinite-recursion -Wno-comma -Wno-block-capture-autoreleasing -Wno-strict-prototypes -Wno-semicolon-before-method-body -index-store-path /Users/colbycorcoran/Library/Developer/Xcode/DerivedData/Fiz-fiflxcjvlfosoebhvlytfgwprkxo/Index.noindex/DataStore @/Users/colbycorcoran/Library/Developer/Xcode/DerivedData/Fiz-fiflxcjvlfosoebhvlytfgwprkxo/Build/Intermediates.noindex/PostHog.build/Debug-iphoneos/phlibwebp.build/Objects-normal/arm64/7187679823f38a2a940e0043cdf9d637-common-args.resp -MMD -MT dependencies -MF /Users/colbycorcoran/Library/Developer/Xcode/DerivedData/Fiz-fiflxcjvlfosoebhvlytfgwprkxo/Build/Intermediates.noindex/PostHog.build/Debug-iphoneos/phlibwebp.build/Objects-normal/arm64/frame_enc.d --serialize-diagnostics /Users/colbycorcoran/Library/Developer/Xcode/DerivedData/Fiz-fiflxcjvlfosoebhvlytfgwprkxo/Build/Intermediates.noindex/PostHog.build/Debug-iphoneos/phlibwebp.build/Objects-normal/arm64/frame_enc.dia -c /Users/colbycorcoran/Library/Developer/Xcode/DerivedData/Fiz-fiflxcjvlfosoebhvlytfgwprkxo/SourcePackages/checkouts/posthog-ios/vendor/libwebp/frame_enc.c -o /Users/colbycorcoran/Library/Developer/Xcode/DerivedData/Fiz-fiflxcjvlfosoebhvlytfgwprkxo/Build/Intermediates.noindex/PostHog.build/Debug-iphoneos/phlibwebp.build/Objects-normal/arm64/frame_enc.o -index-unit-output-path /PostHog.build/Debug-iphoneos/phlibwebp.build/Objects-normal/arm64/frame_enc.o

ScanDependencies /Users/colbycorcoran/Library/Developer/Xcode/DerivedData/Fiz-fiflxcjvlfosoebhvlytfgwprkxo/Build/Intermediates.noindex/PostHog.build/Debug-iphoneos/phlibwebp.build/Objects-normal/arm64/filters_utils.o /Users/colbycorcoran/Library/Developer/Xcode/DerivedData/Fiz-fiflxcjvlfosoebhvlytfgwprkxo/SourcePackages/checkouts/posthog-ios/vendor/libwebp/filters_utils.c normal arm64 c com.apple.compilers.llvm.clang.1_0.compiler (in target 'phlibwebp' from project 'PostHog')
    cd /Users/colbycorcoran/Documents/App\ Development/Fiz/Fiz.xcodeproj
    
    Using response file: /Users/colbycorcoran/Library/Developer/Xcode/DerivedData/Fiz-fiflxcjvlfosoebhvlytfgwprkxo/Build/Intermediates.noindex/PostHog.build/Debug-iphoneos/phlibwebp.build/Objects-normal/arm64/7187679823f38a2a940e0043cdf9d637-common-args.resp
    
    builtin-ScanDependencies -o /Users/colbycorcoran/Library/Developer/Xcode/DerivedData/Fiz-fiflxcjvlfosoebhvlytfgwprkxo/Build/Intermediates.noindex/PostHog.build/Debug-iphoneos/phlibwebp.build/Objects-normal/arm64/filters_utils.o.scan -- /Applications/Xcode.app/Contents/Developer/Toolchains/XcodeDefault.xctoolchain/usr/bin/clang -x c -ivfsstatcache /Users/colbycorcoran/Library/Developer/Xcode/DerivedData/SDKStatCaches.noindex/iphoneos26.2-23C53-3794476bd08197c3e2abd9bb477ef7f7.sdkstatcache -fmessage-length\=0 -fdiagnostics-show-note-include-stack -fmacro-backtrace-limit\=0 -fno-color-diagnostics -fmodules-prune-interval\=86400 -fmodules-prune-after\=345600 -fbuild-session-file\=/Users/colbycorcoran/Library/Developer/Xcode/DerivedData/ModuleCache.noindex/Session.modulevalidation -fmodules-validate-once-per-build-session -Wnon-modular-include-in-framework-module -Werror\=non-modular-include-in-framework-module -Wno-trigraphs -Wno-missing-field-initializers -Wno-missing-prototypes -Wno-return-type -Wno-missing-braces -Wparentheses -Wswitch -Wno-unused-function -Wno-unused-label -Wno-unused-parameter -Wno-unused-variable -Wunused-value -Wno-empty-body -Wno-uninitialized -Wno-unknown-pragmas -w -Wno-shadow -Wno-four-char-constants -Wno-conversion -Wno-constant-conversion -Wno-int-conversion -Wno-bool-conversion -Wno-enum-conversion -Wno-float-conversion -Wno-non-literal-null-conversion -Wno-objc-literal-conversion -Wshorten-64-to-32 -Wpointer-sign -Wno-newline-eof -Wno-implicit-fallthrough -fstrict-aliasing -Wdeprecated-declarations -Wno-sign-conversion -Wno-infinite-recursion -Wno-comma -Wno-block-capture-autoreleasing -Wno-strict-prototypes -Wno-semicolon-before-method-body -index-store-path /Users/colbycorcoran/Library/Developer/Xcode/DerivedData/Fiz-fiflxcjvlfosoebhvlytfgwprkxo/Index.noindex/DataStore @/Users/colbycorcoran/Library/Developer/Xcode/DerivedData/Fiz-fiflxcjvlfosoebhvlytfgwprkxo/Build/Intermediates.noindex/PostHog.build/Debug-iphoneos/phlibwebp.build/Objects-normal/arm64/7187679823f38a2a940e0043cdf9d637-common-args.resp -MMD -MT dependencies -MF /Users/colbycorcoran/Library/Developer/Xcode/DerivedData/Fiz-fiflxcjvlfosoebhvlytfgwprkxo/Build/Intermediates.noindex/PostHog.build/Debug-iphoneos/phlibwebp.build/Objects-normal/arm64/filters_utils.d --serialize-diagnostics /Users/colbycorcoran/Library/Developer/Xcode/DerivedData/Fiz-fiflxcjvlfosoebhvlytfgwprkxo/Build/Intermediates.noindex/PostHog.build/Debug-iphoneos/phlibwebp.build/Objects-normal/arm64/filters_utils.dia -c /Users/colbycorcoran/Library/Developer/Xcode/DerivedData/Fiz-fiflxcjvlfosoebhvlytfgwprkxo/SourcePackages/checkouts/posthog-ios/vendor/libwebp/filters_utils.c -o /Users/colbycorcoran/Library/Developer/Xcode/DerivedData/Fiz-fiflxcjvlfosoebhvlytfgwprkxo/Build/Intermediates.noindex/PostHog.build/Debug-iphoneos/phlibwebp.build/Objects-normal/arm64/filters_utils.o -index-unit-output-path /PostHog.build/Debug-iphoneos/phlibwebp.build/Objects-normal/arm64/filters_utils.o

ScanDependencies /Users/colbycorcoran/Library/Developer/Xcode/DerivedData/Fiz-fiflxcjvlfosoebhvlytfgwprkxo/Build/Intermediates.noindex/PostHog.build/Debug-iphoneos/phlibwebp.build/Objects-normal/arm64/filters_sse2.o /Users/colbycorcoran/Library/Developer/Xcode/DerivedData/Fiz-fiflxcjvlfosoebhvlytfgwprkxo/SourcePackages/checkouts/posthog-ios/vendor/libwebp/filters_sse2.c normal arm64 c com.apple.compilers.llvm.clang.1_0.compiler (in target 'phlibwebp' from project 'PostHog')
    cd /Users/colbycorcoran/Documents/App\ Development/Fiz/Fiz.xcodeproj
    
    Using response file: /Users/colbycorcoran/Library/Developer/Xcode/DerivedData/Fiz-fiflxcjvlfosoebhvlytfgwprkxo/Build/Intermediates.noindex/PostHog.build/Debug-iphoneos/phlibwebp.build/Objects-normal/arm64/7187679823f38a2a940e0043cdf9d637-common-args.resp
    
    builtin-ScanDependencies -o /Users/colbycorcoran/Library/Developer/Xcode/DerivedData/Fiz-fiflxcjvlfosoebhvlytfgwprkxo/Build/Intermediates.noindex/PostHog.build/Debug-iphoneos/phlibwebp.build/Objects-normal/arm64/filters_sse2.o.scan -- /Applications/Xcode.app/Contents/Developer/Toolchains/XcodeDefault.xctoolchain/usr/bin/clang -x c -ivfsstatcache /Users/colbycorcoran/Library/Developer/Xcode/DerivedData/SDKStatCaches.noindex/iphoneos26.2-23C53-3794476bd08197c3e2abd9bb477ef7f7.sdkstatcache -fmessage-length\=0 -fdiagnostics-show-note-include-stack -fmacro-backtrace-limit\=0 -fno-color-diagnostics -fmodules-prune-interval\=86400 -fmodules-prune-after\=345600 -fbuild-session-file\=/Users/colbycorcoran/Library/Developer/Xcode/DerivedData/ModuleCache.noindex/Session.modulevalidation -fmodules-validate-once-per-build-session -Wnon-modular-include-in-framework-module -Werror\=non-modular-include-in-framework-module -Wno-trigraphs -Wno-missing-field-initializers -Wno-missing-prototypes -Wno-return-type -Wno-missing-braces -Wparentheses -Wswitch -Wno-unused-function -Wno-unused-label -Wno-unused-parameter -Wno-unused-variable -Wunused-value -Wno-empty-body -Wno-uninitialized -Wno-unknown-pragmas -w -Wno-shadow -Wno-four-char-constants -Wno-conversion -Wno-constant-conversion -Wno-int-conversion -Wno-bool-conversion -Wno-enum-conversion -Wno-float-conversion -Wno-non-literal-null-conversion -Wno-objc-literal-conversion -Wshorten-64-to-32 -Wpointer-sign -Wno-newline-eof -Wno-implicit-fallthrough -fstrict-aliasing -Wdeprecated-declarations -Wno-sign-conversion -Wno-infinite-recursion -Wno-comma -Wno-block-capture-autoreleasing -Wno-strict-prototypes -Wno-semicolon-before-method-body -index-store-path /Users/colbycorcoran/Library/Developer/Xcode/DerivedData/Fiz-fiflxcjvlfosoebhvlytfgwprkxo/Index.noindex/DataStore @/Users/colbycorcoran/Library/Developer/Xcode/DerivedData/Fiz-fiflxcjvlfosoebhvlytfgwprkxo/Build/Intermediates.noindex/PostHog.build/Debug-iphoneos/phlibwebp.build/Objects-normal/arm64/7187679823f38a2a940e0043cdf9d637-common-args.resp -MMD -MT dependencies -MF /Users/colbycorcoran/Library/Developer/Xcode/DerivedData/Fiz-fiflxcjvlfosoebhvlytfgwprkxo/Build/Intermediates.noindex/PostHog.build/Debug-iphoneos/phlibwebp.build/Objects-normal/arm64/filters_sse2.d --serialize-diagnostics /Users/colbycorcoran/Library/Developer/Xcode/DerivedData/Fiz-fiflxcjvlfosoebhvlytfgwprkxo/Build/Intermediates.noindex/PostHog.build/Debug-iphoneos/phlibwebp.build/Objects-normal/arm64/filters_sse2.dia -c /Users/colbycorcoran/Library/Developer/Xcode/DerivedData/Fiz-fiflxcjvlfosoebhvlytfgwprkxo/SourcePackages/checkouts/posthog-ios/vendor/libwebp/filters_sse2.c -o /Users/colbycorcoran/Library/Developer/Xcode/DerivedData/Fiz-fiflxcjvlfosoebhvlytfgwprkxo/Build/Intermediates.noindex/PostHog.build/Debug-iphoneos/phlibwebp.build/Objects-normal/arm64/filters_sse2.o -index-unit-output-path /PostHog.build/Debug-iphoneos/phlibwebp.build/Objects-normal/arm64/filters_sse2.o

ScanDependencies /Users/colbycorcoran/Library/Developer/Xcode/DerivedData/Fiz-fiflxcjvlfosoebhvlytfgwprkxo/Build/Intermediates.noindex/PostHog.build/Debug-iphoneos/phlibwebp.build/Objects-normal/arm64/filters_neon.o /Users/colbycorcoran/Library/Developer/Xcode/DerivedData/Fiz-fiflxcjvlfosoebhvlytfgwprkxo/SourcePackages/checkouts/posthog-ios/vendor/libwebp/filters_neon.c normal arm64 c com.apple.compilers.llvm.clang.1_0.compiler (in target 'phlibwebp' from project 'PostHog')
    cd /Users/colbycorcoran/Documents/App\ Development/Fiz/Fiz.xcodeproj
    
    Using response file: /Users/colbycorcoran/Library/Developer/Xcode/DerivedData/Fiz-fiflxcjvlfosoebhvlytfgwprkxo/Build/Intermediates.noindex/PostHog.build/Debug-iphoneos/phlibwebp.build/Objects-normal/arm64/7187679823f38a2a940e0043cdf9d637-common-args.resp
    
    builtin-ScanDependencies -o /Users/colbycorcoran/Library/Developer/Xcode/DerivedData/Fiz-fiflxcjvlfosoebhvlytfgwprkxo/Build/Intermediates.noindex/PostHog.build/Debug-iphoneos/phlibwebp.build/Objects-normal/arm64/filters_neon.o.scan -- /Applications/Xcode.app/Contents/Developer/Toolchains/XcodeDefault.xctoolchain/usr/bin/clang -x c -ivfsstatcache /Users/colbycorcoran/Library/Developer/Xcode/DerivedData/SDKStatCaches.noindex/iphoneos26.2-23C53-3794476bd08197c3e2abd9bb477ef7f7.sdkstatcache -fmessage-length\=0 -fdiagnostics-show-note-include-stack -fmacro-backtrace-limit\=0 -fno-color-diagnostics -fmodules-prune-interval\=86400 -fmodules-prune-after\=345600 -fbuild-session-file\=/Users/colbycorcoran/Library/Developer/Xcode/DerivedData/ModuleCache.noindex/Session.modulevalidation -fmodules-validate-once-per-build-session -Wnon-modular-include-in-framework-module -Werror\=non-modular-include-in-framework-module -Wno-trigraphs -Wno-missing-field-initializers -Wno-missing-prototypes -Wno-return-type -Wno-missing-braces -Wparentheses -Wswitch -Wno-unused-function -Wno-unused-label -Wno-unused-parameter -Wno-unused-variable -Wunused-value -Wno-empty-body -Wno-uninitialized -Wno-unknown-pragmas -w -Wno-shadow -Wno-four-char-constants -Wno-conversion -Wno-constant-conversion -Wno-int-conversion -Wno-bool-conversion -Wno-enum-conversion -Wno-float-conversion -Wno-non-literal-null-conversion -Wno-objc-literal-conversion -Wshorten-64-to-32 -Wpointer-sign -Wno-newline-eof -Wno-implicit-fallthrough -fstrict-aliasing -Wdeprecated-declarations -Wno-sign-conversion -Wno-infinite-recursion -Wno-comma -Wno-block-capture-autoreleasing -Wno-strict-prototypes -Wno-semicolon-before-method-body -index-store-path /Users/colbycorcoran/Library/Developer/Xcode/DerivedData/Fiz-fiflxcjvlfosoebhvlytfgwprkxo/Index.noindex/DataStore @/Users/colbycorcoran/Library/Developer/Xcode/DerivedData/Fiz-fiflxcjvlfosoebhvlytfgwprkxo/Build/Intermediates.noindex/PostHog.build/Debug-iphoneos/phlibwebp.build/Objects-normal/arm64/7187679823f38a2a940e0043cdf9d637-common-args.resp -MMD -MT dependencies -MF /Users/colbycorcoran/Library/Developer/Xcode/DerivedData/Fiz-fiflxcjvlfosoebhvlytfgwprkxo/Build/Intermediates.noindex/PostHog.build/Debug-iphoneos/phlibwebp.build/Objects-normal/arm64/filters_neon.d --serialize-diagnostics /Users/colbycorcoran/Library/Developer/Xcode/DerivedData/Fiz-fiflxcjvlfosoebhvlytfgwprkxo/Build/Intermediates.noindex/PostHog.build/Debug-iphoneos/phlibwebp.build/Objects-normal/arm64/filters_neon.dia -c /Users/colbycorcoran/Library/Developer/Xcode/DerivedData/Fiz-fiflxcjvlfosoebhvlytfgwprkxo/SourcePackages/checkouts/posthog-ios/vendor/libwebp/filters_neon.c -o /Users/colbycorcoran/Library/Developer/Xcode/DerivedData/Fiz-fiflxcjvlfosoebhvlytfgwprkxo/Build/Intermediates.noindex/PostHog.build/Debug-iphoneos/phlibwebp.build/Objects-normal/arm64/filters_neon.o -index-unit-output-path /PostHog.build/Debug-iphoneos/phlibwebp.build/Objects-normal/arm64/filters_neon.o

ScanDependencies /Users/colbycorcoran/Library/Developer/Xcode/DerivedData/Fiz-fiflxcjvlfosoebhvlytfgwprkxo/Build/Intermediates.noindex/PostHog.build/Debug-iphoneos/phlibwebp.build/Objects-normal/arm64/filters.o /Users/colbycorcoran/Library/Developer/Xcode/DerivedData/Fiz-fiflxcjvlfosoebhvlytfgwprkxo/SourcePackages/checkouts/posthog-ios/vendor/libwebp/filters.c normal arm64 c com.apple.compilers.llvm.clang.1_0.compiler (in target 'phlibwebp' from project 'PostHog')
    cd /Users/colbycorcoran/Documents/App\ Development/Fiz/Fiz.xcodeproj
    
    Using response file: /Users/colbycorcoran/Library/Developer/Xcode/DerivedData/Fiz-fiflxcjvlfosoebhvlytfgwprkxo/Build/Intermediates.noindex/PostHog.build/Debug-iphoneos/phlibwebp.build/Objects-normal/arm64/7187679823f38a2a940e0043cdf9d637-common-args.resp
    
    builtin-ScanDependencies -o /Users/colbycorcoran/Library/Developer/Xcode/DerivedData/Fiz-fiflxcjvlfosoebhvlytfgwprkxo/Build/Intermediates.noindex/PostHog.build/Debug-iphoneos/phlibwebp.build/Objects-normal/arm64/filters.o.scan -- /Applications/Xcode.app/Contents/Developer/Toolchains/XcodeDefault.xctoolchain/usr/bin/clang -x c -ivfsstatcache /Users/colbycorcoran/Library/Developer/Xcode/DerivedData/SDKStatCaches.noindex/iphoneos26.2-23C53-3794476bd08197c3e2abd9bb477ef7f7.sdkstatcache -fmessage-length\=0 -fdiagnostics-show-note-include-stack -fmacro-backtrace-limit\=0 -fno-color-diagnostics -fmodules-prune-interval\=86400 -fmodules-prune-after\=345600 -fbuild-session-file\=/Users/colbycorcoran/Library/Developer/Xcode/DerivedData/ModuleCache.noindex/Session.modulevalidation -fmodules-validate-once-per-build-session -Wnon-modular-include-in-framework-module -Werror\=non-modular-include-in-framework-module -Wno-trigraphs -Wno-missing-field-initializers -Wno-missing-prototypes -Wno-return-type -Wno-missing-braces -Wparentheses -Wswitch -Wno-unused-function -Wno-unused-label -Wno-unused-parameter -Wno-unused-variable -Wunused-value -Wno-empty-body -Wno-uninitialized -Wno-unknown-pragmas -w -Wno-shadow -Wno-four-char-constants -Wno-conversion -Wno-constant-conversion -Wno-int-conversion -Wno-bool-conversion -Wno-enum-conversion -Wno-float-conversion -Wno-non-literal-null-conversion -Wno-objc-literal-conversion -Wshorten-64-to-32 -Wpointer-sign -Wno-newline-eof -Wno-implicit-fallthrough -fstrict-aliasing -Wdeprecated-declarations -Wno-sign-conversion -Wno-infinite-recursion -Wno-comma -Wno-block-capture-autoreleasing -Wno-strict-prototypes -Wno-semicolon-before-method-body -index-store-path /Users/colbycorcoran/Library/Developer/Xcode/DerivedData/Fiz-fiflxcjvlfosoebhvlytfgwprkxo/Index.noindex/DataStore @/Users/colbycorcoran/Library/Developer/Xcode/DerivedData/Fiz-fiflxcjvlfosoebhvlytfgwprkxo/Build/Intermediates.noindex/PostHog.build/Debug-iphoneos/phlibwebp.build/Objects-normal/arm64/7187679823f38a2a940e0043cdf9d637-common-args.resp -MMD -MT dependencies -MF /Users/colbycorcoran/Library/Developer/Xcode/DerivedData/Fiz-fiflxcjvlfosoebhvlytfgwprkxo/Build/Intermediates.noindex/PostHog.build/Debug-iphoneos/phlibwebp.build/Objects-normal/arm64/filters.d --serialize-diagnostics /Users/colbycorcoran/Library/Developer/Xcode/DerivedData/Fiz-fiflxcjvlfosoebhvlytfgwprkxo/Build/Intermediates.noindex/PostHog.build/Debug-iphoneos/phlibwebp.build/Objects-normal/arm64/filters.dia -c /Users/colbycorcoran/Library/Developer/Xcode/DerivedData/Fiz-fiflxcjvlfosoebhvlytfgwprkxo/SourcePackages/checkouts/posthog-ios/vendor/libwebp/filters.c -o /Users/colbycorcoran/Library/Developer/Xcode/DerivedData/Fiz-fiflxcjvlfosoebhvlytfgwprkxo/Build/Intermediates.noindex/PostHog.build/Debug-iphoneos/phlibwebp.build/Objects-normal/arm64/filters.o -index-unit-output-path /PostHog.build/Debug-iphoneos/phlibwebp.build/Objects-normal/arm64/filters.o

ScanDependencies /Users/colbycorcoran/Library/Developer/Xcode/DerivedData/Fiz-fiflxcjvlfosoebhvlytfgwprkxo/Build/Intermediates.noindex/PostHog.build/Debug-iphoneos/phlibwebp.build/Objects-normal/arm64/filter_enc.o /Users/colbycorcoran/Library/Developer/Xcode/DerivedData/Fiz-fiflxcjvlfosoebhvlytfgwprkxo/SourcePackages/checkouts/posthog-ios/vendor/libwebp/filter_enc.c normal arm64 c com.apple.compilers.llvm.clang.1_0.compiler (in target 'phlibwebp' from project 'PostHog')
    cd /Users/colbycorcoran/Documents/App\ Development/Fiz/Fiz.xcodeproj
    
    Using response file: /Users/colbycorcoran/Library/Developer/Xcode/DerivedData/Fiz-fiflxcjvlfosoebhvlytfgwprkxo/Build/Intermediates.noindex/PostHog.build/Debug-iphoneos/phlibwebp.build/Objects-normal/arm64/7187679823f38a2a940e0043cdf9d637-common-args.resp
    
    builtin-ScanDependencies -o /Users/colbycorcoran/Library/Developer/Xcode/DerivedData/Fiz-fiflxcjvlfosoebhvlytfgwprkxo/Build/Intermediates.noindex/PostHog.build/Debug-iphoneos/phlibwebp.build/Objects-normal/arm64/filter_enc.o.scan -- /Applications/Xcode.app/Contents/Developer/Toolchains/XcodeDefault.xctoolchain/usr/bin/clang -x c -ivfsstatcache /Users/colbycorcoran/Library/Developer/Xcode/DerivedData/SDKStatCaches.noindex/iphoneos26.2-23C53-3794476bd08197c3e2abd9bb477ef7f7.sdkstatcache -fmessage-length\=0 -fdiagnostics-show-note-include-stack -fmacro-backtrace-limit\=0 -fno-color-diagnostics -fmodules-prune-interval\=86400 -fmodules-prune-after\=345600 -fbuild-session-file\=/Users/colbycorcoran/Library/Developer/Xcode/DerivedData/ModuleCache.noindex/Session.modulevalidation -fmodules-validate-once-per-build-session -Wnon-modular-include-in-framework-module -Werror\=non-modular-include-in-framework-module -Wno-trigraphs -Wno-missing-field-initializers -Wno-missing-prototypes -Wno-return-type -Wno-missing-braces -Wparentheses -Wswitch -Wno-unused-function -Wno-unused-label -Wno-unused-parameter -Wno-unused-variable -Wunused-value -Wno-empty-body -Wno-uninitialized -Wno-unknown-pragmas -w -Wno-shadow -Wno-four-char-constants -Wno-conversion -Wno-constant-conversion -Wno-int-conversion -Wno-bool-conversion -Wno-enum-conversion -Wno-float-conversion -Wno-non-literal-null-conversion -Wno-objc-literal-conversion -Wshorten-64-to-32 -Wpointer-sign -Wno-newline-eof -Wno-implicit-fallthrough -fstrict-aliasing -Wdeprecated-declarations -Wno-sign-conversion -Wno-infinite-recursion -Wno-comma -Wno-block-capture-autoreleasing -Wno-strict-prototypes -Wno-semicolon-before-method-body -index-store-path /Users/colbycorcoran/Library/Developer/Xcode/DerivedData/Fiz-fiflxcjvlfosoebhvlytfgwprkxo/Index.noindex/DataStore @/Users/colbycorcoran/Library/Developer/Xcode/DerivedData/Fiz-fiflxcjvlfosoebhvlytfgwprkxo/Build/Intermediates.noindex/PostHog.build/Debug-iphoneos/phlibwebp.build/Objects-normal/arm64/7187679823f38a2a940e0043cdf9d637-common-args.resp -MMD -MT dependencies -MF /Users/colbycorcoran/Library/Developer/Xcode/DerivedData/Fiz-fiflxcjvlfosoebhvlytfgwprkxo/Build/Intermediates.noindex/PostHog.build/Debug-iphoneos/phlibwebp.build/Objects-normal/arm64/filter_enc.d --serialize-diagnostics /Users/colbycorcoran/Library/Developer/Xcode/DerivedData/Fiz-fiflxcjvlfosoebhvlytfgwprkxo/Build/Intermediates.noindex/PostHog.build/Debug-iphoneos/phlibwebp.build/Objects-normal/arm64/filter_enc.dia -c /Users/colbycorcoran/Library/Developer/Xcode/DerivedData/Fiz-fiflxcjvlfosoebhvlytfgwprkxo/SourcePackages/checkouts/posthog-ios/vendor/libwebp/filter_enc.c -o /Users/colbycorcoran/Library/Developer/Xcode/DerivedData/Fiz-fiflxcjvlfosoebhvlytfgwprkxo/Build/Intermediates.noindex/PostHog.build/Debug-iphoneos/phlibwebp.build/Objects-normal/arm64/filter_enc.o -index-unit-output-path /PostHog.build/Debug-iphoneos/phlibwebp.build/Objects-normal/arm64/filter_enc.o

ScanDependencies /Users/colbycorcoran/Library/Developer/Xcode/DerivedData/Fiz-fiflxcjvlfosoebhvlytfgwprkxo/Build/Intermediates.noindex/PostHog.build/Debug-iphoneos/phlibwebp.build/Objects-normal/arm64/enc_sse2.o /Users/colbycorcoran/Library/Developer/Xcode/DerivedData/Fiz-fiflxcjvlfosoebhvlytfgwprkxo/SourcePackages/checkouts/posthog-ios/vendor/libwebp/enc_sse2.c normal arm64 c com.apple.compilers.llvm.clang.1_0.compiler (in target 'phlibwebp' from project 'PostHog')
    cd /Users/colbycorcoran/Documents/App\ Development/Fiz/Fiz.xcodeproj
    
    Using response file: /Users/colbycorcoran/Library/Developer/Xcode/DerivedData/Fiz-fiflxcjvlfosoebhvlytfgwprkxo/Build/Intermediates.noindex/PostHog.build/Debug-iphoneos/phlibwebp.build/Objects-normal/arm64/7187679823f38a2a940e0043cdf9d637-common-args.resp
    
    builtin-ScanDependencies -o /Users/colbycorcoran/Library/Developer/Xcode/DerivedData/Fiz-fiflxcjvlfosoebhvlytfgwprkxo/Build/Intermediates.noindex/PostHog.build/Debug-iphoneos/phlibwebp.build/Objects-normal/arm64/enc_sse2.o.scan -- /Applications/Xcode.app/Contents/Developer/Toolchains/XcodeDefault.xctoolchain/usr/bin/clang -x c -ivfsstatcache /Users/colbycorcoran/Library/Developer/Xcode/DerivedData/SDKStatCaches.noindex/iphoneos26.2-23C53-3794476bd08197c3e2abd9bb477ef7f7.sdkstatcache -fmessage-length\=0 -fdiagnostics-show-note-include-stack -fmacro-backtrace-limit\=0 -fno-color-diagnostics -fmodules-prune-interval\=86400 -fmodules-prune-after\=345600 -fbuild-session-file\=/Users/colbycorcoran/Library/Developer/Xcode/DerivedData/ModuleCache.noindex/Session.modulevalidation -fmodules-validate-once-per-build-session -Wnon-modular-include-in-framework-module -Werror\=non-modular-include-in-framework-module -Wno-trigraphs -Wno-missing-field-initializers -Wno-missing-prototypes -Wno-return-type -Wno-missing-braces -Wparentheses -Wswitch -Wno-unused-function -Wno-unused-label -Wno-unused-parameter -Wno-unused-variable -Wunused-value -Wno-empty-body -Wno-uninitialized -Wno-unknown-pragmas -w -Wno-shadow -Wno-four-char-constants -Wno-conversion -Wno-constant-conversion -Wno-int-conversion -Wno-bool-conversion -Wno-enum-conversion -Wno-float-conversion -Wno-non-literal-null-conversion -Wno-objc-literal-conversion -Wshorten-64-to-32 -Wpointer-sign -Wno-newline-eof -Wno-implicit-fallthrough -fstrict-aliasing -Wdeprecated-declarations -Wno-sign-conversion -Wno-infinite-recursion -Wno-comma -Wno-block-capture-autoreleasing -Wno-strict-prototypes -Wno-semicolon-before-method-body -index-store-path /Users/colbycorcoran/Library/Developer/Xcode/DerivedData/Fiz-fiflxcjvlfosoebhvlytfgwprkxo/Index.noindex/DataStore @/Users/colbycorcoran/Library/Developer/Xcode/DerivedData/Fiz-fiflxcjvlfosoebhvlytfgwprkxo/Build/Intermediates.noindex/PostHog.build/Debug-iphoneos/phlibwebp.build/Objects-normal/arm64/7187679823f38a2a940e0043cdf9d637-common-args.resp -MMD -MT dependencies -MF /Users/colbycorcoran/Library/Developer/Xcode/DerivedData/Fiz-fiflxcjvlfosoebhvlytfgwprkxo/Build/Intermediates.noindex/PostHog.build/Debug-iphoneos/phlibwebp.build/Objects-normal/arm64/enc_sse2.d --serialize-diagnostics /Users/colbycorcoran/Library/Developer/Xcode/DerivedData/Fiz-fiflxcjvlfosoebhvlytfgwprkxo/Build/Intermediates.noindex/PostHog.build/Debug-iphoneos/phlibwebp.build/Objects-normal/arm64/enc_sse2.dia -c /Users/colbycorcoran/Library/Developer/Xcode/DerivedData/Fiz-fiflxcjvlfosoebhvlytfgwprkxo/SourcePackages/checkouts/posthog-ios/vendor/libwebp/enc_sse2.c -o /Users/colbycorcoran/Library/Developer/Xcode/DerivedData/Fiz-fiflxcjvlfosoebhvlytfgwprkxo/Build/Intermediates.noindex/PostHog.build/Debug-iphoneos/phlibwebp.build/Objects-normal/arm64/enc_sse2.o -index-unit-output-path /PostHog.build/Debug-iphoneos/phlibwebp.build/Objects-normal/arm64/enc_sse2.o

ScanDependencies /Users/colbycorcoran/Library/Developer/Xcode/DerivedData/Fiz-fiflxcjvlfosoebhvlytfgwprkxo/Build/Intermediates.noindex/PostHog.build/Debug-iphoneos/phlibwebp.build/Objects-normal/arm64/enc_sse41.o /Users/colbycorcoran/Library/Developer/Xcode/DerivedData/Fiz-fiflxcjvlfosoebhvlytfgwprkxo/SourcePackages/checkouts/posthog-ios/vendor/libwebp/enc_sse41.c normal arm64 c com.apple.compilers.llvm.clang.1_0.compiler (in target 'phlibwebp' from project 'PostHog')
    cd /Users/colbycorcoran/Documents/App\ Development/Fiz/Fiz.xcodeproj
    
    Using response file: /Users/colbycorcoran/Library/Developer/Xcode/DerivedData/Fiz-fiflxcjvlfosoebhvlytfgwprkxo/Build/Intermediates.noindex/PostHog.build/Debug-iphoneos/phlibwebp.build/Objects-normal/arm64/7187679823f38a2a940e0043cdf9d637-common-args.resp
    
    builtin-ScanDependencies -o /Users/colbycorcoran/Library/Developer/Xcode/DerivedData/Fiz-fiflxcjvlfosoebhvlytfgwprkxo/Build/Intermediates.noindex/PostHog.build/Debug-iphoneos/phlibwebp.build/Objects-normal/arm64/enc_sse41.o.scan -- /Applications/Xcode.app/Contents/Developer/Toolchains/XcodeDefault.xctoolchain/usr/bin/clang -x c -ivfsstatcache /Users/colbycorcoran/Library/Developer/Xcode/DerivedData/SDKStatCaches.noindex/iphoneos26.2-23C53-3794476bd08197c3e2abd9bb477ef7f7.sdkstatcache -fmessage-length\=0 -fdiagnostics-show-note-include-stack -fmacro-backtrace-limit\=0 -fno-color-diagnostics -fmodules-prune-interval\=86400 -fmodules-prune-after\=345600 -fbuild-session-file\=/Users/colbycorcoran/Library/Developer/Xcode/DerivedData/ModuleCache.noindex/Session.modulevalidation -fmodules-validate-once-per-build-session -Wnon-modular-include-in-framework-module -Werror\=non-modular-include-in-framework-module -Wno-trigraphs -Wno-missing-field-initializers -Wno-missing-prototypes -Wno-return-type -Wno-missing-braces -Wparentheses -Wswitch -Wno-unused-function -Wno-unused-label -Wno-unused-parameter -Wno-unused-variable -Wunused-value -Wno-empty-body -Wno-uninitialized -Wno-unknown-pragmas -w -Wno-shadow -Wno-four-char-constants -Wno-conversion -Wno-constant-conversion -Wno-int-conversion -Wno-bool-conversion -Wno-enum-conversion -Wno-float-conversion -Wno-non-literal-null-conversion -Wno-objc-literal-conversion -Wshorten-64-to-32 -Wpointer-sign -Wno-newline-eof -Wno-implicit-fallthrough -fstrict-aliasing -Wdeprecated-declarations -Wno-sign-conversion -Wno-infinite-recursion -Wno-comma -Wno-block-capture-autoreleasing -Wno-strict-prototypes -Wno-semicolon-before-method-body -index-store-path /Users/colbycorcoran/Library/Developer/Xcode/DerivedData/Fiz-fiflxcjvlfosoebhvlytfgwprkxo/Index.noindex/DataStore @/Users/colbycorcoran/Library/Developer/Xcode/DerivedData/Fiz-fiflxcjvlfosoebhvlytfgwprkxo/Build/Intermediates.noindex/PostHog.build/Debug-iphoneos/phlibwebp.build/Objects-normal/arm64/7187679823f38a2a940e0043cdf9d637-common-args.resp -MMD -MT dependencies -MF /Users/colbycorcoran/Library/Developer/Xcode/DerivedData/Fiz-fiflxcjvlfosoebhvlytfgwprkxo/Build/Intermediates.noindex/PostHog.build/Debug-iphoneos/phlibwebp.build/Objects-normal/arm64/enc_sse41.d --serialize-diagnostics /Users/colbycorcoran/Library/Developer/Xcode/DerivedData/Fiz-fiflxcjvlfosoebhvlytfgwprkxo/Build/Intermediates.noindex/PostHog.build/Debug-iphoneos/phlibwebp.build/Objects-normal/arm64/enc_sse41.dia -c /Users/colbycorcoran/Library/Developer/Xcode/DerivedData/Fiz-fiflxcjvlfosoebhvlytfgwprkxo/SourcePackages/checkouts/posthog-ios/vendor/libwebp/enc_sse41.c -o /Users/colbycorcoran/Library/Developer/Xcode/DerivedData/Fiz-fiflxcjvlfosoebhvlytfgwprkxo/Build/Intermediates.noindex/PostHog.build/Debug-iphoneos/phlibwebp.build/Objects-normal/arm64/enc_sse41.o -index-unit-output-path /PostHog.build/Debug-iphoneos/phlibwebp.build/Objects-normal/arm64/enc_sse41.o

ScanDependencies /Users/colbycorcoran/Library/Developer/Xcode/DerivedData/Fiz-fiflxcjvlfosoebhvlytfgwprkxo/Build/Intermediates.noindex/PostHog.build/Debug-iphoneos/phlibwebp.build/Objects-normal/arm64/enc_neon.o /Users/colbycorcoran/Library/Developer/Xcode/DerivedData/Fiz-fiflxcjvlfosoebhvlytfgwprkxo/SourcePackages/checkouts/posthog-ios/vendor/libwebp/enc_neon.c normal arm64 c com.apple.compilers.llvm.clang.1_0.compiler (in target 'phlibwebp' from project 'PostHog')
    cd /Users/colbycorcoran/Documents/App\ Development/Fiz/Fiz.xcodeproj
    
    Using response file: /Users/colbycorcoran/Library/Developer/Xcode/DerivedData/Fiz-fiflxcjvlfosoebhvlytfgwprkxo/Build/Intermediates.noindex/PostHog.build/Debug-iphoneos/phlibwebp.build/Objects-normal/arm64/7187679823f38a2a940e0043cdf9d637-common-args.resp
    
    builtin-ScanDependencies -o /Users/colbycorcoran/Library/Developer/Xcode/DerivedData/Fiz-fiflxcjvlfosoebhvlytfgwprkxo/Build/Intermediates.noindex/PostHog.build/Debug-iphoneos/phlibwebp.build/Objects-normal/arm64/enc_neon.o.scan -- /Applications/Xcode.app/Contents/Developer/Toolchains/XcodeDefault.xctoolchain/usr/bin/clang -x c -ivfsstatcache /Users/colbycorcoran/Library/Developer/Xcode/DerivedData/SDKStatCaches.noindex/iphoneos26.2-23C53-3794476bd08197c3e2abd9bb477ef7f7.sdkstatcache -fmessage-length\=0 -fdiagnostics-show-note-include-stack -fmacro-backtrace-limit\=0 -fno-color-diagnostics -fmodules-prune-interval\=86400 -fmodules-prune-after\=345600 -fbuild-session-file\=/Users/colbycorcoran/Library/Developer/Xcode/DerivedData/ModuleCache.noindex/Session.modulevalidation -fmodules-validate-once-per-build-session -Wnon-modular-include-in-framework-module -Werror\=non-modular-include-in-framework-module -Wno-trigraphs -Wno-missing-field-initializers -Wno-missing-prototypes -Wno-return-type -Wno-missing-braces -Wparentheses -Wswitch -Wno-unused-function -Wno-unused-label -Wno-unused-parameter -Wno-unused-variable -Wunused-value -Wno-empty-body -Wno-uninitialized -Wno-unknown-pragmas -w -Wno-shadow -Wno-four-char-constants -Wno-conversion -Wno-constant-conversion -Wno-int-conversion -Wno-bool-conversion -Wno-enum-conversion -Wno-float-conversion -Wno-non-literal-null-conversion -Wno-objc-literal-conversion -Wshorten-64-to-32 -Wpointer-sign -Wno-newline-eof -Wno-implicit-fallthrough -fstrict-aliasing -Wdeprecated-declarations -Wno-sign-conversion -Wno-infinite-recursion -Wno-comma -Wno-block-capture-autoreleasing -Wno-strict-prototypes -Wno-semicolon-before-method-body -index-store-path /Users/colbycorcoran/Library/Developer/Xcode/DerivedData/Fiz-fiflxcjvlfosoebhvlytfgwprkxo/Index.noindex/DataStore @/Users/colbycorcoran/Library/Developer/Xcode/DerivedData/Fiz-fiflxcjvlfosoebhvlytfgwprkxo/Build/Intermediates.noindex/PostHog.build/Debug-iphoneos/phlibwebp.build/Objects-normal/arm64/7187679823f38a2a940e0043cdf9d637-common-args.resp -MMD -MT dependencies -MF /Users/colbycorcoran/Library/Developer/Xcode/DerivedData/Fiz-fiflxcjvlfosoebhvlytfgwprkxo/Build/Intermediates.noindex/PostHog.build/Debug-iphoneos/phlibwebp.build/Objects-normal/arm64/enc_neon.d --serialize-diagnostics /Users/colbycorcoran/Library/Developer/Xcode/DerivedData/Fiz-fiflxcjvlfosoebhvlytfgwprkxo/Build/Intermediates.noindex/PostHog.build/Debug-iphoneos/phlibwebp.build/Objects-normal/arm64/enc_neon.dia -c /Users/colbycorcoran/Library/Developer/Xcode/DerivedData/Fiz-fiflxcjvlfosoebhvlytfgwprkxo/SourcePackages/checkouts/posthog-ios/vendor/libwebp/enc_neon.c -o /Users/colbycorcoran/Library/Developer/Xcode/DerivedData/Fiz-fiflxcjvlfosoebhvlytfgwprkxo/Build/Intermediates.noindex/PostHog.build/Debug-iphoneos/phlibwebp.build/Objects-normal/arm64/enc_neon.o -index-unit-output-path /PostHog.build/Debug-iphoneos/phlibwebp.build/Objects-normal/arm64/enc_neon.o

ScanDependencies /Users/colbycorcoran/Library/Developer/Xcode/DerivedData/Fiz-fiflxcjvlfosoebhvlytfgwprkxo/Build/Intermediates.noindex/PostHog.build/Debug-iphoneos/phlibwebp.build/Objects-normal/arm64/enc.o /Users/colbycorcoran/Library/Developer/Xcode/DerivedData/Fiz-fiflxcjvlfosoebhvlytfgwprkxo/SourcePackages/checkouts/posthog-ios/vendor/libwebp/enc.c normal arm64 c com.apple.compilers.llvm.clang.1_0.compiler (in target 'phlibwebp' from project 'PostHog')
    cd /Users/colbycorcoran/Documents/App\ Development/Fiz/Fiz.xcodeproj
    
    Using response file: /Users/colbycorcoran/Library/Developer/Xcode/DerivedData/Fiz-fiflxcjvlfosoebhvlytfgwprkxo/Build/Intermediates.noindex/PostHog.build/Debug-iphoneos/phlibwebp.build/Objects-normal/arm64/7187679823f38a2a940e0043cdf9d637-common-args.resp
    
    builtin-ScanDependencies -o /Users/colbycorcoran/Library/Developer/Xcode/DerivedData/Fiz-fiflxcjvlfosoebhvlytfgwprkxo/Build/Intermediates.noindex/PostHog.build/Debug-iphoneos/phlibwebp.build/Objects-normal/arm64/enc.o.scan -- /Applications/Xcode.app/Contents/Developer/Toolchains/XcodeDefault.xctoolchain/usr/bin/clang -x c -ivfsstatcache /Users/colbycorcoran/Library/Developer/Xcode/DerivedData/SDKStatCaches.noindex/iphoneos26.2-23C53-3794476bd08197c3e2abd9bb477ef7f7.sdkstatcache -fmessage-length\=0 -fdiagnostics-show-note-include-stack -fmacro-backtrace-limit\=0 -fno-color-diagnostics -fmodules-prune-interval\=86400 -fmodules-prune-after\=345600 -fbuild-session-file\=/Users/colbycorcoran/Library/Developer/Xcode/DerivedData/ModuleCache.noindex/Session.modulevalidation -fmodules-validate-once-per-build-session -Wnon-modular-include-in-framework-module -Werror\=non-modular-include-in-framework-module -Wno-trigraphs -Wno-missing-field-initializers -Wno-missing-prototypes -Wno-return-type -Wno-missing-braces -Wparentheses -Wswitch -Wno-unused-function -Wno-unused-label -Wno-unused-parameter -Wno-unused-variable -Wunused-value -Wno-empty-body -Wno-uninitialized -Wno-unknown-pragmas -w -Wno-shadow -Wno-four-char-constants -Wno-conversion -Wno-constant-conversion -Wno-int-conversion -Wno-bool-conversion -Wno-enum-conversion -Wno-float-conversion -Wno-non-literal-null-conversion -Wno-objc-literal-conversion -Wshorten-64-to-32 -Wpointer-sign -Wno-newline-eof -Wno-implicit-fallthrough -fstrict-aliasing -Wdeprecated-declarations -Wno-sign-conversion -Wno-infinite-recursion -Wno-comma -Wno-block-capture-autoreleasing -Wno-strict-prototypes -Wno-semicolon-before-method-body -index-store-path /Users/colbycorcoran/Library/Developer/Xcode/DerivedData/Fiz-fiflxcjvlfosoebhvlytfgwprkxo/Index.noindex/DataStore @/Users/colbycorcoran/Library/Developer/Xcode/DerivedData/Fiz-fiflxcjvlfosoebhvlytfgwprkxo/Build/Intermediates.noindex/PostHog.build/Debug-iphoneos/phlibwebp.build/Objects-normal/arm64/7187679823f38a2a940e0043cdf9d637-common-args.resp -MMD -MT dependencies -MF /Users/colbycorcoran/Library/Developer/Xcode/DerivedData/Fiz-fiflxcjvlfosoebhvlytfgwprkxo/Build/Intermediates.noindex/PostHog.build/Debug-iphoneos/phlibwebp.build/Objects-normal/arm64/enc.d --serialize-diagnostics /Users/colbycorcoran/Library/Developer/Xcode/DerivedData/Fiz-fiflxcjvlfosoebhvlytfgwprkxo/Build/Intermediates.noindex/PostHog.build/Debug-iphoneos/phlibwebp.build/Objects-normal/arm64/enc.dia -c /Users/colbycorcoran/Library/Developer/Xcode/DerivedData/Fiz-fiflxcjvlfosoebhvlytfgwprkxo/SourcePackages/checkouts/posthog-ios/vendor/libwebp/enc.c -o /Users/colbycorcoran/Library/Developer/Xcode/DerivedData/Fiz-fiflxcjvlfosoebhvlytfgwprkxo/Build/Intermediates.noindex/PostHog.build/Debug-iphoneos/phlibwebp.build/Objects-normal/arm64/enc.o -index-unit-output-path /PostHog.build/Debug-iphoneos/phlibwebp.build/Objects-normal/arm64/enc.o

PrecompileModule /Users/colbycorcoran/Library/Developer/Xcode/DerivedData/Fiz-fiflxcjvlfosoebhvlytfgwprkxo/Build/Intermediates.noindex/ExplicitPrecompiledModules/_Builtin_limits-58T0QQW2D3MM5QVIWEE0WZDHG.scan
    cd /
    builtin-precompileModule /Users/colbycorcoran/Library/Developer/Xcode/DerivedData/Fiz-fiflxcjvlfosoebhvlytfgwprkxo/Build/Intermediates.noindex/ExplicitPrecompiledModules/_Builtin_limits-58T0QQW2D3MM5QVIWEE0WZDHG.scan

PrecompileModule /Users/colbycorcoran/Library/Developer/Xcode/DerivedData/Fiz-fiflxcjvlfosoebhvlytfgwprkxo/Build/Intermediates.noindex/ExplicitPrecompiledModules/_DarwinFoundation2-4XZJ27WSO0KOLRVL4493LEY6L.scan
    cd /
    builtin-precompileModule /Users/colbycorcoran/Library/Developer/Xcode/DerivedData/Fiz-fiflxcjvlfosoebhvlytfgwprkxo/Build/Intermediates.noindex/ExplicitPrecompiledModules/_DarwinFoundation2-4XZJ27WSO0KOLRVL4493LEY6L.scan

ScanDependencies /Users/colbycorcoran/Library/Developer/Xcode/DerivedData/Fiz-fiflxcjvlfosoebhvlytfgwprkxo/Build/Intermediates.noindex/PostHog.build/Debug-iphoneos/phlibwebp.build/Objects-normal/arm64/dec_sse41.o /Users/colbycorcoran/Library/Developer/Xcode/DerivedData/Fiz-fiflxcjvlfosoebhvlytfgwprkxo/SourcePackages/checkouts/posthog-ios/vendor/libwebp/dec_sse41.c normal arm64 c com.apple.compilers.llvm.clang.1_0.compiler (in target 'phlibwebp' from project 'PostHog')
    cd /Users/colbycorcoran/Documents/App\ Development/Fiz/Fiz.xcodeproj
    
    Using response file: /Users/colbycorcoran/Library/Developer/Xcode/DerivedData/Fiz-fiflxcjvlfosoebhvlytfgwprkxo/Build/Intermediates.noindex/PostHog.build/Debug-iphoneos/phlibwebp.build/Objects-normal/arm64/7187679823f38a2a940e0043cdf9d637-common-args.resp
    
    builtin-ScanDependencies -o /Users/colbycorcoran/Library/Developer/Xcode/DerivedData/Fiz-fiflxcjvlfosoebhvlytfgwprkxo/Build/Intermediates.noindex/PostHog.build/Debug-iphoneos/phlibwebp.build/Objects-normal/arm64/dec_sse41.o.scan -- /Applications/Xcode.app/Contents/Developer/Toolchains/XcodeDefault.xctoolchain/usr/bin/clang -x c -ivfsstatcache /Users/colbycorcoran/Library/Developer/Xcode/DerivedData/SDKStatCaches.noindex/iphoneos26.2-23C53-3794476bd08197c3e2abd9bb477ef7f7.sdkstatcache -fmessage-length\=0 -fdiagnostics-show-note-include-stack -fmacro-backtrace-limit\=0 -fno-color-diagnostics -fmodules-prune-interval\=86400 -fmodules-prune-after\=345600 -fbuild-session-file\=/Users/colbycorcoran/Library/Developer/Xcode/DerivedData/ModuleCache.noindex/Session.modulevalidation -fmodules-validate-once-per-build-session -Wnon-modular-include-in-framework-module -Werror\=non-modular-include-in-framework-module -Wno-trigraphs -Wno-missing-field-initializers -Wno-missing-prototypes -Wno-return-type -Wno-missing-braces -Wparentheses -Wswitch -Wno-unused-function -Wno-unused-label -Wno-unused-parameter -Wno-unused-variable -Wunused-value -Wno-empty-body -Wno-uninitialized -Wno-unknown-pragmas -w -Wno-shadow -Wno-four-char-constants -Wno-conversion -Wno-constant-conversion -Wno-int-conversion -Wno-bool-conversion -Wno-enum-conversion -Wno-float-conversion -Wno-non-literal-null-conversion -Wno-objc-literal-conversion -Wshorten-64-to-32 -Wpointer-sign -Wno-newline-eof -Wno-implicit-fallthrough -fstrict-aliasing -Wdeprecated-declarations -Wno-sign-conversion -Wno-infinite-recursion -Wno-comma -Wno-block-capture-autoreleasing -Wno-strict-prototypes -Wno-semicolon-before-method-body -index-store-path /Users/colbycorcoran/Library/Developer/Xcode/DerivedData/Fiz-fiflxcjvlfosoebhvlytfgwprkxo/Index.noindex/DataStore @/Users/colbycorcoran/Library/Developer/Xcode/DerivedData/Fiz-fiflxcjvlfosoebhvlytfgwprkxo/Build/Intermediates.noindex/PostHog.build/Debug-iphoneos/phlibwebp.build/Objects-normal/arm64/7187679823f38a2a940e0043cdf9d637-common-args.resp -MMD -MT dependencies -MF /Users/colbycorcoran/Library/Developer/Xcode/DerivedData/Fiz-fiflxcjvlfosoebhvlytfgwprkxo/Build/Intermediates.noindex/PostHog.build/Debug-iphoneos/phlibwebp.build/Objects-normal/arm64/dec_sse41.d --serialize-diagnostics /Users/colbycorcoran/Library/Developer/Xcode/DerivedData/Fiz-fiflxcjvlfosoebhvlytfgwprkxo/Build/Intermediates.noindex/PostHog.build/Debug-iphoneos/phlibwebp.build/Objects-normal/arm64/dec_sse41.dia -c /Users/colbycorcoran/Library/Developer/Xcode/DerivedData/Fiz-fiflxcjvlfosoebhvlytfgwprkxo/SourcePackages/checkouts/posthog-ios/vendor/libwebp/dec_sse41.c -o /Users/colbycorcoran/Library/Developer/Xcode/DerivedData/Fiz-fiflxcjvlfosoebhvlytfgwprkxo/Build/Intermediates.noindex/PostHog.build/Debug-iphoneos/phlibwebp.build/Objects-normal/arm64/dec_sse41.o -index-unit-output-path /PostHog.build/Debug-iphoneos/phlibwebp.build/Objects-normal/arm64/dec_sse41.o

ScanDependencies /Users/colbycorcoran/Library/Developer/Xcode/DerivedData/Fiz-fiflxcjvlfosoebhvlytfgwprkxo/Build/Intermediates.noindex/PostHog.build/Debug-iphoneos/phlibwebp.build/Objects-normal/arm64/dec_sse2.o /Users/colbycorcoran/Library/Developer/Xcode/DerivedData/Fiz-fiflxcjvlfosoebhvlytfgwprkxo/SourcePackages/checkouts/posthog-ios/vendor/libwebp/dec_sse2.c normal arm64 c com.apple.compilers.llvm.clang.1_0.compiler (in target 'phlibwebp' from project 'PostHog')
    cd /Users/colbycorcoran/Documents/App\ Development/Fiz/Fiz.xcodeproj
    
    Using response file: /Users/colbycorcoran/Library/Developer/Xcode/DerivedData/Fiz-fiflxcjvlfosoebhvlytfgwprkxo/Build/Intermediates.noindex/PostHog.build/Debug-iphoneos/phlibwebp.build/Objects-normal/arm64/7187679823f38a2a940e0043cdf9d637-common-args.resp
    
    builtin-ScanDependencies -o /Users/colbycorcoran/Library/Developer/Xcode/DerivedData/Fiz-fiflxcjvlfosoebhvlytfgwprkxo/Build/Intermediates.noindex/PostHog.build/Debug-iphoneos/phlibwebp.build/Objects-normal/arm64/dec_sse2.o.scan -- /Applications/Xcode.app/Contents/Developer/Toolchains/XcodeDefault.xctoolchain/usr/bin/clang -x c -ivfsstatcache /Users/colbycorcoran/Library/Developer/Xcode/DerivedData/SDKStatCaches.noindex/iphoneos26.2-23C53-3794476bd08197c3e2abd9bb477ef7f7.sdkstatcache -fmessage-length\=0 -fdiagnostics-show-note-include-stack -fmacro-backtrace-limit\=0 -fno-color-diagnostics -fmodules-prune-interval\=86400 -fmodules-prune-after\=345600 -fbuild-session-file\=/Users/colbycorcoran/Library/Developer/Xcode/DerivedData/ModuleCache.noindex/Session.modulevalidation -fmodules-validate-once-per-build-session -Wnon-modular-include-in-framework-module -Werror\=non-modular-include-in-framework-module -Wno-trigraphs -Wno-missing-field-initializers -Wno-missing-prototypes -Wno-return-type -Wno-missing-braces -Wparentheses -Wswitch -Wno-unused-function -Wno-unused-label -Wno-unused-parameter -Wno-unused-variable -Wunused-value -Wno-empty-body -Wno-uninitialized -Wno-unknown-pragmas -w -Wno-shadow -Wno-four-char-constants -Wno-conversion -Wno-constant-conversion -Wno-int-conversion -Wno-bool-conversion -Wno-enum-conversion -Wno-float-conversion -Wno-non-literal-null-conversion -Wno-objc-literal-conversion -Wshorten-64-to-32 -Wpointer-sign -Wno-newline-eof -Wno-implicit-fallthrough -fstrict-aliasing -Wdeprecated-declarations -Wno-sign-conversion -Wno-infinite-recursion -Wno-comma -Wno-block-capture-autoreleasing -Wno-strict-prototypes -Wno-semicolon-before-method-body -index-store-path /Users/colbycorcoran/Library/Developer/Xcode/DerivedData/Fiz-fiflxcjvlfosoebhvlytfgwprkxo/Index.noindex/DataStore @/Users/colbycorcoran/Library/Developer/Xcode/DerivedData/Fiz-fiflxcjvlfosoebhvlytfgwprkxo/Build/Intermediates.noindex/PostHog.build/Debug-iphoneos/phlibwebp.build/Objects-normal/arm64/7187679823f38a2a940e0043cdf9d637-common-args.resp -MMD -MT dependencies -MF /Users/colbycorcoran/Library/Developer/Xcode/DerivedData/Fiz-fiflxcjvlfosoebhvlytfgwprkxo/Build/Intermediates.noindex/PostHog.build/Debug-iphoneos/phlibwebp.build/Objects-normal/arm64/dec_sse2.d --serialize-diagnostics /Users/colbycorcoran/Library/Developer/Xcode/DerivedData/Fiz-fiflxcjvlfosoebhvlytfgwprkxo/Build/Intermediates.noindex/PostHog.build/Debug-iphoneos/phlibwebp.build/Objects-normal/arm64/dec_sse2.dia -c /Users/colbycorcoran/Library/Developer/Xcode/DerivedData/Fiz-fiflxcjvlfosoebhvlytfgwprkxo/SourcePackages/checkouts/posthog-ios/vendor/libwebp/dec_sse2.c -o /Users/colbycorcoran/Library/Developer/Xcode/DerivedData/Fiz-fiflxcjvlfosoebhvlytfgwprkxo/Build/Intermediates.noindex/PostHog.build/Debug-iphoneos/phlibwebp.build/Objects-normal/arm64/dec_sse2.o -index-unit-output-path /PostHog.build/Debug-iphoneos/phlibwebp.build/Objects-normal/arm64/dec_sse2.o

ScanDependencies /Users/colbycorcoran/Library/Developer/Xcode/DerivedData/Fiz-fiflxcjvlfosoebhvlytfgwprkxo/Build/Intermediates.noindex/PostHog.build/Debug-iphoneos/phlibwebp.build/Objects-normal/arm64/dec_neon.o /Users/colbycorcoran/Library/Developer/Xcode/DerivedData/Fiz-fiflxcjvlfosoebhvlytfgwprkxo/SourcePackages/checkouts/posthog-ios/vendor/libwebp/dec_neon.c normal arm64 c com.apple.compilers.llvm.clang.1_0.compiler (in target 'phlibwebp' from project 'PostHog')
    cd /Users/colbycorcoran/Documents/App\ Development/Fiz/Fiz.xcodeproj
    
    Using response file: /Users/colbycorcoran/Library/Developer/Xcode/DerivedData/Fiz-fiflxcjvlfosoebhvlytfgwprkxo/Build/Intermediates.noindex/PostHog.build/Debug-iphoneos/phlibwebp.build/Objects-normal/arm64/7187679823f38a2a940e0043cdf9d637-common-args.resp
    
    builtin-ScanDependencies -o /Users/colbycorcoran/Library/Developer/Xcode/DerivedData/Fiz-fiflxcjvlfosoebhvlytfgwprkxo/Build/Intermediates.noindex/PostHog.build/Debug-iphoneos/phlibwebp.build/Objects-normal/arm64/dec_neon.o.scan -- /Applications/Xcode.app/Contents/Developer/Toolchains/XcodeDefault.xctoolchain/usr/bin/clang -x c -ivfsstatcache /Users/colbycorcoran/Library/Developer/Xcode/DerivedData/SDKStatCaches.noindex/iphoneos26.2-23C53-3794476bd08197c3e2abd9bb477ef7f7.sdkstatcache -fmessage-length\=0 -fdiagnostics-show-note-include-stack -fmacro-backtrace-limit\=0 -fno-color-diagnostics -fmodules-prune-interval\=86400 -fmodules-prune-after\=345600 -fbuild-session-file\=/Users/colbycorcoran/Library/Developer/Xcode/DerivedData/ModuleCache.noindex/Session.modulevalidation -fmodules-validate-once-per-build-session -Wnon-modular-include-in-framework-module -Werror\=non-modular-include-in-framework-module -Wno-trigraphs -Wno-missing-field-initializers -Wno-missing-prototypes -Wno-return-type -Wno-missing-braces -Wparentheses -Wswitch -Wno-unused-function -Wno-unused-label -Wno-unused-parameter -Wno-unused-variable -Wunused-value -Wno-empty-body -Wno-uninitialized -Wno-unknown-pragmas -w -Wno-shadow -Wno-four-char-constants -Wno-conversion -Wno-constant-conversion -Wno-int-conversion -Wno-bool-conversion -Wno-enum-conversion -Wno-float-conversion -Wno-non-literal-null-conversion -Wno-objc-literal-conversion -Wshorten-64-to-32 -Wpointer-sign -Wno-newline-eof -Wno-implicit-fallthrough -fstrict-aliasing -Wdeprecated-declarations -Wno-sign-conversion -Wno-infinite-recursion -Wno-comma -Wno-block-capture-autoreleasing -Wno-strict-prototypes -Wno-semicolon-before-method-body -index-store-path /Users/colbycorcoran/Library/Developer/Xcode/DerivedData/Fiz-fiflxcjvlfosoebhvlytfgwprkxo/Index.noindex/DataStore @/Users/colbycorcoran/Library/Developer/Xcode/DerivedData/Fiz-fiflxcjvlfosoebhvlytfgwprkxo/Build/Intermediates.noindex/PostHog.build/Debug-iphoneos/phlibwebp.build/Objects-normal/arm64/7187679823f38a2a940e0043cdf9d637-common-args.resp -MMD -MT dependencies -MF /Users/colbycorcoran/Library/Developer/Xcode/DerivedData/Fiz-fiflxcjvlfosoebhvlytfgwprkxo/Build/Intermediates.noindex/PostHog.build/Debug-iphoneos/phlibwebp.build/Objects-normal/arm64/dec_neon.d --serialize-diagnostics /Users/colbycorcoran/Library/Developer/Xcode/DerivedData/Fiz-fiflxcjvlfosoebhvlytfgwprkxo/Build/Intermediates.noindex/PostHog.build/Debug-iphoneos/phlibwebp.build/Objects-normal/arm64/dec_neon.dia -c /Users/colbycorcoran/Library/Developer/Xcode/DerivedData/Fiz-fiflxcjvlfosoebhvlytfgwprkxo/SourcePackages/checkouts/posthog-ios/vendor/libwebp/dec_neon.c -o /Users/colbycorcoran/Library/Developer/Xcode/DerivedData/Fiz-fiflxcjvlfosoebhvlytfgwprkxo/Build/Intermediates.noindex/PostHog.build/Debug-iphoneos/phlibwebp.build/Objects-normal/arm64/dec_neon.o -index-unit-output-path /PostHog.build/Debug-iphoneos/phlibwebp.build/Objects-normal/arm64/dec_neon.o

ScanDependencies /Users/colbycorcoran/Library/Developer/Xcode/DerivedData/Fiz-fiflxcjvlfosoebhvlytfgwprkxo/Build/Intermediates.noindex/PostHog.build/Debug-iphoneos/phlibwebp.build/Objects-normal/arm64/dec_clip_tables.o /Users/colbycorcoran/Library/Developer/Xcode/DerivedData/Fiz-fiflxcjvlfosoebhvlytfgwprkxo/SourcePackages/checkouts/posthog-ios/vendor/libwebp/dec_clip_tables.c normal arm64 c com.apple.compilers.llvm.clang.1_0.compiler (in target 'phlibwebp' from project 'PostHog')
    cd /Users/colbycorcoran/Documents/App\ Development/Fiz/Fiz.xcodeproj
    
    Using response file: /Users/colbycorcoran/Library/Developer/Xcode/DerivedData/Fiz-fiflxcjvlfosoebhvlytfgwprkxo/Build/Intermediates.noindex/PostHog.build/Debug-iphoneos/phlibwebp.build/Objects-normal/arm64/7187679823f38a2a940e0043cdf9d637-common-args.resp
    
    builtin-ScanDependencies -o /Users/colbycorcoran/Library/Developer/Xcode/DerivedData/Fiz-fiflxcjvlfosoebhvlytfgwprkxo/Build/Intermediates.noindex/PostHog.build/Debug-iphoneos/phlibwebp.build/Objects-normal/arm64/dec_clip_tables.o.scan -- /Applications/Xcode.app/Contents/Developer/Toolchains/XcodeDefault.xctoolchain/usr/bin/clang -x c -ivfsstatcache /Users/colbycorcoran/Library/Developer/Xcode/DerivedData/SDKStatCaches.noindex/iphoneos26.2-23C53-3794476bd08197c3e2abd9bb477ef7f7.sdkstatcache -fmessage-length\=0 -fdiagnostics-show-note-include-stack -fmacro-backtrace-limit\=0 -fno-color-diagnostics -fmodules-prune-interval\=86400 -fmodules-prune-after\=345600 -fbuild-session-file\=/Users/colbycorcoran/Library/Developer/Xcode/DerivedData/ModuleCache.noindex/Session.modulevalidation -fmodules-validate-once-per-build-session -Wnon-modular-include-in-framework-module -Werror\=non-modular-include-in-framework-module -Wno-trigraphs -Wno-missing-field-initializers -Wno-missing-prototypes -Wno-return-type -Wno-missing-braces -Wparentheses -Wswitch -Wno-unused-function -Wno-unused-label -Wno-unused-parameter -Wno-unused-variable -Wunused-value -Wno-empty-body -Wno-uninitialized -Wno-unknown-pragmas -w -Wno-shadow -Wno-four-char-constants -Wno-conversion -Wno-constant-conversion -Wno-int-conversion -Wno-bool-conversion -Wno-enum-conversion -Wno-float-conversion -Wno-non-literal-null-conversion -Wno-objc-literal-conversion -Wshorten-64-to-32 -Wpointer-sign -Wno-newline-eof -Wno-implicit-fallthrough -fstrict-aliasing -Wdeprecated-declarations -Wno-sign-conversion -Wno-infinite-recursion -Wno-comma -Wno-block-capture-autoreleasing -Wno-strict-prototypes -Wno-semicolon-before-method-body -index-store-path /Users/colbycorcoran/Library/Developer/Xcode/DerivedData/Fiz-fiflxcjvlfosoebhvlytfgwprkxo/Index.noindex/DataStore @/Users/colbycorcoran/Library/Developer/Xcode/DerivedData/Fiz-fiflxcjvlfosoebhvlytfgwprkxo/Build/Intermediates.noindex/PostHog.build/Debug-iphoneos/phlibwebp.build/Objects-normal/arm64/7187679823f38a2a940e0043cdf9d637-common-args.resp -MMD -MT dependencies -MF /Users/colbycorcoran/Library/Developer/Xcode/DerivedData/Fiz-fiflxcjvlfosoebhvlytfgwprkxo/Build/Intermediates.noindex/PostHog.build/Debug-iphoneos/phlibwebp.build/Objects-normal/arm64/dec_clip_tables.d --serialize-diagnostics /Users/colbycorcoran/Library/Developer/Xcode/DerivedData/Fiz-fiflxcjvlfosoebhvlytfgwprkxo/Build/Intermediates.noindex/PostHog.build/Debug-iphoneos/phlibwebp.build/Objects-normal/arm64/dec_clip_tables.dia -c /Users/colbycorcoran/Library/Developer/Xcode/DerivedData/Fiz-fiflxcjvlfosoebhvlytfgwprkxo/SourcePackages/checkouts/posthog-ios/vendor/libwebp/dec_clip_tables.c -o /Users/colbycorcoran/Library/Developer/Xcode/DerivedData/Fiz-fiflxcjvlfosoebhvlytfgwprkxo/Build/Intermediates.noindex/PostHog.build/Debug-iphoneos/phlibwebp.build/Objects-normal/arm64/dec_clip_tables.o -index-unit-output-path /PostHog.build/Debug-iphoneos/phlibwebp.build/Objects-normal/arm64/dec_clip_tables.o

ScanDependencies /Users/colbycorcoran/Library/Developer/Xcode/DerivedData/Fiz-fiflxcjvlfosoebhvlytfgwprkxo/Build/Intermediates.noindex/PostHog.build/Debug-iphoneos/phlibwebp.build/Objects-normal/arm64/dec.o /Users/colbycorcoran/Library/Developer/Xcode/DerivedData/Fiz-fiflxcjvlfosoebhvlytfgwprkxo/SourcePackages/checkouts/posthog-ios/vendor/libwebp/dec.c normal arm64 c com.apple.compilers.llvm.clang.1_0.compiler (in target 'phlibwebp' from project 'PostHog')
    cd /Users/colbycorcoran/Documents/App\ Development/Fiz/Fiz.xcodeproj
    
    Using response file: /Users/colbycorcoran/Library/Developer/Xcode/DerivedData/Fiz-fiflxcjvlfosoebhvlytfgwprkxo/Build/Intermediates.noindex/PostHog.build/Debug-iphoneos/phlibwebp.build/Objects-normal/arm64/7187679823f38a2a940e0043cdf9d637-common-args.resp
    
    builtin-ScanDependencies -o /Users/colbycorcoran/Library/Developer/Xcode/DerivedData/Fiz-fiflxcjvlfosoebhvlytfgwprkxo/Build/Intermediates.noindex/PostHog.build/Debug-iphoneos/phlibwebp.build/Objects-normal/arm64/dec.o.scan -- /Applications/Xcode.app/Contents/Developer/Toolchains/XcodeDefault.xctoolchain/usr/bin/clang -x c -ivfsstatcache /Users/colbycorcoran/Library/Developer/Xcode/DerivedData/SDKStatCaches.noindex/iphoneos26.2-23C53-3794476bd08197c3e2abd9bb477ef7f7.sdkstatcache -fmessage-length\=0 -fdiagnostics-show-note-include-stack -fmacro-backtrace-limit\=0 -fno-color-diagnostics -fmodules-prune-interval\=86400 -fmodules-prune-after\=345600 -fbuild-session-file\=/Users/colbycorcoran/Library/Developer/Xcode/DerivedData/ModuleCache.noindex/Session.modulevalidation -fmodules-validate-once-per-build-session -Wnon-modular-include-in-framework-module -Werror\=non-modular-include-in-framework-module -Wno-trigraphs -Wno-missing-field-initializers -Wno-missing-prototypes -Wno-return-type -Wno-missing-braces -Wparentheses -Wswitch -Wno-unused-function -Wno-unused-label -Wno-unused-parameter -Wno-unused-variable -Wunused-value -Wno-empty-body -Wno-uninitialized -Wno-unknown-pragmas -w -Wno-shadow -Wno-four-char-constants -Wno-conversion -Wno-constant-conversion -Wno-int-conversion -Wno-bool-conversion -Wno-enum-conversion -Wno-float-conversion -Wno-non-literal-null-conversion -Wno-objc-literal-conversion -Wshorten-64-to-32 -Wpointer-sign -Wno-newline-eof -Wno-implicit-fallthrough -fstrict-aliasing -Wdeprecated-declarations -Wno-sign-conversion -Wno-infinite-recursion -Wno-comma -Wno-block-capture-autoreleasing -Wno-strict-prototypes -Wno-semicolon-before-method-body -index-store-path /Users/colbycorcoran/Library/Developer/Xcode/DerivedData/Fiz-fiflxcjvlfosoebhvlytfgwprkxo/Index.noindex/DataStore @/Users/colbycorcoran/Library/Developer/Xcode/DerivedData/Fiz-fiflxcjvlfosoebhvlytfgwprkxo/Build/Intermediates.noindex/PostHog.build/Debug-iphoneos/phlibwebp.build/Objects-normal/arm64/7187679823f38a2a940e0043cdf9d637-common-args.resp -MMD -MT dependencies -MF /Users/colbycorcoran/Library/Developer/Xcode/DerivedData/Fiz-fiflxcjvlfosoebhvlytfgwprkxo/Build/Intermediates.noindex/PostHog.build/Debug-iphoneos/phlibwebp.build/Objects-normal/arm64/dec.d --serialize-diagnostics /Users/colbycorcoran/Library/Developer/Xcode/DerivedData/Fiz-fiflxcjvlfosoebhvlytfgwprkxo/Build/Intermediates.noindex/PostHog.build/Debug-iphoneos/phlibwebp.build/Objects-normal/arm64/dec.dia -c /Users/colbycorcoran/Library/Developer/Xcode/DerivedData/Fiz-fiflxcjvlfosoebhvlytfgwprkxo/SourcePackages/checkouts/posthog-ios/vendor/libwebp/dec.c -o /Users/colbycorcoran/Library/Developer/Xcode/DerivedData/Fiz-fiflxcjvlfosoebhvlytfgwprkxo/Build/Intermediates.noindex/PostHog.build/Debug-iphoneos/phlibwebp.build/Objects-normal/arm64/dec.o -index-unit-output-path /PostHog.build/Debug-iphoneos/phlibwebp.build/Objects-normal/arm64/dec.o

ScanDependencies /Users/colbycorcoran/Library/Developer/Xcode/DerivedData/Fiz-fiflxcjvlfosoebhvlytfgwprkxo/Build/Intermediates.noindex/PostHog.build/Debug-iphoneos/phlibwebp.build/Objects-normal/arm64/cpu.o /Users/colbycorcoran/Library/Developer/Xcode/DerivedData/Fiz-fiflxcjvlfosoebhvlytfgwprkxo/SourcePackages/checkouts/posthog-ios/vendor/libwebp/cpu.c normal arm64 c com.apple.compilers.llvm.clang.1_0.compiler (in target 'phlibwebp' from project 'PostHog')
    cd /Users/colbycorcoran/Documents/App\ Development/Fiz/Fiz.xcodeproj
    
    Using response file: /Users/colbycorcoran/Library/Developer/Xcode/DerivedData/Fiz-fiflxcjvlfosoebhvlytfgwprkxo/Build/Intermediates.noindex/PostHog.build/Debug-iphoneos/phlibwebp.build/Objects-normal/arm64/7187679823f38a2a940e0043cdf9d637-common-args.resp
    
    builtin-ScanDependencies -o /Users/colbycorcoran/Library/Developer/Xcode/DerivedData/Fiz-fiflxcjvlfosoebhvlytfgwprkxo/Build/Intermediates.noindex/PostHog.build/Debug-iphoneos/phlibwebp.build/Objects-normal/arm64/cpu.o.scan -- /Applications/Xcode.app/Contents/Developer/Toolchains/XcodeDefault.xctoolchain/usr/bin/clang -x c -ivfsstatcache /Users/colbycorcoran/Library/Developer/Xcode/DerivedData/SDKStatCaches.noindex/iphoneos26.2-23C53-3794476bd08197c3e2abd9bb477ef7f7.sdkstatcache -fmessage-length\=0 -fdiagnostics-show-note-include-stack -fmacro-backtrace-limit\=0 -fno-color-diagnostics -fmodules-prune-interval\=86400 -fmodules-prune-after\=345600 -fbuild-session-file\=/Users/colbycorcoran/Library/Developer/Xcode/DerivedData/ModuleCache.noindex/Session.modulevalidation -fmodules-validate-once-per-build-session -Wnon-modular-include-in-framework-module -Werror\=non-modular-include-in-framework-module -Wno-trigraphs -Wno-missing-field-initializers -Wno-missing-prototypes -Wno-return-type -Wno-missing-braces -Wparentheses -Wswitch -Wno-unused-function -Wno-unused-label -Wno-unused-parameter -Wno-unused-variable -Wunused-value -Wno-empty-body -Wno-uninitialized -Wno-unknown-pragmas -w -Wno-shadow -Wno-four-char-constants -Wno-conversion -Wno-constant-conversion -Wno-int-conversion -Wno-bool-conversion -Wno-enum-conversion -Wno-float-conversion -Wno-non-literal-null-conversion -Wno-objc-literal-conversion -Wshorten-64-to-32 -Wpointer-sign -Wno-newline-eof -Wno-implicit-fallthrough -fstrict-aliasing -Wdeprecated-declarations -Wno-sign-conversion -Wno-infinite-recursion -Wno-comma -Wno-block-capture-autoreleasing -Wno-strict-prototypes -Wno-semicolon-before-method-body -index-store-path /Users/colbycorcoran/Library/Developer/Xcode/DerivedData/Fiz-fiflxcjvlfosoebhvlytfgwprkxo/Index.noindex/DataStore @/Users/colbycorcoran/Library/Developer/Xcode/DerivedData/Fiz-fiflxcjvlfosoebhvlytfgwprkxo/Build/Intermediates.noindex/PostHog.build/Debug-iphoneos/phlibwebp.build/Objects-normal/arm64/7187679823f38a2a940e0043cdf9d637-common-args.resp -MMD -MT dependencies -MF /Users/colbycorcoran/Library/Developer/Xcode/DerivedData/Fiz-fiflxcjvlfosoebhvlytfgwprkxo/Build/Intermediates.noindex/PostHog.build/Debug-iphoneos/phlibwebp.build/Objects-normal/arm64/cpu.d --serialize-diagnostics /Users/colbycorcoran/Library/Developer/Xcode/DerivedData/Fiz-fiflxcjvlfosoebhvlytfgwprkxo/Build/Intermediates.noindex/PostHog.build/Debug-iphoneos/phlibwebp.build/Objects-normal/arm64/cpu.dia -c /Users/colbycorcoran/Library/Developer/Xcode/DerivedData/Fiz-fiflxcjvlfosoebhvlytfgwprkxo/SourcePackages/checkouts/posthog-ios/vendor/libwebp/cpu.c -o /Users/colbycorcoran/Library/Developer/Xcode/DerivedData/Fiz-fiflxcjvlfosoebhvlytfgwprkxo/Build/Intermediates.noindex/PostHog.build/Debug-iphoneos/phlibwebp.build/Objects-normal/arm64/cpu.o -index-unit-output-path /PostHog.build/Debug-iphoneos/phlibwebp.build/Objects-normal/arm64/cpu.o

ScanDependencies /Users/colbycorcoran/Library/Developer/Xcode/DerivedData/Fiz-fiflxcjvlfosoebhvlytfgwprkxo/Build/Intermediates.noindex/PostHog.build/Debug-iphoneos/phlibwebp.build/Objects-normal/arm64/cost_sse2.o /Users/colbycorcoran/Library/Developer/Xcode/DerivedData/Fiz-fiflxcjvlfosoebhvlytfgwprkxo/SourcePackages/checkouts/posthog-ios/vendor/libwebp/cost_sse2.c normal arm64 c com.apple.compilers.llvm.clang.1_0.compiler (in target 'phlibwebp' from project 'PostHog')
    cd /Users/colbycorcoran/Documents/App\ Development/Fiz/Fiz.xcodeproj
    
    Using response file: /Users/colbycorcoran/Library/Developer/Xcode/DerivedData/Fiz-fiflxcjvlfosoebhvlytfgwprkxo/Build/Intermediates.noindex/PostHog.build/Debug-iphoneos/phlibwebp.build/Objects-normal/arm64/7187679823f38a2a940e0043cdf9d637-common-args.resp
    
    builtin-ScanDependencies -o /Users/colbycorcoran/Library/Developer/Xcode/DerivedData/Fiz-fiflxcjvlfosoebhvlytfgwprkxo/Build/Intermediates.noindex/PostHog.build/Debug-iphoneos/phlibwebp.build/Objects-normal/arm64/cost_sse2.o.scan -- /Applications/Xcode.app/Contents/Developer/Toolchains/XcodeDefault.xctoolchain/usr/bin/clang -x c -ivfsstatcache /Users/colbycorcoran/Library/Developer/Xcode/DerivedData/SDKStatCaches.noindex/iphoneos26.2-23C53-3794476bd08197c3e2abd9bb477ef7f7.sdkstatcache -fmessage-length\=0 -fdiagnostics-show-note-include-stack -fmacro-backtrace-limit\=0 -fno-color-diagnostics -fmodules-prune-interval\=86400 -fmodules-prune-after\=345600 -fbuild-session-file\=/Users/colbycorcoran/Library/Developer/Xcode/DerivedData/ModuleCache.noindex/Session.modulevalidation -fmodules-validate-once-per-build-session -Wnon-modular-include-in-framework-module -Werror\=non-modular-include-in-framework-module -Wno-trigraphs -Wno-missing-field-initializers -Wno-missing-prototypes -Wno-return-type -Wno-missing-braces -Wparentheses -Wswitch -Wno-unused-function -Wno-unused-label -Wno-unused-parameter -Wno-unused-variable -Wunused-value -Wno-empty-body -Wno-uninitialized -Wno-unknown-pragmas -w -Wno-shadow -Wno-four-char-constants -Wno-conversion -Wno-constant-conversion -Wno-int-conversion -Wno-bool-conversion -Wno-enum-conversion -Wno-float-conversion -Wno-non-literal-null-conversion -Wno-objc-literal-conversion -Wshorten-64-to-32 -Wpointer-sign -Wno-newline-eof -Wno-implicit-fallthrough -fstrict-aliasing -Wdeprecated-declarations -Wno-sign-conversion -Wno-infinite-recursion -Wno-comma -Wno-block-capture-autoreleasing -Wno-strict-prototypes -Wno-semicolon-before-method-body -index-store-path /Users/colbycorcoran/Library/Developer/Xcode/DerivedData/Fiz-fiflxcjvlfosoebhvlytfgwprkxo/Index.noindex/DataStore @/Users/colbycorcoran/Library/Developer/Xcode/DerivedData/Fiz-fiflxcjvlfosoebhvlytfgwprkxo/Build/Intermediates.noindex/PostHog.build/Debug-iphoneos/phlibwebp.build/Objects-normal/arm64/7187679823f38a2a940e0043cdf9d637-common-args.resp -MMD -MT dependencies -MF /Users/colbycorcoran/Library/Developer/Xcode/DerivedData/Fiz-fiflxcjvlfosoebhvlytfgwprkxo/Build/Intermediates.noindex/PostHog.build/Debug-iphoneos/phlibwebp.build/Objects-normal/arm64/cost_sse2.d --serialize-diagnostics /Users/colbycorcoran/Library/Developer/Xcode/DerivedData/Fiz-fiflxcjvlfosoebhvlytfgwprkxo/Build/Intermediates.noindex/PostHog.build/Debug-iphoneos/phlibwebp.build/Objects-normal/arm64/cost_sse2.dia -c /Users/colbycorcoran/Library/Developer/Xcode/DerivedData/Fiz-fiflxcjvlfosoebhvlytfgwprkxo/SourcePackages/checkouts/posthog-ios/vendor/libwebp/cost_sse2.c -o /Users/colbycorcoran/Library/Developer/Xcode/DerivedData/Fiz-fiflxcjvlfosoebhvlytfgwprkxo/Build/Intermediates.noindex/PostHog.build/Debug-iphoneos/phlibwebp.build/Objects-normal/arm64/cost_sse2.o -index-unit-output-path /PostHog.build/Debug-iphoneos/phlibwebp.build/Objects-normal/arm64/cost_sse2.o

ScanDependencies /Users/colbycorcoran/Library/Developer/Xcode/DerivedData/Fiz-fiflxcjvlfosoebhvlytfgwprkxo/Build/Intermediates.noindex/PostHog.build/Debug-iphoneos/phlibwebp.build/Objects-normal/arm64/cost_neon.o /Users/colbycorcoran/Library/Developer/Xcode/DerivedData/Fiz-fiflxcjvlfosoebhvlytfgwprkxo/SourcePackages/checkouts/posthog-ios/vendor/libwebp/cost_neon.c normal arm64 c com.apple.compilers.llvm.clang.1_0.compiler (in target 'phlibwebp' from project 'PostHog')
    cd /Users/colbycorcoran/Documents/App\ Development/Fiz/Fiz.xcodeproj
    
    Using response file: /Users/colbycorcoran/Library/Developer/Xcode/DerivedData/Fiz-fiflxcjvlfosoebhvlytfgwprkxo/Build/Intermediates.noindex/PostHog.build/Debug-iphoneos/phlibwebp.build/Objects-normal/arm64/7187679823f38a2a940e0043cdf9d637-common-args.resp
    
    builtin-ScanDependencies -o /Users/colbycorcoran/Library/Developer/Xcode/DerivedData/Fiz-fiflxcjvlfosoebhvlytfgwprkxo/Build/Intermediates.noindex/PostHog.build/Debug-iphoneos/phlibwebp.build/Objects-normal/arm64/cost_neon.o.scan -- /Applications/Xcode.app/Contents/Developer/Toolchains/XcodeDefault.xctoolchain/usr/bin/clang -x c -ivfsstatcache /Users/colbycorcoran/Library/Developer/Xcode/DerivedData/SDKStatCaches.noindex/iphoneos26.2-23C53-3794476bd08197c3e2abd9bb477ef7f7.sdkstatcache -fmessage-length\=0 -fdiagnostics-show-note-include-stack -fmacro-backtrace-limit\=0 -fno-color-diagnostics -fmodules-prune-interval\=86400 -fmodules-prune-after\=345600 -fbuild-session-file\=/Users/colbycorcoran/Library/Developer/Xcode/DerivedData/ModuleCache.noindex/Session.modulevalidation -fmodules-validate-once-per-build-session -Wnon-modular-include-in-framework-module -Werror\=non-modular-include-in-framework-module -Wno-trigraphs -Wno-missing-field-initializers -Wno-missing-prototypes -Wno-return-type -Wno-missing-braces -Wparentheses -Wswitch -Wno-unused-function -Wno-unused-label -Wno-unused-parameter -Wno-unused-variable -Wunused-value -Wno-empty-body -Wno-uninitialized -Wno-unknown-pragmas -w -Wno-shadow -Wno-four-char-constants -Wno-conversion -Wno-constant-conversion -Wno-int-conversion -Wno-bool-conversion -Wno-enum-conversion -Wno-float-conversion -Wno-non-literal-null-conversion -Wno-objc-literal-conversion -Wshorten-64-to-32 -Wpointer-sign -Wno-newline-eof -Wno-implicit-fallthrough -fstrict-aliasing -Wdeprecated-declarations -Wno-sign-conversion -Wno-infinite-recursion -Wno-comma -Wno-block-capture-autoreleasing -Wno-strict-prototypes -Wno-semicolon-before-method-body -index-store-path /Users/colbycorcoran/Library/Developer/Xcode/DerivedData/Fiz-fiflxcjvlfosoebhvlytfgwprkxo/Index.noindex/DataStore @/Users/colbycorcoran/Library/Developer/Xcode/DerivedData/Fiz-fiflxcjvlfosoebhvlytfgwprkxo/Build/Intermediates.noindex/PostHog.build/Debug-iphoneos/phlibwebp.build/Objects-normal/arm64/7187679823f38a2a940e0043cdf9d637-common-args.resp -MMD -MT dependencies -MF /Users/colbycorcoran/Library/Developer/Xcode/DerivedData/Fiz-fiflxcjvlfosoebhvlytfgwprkxo/Build/Intermediates.noindex/PostHog.build/Debug-iphoneos/phlibwebp.build/Objects-normal/arm64/cost_neon.d --serialize-diagnostics /Users/colbycorcoran/Library/Developer/Xcode/DerivedData/Fiz-fiflxcjvlfosoebhvlytfgwprkxo/Build/Intermediates.noindex/PostHog.build/Debug-iphoneos/phlibwebp.build/Objects-normal/arm64/cost_neon.dia -c /Users/colbycorcoran/Library/Developer/Xcode/DerivedData/Fiz-fiflxcjvlfosoebhvlytfgwprkxo/SourcePackages/checkouts/posthog-ios/vendor/libwebp/cost_neon.c -o /Users/colbycorcoran/Library/Developer/Xcode/DerivedData/Fiz-fiflxcjvlfosoebhvlytfgwprkxo/Build/Intermediates.noindex/PostHog.build/Debug-iphoneos/phlibwebp.build/Objects-normal/arm64/cost_neon.o -index-unit-output-path /PostHog.build/Debug-iphoneos/phlibwebp.build/Objects-normal/arm64/cost_neon.o

ScanDependencies /Users/colbycorcoran/Library/Developer/Xcode/DerivedData/Fiz-fiflxcjvlfosoebhvlytfgwprkxo/Build/Intermediates.noindex/PostHog.build/Debug-iphoneos/phlibwebp.build/Objects-normal/arm64/cost_enc.o /Users/colbycorcoran/Library/Developer/Xcode/DerivedData/Fiz-fiflxcjvlfosoebhvlytfgwprkxo/SourcePackages/checkouts/posthog-ios/vendor/libwebp/cost_enc.c normal arm64 c com.apple.compilers.llvm.clang.1_0.compiler (in target 'phlibwebp' from project 'PostHog')
    cd /Users/colbycorcoran/Documents/App\ Development/Fiz/Fiz.xcodeproj
    
    Using response file: /Users/colbycorcoran/Library/Developer/Xcode/DerivedData/Fiz-fiflxcjvlfosoebhvlytfgwprkxo/Build/Intermediates.noindex/PostHog.build/Debug-iphoneos/phlibwebp.build/Objects-normal/arm64/7187679823f38a2a940e0043cdf9d637-common-args.resp
    
    builtin-ScanDependencies -o /Users/colbycorcoran/Library/Developer/Xcode/DerivedData/Fiz-fiflxcjvlfosoebhvlytfgwprkxo/Build/Intermediates.noindex/PostHog.build/Debug-iphoneos/phlibwebp.build/Objects-normal/arm64/cost_enc.o.scan -- /Applications/Xcode.app/Contents/Developer/Toolchains/XcodeDefault.xctoolchain/usr/bin/clang -x c -ivfsstatcache /Users/colbycorcoran/Library/Developer/Xcode/DerivedData/SDKStatCaches.noindex/iphoneos26.2-23C53-3794476bd08197c3e2abd9bb477ef7f7.sdkstatcache -fmessage-length\=0 -fdiagnostics-show-note-include-stack -fmacro-backtrace-limit\=0 -fno-color-diagnostics -fmodules-prune-interval\=86400 -fmodules-prune-after\=345600 -fbuild-session-file\=/Users/colbycorcoran/Library/Developer/Xcode/DerivedData/ModuleCache.noindex/Session.modulevalidation -fmodules-validate-once-per-build-session -Wnon-modular-include-in-framework-module -Werror\=non-modular-include-in-framework-module -Wno-trigraphs -Wno-missing-field-initializers -Wno-missing-prototypes -Wno-return-type -Wno-missing-braces -Wparentheses -Wswitch -Wno-unused-function -Wno-unused-label -Wno-unused-parameter -Wno-unused-variable -Wunused-value -Wno-empty-body -Wno-uninitialized -Wno-unknown-pragmas -w -Wno-shadow -Wno-four-char-constants -Wno-conversion -Wno-constant-conversion -Wno-int-conversion -Wno-bool-conversion -Wno-enum-conversion -Wno-float-conversion -Wno-non-literal-null-conversion -Wno-objc-literal-conversion -Wshorten-64-to-32 -Wpointer-sign -Wno-newline-eof -Wno-implicit-fallthrough -fstrict-aliasing -Wdeprecated-declarations -Wno-sign-conversion -Wno-infinite-recursion -Wno-comma -Wno-block-capture-autoreleasing -Wno-strict-prototypes -Wno-semicolon-before-method-body -index-store-path /Users/colbycorcoran/Library/Developer/Xcode/DerivedData/Fiz-fiflxcjvlfosoebhvlytfgwprkxo/Index.noindex/DataStore @/Users/colbycorcoran/Library/Developer/Xcode/DerivedData/Fiz-fiflxcjvlfosoebhvlytfgwprkxo/Build/Intermediates.noindex/PostHog.build/Debug-iphoneos/phlibwebp.build/Objects-normal/arm64/7187679823f38a2a940e0043cdf9d637-common-args.resp -MMD -MT dependencies -MF /Users/colbycorcoran/Library/Developer/Xcode/DerivedData/Fiz-fiflxcjvlfosoebhvlytfgwprkxo/Build/Intermediates.noindex/PostHog.build/Debug-iphoneos/phlibwebp.build/Objects-normal/arm64/cost_enc.d --serialize-diagnostics /Users/colbycorcoran/Library/Developer/Xcode/DerivedData/Fiz-fiflxcjvlfosoebhvlytfgwprkxo/Build/Intermediates.noindex/PostHog.build/Debug-iphoneos/phlibwebp.build/Objects-normal/arm64/cost_enc.dia -c /Users/colbycorcoran/Library/Developer/Xcode/DerivedData/Fiz-fiflxcjvlfosoebhvlytfgwprkxo/SourcePackages/checkouts/posthog-ios/vendor/libwebp/cost_enc.c -o /Users/colbycorcoran/Library/Developer/Xcode/DerivedData/Fiz-fiflxcjvlfosoebhvlytfgwprkxo/Build/Intermediates.noindex/PostHog.build/Debug-iphoneos/phlibwebp.build/Objects-normal/arm64/cost_enc.o -index-unit-output-path /PostHog.build/Debug-iphoneos/phlibwebp.build/Objects-normal/arm64/cost_enc.o

ScanDependencies /Users/colbycorcoran/Library/Developer/Xcode/DerivedData/Fiz-fiflxcjvlfosoebhvlytfgwprkxo/Build/Intermediates.noindex/PostHog.build/Debug-iphoneos/phlibwebp.build/Objects-normal/arm64/cost.o /Users/colbycorcoran/Library/Developer/Xcode/DerivedData/Fiz-fiflxcjvlfosoebhvlytfgwprkxo/SourcePackages/checkouts/posthog-ios/vendor/libwebp/cost.c normal arm64 c com.apple.compilers.llvm.clang.1_0.compiler (in target 'phlibwebp' from project 'PostHog')
    cd /Users/colbycorcoran/Documents/App\ Development/Fiz/Fiz.xcodeproj
    
    Using response file: /Users/colbycorcoran/Library/Developer/Xcode/DerivedData/Fiz-fiflxcjvlfosoebhvlytfgwprkxo/Build/Intermediates.noindex/PostHog.build/Debug-iphoneos/phlibwebp.build/Objects-normal/arm64/7187679823f38a2a940e0043cdf9d637-common-args.resp
    
    builtin-ScanDependencies -o /Users/colbycorcoran/Library/Developer/Xcode/DerivedData/Fiz-fiflxcjvlfosoebhvlytfgwprkxo/Build/Intermediates.noindex/PostHog.build/Debug-iphoneos/phlibwebp.build/Objects-normal/arm64/cost.o.scan -- /Applications/Xcode.app/Contents/Developer/Toolchains/XcodeDefault.xctoolchain/usr/bin/clang -x c -ivfsstatcache /Users/colbycorcoran/Library/Developer/Xcode/DerivedData/SDKStatCaches.noindex/iphoneos26.2-23C53-3794476bd08197c3e2abd9bb477ef7f7.sdkstatcache -fmessage-length\=0 -fdiagnostics-show-note-include-stack -fmacro-backtrace-limit\=0 -fno-color-diagnostics -fmodules-prune-interval\=86400 -fmodules-prune-after\=345600 -fbuild-session-file\=/Users/colbycorcoran/Library/Developer/Xcode/DerivedData/ModuleCache.noindex/Session.modulevalidation -fmodules-validate-once-per-build-session -Wnon-modular-include-in-framework-module -Werror\=non-modular-include-in-framework-module -Wno-trigraphs -Wno-missing-field-initializers -Wno-missing-prototypes -Wno-return-type -Wno-missing-braces -Wparentheses -Wswitch -Wno-unused-function -Wno-unused-label -Wno-unused-parameter -Wno-unused-variable -Wunused-value -Wno-empty-body -Wno-uninitialized -Wno-unknown-pragmas -w -Wno-shadow -Wno-four-char-constants -Wno-conversion -Wno-constant-conversion -Wno-int-conversion -Wno-bool-conversion -Wno-enum-conversion -Wno-float-conversion -Wno-non-literal-null-conversion -Wno-objc-literal-conversion -Wshorten-64-to-32 -Wpointer-sign -Wno-newline-eof -Wno-implicit-fallthrough -fstrict-aliasing -Wdeprecated-declarations -Wno-sign-conversion -Wno-infinite-recursion -Wno-comma -Wno-block-capture-autoreleasing -Wno-strict-prototypes -Wno-semicolon-before-method-body -index-store-path /Users/colbycorcoran/Library/Developer/Xcode/DerivedData/Fiz-fiflxcjvlfosoebhvlytfgwprkxo/Index.noindex/DataStore @/Users/colbycorcoran/Library/Developer/Xcode/DerivedData/Fiz-fiflxcjvlfosoebhvlytfgwprkxo/Build/Intermediates.noindex/PostHog.build/Debug-iphoneos/phlibwebp.build/Objects-normal/arm64/7187679823f38a2a940e0043cdf9d637-common-args.resp -MMD -MT dependencies -MF /Users/colbycorcoran/Library/Developer/Xcode/DerivedData/Fiz-fiflxcjvlfosoebhvlytfgwprkxo/Build/Intermediates.noindex/PostHog.build/Debug-iphoneos/phlibwebp.build/Objects-normal/arm64/cost.d --serialize-diagnostics /Users/colbycorcoran/Library/Developer/Xcode/DerivedData/Fiz-fiflxcjvlfosoebhvlytfgwprkxo/Build/Intermediates.noindex/PostHog.build/Debug-iphoneos/phlibwebp.build/Objects-normal/arm64/cost.dia -c /Users/colbycorcoran/Library/Developer/Xcode/DerivedData/Fiz-fiflxcjvlfosoebhvlytfgwprkxo/SourcePackages/checkouts/posthog-ios/vendor/libwebp/cost.c -o /Users/colbycorcoran/Library/Developer/Xcode/DerivedData/Fiz-fiflxcjvlfosoebhvlytfgwprkxo/Build/Intermediates.noindex/PostHog.build/Debug-iphoneos/phlibwebp.build/Objects-normal/arm64/cost.o -index-unit-output-path /PostHog.build/Debug-iphoneos/phlibwebp.build/Objects-normal/arm64/cost.o

ScanDependencies /Users/colbycorcoran/Library/Developer/Xcode/DerivedData/Fiz-fiflxcjvlfosoebhvlytfgwprkxo/Build/Intermediates.noindex/PostHog.build/Debug-iphoneos/phlibwebp.build/Objects-normal/arm64/config_enc.o /Users/colbycorcoran/Library/Developer/Xcode/DerivedData/Fiz-fiflxcjvlfosoebhvlytfgwprkxo/SourcePackages/checkouts/posthog-ios/vendor/libwebp/config_enc.c normal arm64 c com.apple.compilers.llvm.clang.1_0.compiler (in target 'phlibwebp' from project 'PostHog')
    cd /Users/colbycorcoran/Documents/App\ Development/Fiz/Fiz.xcodeproj
    
    Using response file: /Users/colbycorcoran/Library/Developer/Xcode/DerivedData/Fiz-fiflxcjvlfosoebhvlytfgwprkxo/Build/Intermediates.noindex/PostHog.build/Debug-iphoneos/phlibwebp.build/Objects-normal/arm64/7187679823f38a2a940e0043cdf9d637-common-args.resp
    
    builtin-ScanDependencies -o /Users/colbycorcoran/Library/Developer/Xcode/DerivedData/Fiz-fiflxcjvlfosoebhvlytfgwprkxo/Build/Intermediates.noindex/PostHog.build/Debug-iphoneos/phlibwebp.build/Objects-normal/arm64/config_enc.o.scan -- /Applications/Xcode.app/Contents/Developer/Toolchains/XcodeDefault.xctoolchain/usr/bin/clang -x c -ivfsstatcache /Users/colbycorcoran/Library/Developer/Xcode/DerivedData/SDKStatCaches.noindex/iphoneos26.2-23C53-3794476bd08197c3e2abd9bb477ef7f7.sdkstatcache -fmessage-length\=0 -fdiagnostics-show-note-include-stack -fmacro-backtrace-limit\=0 -fno-color-diagnostics -fmodules-prune-interval\=86400 -fmodules-prune-after\=345600 -fbuild-session-file\=/Users/colbycorcoran/Library/Developer/Xcode/DerivedData/ModuleCache.noindex/Session.modulevalidation -fmodules-validate-once-per-build-session -Wnon-modular-include-in-framework-module -Werror\=non-modular-include-in-framework-module -Wno-trigraphs -Wno-missing-field-initializers -Wno-missing-prototypes -Wno-return-type -Wno-missing-braces -Wparentheses -Wswitch -Wno-unused-function -Wno-unused-label -Wno-unused-parameter -Wno-unused-variable -Wunused-value -Wno-empty-body -Wno-uninitialized -Wno-unknown-pragmas -w -Wno-shadow -Wno-four-char-constants -Wno-conversion -Wno-constant-conversion -Wno-int-conversion -Wno-bool-conversion -Wno-enum-conversion -Wno-float-conversion -Wno-non-literal-null-conversion -Wno-objc-literal-conversion -Wshorten-64-to-32 -Wpointer-sign -Wno-newline-eof -Wno-implicit-fallthrough -fstrict-aliasing -Wdeprecated-declarations -Wno-sign-conversion -Wno-infinite-recursion -Wno-comma -Wno-block-capture-autoreleasing -Wno-strict-prototypes -Wno-semicolon-before-method-body -index-store-path /Users/colbycorcoran/Library/Developer/Xcode/DerivedData/Fiz-fiflxcjvlfosoebhvlytfgwprkxo/Index.noindex/DataStore @/Users/colbycorcoran/Library/Developer/Xcode/DerivedData/Fiz-fiflxcjvlfosoebhvlytfgwprkxo/Build/Intermediates.noindex/PostHog.build/Debug-iphoneos/phlibwebp.build/Objects-normal/arm64/7187679823f38a2a940e0043cdf9d637-common-args.resp -MMD -MT dependencies -MF /Users/colbycorcoran/Library/Developer/Xcode/DerivedData/Fiz-fiflxcjvlfosoebhvlytfgwprkxo/Build/Intermediates.noindex/PostHog.build/Debug-iphoneos/phlibwebp.build/Objects-normal/arm64/config_enc.d --serialize-diagnostics /Users/colbycorcoran/Library/Developer/Xcode/DerivedData/Fiz-fiflxcjvlfosoebhvlytfgwprkxo/Build/Intermediates.noindex/PostHog.build/Debug-iphoneos/phlibwebp.build/Objects-normal/arm64/config_enc.dia -c /Users/colbycorcoran/Library/Developer/Xcode/DerivedData/Fiz-fiflxcjvlfosoebhvlytfgwprkxo/SourcePackages/checkouts/posthog-ios/vendor/libwebp/config_enc.c -o /Users/colbycorcoran/Library/Developer/Xcode/DerivedData/Fiz-fiflxcjvlfosoebhvlytfgwprkxo/Build/Intermediates.noindex/PostHog.build/Debug-iphoneos/phlibwebp.build/Objects-normal/arm64/config_enc.o -index-unit-output-path /PostHog.build/Debug-iphoneos/phlibwebp.build/Objects-normal/arm64/config_enc.o

ScanDependencies /Users/colbycorcoran/Library/Developer/Xcode/DerivedData/Fiz-fiflxcjvlfosoebhvlytfgwprkxo/Build/Intermediates.noindex/PostHog.build/Debug-iphoneos/phlibwebp.build/Objects-normal/arm64/color_cache_utils.o /Users/colbycorcoran/Library/Developer/Xcode/DerivedData/Fiz-fiflxcjvlfosoebhvlytfgwprkxo/SourcePackages/checkouts/posthog-ios/vendor/libwebp/color_cache_utils.c normal arm64 c com.apple.compilers.llvm.clang.1_0.compiler (in target 'phlibwebp' from project 'PostHog')
    cd /Users/colbycorcoran/Documents/App\ Development/Fiz/Fiz.xcodeproj
    
    Using response file: /Users/colbycorcoran/Library/Developer/Xcode/DerivedData/Fiz-fiflxcjvlfosoebhvlytfgwprkxo/Build/Intermediates.noindex/PostHog.build/Debug-iphoneos/phlibwebp.build/Objects-normal/arm64/7187679823f38a2a940e0043cdf9d637-common-args.resp
    
    builtin-ScanDependencies -o /Users/colbycorcoran/Library/Developer/Xcode/DerivedData/Fiz-fiflxcjvlfosoebhvlytfgwprkxo/Build/Intermediates.noindex/PostHog.build/Debug-iphoneos/phlibwebp.build/Objects-normal/arm64/color_cache_utils.o.scan -- /Applications/Xcode.app/Contents/Developer/Toolchains/XcodeDefault.xctoolchain/usr/bin/clang -x c -ivfsstatcache /Users/colbycorcoran/Library/Developer/Xcode/DerivedData/SDKStatCaches.noindex/iphoneos26.2-23C53-3794476bd08197c3e2abd9bb477ef7f7.sdkstatcache -fmessage-length\=0 -fdiagnostics-show-note-include-stack -fmacro-backtrace-limit\=0 -fno-color-diagnostics -fmodules-prune-interval\=86400 -fmodules-prune-after\=345600 -fbuild-session-file\=/Users/colbycorcoran/Library/Developer/Xcode/DerivedData/ModuleCache.noindex/Session.modulevalidation -fmodules-validate-once-per-build-session -Wnon-modular-include-in-framework-module -Werror\=non-modular-include-in-framework-module -Wno-trigraphs -Wno-missing-field-initializers -Wno-missing-prototypes -Wno-return-type -Wno-missing-braces -Wparentheses -Wswitch -Wno-unused-function -Wno-unused-label -Wno-unused-parameter -Wno-unused-variable -Wunused-value -Wno-empty-body -Wno-uninitialized -Wno-unknown-pragmas -w -Wno-shadow -Wno-four-char-constants -Wno-conversion -Wno-constant-conversion -Wno-int-conversion -Wno-bool-conversion -Wno-enum-conversion -Wno-float-conversion -Wno-non-literal-null-conversion -Wno-objc-literal-conversion -Wshorten-64-to-32 -Wpointer-sign -Wno-newline-eof -Wno-implicit-fallthrough -fstrict-aliasing -Wdeprecated-declarations -Wno-sign-conversion -Wno-infinite-recursion -Wno-comma -Wno-block-capture-autoreleasing -Wno-strict-prototypes -Wno-semicolon-before-method-body -index-store-path /Users/colbycorcoran/Library/Developer/Xcode/DerivedData/Fiz-fiflxcjvlfosoebhvlytfgwprkxo/Index.noindex/DataStore @/Users/colbycorcoran/Library/Developer/Xcode/DerivedData/Fiz-fiflxcjvlfosoebhvlytfgwprkxo/Build/Intermediates.noindex/PostHog.build/Debug-iphoneos/phlibwebp.build/Objects-normal/arm64/7187679823f38a2a940e0043cdf9d637-common-args.resp -MMD -MT dependencies -MF /Users/colbycorcoran/Library/Developer/Xcode/DerivedData/Fiz-fiflxcjvlfosoebhvlytfgwprkxo/Build/Intermediates.noindex/PostHog.build/Debug-iphoneos/phlibwebp.build/Objects-normal/arm64/color_cache_utils.d --serialize-diagnostics /Users/colbycorcoran/Library/Developer/Xcode/DerivedData/Fiz-fiflxcjvlfosoebhvlytfgwprkxo/Build/Intermediates.noindex/PostHog.build/Debug-iphoneos/phlibwebp.build/Objects-normal/arm64/color_cache_utils.dia -c /Users/colbycorcoran/Library/Developer/Xcode/DerivedData/Fiz-fiflxcjvlfosoebhvlytfgwprkxo/SourcePackages/checkouts/posthog-ios/vendor/libwebp/color_cache_utils.c -o /Users/colbycorcoran/Library/Developer/Xcode/DerivedData/Fiz-fiflxcjvlfosoebhvlytfgwprkxo/Build/Intermediates.noindex/PostHog.build/Debug-iphoneos/phlibwebp.build/Objects-normal/arm64/color_cache_utils.o -index-unit-output-path /PostHog.build/Debug-iphoneos/phlibwebp.build/Objects-normal/arm64/color_cache_utils.o

ScanDependencies /Users/colbycorcoran/Library/Developer/Xcode/DerivedData/Fiz-fiflxcjvlfosoebhvlytfgwprkxo/Build/Intermediates.noindex/PostHog.build/Debug-iphoneos/phlibwebp.build/Objects-normal/arm64/bit_writer_utils.o /Users/colbycorcoran/Library/Developer/Xcode/DerivedData/Fiz-fiflxcjvlfosoebhvlytfgwprkxo/SourcePackages/checkouts/posthog-ios/vendor/libwebp/bit_writer_utils.c normal arm64 c com.apple.compilers.llvm.clang.1_0.compiler (in target 'phlibwebp' from project 'PostHog')
    cd /Users/colbycorcoran/Documents/App\ Development/Fiz/Fiz.xcodeproj
    
    Using response file: /Users/colbycorcoran/Library/Developer/Xcode/DerivedData/Fiz-fiflxcjvlfosoebhvlytfgwprkxo/Build/Intermediates.noindex/PostHog.build/Debug-iphoneos/phlibwebp.build/Objects-normal/arm64/7187679823f38a2a940e0043cdf9d637-common-args.resp
    
    builtin-ScanDependencies -o /Users/colbycorcoran/Library/Developer/Xcode/DerivedData/Fiz-fiflxcjvlfosoebhvlytfgwprkxo/Build/Intermediates.noindex/PostHog.build/Debug-iphoneos/phlibwebp.build/Objects-normal/arm64/bit_writer_utils.o.scan -- /Applications/Xcode.app/Contents/Developer/Toolchains/XcodeDefault.xctoolchain/usr/bin/clang -x c -ivfsstatcache /Users/colbycorcoran/Library/Developer/Xcode/DerivedData/SDKStatCaches.noindex/iphoneos26.2-23C53-3794476bd08197c3e2abd9bb477ef7f7.sdkstatcache -fmessage-length\=0 -fdiagnostics-show-note-include-stack -fmacro-backtrace-limit\=0 -fno-color-diagnostics -fmodules-prune-interval\=86400 -fmodules-prune-after\=345600 -fbuild-session-file\=/Users/colbycorcoran/Library/Developer/Xcode/DerivedData/ModuleCache.noindex/Session.modulevalidation -fmodules-validate-once-per-build-session -Wnon-modular-include-in-framework-module -Werror\=non-modular-include-in-framework-module -Wno-trigraphs -Wno-missing-field-initializers -Wno-missing-prototypes -Wno-return-type -Wno-missing-braces -Wparentheses -Wswitch -Wno-unused-function -Wno-unused-label -Wno-unused-parameter -Wno-unused-variable -Wunused-value -Wno-empty-body -Wno-uninitialized -Wno-unknown-pragmas -w -Wno-shadow -Wno-four-char-constants -Wno-conversion -Wno-constant-conversion -Wno-int-conversion -Wno-bool-conversion -Wno-enum-conversion -Wno-float-conversion -Wno-non-literal-null-conversion -Wno-objc-literal-conversion -Wshorten-64-to-32 -Wpointer-sign -Wno-newline-eof -Wno-implicit-fallthrough -fstrict-aliasing -Wdeprecated-declarations -Wno-sign-conversion -Wno-infinite-recursion -Wno-comma -Wno-block-capture-autoreleasing -Wno-strict-prototypes -Wno-semicolon-before-method-body -index-store-path /Users/colbycorcoran/Library/Developer/Xcode/DerivedData/Fiz-fiflxcjvlfosoebhvlytfgwprkxo/Index.noindex/DataStore @/Users/colbycorcoran/Library/Developer/Xcode/DerivedData/Fiz-fiflxcjvlfosoebhvlytfgwprkxo/Build/Intermediates.noindex/PostHog.build/Debug-iphoneos/phlibwebp.build/Objects-normal/arm64/7187679823f38a2a940e0043cdf9d637-common-args.resp -MMD -MT dependencies -MF /Users/colbycorcoran/Library/Developer/Xcode/DerivedData/Fiz-fiflxcjvlfosoebhvlytfgwprkxo/Build/Intermediates.noindex/PostHog.build/Debug-iphoneos/phlibwebp.build/Objects-normal/arm64/bit_writer_utils.d --serialize-diagnostics /Users/colbycorcoran/Library/Developer/Xcode/DerivedData/Fiz-fiflxcjvlfosoebhvlytfgwprkxo/Build/Intermediates.noindex/PostHog.build/Debug-iphoneos/phlibwebp.build/Objects-normal/arm64/bit_writer_utils.dia -c /Users/colbycorcoran/Library/Developer/Xcode/DerivedData/Fiz-fiflxcjvlfosoebhvlytfgwprkxo/SourcePackages/checkouts/posthog-ios/vendor/libwebp/bit_writer_utils.c -o /Users/colbycorcoran/Library/Developer/Xcode/DerivedData/Fiz-fiflxcjvlfosoebhvlytfgwprkxo/Build/Intermediates.noindex/PostHog.build/Debug-iphoneos/phlibwebp.build/Objects-normal/arm64/bit_writer_utils.o -index-unit-output-path /PostHog.build/Debug-iphoneos/phlibwebp.build/Objects-normal/arm64/bit_writer_utils.o

ScanDependencies /Users/colbycorcoran/Library/Developer/Xcode/DerivedData/Fiz-fiflxcjvlfosoebhvlytfgwprkxo/Build/Intermediates.noindex/PostHog.build/Debug-iphoneos/phlibwebp.build/Objects-normal/arm64/bit_reader_utils.o /Users/colbycorcoran/Library/Developer/Xcode/DerivedData/Fiz-fiflxcjvlfosoebhvlytfgwprkxo/SourcePackages/checkouts/posthog-ios/vendor/libwebp/bit_reader_utils.c normal arm64 c com.apple.compilers.llvm.clang.1_0.compiler (in target 'phlibwebp' from project 'PostHog')
    cd /Users/colbycorcoran/Documents/App\ Development/Fiz/Fiz.xcodeproj
    
    Using response file: /Users/colbycorcoran/Library/Developer/Xcode/DerivedData/Fiz-fiflxcjvlfosoebhvlytfgwprkxo/Build/Intermediates.noindex/PostHog.build/Debug-iphoneos/phlibwebp.build/Objects-normal/arm64/7187679823f38a2a940e0043cdf9d637-common-args.resp
    
    builtin-ScanDependencies -o /Users/colbycorcoran/Library/Developer/Xcode/DerivedData/Fiz-fiflxcjvlfosoebhvlytfgwprkxo/Build/Intermediates.noindex/PostHog.build/Debug-iphoneos/phlibwebp.build/Objects-normal/arm64/bit_reader_utils.o.scan -- /Applications/Xcode.app/Contents/Developer/Toolchains/XcodeDefault.xctoolchain/usr/bin/clang -x c -ivfsstatcache /Users/colbycorcoran/Library/Developer/Xcode/DerivedData/SDKStatCaches.noindex/iphoneos26.2-23C53-3794476bd08197c3e2abd9bb477ef7f7.sdkstatcache -fmessage-length\=0 -fdiagnostics-show-note-include-stack -fmacro-backtrace-limit\=0 -fno-color-diagnostics -fmodules-prune-interval\=86400 -fmodules-prune-after\=345600 -fbuild-session-file\=/Users/colbycorcoran/Library/Developer/Xcode/DerivedData/ModuleCache.noindex/Session.modulevalidation -fmodules-validate-once-per-build-session -Wnon-modular-include-in-framework-module -Werror\=non-modular-include-in-framework-module -Wno-trigraphs -Wno-missing-field-initializers -Wno-missing-prototypes -Wno-return-type -Wno-missing-braces -Wparentheses -Wswitch -Wno-unused-function -Wno-unused-label -Wno-unused-parameter -Wno-unused-variable -Wunused-value -Wno-empty-body -Wno-uninitialized -Wno-unknown-pragmas -w -Wno-shadow -Wno-four-char-constants -Wno-conversion -Wno-constant-conversion -Wno-int-conversion -Wno-bool-conversion -Wno-enum-conversion -Wno-float-conversion -Wno-non-literal-null-conversion -Wno-objc-literal-conversion -Wshorten-64-to-32 -Wpointer-sign -Wno-newline-eof -Wno-implicit-fallthrough -fstrict-aliasing -Wdeprecated-declarations -Wno-sign-conversion -Wno-infinite-recursion -Wno-comma -Wno-block-capture-autoreleasing -Wno-strict-prototypes -Wno-semicolon-before-method-body -index-store-path /Users/colbycorcoran/Library/Developer/Xcode/DerivedData/Fiz-fiflxcjvlfosoebhvlytfgwprkxo/Index.noindex/DataStore @/Users/colbycorcoran/Library/Developer/Xcode/DerivedData/Fiz-fiflxcjvlfosoebhvlytfgwprkxo/Build/Intermediates.noindex/PostHog.build/Debug-iphoneos/phlibwebp.build/Objects-normal/arm64/7187679823f38a2a940e0043cdf9d637-common-args.resp -MMD -MT dependencies -MF /Users/colbycorcoran/Library/Developer/Xcode/DerivedData/Fiz-fiflxcjvlfosoebhvlytfgwprkxo/Build/Intermediates.noindex/PostHog.build/Debug-iphoneos/phlibwebp.build/Objects-normal/arm64/bit_reader_utils.d --serialize-diagnostics /Users/colbycorcoran/Library/Developer/Xcode/DerivedData/Fiz-fiflxcjvlfosoebhvlytfgwprkxo/Build/Intermediates.noindex/PostHog.build/Debug-iphoneos/phlibwebp.build/Objects-normal/arm64/bit_reader_utils.dia -c /Users/colbycorcoran/Library/Developer/Xcode/DerivedData/Fiz-fiflxcjvlfosoebhvlytfgwprkxo/SourcePackages/checkouts/posthog-ios/vendor/libwebp/bit_reader_utils.c -o /Users/colbycorcoran/Library/Developer/Xcode/DerivedData/Fiz-fiflxcjvlfosoebhvlytfgwprkxo/Build/Intermediates.noindex/PostHog.build/Debug-iphoneos/phlibwebp.build/Objects-normal/arm64/bit_reader_utils.o -index-unit-output-path /PostHog.build/Debug-iphoneos/phlibwebp.build/Objects-normal/arm64/bit_reader_utils.o

ScanDependencies /Users/colbycorcoran/Library/Developer/Xcode/DerivedData/Fiz-fiflxcjvlfosoebhvlytfgwprkxo/Build/Intermediates.noindex/PostHog.build/Debug-iphoneos/phlibwebp.build/Objects-normal/arm64/backward_references_enc.o /Users/colbycorcoran/Library/Developer/Xcode/DerivedData/Fiz-fiflxcjvlfosoebhvlytfgwprkxo/SourcePackages/checkouts/posthog-ios/vendor/libwebp/backward_references_enc.c normal arm64 c com.apple.compilers.llvm.clang.1_0.compiler (in target 'phlibwebp' from project 'PostHog')
    cd /Users/colbycorcoran/Documents/App\ Development/Fiz/Fiz.xcodeproj
    
    Using response file: /Users/colbycorcoran/Library/Developer/Xcode/DerivedData/Fiz-fiflxcjvlfosoebhvlytfgwprkxo/Build/Intermediates.noindex/PostHog.build/Debug-iphoneos/phlibwebp.build/Objects-normal/arm64/7187679823f38a2a940e0043cdf9d637-common-args.resp
    
    builtin-ScanDependencies -o /Users/colbycorcoran/Library/Developer/Xcode/DerivedData/Fiz-fiflxcjvlfosoebhvlytfgwprkxo/Build/Intermediates.noindex/PostHog.build/Debug-iphoneos/phlibwebp.build/Objects-normal/arm64/backward_references_enc.o.scan -- /Applications/Xcode.app/Contents/Developer/Toolchains/XcodeDefault.xctoolchain/usr/bin/clang -x c -ivfsstatcache /Users/colbycorcoran/Library/Developer/Xcode/DerivedData/SDKStatCaches.noindex/iphoneos26.2-23C53-3794476bd08197c3e2abd9bb477ef7f7.sdkstatcache -fmessage-length\=0 -fdiagnostics-show-note-include-stack -fmacro-backtrace-limit\=0 -fno-color-diagnostics -fmodules-prune-interval\=86400 -fmodules-prune-after\=345600 -fbuild-session-file\=/Users/colbycorcoran/Library/Developer/Xcode/DerivedData/ModuleCache.noindex/Session.modulevalidation -fmodules-validate-once-per-build-session -Wnon-modular-include-in-framework-module -Werror\=non-modular-include-in-framework-module -Wno-trigraphs -Wno-missing-field-initializers -Wno-missing-prototypes -Wno-return-type -Wno-missing-braces -Wparentheses -Wswitch -Wno-unused-function -Wno-unused-label -Wno-unused-parameter -Wno-unused-variable -Wunused-value -Wno-empty-body -Wno-uninitialized -Wno-unknown-pragmas -w -Wno-shadow -Wno-four-char-constants -Wno-conversion -Wno-constant-conversion -Wno-int-conversion -Wno-bool-conversion -Wno-enum-conversion -Wno-float-conversion -Wno-non-literal-null-conversion -Wno-objc-literal-conversion -Wshorten-64-to-32 -Wpointer-sign -Wno-newline-eof -Wno-implicit-fallthrough -fstrict-aliasing -Wdeprecated-declarations -Wno-sign-conversion -Wno-infinite-recursion -Wno-comma -Wno-block-capture-autoreleasing -Wno-strict-prototypes -Wno-semicolon-before-method-body -index-store-path /Users/colbycorcoran/Library/Developer/Xcode/DerivedData/Fiz-fiflxcjvlfosoebhvlytfgwprkxo/Index.noindex/DataStore @/Users/colbycorcoran/Library/Developer/Xcode/DerivedData/Fiz-fiflxcjvlfosoebhvlytfgwprkxo/Build/Intermediates.noindex/PostHog.build/Debug-iphoneos/phlibwebp.build/Objects-normal/arm64/7187679823f38a2a940e0043cdf9d637-common-args.resp -MMD -MT dependencies -MF /Users/colbycorcoran/Library/Developer/Xcode/DerivedData/Fiz-fiflxcjvlfosoebhvlytfgwprkxo/Build/Intermediates.noindex/PostHog.build/Debug-iphoneos/phlibwebp.build/Objects-normal/arm64/backward_references_enc.d --serialize-diagnostics /Users/colbycorcoran/Library/Developer/Xcode/DerivedData/Fiz-fiflxcjvlfosoebhvlytfgwprkxo/Build/Intermediates.noindex/PostHog.build/Debug-iphoneos/phlibwebp.build/Objects-normal/arm64/backward_references_enc.dia -c /Users/colbycorcoran/Library/Developer/Xcode/DerivedData/Fiz-fiflxcjvlfosoebhvlytfgwprkxo/SourcePackages/checkouts/posthog-ios/vendor/libwebp/backward_references_enc.c -o /Users/colbycorcoran/Library/Developer/Xcode/DerivedData/Fiz-fiflxcjvlfosoebhvlytfgwprkxo/Build/Intermediates.noindex/PostHog.build/Debug-iphoneos/phlibwebp.build/Objects-normal/arm64/backward_references_enc.o -index-unit-output-path /PostHog.build/Debug-iphoneos/phlibwebp.build/Objects-normal/arm64/backward_references_enc.o

ScanDependencies /Users/colbycorcoran/Library/Developer/Xcode/DerivedData/Fiz-fiflxcjvlfosoebhvlytfgwprkxo/Build/Intermediates.noindex/PostHog.build/Debug-iphoneos/phlibwebp.build/Objects-normal/arm64/backward_references_cost_enc.o /Users/colbycorcoran/Library/Developer/Xcode/DerivedData/Fiz-fiflxcjvlfosoebhvlytfgwprkxo/SourcePackages/checkouts/posthog-ios/vendor/libwebp/backward_references_cost_enc.c normal arm64 c com.apple.compilers.llvm.clang.1_0.compiler (in target 'phlibwebp' from project 'PostHog')
    cd /Users/colbycorcoran/Documents/App\ Development/Fiz/Fiz.xcodeproj
    
    Using response file: /Users/colbycorcoran/Library/Developer/Xcode/DerivedData/Fiz-fiflxcjvlfosoebhvlytfgwprkxo/Build/Intermediates.noindex/PostHog.build/Debug-iphoneos/phlibwebp.build/Objects-normal/arm64/7187679823f38a2a940e0043cdf9d637-common-args.resp
    
    builtin-ScanDependencies -o /Users/colbycorcoran/Library/Developer/Xcode/DerivedData/Fiz-fiflxcjvlfosoebhvlytfgwprkxo/Build/Intermediates.noindex/PostHog.build/Debug-iphoneos/phlibwebp.build/Objects-normal/arm64/backward_references_cost_enc.o.scan -- /Applications/Xcode.app/Contents/Developer/Toolchains/XcodeDefault.xctoolchain/usr/bin/clang -x c -ivfsstatcache /Users/colbycorcoran/Library/Developer/Xcode/DerivedData/SDKStatCaches.noindex/iphoneos26.2-23C53-3794476bd08197c3e2abd9bb477ef7f7.sdkstatcache -fmessage-length\=0 -fdiagnostics-show-note-include-stack -fmacro-backtrace-limit\=0 -fno-color-diagnostics -fmodules-prune-interval\=86400 -fmodules-prune-after\=345600 -fbuild-session-file\=/Users/colbycorcoran/Library/Developer/Xcode/DerivedData/ModuleCache.noindex/Session.modulevalidation -fmodules-validate-once-per-build-session -Wnon-modular-include-in-framework-module -Werror\=non-modular-include-in-framework-module -Wno-trigraphs -Wno-missing-field-initializers -Wno-missing-prototypes -Wno-return-type -Wno-missing-braces -Wparentheses -Wswitch -Wno-unused-function -Wno-unused-label -Wno-unused-parameter -Wno-unused-variable -Wunused-value -Wno-empty-body -Wno-uninitialized -Wno-unknown-pragmas -w -Wno-shadow -Wno-four-char-constants -Wno-conversion -Wno-constant-conversion -Wno-int-conversion -Wno-bool-conversion -Wno-enum-conversion -Wno-float-conversion -Wno-non-literal-null-conversion -Wno-objc-literal-conversion -Wshorten-64-to-32 -Wpointer-sign -Wno-newline-eof -Wno-implicit-fallthrough -fstrict-aliasing -Wdeprecated-declarations -Wno-sign-conversion -Wno-infinite-recursion -Wno-comma -Wno-block-capture-autoreleasing -Wno-strict-prototypes -Wno-semicolon-before-method-body -index-store-path /Users/colbycorcoran/Library/Developer/Xcode/DerivedData/Fiz-fiflxcjvlfosoebhvlytfgwprkxo/Index.noindex/DataStore @/Users/colbycorcoran/Library/Developer/Xcode/DerivedData/Fiz-fiflxcjvlfosoebhvlytfgwprkxo/Build/Intermediates.noindex/PostHog.build/Debug-iphoneos/phlibwebp.build/Objects-normal/arm64/7187679823f38a2a940e0043cdf9d637-common-args.resp -MMD -MT dependencies -MF /Users/colbycorcoran/Library/Developer/Xcode/DerivedData/Fiz-fiflxcjvlfosoebhvlytfgwprkxo/Build/Intermediates.noindex/PostHog.build/Debug-iphoneos/phlibwebp.build/Objects-normal/arm64/backward_references_cost_enc.d --serialize-diagnostics /Users/colbycorcoran/Library/Developer/Xcode/DerivedData/Fiz-fiflxcjvlfosoebhvlytfgwprkxo/Build/Intermediates.noindex/PostHog.build/Debug-iphoneos/phlibwebp.build/Objects-normal/arm64/backward_references_cost_enc.dia -c /Users/colbycorcoran/Library/Developer/Xcode/DerivedData/Fiz-fiflxcjvlfosoebhvlytfgwprkxo/SourcePackages/checkouts/posthog-ios/vendor/libwebp/backward_references_cost_enc.c -o /Users/colbycorcoran/Library/Developer/Xcode/DerivedData/Fiz-fiflxcjvlfosoebhvlytfgwprkxo/Build/Intermediates.noindex/PostHog.build/Debug-iphoneos/phlibwebp.build/Objects-normal/arm64/backward_references_cost_enc.o -index-unit-output-path /PostHog.build/Debug-iphoneos/phlibwebp.build/Objects-normal/arm64/backward_references_cost_enc.o

ScanDependencies /Users/colbycorcoran/Library/Developer/Xcode/DerivedData/Fiz-fiflxcjvlfosoebhvlytfgwprkxo/Build/Intermediates.noindex/PostHog.build/Debug-iphoneos/phlibwebp.build/Objects-normal/arm64/analysis_enc.o /Users/colbycorcoran/Library/Developer/Xcode/DerivedData/Fiz-fiflxcjvlfosoebhvlytfgwprkxo/SourcePackages/checkouts/posthog-ios/vendor/libwebp/analysis_enc.c normal arm64 c com.apple.compilers.llvm.clang.1_0.compiler (in target 'phlibwebp' from project 'PostHog')
    cd /Users/colbycorcoran/Documents/App\ Development/Fiz/Fiz.xcodeproj
    
    Using response file: /Users/colbycorcoran/Library/Developer/Xcode/DerivedData/Fiz-fiflxcjvlfosoebhvlytfgwprkxo/Build/Intermediates.noindex/PostHog.build/Debug-iphoneos/phlibwebp.build/Objects-normal/arm64/7187679823f38a2a940e0043cdf9d637-common-args.resp
    
    builtin-ScanDependencies -o /Users/colbycorcoran/Library/Developer/Xcode/DerivedData/Fiz-fiflxcjvlfosoebhvlytfgwprkxo/Build/Intermediates.noindex/PostHog.build/Debug-iphoneos/phlibwebp.build/Objects-normal/arm64/analysis_enc.o.scan -- /Applications/Xcode.app/Contents/Developer/Toolchains/XcodeDefault.xctoolchain/usr/bin/clang -x c -ivfsstatcache /Users/colbycorcoran/Library/Developer/Xcode/DerivedData/SDKStatCaches.noindex/iphoneos26.2-23C53-3794476bd08197c3e2abd9bb477ef7f7.sdkstatcache -fmessage-length\=0 -fdiagnostics-show-note-include-stack -fmacro-backtrace-limit\=0 -fno-color-diagnostics -fmodules-prune-interval\=86400 -fmodules-prune-after\=345600 -fbuild-session-file\=/Users/colbycorcoran/Library/Developer/Xcode/DerivedData/ModuleCache.noindex/Session.modulevalidation -fmodules-validate-once-per-build-session -Wnon-modular-include-in-framework-module -Werror\=non-modular-include-in-framework-module -Wno-trigraphs -Wno-missing-field-initializers -Wno-missing-prototypes -Wno-return-type -Wno-missing-braces -Wparentheses -Wswitch -Wno-unused-function -Wno-unused-label -Wno-unused-parameter -Wno-unused-variable -Wunused-value -Wno-empty-body -Wno-uninitialized -Wno-unknown-pragmas -w -Wno-shadow -Wno-four-char-constants -Wno-conversion -Wno-constant-conversion -Wno-int-conversion -Wno-bool-conversion -Wno-enum-conversion -Wno-float-conversion -Wno-non-literal-null-conversion -Wno-objc-literal-conversion -Wshorten-64-to-32 -Wpointer-sign -Wno-newline-eof -Wno-implicit-fallthrough -fstrict-aliasing -Wdeprecated-declarations -Wno-sign-conversion -Wno-infinite-recursion -Wno-comma -Wno-block-capture-autoreleasing -Wno-strict-prototypes -Wno-semicolon-before-method-body -index-store-path /Users/colbycorcoran/Library/Developer/Xcode/DerivedData/Fiz-fiflxcjvlfosoebhvlytfgwprkxo/Index.noindex/DataStore @/Users/colbycorcoran/Library/Developer/Xcode/DerivedData/Fiz-fiflxcjvlfosoebhvlytfgwprkxo/Build/Intermediates.noindex/PostHog.build/Debug-iphoneos/phlibwebp.build/Objects-normal/arm64/7187679823f38a2a940e0043cdf9d637-common-args.resp -MMD -MT dependencies -MF /Users/colbycorcoran/Library/Developer/Xcode/DerivedData/Fiz-fiflxcjvlfosoebhvlytfgwprkxo/Build/Intermediates.noindex/PostHog.build/Debug-iphoneos/phlibwebp.build/Objects-normal/arm64/analysis_enc.d --serialize-diagnostics /Users/colbycorcoran/Library/Developer/Xcode/DerivedData/Fiz-fiflxcjvlfosoebhvlytfgwprkxo/Build/Intermediates.noindex/PostHog.build/Debug-iphoneos/phlibwebp.build/Objects-normal/arm64/analysis_enc.dia -c /Users/colbycorcoran/Library/Developer/Xcode/DerivedData/Fiz-fiflxcjvlfosoebhvlytfgwprkxo/SourcePackages/checkouts/posthog-ios/vendor/libwebp/analysis_enc.c -o /Users/colbycorcoran/Library/Developer/Xcode/DerivedData/Fiz-fiflxcjvlfosoebhvlytfgwprkxo/Build/Intermediates.noindex/PostHog.build/Debug-iphoneos/phlibwebp.build/Objects-normal/arm64/analysis_enc.o -index-unit-output-path /PostHog.build/Debug-iphoneos/phlibwebp.build/Objects-normal/arm64/analysis_enc.o

ScanDependencies /Users/colbycorcoran/Library/Developer/Xcode/DerivedData/Fiz-fiflxcjvlfosoebhvlytfgwprkxo/Build/Intermediates.noindex/PostHog.build/Debug-iphoneos/phlibwebp.build/Objects-normal/arm64/alpha_processing_sse41.o /Users/colbycorcoran/Library/Developer/Xcode/DerivedData/Fiz-fiflxcjvlfosoebhvlytfgwprkxo/SourcePackages/checkouts/posthog-ios/vendor/libwebp/alpha_processing_sse41.c normal arm64 c com.apple.compilers.llvm.clang.1_0.compiler (in target 'phlibwebp' from project 'PostHog')
    cd /Users/colbycorcoran/Documents/App\ Development/Fiz/Fiz.xcodeproj
    
    Using response file: /Users/colbycorcoran/Library/Developer/Xcode/DerivedData/Fiz-fiflxcjvlfosoebhvlytfgwprkxo/Build/Intermediates.noindex/PostHog.build/Debug-iphoneos/phlibwebp.build/Objects-normal/arm64/7187679823f38a2a940e0043cdf9d637-common-args.resp
    
    builtin-ScanDependencies -o /Users/colbycorcoran/Library/Developer/Xcode/DerivedData/Fiz-fiflxcjvlfosoebhvlytfgwprkxo/Build/Intermediates.noindex/PostHog.build/Debug-iphoneos/phlibwebp.build/Objects-normal/arm64/alpha_processing_sse41.o.scan -- /Applications/Xcode.app/Contents/Developer/Toolchains/XcodeDefault.xctoolchain/usr/bin/clang -x c -ivfsstatcache /Users/colbycorcoran/Library/Developer/Xcode/DerivedData/SDKStatCaches.noindex/iphoneos26.2-23C53-3794476bd08197c3e2abd9bb477ef7f7.sdkstatcache -fmessage-length\=0 -fdiagnostics-show-note-include-stack -fmacro-backtrace-limit\=0 -fno-color-diagnostics -fmodules-prune-interval\=86400 -fmodules-prune-after\=345600 -fbuild-session-file\=/Users/colbycorcoran/Library/Developer/Xcode/DerivedData/ModuleCache.noindex/Session.modulevalidation -fmodules-validate-once-per-build-session -Wnon-modular-include-in-framework-module -Werror\=non-modular-include-in-framework-module -Wno-trigraphs -Wno-missing-field-initializers -Wno-missing-prototypes -Wno-return-type -Wno-missing-braces -Wparentheses -Wswitch -Wno-unused-function -Wno-unused-label -Wno-unused-parameter -Wno-unused-variable -Wunused-value -Wno-empty-body -Wno-uninitialized -Wno-unknown-pragmas -w -Wno-shadow -Wno-four-char-constants -Wno-conversion -Wno-constant-conversion -Wno-int-conversion -Wno-bool-conversion -Wno-enum-conversion -Wno-float-conversion -Wno-non-literal-null-conversion -Wno-objc-literal-conversion -Wshorten-64-to-32 -Wpointer-sign -Wno-newline-eof -Wno-implicit-fallthrough -fstrict-aliasing -Wdeprecated-declarations -Wno-sign-conversion -Wno-infinite-recursion -Wno-comma -Wno-block-capture-autoreleasing -Wno-strict-prototypes -Wno-semicolon-before-method-body -index-store-path /Users/colbycorcoran/Library/Developer/Xcode/DerivedData/Fiz-fiflxcjvlfosoebhvlytfgwprkxo/Index.noindex/DataStore @/Users/colbycorcoran/Library/Developer/Xcode/DerivedData/Fiz-fiflxcjvlfosoebhvlytfgwprkxo/Build/Intermediates.noindex/PostHog.build/Debug-iphoneos/phlibwebp.build/Objects-normal/arm64/7187679823f38a2a940e0043cdf9d637-common-args.resp -MMD -MT dependencies -MF /Users/colbycorcoran/Library/Developer/Xcode/DerivedData/Fiz-fiflxcjvlfosoebhvlytfgwprkxo/Build/Intermediates.noindex/PostHog.build/Debug-iphoneos/phlibwebp.build/Objects-normal/arm64/alpha_processing_sse41.d --serialize-diagnostics /Users/colbycorcoran/Library/Developer/Xcode/DerivedData/Fiz-fiflxcjvlfosoebhvlytfgwprkxo/Build/Intermediates.noindex/PostHog.build/Debug-iphoneos/phlibwebp.build/Objects-normal/arm64/alpha_processing_sse41.dia -c /Users/colbycorcoran/Library/Developer/Xcode/DerivedData/Fiz-fiflxcjvlfosoebhvlytfgwprkxo/SourcePackages/checkouts/posthog-ios/vendor/libwebp/alpha_processing_sse41.c -o /Users/colbycorcoran/Library/Developer/Xcode/DerivedData/Fiz-fiflxcjvlfosoebhvlytfgwprkxo/Build/Intermediates.noindex/PostHog.build/Debug-iphoneos/phlibwebp.build/Objects-normal/arm64/alpha_processing_sse41.o -index-unit-output-path /PostHog.build/Debug-iphoneos/phlibwebp.build/Objects-normal/arm64/alpha_processing_sse41.o

ScanDependencies /Users/colbycorcoran/Library/Developer/Xcode/DerivedData/Fiz-fiflxcjvlfosoebhvlytfgwprkxo/Build/Intermediates.noindex/PostHog.build/Debug-iphoneos/phlibwebp.build/Objects-normal/arm64/alpha_processing_sse2.o /Users/colbycorcoran/Library/Developer/Xcode/DerivedData/Fiz-fiflxcjvlfosoebhvlytfgwprkxo/SourcePackages/checkouts/posthog-ios/vendor/libwebp/alpha_processing_sse2.c normal arm64 c com.apple.compilers.llvm.clang.1_0.compiler (in target 'phlibwebp' from project 'PostHog')
    cd /Users/colbycorcoran/Documents/App\ Development/Fiz/Fiz.xcodeproj
    
    Using response file: /Users/colbycorcoran/Library/Developer/Xcode/DerivedData/Fiz-fiflxcjvlfosoebhvlytfgwprkxo/Build/Intermediates.noindex/PostHog.build/Debug-iphoneos/phlibwebp.build/Objects-normal/arm64/7187679823f38a2a940e0043cdf9d637-common-args.resp
    
    builtin-ScanDependencies -o /Users/colbycorcoran/Library/Developer/Xcode/DerivedData/Fiz-fiflxcjvlfosoebhvlytfgwprkxo/Build/Intermediates.noindex/PostHog.build/Debug-iphoneos/phlibwebp.build/Objects-normal/arm64/alpha_processing_sse2.o.scan -- /Applications/Xcode.app/Contents/Developer/Toolchains/XcodeDefault.xctoolchain/usr/bin/clang -x c -ivfsstatcache /Users/colbycorcoran/Library/Developer/Xcode/DerivedData/SDKStatCaches.noindex/iphoneos26.2-23C53-3794476bd08197c3e2abd9bb477ef7f7.sdkstatcache -fmessage-length\=0 -fdiagnostics-show-note-include-stack -fmacro-backtrace-limit\=0 -fno-color-diagnostics -fmodules-prune-interval\=86400 -fmodules-prune-after\=345600 -fbuild-session-file\=/Users/colbycorcoran/Library/Developer/Xcode/DerivedData/ModuleCache.noindex/Session.modulevalidation -fmodules-validate-once-per-build-session -Wnon-modular-include-in-framework-module -Werror\=non-modular-include-in-framework-module -Wno-trigraphs -Wno-missing-field-initializers -Wno-missing-prototypes -Wno-return-type -Wno-missing-braces -Wparentheses -Wswitch -Wno-unused-function -Wno-unused-label -Wno-unused-parameter -Wno-unused-variable -Wunused-value -Wno-empty-body -Wno-uninitialized -Wno-unknown-pragmas -w -Wno-shadow -Wno-four-char-constants -Wno-conversion -Wno-constant-conversion -Wno-int-conversion -Wno-bool-conversion -Wno-enum-conversion -Wno-float-conversion -Wno-non-literal-null-conversion -Wno-objc-literal-conversion -Wshorten-64-to-32 -Wpointer-sign -Wno-newline-eof -Wno-implicit-fallthrough -fstrict-aliasing -Wdeprecated-declarations -Wno-sign-conversion -Wno-infinite-recursion -Wno-comma -Wno-block-capture-autoreleasing -Wno-strict-prototypes -Wno-semicolon-before-method-body -index-store-path /Users/colbycorcoran/Library/Developer/Xcode/DerivedData/Fiz-fiflxcjvlfosoebhvlytfgwprkxo/Index.noindex/DataStore @/Users/colbycorcoran/Library/Developer/Xcode/DerivedData/Fiz-fiflxcjvlfosoebhvlytfgwprkxo/Build/Intermediates.noindex/PostHog.build/Debug-iphoneos/phlibwebp.build/Objects-normal/arm64/7187679823f38a2a940e0043cdf9d637-common-args.resp -MMD -MT dependencies -MF /Users/colbycorcoran/Library/Developer/Xcode/DerivedData/Fiz-fiflxcjvlfosoebhvlytfgwprkxo/Build/Intermediates.noindex/PostHog.build/Debug-iphoneos/phlibwebp.build/Objects-normal/arm64/alpha_processing_sse2.d --serialize-diagnostics /Users/colbycorcoran/Library/Developer/Xcode/DerivedData/Fiz-fiflxcjvlfosoebhvlytfgwprkxo/Build/Intermediates.noindex/PostHog.build/Debug-iphoneos/phlibwebp.build/Objects-normal/arm64/alpha_processing_sse2.dia -c /Users/colbycorcoran/Library/Developer/Xcode/DerivedData/Fiz-fiflxcjvlfosoebhvlytfgwprkxo/SourcePackages/checkouts/posthog-ios/vendor/libwebp/alpha_processing_sse2.c -o /Users/colbycorcoran/Library/Developer/Xcode/DerivedData/Fiz-fiflxcjvlfosoebhvlytfgwprkxo/Build/Intermediates.noindex/PostHog.build/Debug-iphoneos/phlibwebp.build/Objects-normal/arm64/alpha_processing_sse2.o -index-unit-output-path /PostHog.build/Debug-iphoneos/phlibwebp.build/Objects-normal/arm64/alpha_processing_sse2.o

ScanDependencies /Users/colbycorcoran/Library/Developer/Xcode/DerivedData/Fiz-fiflxcjvlfosoebhvlytfgwprkxo/Build/Intermediates.noindex/PostHog.build/Debug-iphoneos/phlibwebp.build/Objects-normal/arm64/alpha_processing_neon.o /Users/colbycorcoran/Library/Developer/Xcode/DerivedData/Fiz-fiflxcjvlfosoebhvlytfgwprkxo/SourcePackages/checkouts/posthog-ios/vendor/libwebp/alpha_processing_neon.c normal arm64 c com.apple.compilers.llvm.clang.1_0.compiler (in target 'phlibwebp' from project 'PostHog')
    cd /Users/colbycorcoran/Documents/App\ Development/Fiz/Fiz.xcodeproj
    
    Using response file: /Users/colbycorcoran/Library/Developer/Xcode/DerivedData/Fiz-fiflxcjvlfosoebhvlytfgwprkxo/Build/Intermediates.noindex/PostHog.build/Debug-iphoneos/phlibwebp.build/Objects-normal/arm64/7187679823f38a2a940e0043cdf9d637-common-args.resp
    
    builtin-ScanDependencies -o /Users/colbycorcoran/Library/Developer/Xcode/DerivedData/Fiz-fiflxcjvlfosoebhvlytfgwprkxo/Build/Intermediates.noindex/PostHog.build/Debug-iphoneos/phlibwebp.build/Objects-normal/arm64/alpha_processing_neon.o.scan -- /Applications/Xcode.app/Contents/Developer/Toolchains/XcodeDefault.xctoolchain/usr/bin/clang -x c -ivfsstatcache /Users/colbycorcoran/Library/Developer/Xcode/DerivedData/SDKStatCaches.noindex/iphoneos26.2-23C53-3794476bd08197c3e2abd9bb477ef7f7.sdkstatcache -fmessage-length\=0 -fdiagnostics-show-note-include-stack -fmacro-backtrace-limit\=0 -fno-color-diagnostics -fmodules-prune-interval\=86400 -fmodules-prune-after\=345600 -fbuild-session-file\=/Users/colbycorcoran/Library/Developer/Xcode/DerivedData/ModuleCache.noindex/Session.modulevalidation -fmodules-validate-once-per-build-session -Wnon-modular-include-in-framework-module -Werror\=non-modular-include-in-framework-module -Wno-trigraphs -Wno-missing-field-initializers -Wno-missing-prototypes -Wno-return-type -Wno-missing-braces -Wparentheses -Wswitch -Wno-unused-function -Wno-unused-label -Wno-unused-parameter -Wno-unused-variable -Wunused-value -Wno-empty-body -Wno-uninitialized -Wno-unknown-pragmas -w -Wno-shadow -Wno-four-char-constants -Wno-conversion -Wno-constant-conversion -Wno-int-conversion -Wno-bool-conversion -Wno-enum-conversion -Wno-float-conversion -Wno-non-literal-null-conversion -Wno-objc-literal-conversion -Wshorten-64-to-32 -Wpointer-sign -Wno-newline-eof -Wno-implicit-fallthrough -fstrict-aliasing -Wdeprecated-declarations -Wno-sign-conversion -Wno-infinite-recursion -Wno-comma -Wno-block-capture-autoreleasing -Wno-strict-prototypes -Wno-semicolon-before-method-body -index-store-path /Users/colbycorcoran/Library/Developer/Xcode/DerivedData/Fiz-fiflxcjvlfosoebhvlytfgwprkxo/Index.noindex/DataStore @/Users/colbycorcoran/Library/Developer/Xcode/DerivedData/Fiz-fiflxcjvlfosoebhvlytfgwprkxo/Build/Intermediates.noindex/PostHog.build/Debug-iphoneos/phlibwebp.build/Objects-normal/arm64/7187679823f38a2a940e0043cdf9d637-common-args.resp -MMD -MT dependencies -MF /Users/colbycorcoran/Library/Developer/Xcode/DerivedData/Fiz-fiflxcjvlfosoebhvlytfgwprkxo/Build/Intermediates.noindex/PostHog.build/Debug-iphoneos/phlibwebp.build/Objects-normal/arm64/alpha_processing_neon.d --serialize-diagnostics /Users/colbycorcoran/Library/Developer/Xcode/DerivedData/Fiz-fiflxcjvlfosoebhvlytfgwprkxo/Build/Intermediates.noindex/PostHog.build/Debug-iphoneos/phlibwebp.build/Objects-normal/arm64/alpha_processing_neon.dia -c /Users/colbycorcoran/Library/Developer/Xcode/DerivedData/Fiz-fiflxcjvlfosoebhvlytfgwprkxo/SourcePackages/checkouts/posthog-ios/vendor/libwebp/alpha_processing_neon.c -o /Users/colbycorcoran/Library/Developer/Xcode/DerivedData/Fiz-fiflxcjvlfosoebhvlytfgwprkxo/Build/Intermediates.noindex/PostHog.build/Debug-iphoneos/phlibwebp.build/Objects-normal/arm64/alpha_processing_neon.o -index-unit-output-path /PostHog.build/Debug-iphoneos/phlibwebp.build/Objects-normal/arm64/alpha_processing_neon.o

ScanDependencies /Users/colbycorcoran/Library/Developer/Xcode/DerivedData/Fiz-fiflxcjvlfosoebhvlytfgwprkxo/Build/Intermediates.noindex/PostHog.build/Debug-iphoneos/phlibwebp.build/Objects-normal/arm64/alpha_processing.o /Users/colbycorcoran/Library/Developer/Xcode/DerivedData/Fiz-fiflxcjvlfosoebhvlytfgwprkxo/SourcePackages/checkouts/posthog-ios/vendor/libwebp/alpha_processing.c normal arm64 c com.apple.compilers.llvm.clang.1_0.compiler (in target 'phlibwebp' from project 'PostHog')
    cd /Users/colbycorcoran/Documents/App\ Development/Fiz/Fiz.xcodeproj
    
    Using response file: /Users/colbycorcoran/Library/Developer/Xcode/DerivedData/Fiz-fiflxcjvlfosoebhvlytfgwprkxo/Build/Intermediates.noindex/PostHog.build/Debug-iphoneos/phlibwebp.build/Objects-normal/arm64/7187679823f38a2a940e0043cdf9d637-common-args.resp
    
    builtin-ScanDependencies -o /Users/colbycorcoran/Library/Developer/Xcode/DerivedData/Fiz-fiflxcjvlfosoebhvlytfgwprkxo/Build/Intermediates.noindex/PostHog.build/Debug-iphoneos/phlibwebp.build/Objects-normal/arm64/alpha_processing.o.scan -- /Applications/Xcode.app/Contents/Developer/Toolchains/XcodeDefault.xctoolchain/usr/bin/clang -x c -ivfsstatcache /Users/colbycorcoran/Library/Developer/Xcode/DerivedData/SDKStatCaches.noindex/iphoneos26.2-23C53-3794476bd08197c3e2abd9bb477ef7f7.sdkstatcache -fmessage-length\=0 -fdiagnostics-show-note-include-stack -fmacro-backtrace-limit\=0 -fno-color-diagnostics -fmodules-prune-interval\=86400 -fmodules-prune-after\=345600 -fbuild-session-file\=/Users/colbycorcoran/Library/Developer/Xcode/DerivedData/ModuleCache.noindex/Session.modulevalidation -fmodules-validate-once-per-build-session -Wnon-modular-include-in-framework-module -Werror\=non-modular-include-in-framework-module -Wno-trigraphs -Wno-missing-field-initializers -Wno-missing-prototypes -Wno-return-type -Wno-missing-braces -Wparentheses -Wswitch -Wno-unused-function -Wno-unused-label -Wno-unused-parameter -Wno-unused-variable -Wunused-value -Wno-empty-body -Wno-uninitialized -Wno-unknown-pragmas -w -Wno-shadow -Wno-four-char-constants -Wno-conversion -Wno-constant-conversion -Wno-int-conversion -Wno-bool-conversion -Wno-enum-conversion -Wno-float-conversion -Wno-non-literal-null-conversion -Wno-objc-literal-conversion -Wshorten-64-to-32 -Wpointer-sign -Wno-newline-eof -Wno-implicit-fallthrough -fstrict-aliasing -Wdeprecated-declarations -Wno-sign-conversion -Wno-infinite-recursion -Wno-comma -Wno-block-capture-autoreleasing -Wno-strict-prototypes -Wno-semicolon-before-method-body -index-store-path /Users/colbycorcoran/Library/Developer/Xcode/DerivedData/Fiz-fiflxcjvlfosoebhvlytfgwprkxo/Index.noindex/DataStore @/Users/colbycorcoran/Library/Developer/Xcode/DerivedData/Fiz-fiflxcjvlfosoebhvlytfgwprkxo/Build/Intermediates.noindex/PostHog.build/Debug-iphoneos/phlibwebp.build/Objects-normal/arm64/7187679823f38a2a940e0043cdf9d637-common-args.resp -MMD -MT dependencies -MF /Users/colbycorcoran/Library/Developer/Xcode/DerivedData/Fiz-fiflxcjvlfosoebhvlytfgwprkxo/Build/Intermediates.noindex/PostHog.build/Debug-iphoneos/phlibwebp.build/Objects-normal/arm64/alpha_processing.d --serialize-diagnostics /Users/colbycorcoran/Library/Developer/Xcode/DerivedData/Fiz-fiflxcjvlfosoebhvlytfgwprkxo/Build/Intermediates.noindex/PostHog.build/Debug-iphoneos/phlibwebp.build/Objects-normal/arm64/alpha_processing.dia -c /Users/colbycorcoran/Library/Developer/Xcode/DerivedData/Fiz-fiflxcjvlfosoebhvlytfgwprkxo/SourcePackages/checkouts/posthog-ios/vendor/libwebp/alpha_processing.c -o /Users/colbycorcoran/Library/Developer/Xcode/DerivedData/Fiz-fiflxcjvlfosoebhvlytfgwprkxo/Build/Intermediates.noindex/PostHog.build/Debug-iphoneos/phlibwebp.build/Objects-normal/arm64/alpha_processing.o -index-unit-output-path /PostHog.build/Debug-iphoneos/phlibwebp.build/Objects-normal/arm64/alpha_processing.o

ScanDependencies /Users/colbycorcoran/Library/Developer/Xcode/DerivedData/Fiz-fiflxcjvlfosoebhvlytfgwprkxo/Build/Intermediates.noindex/PostHog.build/Debug-iphoneos/phlibwebp.build/Objects-normal/arm64/alpha_enc.o /Users/colbycorcoran/Library/Developer/Xcode/DerivedData/Fiz-fiflxcjvlfosoebhvlytfgwprkxo/SourcePackages/checkouts/posthog-ios/vendor/libwebp/alpha_enc.c normal arm64 c com.apple.compilers.llvm.clang.1_0.compiler (in target 'phlibwebp' from project 'PostHog')
    cd /Users/colbycorcoran/Documents/App\ Development/Fiz/Fiz.xcodeproj
    
    Using response file: /Users/colbycorcoran/Library/Developer/Xcode/DerivedData/Fiz-fiflxcjvlfosoebhvlytfgwprkxo/Build/Intermediates.noindex/PostHog.build/Debug-iphoneos/phlibwebp.build/Objects-normal/arm64/7187679823f38a2a940e0043cdf9d637-common-args.resp
    
    builtin-ScanDependencies -o /Users/colbycorcoran/Library/Developer/Xcode/DerivedData/Fiz-fiflxcjvlfosoebhvlytfgwprkxo/Build/Intermediates.noindex/PostHog.build/Debug-iphoneos/phlibwebp.build/Objects-normal/arm64/alpha_enc.o.scan -- /Applications/Xcode.app/Contents/Developer/Toolchains/XcodeDefault.xctoolchain/usr/bin/clang -x c -ivfsstatcache /Users/colbycorcoran/Library/Developer/Xcode/DerivedData/SDKStatCaches.noindex/iphoneos26.2-23C53-3794476bd08197c3e2abd9bb477ef7f7.sdkstatcache -fmessage-length\=0 -fdiagnostics-show-note-include-stack -fmacro-backtrace-limit\=0 -fno-color-diagnostics -fmodules-prune-interval\=86400 -fmodules-prune-after\=345600 -fbuild-session-file\=/Users/colbycorcoran/Library/Developer/Xcode/DerivedData/ModuleCache.noindex/Session.modulevalidation -fmodules-validate-once-per-build-session -Wnon-modular-include-in-framework-module -Werror\=non-modular-include-in-framework-module -Wno-trigraphs -Wno-missing-field-initializers -Wno-missing-prototypes -Wno-return-type -Wno-missing-braces -Wparentheses -Wswitch -Wno-unused-function -Wno-unused-label -Wno-unused-parameter -Wno-unused-variable -Wunused-value -Wno-empty-body -Wno-uninitialized -Wno-unknown-pragmas -w -Wno-shadow -Wno-four-char-constants -Wno-conversion -Wno-constant-conversion -Wno-int-conversion -Wno-bool-conversion -Wno-enum-conversion -Wno-float-conversion -Wno-non-literal-null-conversion -Wno-objc-literal-conversion -Wshorten-64-to-32 -Wpointer-sign -Wno-newline-eof -Wno-implicit-fallthrough -fstrict-aliasing -Wdeprecated-declarations -Wno-sign-conversion -Wno-infinite-recursion -Wno-comma -Wno-block-capture-autoreleasing -Wno-strict-prototypes -Wno-semicolon-before-method-body -index-store-path /Users/colbycorcoran/Library/Developer/Xcode/DerivedData/Fiz-fiflxcjvlfosoebhvlytfgwprkxo/Index.noindex/DataStore @/Users/colbycorcoran/Library/Developer/Xcode/DerivedData/Fiz-fiflxcjvlfosoebhvlytfgwprkxo/Build/Intermediates.noindex/PostHog.build/Debug-iphoneos/phlibwebp.build/Objects-normal/arm64/7187679823f38a2a940e0043cdf9d637-common-args.resp -MMD -MT dependencies -MF /Users/colbycorcoran/Library/Developer/Xcode/DerivedData/Fiz-fiflxcjvlfosoebhvlytfgwprkxo/Build/Intermediates.noindex/PostHog.build/Debug-iphoneos/phlibwebp.build/Objects-normal/arm64/alpha_enc.d --serialize-diagnostics /Users/colbycorcoran/Library/Developer/Xcode/DerivedData/Fiz-fiflxcjvlfosoebhvlytfgwprkxo/Build/Intermediates.noindex/PostHog.build/Debug-iphoneos/phlibwebp.build/Objects-normal/arm64/alpha_enc.dia -c /Users/colbycorcoran/Library/Developer/Xcode/DerivedData/Fiz-fiflxcjvlfosoebhvlytfgwprkxo/SourcePackages/checkouts/posthog-ios/vendor/libwebp/alpha_enc.c -o /Users/colbycorcoran/Library/Developer/Xcode/DerivedData/Fiz-fiflxcjvlfosoebhvlytfgwprkxo/Build/Intermediates.noindex/PostHog.build/Debug-iphoneos/phlibwebp.build/Objects-normal/arm64/alpha_enc.o -index-unit-output-path /PostHog.build/Debug-iphoneos/phlibwebp.build/Objects-normal/arm64/alpha_enc.o

PrecompileModule /Users/colbycorcoran/Library/Developer/Xcode/DerivedData/Fiz-fiflxcjvlfosoebhvlytfgwprkxo/Build/Intermediates.noindex/ExplicitPrecompiledModules/_Builtin_stdint-DVIAYJR5SVULA471C7243Q972.scan
    cd /
    builtin-precompileModule /Users/colbycorcoran/Library/Developer/Xcode/DerivedData/Fiz-fiflxcjvlfosoebhvlytfgwprkxo/Build/Intermediates.noindex/ExplicitPrecompiledModules/_Builtin_stdint-DVIAYJR5SVULA471C7243Q972.scan

PrecompileModule /Users/colbycorcoran/Library/Developer/Xcode/DerivedData/Fiz-fiflxcjvlfosoebhvlytfgwprkxo/Build/Intermediates.noindex/ExplicitPrecompiledModules/_Builtin_intrinsics-6G9L00EIJMTU8KVWAXW4NR6G3.scan
    cd /
    builtin-precompileModule /Users/colbycorcoran/Library/Developer/Xcode/DerivedData/Fiz-fiflxcjvlfosoebhvlytfgwprkxo/Build/Intermediates.noindex/ExplicitPrecompiledModules/_Builtin_intrinsics-6G9L00EIJMTU8KVWAXW4NR6G3.scan

PrecompileModule /Users/colbycorcoran/Library/Developer/Xcode/DerivedData/Fiz-fiflxcjvlfosoebhvlytfgwprkxo/Build/Intermediates.noindex/ExplicitPrecompiledModules/_DarwinFoundation3-DO1PBH2NL9KRWQ8BB6QFWX6W1.scan
    cd /
    builtin-precompileModule /Users/colbycorcoran/Library/Developer/Xcode/DerivedData/Fiz-fiflxcjvlfosoebhvlytfgwprkxo/Build/Intermediates.noindex/ExplicitPrecompiledModules/_DarwinFoundation3-DO1PBH2NL9KRWQ8BB6QFWX6W1.scan

PrecompileModule /Users/colbycorcoran/Library/Developer/Xcode/DerivedData/Fiz-fiflxcjvlfosoebhvlytfgwprkxo/Build/Intermediates.noindex/ExplicitPrecompiledModules/_Builtin_inttypes-8M7IIAX3J2F0HK5JRBF6UMVR1.scan
    cd /
    builtin-precompileModule /Users/colbycorcoran/Library/Developer/Xcode/DerivedData/Fiz-fiflxcjvlfosoebhvlytfgwprkxo/Build/Intermediates.noindex/ExplicitPrecompiledModules/_Builtin_inttypes-8M7IIAX3J2F0HK5JRBF6UMVR1.scan

CompileC /Users/colbycorcoran/Library/Developer/Xcode/DerivedData/Fiz-fiflxcjvlfosoebhvlytfgwprkxo/Build/Intermediates.noindex/PostHog.build/Debug-iphoneos/phlibwebp.build/Objects-normal/arm64/alpha_processing_sse2.o /Users/colbycorcoran/Library/Developer/Xcode/DerivedData/Fiz-fiflxcjvlfosoebhvlytfgwprkxo/SourcePackages/checkouts/posthog-ios/vendor/libwebp/alpha_processing_sse2.c normal arm64 c com.apple.compilers.llvm.clang.1_0.compiler (in target 'phlibwebp' from project 'PostHog')
    cd /Users/colbycorcoran/Documents/App\ Development/Fiz/Fiz.xcodeproj
    
    Using response file: /Users/colbycorcoran/Library/Developer/Xcode/DerivedData/Fiz-fiflxcjvlfosoebhvlytfgwprkxo/Build/Intermediates.noindex/PostHog.build/Debug-iphoneos/phlibwebp.build/Objects-normal/arm64/7187679823f38a2a940e0043cdf9d637-common-args.resp
    
    /Applications/Xcode.app/Contents/Developer/Toolchains/XcodeDefault.xctoolchain/usr/bin/clang -x c -ivfsstatcache /Users/colbycorcoran/Library/Developer/Xcode/DerivedData/SDKStatCaches.noindex/iphoneos26.2-23C53-3794476bd08197c3e2abd9bb477ef7f7.sdkstatcache -fmessage-length\=0 -fdiagnostics-show-note-include-stack -fmacro-backtrace-limit\=0 -fno-color-diagnostics -fmodules-prune-interval\=86400 -fmodules-prune-after\=345600 -fbuild-session-file\=/Users/colbycorcoran/Library/Developer/Xcode/DerivedData/ModuleCache.noindex/Session.modulevalidation -fmodules-validate-once-per-build-session -Wnon-modular-include-in-framework-module -Werror\=non-modular-include-in-framework-module -Wno-trigraphs -Wno-missing-field-initializers -Wno-missing-prototypes -Wno-return-type -Wno-missing-braces -Wparentheses -Wswitch -Wno-unused-function -Wno-unused-label -Wno-unused-parameter -Wno-unused-variable -Wunused-value -Wno-empty-body -Wno-uninitialized -Wno-unknown-pragmas -w -Wno-shadow -Wno-four-char-constants -Wno-conversion -Wno-constant-conversion -Wno-int-conversion -Wno-bool-conversion -Wno-enum-conversion -Wno-float-conversion -Wno-non-literal-null-conversion -Wno-objc-literal-conversion -Wshorten-64-to-32 -Wpointer-sign -Wno-newline-eof -Wno-implicit-fallthrough -fstrict-aliasing -Wdeprecated-declarations -Wno-sign-conversion -Wno-infinite-recursion -Wno-comma -Wno-block-capture-autoreleasing -Wno-strict-prototypes -Wno-semicolon-before-method-body -index-store-path /Users/colbycorcoran/Library/Developer/Xcode/DerivedData/Fiz-fiflxcjvlfosoebhvlytfgwprkxo/Index.noindex/DataStore @/Users/colbycorcoran/Library/Developer/Xcode/DerivedData/Fiz-fiflxcjvlfosoebhvlytfgwprkxo/Build/Intermediates.noindex/PostHog.build/Debug-iphoneos/phlibwebp.build/Objects-normal/arm64/7187679823f38a2a940e0043cdf9d637-common-args.resp -MMD -MT dependencies -MF /Users/colbycorcoran/Library/Developer/Xcode/DerivedData/Fiz-fiflxcjvlfosoebhvlytfgwprkxo/Build/Intermediates.noindex/PostHog.build/Debug-iphoneos/phlibwebp.build/Objects-normal/arm64/alpha_processing_sse2.d --serialize-diagnostics /Users/colbycorcoran/Library/Developer/Xcode/DerivedData/Fiz-fiflxcjvlfosoebhvlytfgwprkxo/Build/Intermediates.noindex/PostHog.build/Debug-iphoneos/phlibwebp.build/Objects-normal/arm64/alpha_processing_sse2.dia -c /Users/colbycorcoran/Library/Developer/Xcode/DerivedData/Fiz-fiflxcjvlfosoebhvlytfgwprkxo/SourcePackages/checkouts/posthog-ios/vendor/libwebp/alpha_processing_sse2.c -o /Users/colbycorcoran/Library/Developer/Xcode/DerivedData/Fiz-fiflxcjvlfosoebhvlytfgwprkxo/Build/Intermediates.noindex/PostHog.build/Debug-iphoneos/phlibwebp.build/Objects-normal/arm64/alpha_processing_sse2.o -index-unit-output-path /PostHog.build/Debug-iphoneos/phlibwebp.build/Objects-normal/arm64/alpha_processing_sse2.o

CompileC /Users/colbycorcoran/Library/Developer/Xcode/DerivedData/Fiz-fiflxcjvlfosoebhvlytfgwprkxo/Build/Intermediates.noindex/PostHog.build/Debug-iphoneos/phlibwebp.build/Objects-normal/arm64/analysis_enc.o /Users/colbycorcoran/Library/Developer/Xcode/DerivedData/Fiz-fiflxcjvlfosoebhvlytfgwprkxo/SourcePackages/checkouts/posthog-ios/vendor/libwebp/analysis_enc.c normal arm64 c com.apple.compilers.llvm.clang.1_0.compiler (in target 'phlibwebp' from project 'PostHog')
    cd /Users/colbycorcoran/Documents/App\ Development/Fiz/Fiz.xcodeproj
    
    Using response file: /Users/colbycorcoran/Library/Developer/Xcode/DerivedData/Fiz-fiflxcjvlfosoebhvlytfgwprkxo/Build/Intermediates.noindex/PostHog.build/Debug-iphoneos/phlibwebp.build/Objects-normal/arm64/7187679823f38a2a940e0043cdf9d637-common-args.resp
    
    /Applications/Xcode.app/Contents/Developer/Toolchains/XcodeDefault.xctoolchain/usr/bin/clang -x c -ivfsstatcache /Users/colbycorcoran/Library/Developer/Xcode/DerivedData/SDKStatCaches.noindex/iphoneos26.2-23C53-3794476bd08197c3e2abd9bb477ef7f7.sdkstatcache -fmessage-length\=0 -fdiagnostics-show-note-include-stack -fmacro-backtrace-limit\=0 -fno-color-diagnostics -fmodules-prune-interval\=86400 -fmodules-prune-after\=345600 -fbuild-session-file\=/Users/colbycorcoran/Library/Developer/Xcode/DerivedData/ModuleCache.noindex/Session.modulevalidation -fmodules-validate-once-per-build-session -Wnon-modular-include-in-framework-module -Werror\=non-modular-include-in-framework-module -Wno-trigraphs -Wno-missing-field-initializers -Wno-missing-prototypes -Wno-return-type -Wno-missing-braces -Wparentheses -Wswitch -Wno-unused-function -Wno-unused-label -Wno-unused-parameter -Wno-unused-variable -Wunused-value -Wno-empty-body -Wno-uninitialized -Wno-unknown-pragmas -w -Wno-shadow -Wno-four-char-constants -Wno-conversion -Wno-constant-conversion -Wno-int-conversion -Wno-bool-conversion -Wno-enum-conversion -Wno-float-conversion -Wno-non-literal-null-conversion -Wno-objc-literal-conversion -Wshorten-64-to-32 -Wpointer-sign -Wno-newline-eof -Wno-implicit-fallthrough -fstrict-aliasing -Wdeprecated-declarations -Wno-sign-conversion -Wno-infinite-recursion -Wno-comma -Wno-block-capture-autoreleasing -Wno-strict-prototypes -Wno-semicolon-before-method-body -index-store-path /Users/colbycorcoran/Library/Developer/Xcode/DerivedData/Fiz-fiflxcjvlfosoebhvlytfgwprkxo/Index.noindex/DataStore @/Users/colbycorcoran/Library/Developer/Xcode/DerivedData/Fiz-fiflxcjvlfosoebhvlytfgwprkxo/Build/Intermediates.noindex/PostHog.build/Debug-iphoneos/phlibwebp.build/Objects-normal/arm64/7187679823f38a2a940e0043cdf9d637-common-args.resp -MMD -MT dependencies -MF /Users/colbycorcoran/Library/Developer/Xcode/DerivedData/Fiz-fiflxcjvlfosoebhvlytfgwprkxo/Build/Intermediates.noindex/PostHog.build/Debug-iphoneos/phlibwebp.build/Objects-normal/arm64/analysis_enc.d --serialize-diagnostics /Users/colbycorcoran/Library/Developer/Xcode/DerivedData/Fiz-fiflxcjvlfosoebhvlytfgwprkxo/Build/Intermediates.noindex/PostHog.build/Debug-iphoneos/phlibwebp.build/Objects-normal/arm64/analysis_enc.dia -c /Users/colbycorcoran/Library/Developer/Xcode/DerivedData/Fiz-fiflxcjvlfosoebhvlytfgwprkxo/SourcePackages/checkouts/posthog-ios/vendor/libwebp/analysis_enc.c -o /Users/colbycorcoran/Library/Developer/Xcode/DerivedData/Fiz-fiflxcjvlfosoebhvlytfgwprkxo/Build/Intermediates.noindex/PostHog.build/Debug-iphoneos/phlibwebp.build/Objects-normal/arm64/analysis_enc.o -index-unit-output-path /PostHog.build/Debug-iphoneos/phlibwebp.build/Objects-normal/arm64/analysis_enc.o

CompileC /Users/colbycorcoran/Library/Developer/Xcode/DerivedData/Fiz-fiflxcjvlfosoebhvlytfgwprkxo/Build/Intermediates.noindex/PostHog.build/Debug-iphoneos/phlibwebp.build/Objects-normal/arm64/backward_references_enc.o /Users/colbycorcoran/Library/Developer/Xcode/DerivedData/Fiz-fiflxcjvlfosoebhvlytfgwprkxo/SourcePackages/checkouts/posthog-ios/vendor/libwebp/backward_references_enc.c normal arm64 c com.apple.compilers.llvm.clang.1_0.compiler (in target 'phlibwebp' from project 'PostHog')
    cd /Users/colbycorcoran/Documents/App\ Development/Fiz/Fiz.xcodeproj
    
    Using response file: /Users/colbycorcoran/Library/Developer/Xcode/DerivedData/Fiz-fiflxcjvlfosoebhvlytfgwprkxo/Build/Intermediates.noindex/PostHog.build/Debug-iphoneos/phlibwebp.build/Objects-normal/arm64/7187679823f38a2a940e0043cdf9d637-common-args.resp
    
    /Applications/Xcode.app/Contents/Developer/Toolchains/XcodeDefault.xctoolchain/usr/bin/clang -x c -ivfsstatcache /Users/colbycorcoran/Library/Developer/Xcode/DerivedData/SDKStatCaches.noindex/iphoneos26.2-23C53-3794476bd08197c3e2abd9bb477ef7f7.sdkstatcache -fmessage-length\=0 -fdiagnostics-show-note-include-stack -fmacro-backtrace-limit\=0 -fno-color-diagnostics -fmodules-prune-interval\=86400 -fmodules-prune-after\=345600 -fbuild-session-file\=/Users/colbycorcoran/Library/Developer/Xcode/DerivedData/ModuleCache.noindex/Session.modulevalidation -fmodules-validate-once-per-build-session -Wnon-modular-include-in-framework-module -Werror\=non-modular-include-in-framework-module -Wno-trigraphs -Wno-missing-field-initializers -Wno-missing-prototypes -Wno-return-type -Wno-missing-braces -Wparentheses -Wswitch -Wno-unused-function -Wno-unused-label -Wno-unused-parameter -Wno-unused-variable -Wunused-value -Wno-empty-body -Wno-uninitialized -Wno-unknown-pragmas -w -Wno-shadow -Wno-four-char-constants -Wno-conversion -Wno-constant-conversion -Wno-int-conversion -Wno-bool-conversion -Wno-enum-conversion -Wno-float-conversion -Wno-non-literal-null-conversion -Wno-objc-literal-conversion -Wshorten-64-to-32 -Wpointer-sign -Wno-newline-eof -Wno-implicit-fallthrough -fstrict-aliasing -Wdeprecated-declarations -Wno-sign-conversion -Wno-infinite-recursion -Wno-comma -Wno-block-capture-autoreleasing -Wno-strict-prototypes -Wno-semicolon-before-method-body -index-store-path /Users/colbycorcoran/Library/Developer/Xcode/DerivedData/Fiz-fiflxcjvlfosoebhvlytfgwprkxo/Index.noindex/DataStore @/Users/colbycorcoran/Library/Developer/Xcode/DerivedData/Fiz-fiflxcjvlfosoebhvlytfgwprkxo/Build/Intermediates.noindex/PostHog.build/Debug-iphoneos/phlibwebp.build/Objects-normal/arm64/7187679823f38a2a940e0043cdf9d637-common-args.resp -MMD -MT dependencies -MF /Users/colbycorcoran/Library/Developer/Xcode/DerivedData/Fiz-fiflxcjvlfosoebhvlytfgwprkxo/Build/Intermediates.noindex/PostHog.build/Debug-iphoneos/phlibwebp.build/Objects-normal/arm64/backward_references_enc.d --serialize-diagnostics /Users/colbycorcoran/Library/Developer/Xcode/DerivedData/Fiz-fiflxcjvlfosoebhvlytfgwprkxo/Build/Intermediates.noindex/PostHog.build/Debug-iphoneos/phlibwebp.build/Objects-normal/arm64/backward_references_enc.dia -c /Users/colbycorcoran/Library/Developer/Xcode/DerivedData/Fiz-fiflxcjvlfosoebhvlytfgwprkxo/SourcePackages/checkouts/posthog-ios/vendor/libwebp/backward_references_enc.c -o /Users/colbycorcoran/Library/Developer/Xcode/DerivedData/Fiz-fiflxcjvlfosoebhvlytfgwprkxo/Build/Intermediates.noindex/PostHog.build/Debug-iphoneos/phlibwebp.build/Objects-normal/arm64/backward_references_enc.o -index-unit-output-path /PostHog.build/Debug-iphoneos/phlibwebp.build/Objects-normal/arm64/backward_references_enc.o

CompileC /Users/colbycorcoran/Library/Developer/Xcode/DerivedData/Fiz-fiflxcjvlfosoebhvlytfgwprkxo/Build/Intermediates.noindex/PostHog.build/Debug-iphoneos/phlibwebp.build/Objects-normal/arm64/alpha_processing_sse41.o /Users/colbycorcoran/Library/Developer/Xcode/DerivedData/Fiz-fiflxcjvlfosoebhvlytfgwprkxo/SourcePackages/checkouts/posthog-ios/vendor/libwebp/alpha_processing_sse41.c normal arm64 c com.apple.compilers.llvm.clang.1_0.compiler (in target 'phlibwebp' from project 'PostHog')
    cd /Users/colbycorcoran/Documents/App\ Development/Fiz/Fiz.xcodeproj
    
    Using response file: /Users/colbycorcoran/Library/Developer/Xcode/DerivedData/Fiz-fiflxcjvlfosoebhvlytfgwprkxo/Build/Intermediates.noindex/PostHog.build/Debug-iphoneos/phlibwebp.build/Objects-normal/arm64/7187679823f38a2a940e0043cdf9d637-common-args.resp
    
    /Applications/Xcode.app/Contents/Developer/Toolchains/XcodeDefault.xctoolchain/usr/bin/clang -x c -ivfsstatcache /Users/colbycorcoran/Library/Developer/Xcode/DerivedData/SDKStatCaches.noindex/iphoneos26.2-23C53-3794476bd08197c3e2abd9bb477ef7f7.sdkstatcache -fmessage-length\=0 -fdiagnostics-show-note-include-stack -fmacro-backtrace-limit\=0 -fno-color-diagnostics -fmodules-prune-interval\=86400 -fmodules-prune-after\=345600 -fbuild-session-file\=/Users/colbycorcoran/Library/Developer/Xcode/DerivedData/ModuleCache.noindex/Session.modulevalidation -fmodules-validate-once-per-build-session -Wnon-modular-include-in-framework-module -Werror\=non-modular-include-in-framework-module -Wno-trigraphs -Wno-missing-field-initializers -Wno-missing-prototypes -Wno-return-type -Wno-missing-braces -Wparentheses -Wswitch -Wno-unused-function -Wno-unused-label -Wno-unused-parameter -Wno-unused-variable -Wunused-value -Wno-empty-body -Wno-uninitialized -Wno-unknown-pragmas -w -Wno-shadow -Wno-four-char-constants -Wno-conversion -Wno-constant-conversion -Wno-int-conversion -Wno-bool-conversion -Wno-enum-conversion -Wno-float-conversion -Wno-non-literal-null-conversion -Wno-objc-literal-conversion -Wshorten-64-to-32 -Wpointer-sign -Wno-newline-eof -Wno-implicit-fallthrough -fstrict-aliasing -Wdeprecated-declarations -Wno-sign-conversion -Wno-infinite-recursion -Wno-comma -Wno-block-capture-autoreleasing -Wno-strict-prototypes -Wno-semicolon-before-method-body -index-store-path /Users/colbycorcoran/Library/Developer/Xcode/DerivedData/Fiz-fiflxcjvlfosoebhvlytfgwprkxo/Index.noindex/DataStore @/Users/colbycorcoran/Library/Developer/Xcode/DerivedData/Fiz-fiflxcjvlfosoebhvlytfgwprkxo/Build/Intermediates.noindex/PostHog.build/Debug-iphoneos/phlibwebp.build/Objects-normal/arm64/7187679823f38a2a940e0043cdf9d637-common-args.resp -MMD -MT dependencies -MF /Users/colbycorcoran/Library/Developer/Xcode/DerivedData/Fiz-fiflxcjvlfosoebhvlytfgwprkxo/Build/Intermediates.noindex/PostHog.build/Debug-iphoneos/phlibwebp.build/Objects-normal/arm64/alpha_processing_sse41.d --serialize-diagnostics /Users/colbycorcoran/Library/Developer/Xcode/DerivedData/Fiz-fiflxcjvlfosoebhvlytfgwprkxo/Build/Intermediates.noindex/PostHog.build/Debug-iphoneos/phlibwebp.build/Objects-normal/arm64/alpha_processing_sse41.dia -c /Users/colbycorcoran/Library/Developer/Xcode/DerivedData/Fiz-fiflxcjvlfosoebhvlytfgwprkxo/SourcePackages/checkouts/posthog-ios/vendor/libwebp/alpha_processing_sse41.c -o /Users/colbycorcoran/Library/Developer/Xcode/DerivedData/Fiz-fiflxcjvlfosoebhvlytfgwprkxo/Build/Intermediates.noindex/PostHog.build/Debug-iphoneos/phlibwebp.build/Objects-normal/arm64/alpha_processing_sse41.o -index-unit-output-path /PostHog.build/Debug-iphoneos/phlibwebp.build/Objects-normal/arm64/alpha_processing_sse41.o

CompileC /Users/colbycorcoran/Library/Developer/Xcode/DerivedData/Fiz-fiflxcjvlfosoebhvlytfgwprkxo/Build/Intermediates.noindex/PostHog.build/Debug-iphoneos/phlibwebp.build/Objects-normal/arm64/alpha_processing.o /Users/colbycorcoran/Library/Developer/Xcode/DerivedData/Fiz-fiflxcjvlfosoebhvlytfgwprkxo/SourcePackages/checkouts/posthog-ios/vendor/libwebp/alpha_processing.c normal arm64 c com.apple.compilers.llvm.clang.1_0.compiler (in target 'phlibwebp' from project 'PostHog')
    cd /Users/colbycorcoran/Documents/App\ Development/Fiz/Fiz.xcodeproj
    
    Using response file: /Users/colbycorcoran/Library/Developer/Xcode/DerivedData/Fiz-fiflxcjvlfosoebhvlytfgwprkxo/Build/Intermediates.noindex/PostHog.build/Debug-iphoneos/phlibwebp.build/Objects-normal/arm64/7187679823f38a2a940e0043cdf9d637-common-args.resp
    
    /Applications/Xcode.app/Contents/Developer/Toolchains/XcodeDefault.xctoolchain/usr/bin/clang -x c -ivfsstatcache /Users/colbycorcoran/Library/Developer/Xcode/DerivedData/SDKStatCaches.noindex/iphoneos26.2-23C53-3794476bd08197c3e2abd9bb477ef7f7.sdkstatcache -fmessage-length\=0 -fdiagnostics-show-note-include-stack -fmacro-backtrace-limit\=0 -fno-color-diagnostics -fmodules-prune-interval\=86400 -fmodules-prune-after\=345600 -fbuild-session-file\=/Users/colbycorcoran/Library/Developer/Xcode/DerivedData/ModuleCache.noindex/Session.modulevalidation -fmodules-validate-once-per-build-session -Wnon-modular-include-in-framework-module -Werror\=non-modular-include-in-framework-module -Wno-trigraphs -Wno-missing-field-initializers -Wno-missing-prototypes -Wno-return-type -Wno-missing-braces -Wparentheses -Wswitch -Wno-unused-function -Wno-unused-label -Wno-unused-parameter -Wno-unused-variable -Wunused-value -Wno-empty-body -Wno-uninitialized -Wno-unknown-pragmas -w -Wno-shadow -Wno-four-char-constants -Wno-conversion -Wno-constant-conversion -Wno-int-conversion -Wno-bool-conversion -Wno-enum-conversion -Wno-float-conversion -Wno-non-literal-null-conversion -Wno-objc-literal-conversion -Wshorten-64-to-32 -Wpointer-sign -Wno-newline-eof -Wno-implicit-fallthrough -fstrict-aliasing -Wdeprecated-declarations -Wno-sign-conversion -Wno-infinite-recursion -Wno-comma -Wno-block-capture-autoreleasing -Wno-strict-prototypes -Wno-semicolon-before-method-body -index-store-path /Users/colbycorcoran/Library/Developer/Xcode/DerivedData/Fiz-fiflxcjvlfosoebhvlytfgwprkxo/Index.noindex/DataStore @/Users/colbycorcoran/Library/Developer/Xcode/DerivedData/Fiz-fiflxcjvlfosoebhvlytfgwprkxo/Build/Intermediates.noindex/PostHog.build/Debug-iphoneos/phlibwebp.build/Objects-normal/arm64/7187679823f38a2a940e0043cdf9d637-common-args.resp -MMD -MT dependencies -MF /Users/colbycorcoran/Library/Developer/Xcode/DerivedData/Fiz-fiflxcjvlfosoebhvlytfgwprkxo/Build/Intermediates.noindex/PostHog.build/Debug-iphoneos/phlibwebp.build/Objects-normal/arm64/alpha_processing.d --serialize-diagnostics /Users/colbycorcoran/Library/Developer/Xcode/DerivedData/Fiz-fiflxcjvlfosoebhvlytfgwprkxo/Build/Intermediates.noindex/PostHog.build/Debug-iphoneos/phlibwebp.build/Objects-normal/arm64/alpha_processing.dia -c /Users/colbycorcoran/Library/Developer/Xcode/DerivedData/Fiz-fiflxcjvlfosoebhvlytfgwprkxo/SourcePackages/checkouts/posthog-ios/vendor/libwebp/alpha_processing.c -o /Users/colbycorcoran/Library/Developer/Xcode/DerivedData/Fiz-fiflxcjvlfosoebhvlytfgwprkxo/Build/Intermediates.noindex/PostHog.build/Debug-iphoneos/phlibwebp.build/Objects-normal/arm64/alpha_processing.o -index-unit-output-path /PostHog.build/Debug-iphoneos/phlibwebp.build/Objects-normal/arm64/alpha_processing.o

CompileC /Users/colbycorcoran/Library/Developer/Xcode/DerivedData/Fiz-fiflxcjvlfosoebhvlytfgwprkxo/Build/Intermediates.noindex/PostHog.build/Debug-iphoneos/phlibwebp.build/Objects-normal/arm64/palette.o /Users/colbycorcoran/Library/Developer/Xcode/DerivedData/Fiz-fiflxcjvlfosoebhvlytfgwprkxo/SourcePackages/checkouts/posthog-ios/vendor/libwebp/palette.c normal arm64 c com.apple.compilers.llvm.clang.1_0.compiler (in target 'phlibwebp' from project 'PostHog')
    cd /Users/colbycorcoran/Documents/App\ Development/Fiz/Fiz.xcodeproj
    
    Using response file: /Users/colbycorcoran/Library/Developer/Xcode/DerivedData/Fiz-fiflxcjvlfosoebhvlytfgwprkxo/Build/Intermediates.noindex/PostHog.build/Debug-iphoneos/phlibwebp.build/Objects-normal/arm64/7187679823f38a2a940e0043cdf9d637-common-args.resp
    
    /Applications/Xcode.app/Contents/Developer/Toolchains/XcodeDefault.xctoolchain/usr/bin/clang -x c -ivfsstatcache /Users/colbycorcoran/Library/Developer/Xcode/DerivedData/SDKStatCaches.noindex/iphoneos26.2-23C53-3794476bd08197c3e2abd9bb477ef7f7.sdkstatcache -fmessage-length\=0 -fdiagnostics-show-note-include-stack -fmacro-backtrace-limit\=0 -fno-color-diagnostics -fmodules-prune-interval\=86400 -fmodules-prune-after\=345600 -fbuild-session-file\=/Users/colbycorcoran/Library/Developer/Xcode/DerivedData/ModuleCache.noindex/Session.modulevalidation -fmodules-validate-once-per-build-session -Wnon-modular-include-in-framework-module -Werror\=non-modular-include-in-framework-module -Wno-trigraphs -Wno-missing-field-initializers -Wno-missing-prototypes -Wno-return-type -Wno-missing-braces -Wparentheses -Wswitch -Wno-unused-function -Wno-unused-label -Wno-unused-parameter -Wno-unused-variable -Wunused-value -Wno-empty-body -Wno-uninitialized -Wno-unknown-pragmas -w -Wno-shadow -Wno-four-char-constants -Wno-conversion -Wno-constant-conversion -Wno-int-conversion -Wno-bool-conversion -Wno-enum-conversion -Wno-float-conversion -Wno-non-literal-null-conversion -Wno-objc-literal-conversion -Wshorten-64-to-32 -Wpointer-sign -Wno-newline-eof -Wno-implicit-fallthrough -fstrict-aliasing -Wdeprecated-declarations -Wno-sign-conversion -Wno-infinite-recursion -Wno-comma -Wno-block-capture-autoreleasing -Wno-strict-prototypes -Wno-semicolon-before-method-body -index-store-path /Users/colbycorcoran/Library/Developer/Xcode/DerivedData/Fiz-fiflxcjvlfosoebhvlytfgwprkxo/Index.noindex/DataStore @/Users/colbycorcoran/Library/Developer/Xcode/DerivedData/Fiz-fiflxcjvlfosoebhvlytfgwprkxo/Build/Intermediates.noindex/PostHog.build/Debug-iphoneos/phlibwebp.build/Objects-normal/arm64/7187679823f38a2a940e0043cdf9d637-common-args.resp -MMD -MT dependencies -MF /Users/colbycorcoran/Library/Developer/Xcode/DerivedData/Fiz-fiflxcjvlfosoebhvlytfgwprkxo/Build/Intermediates.noindex/PostHog.build/Debug-iphoneos/phlibwebp.build/Objects-normal/arm64/palette.d --serialize-diagnostics /Users/colbycorcoran/Library/Developer/Xcode/DerivedData/Fiz-fiflxcjvlfosoebhvlytfgwprkxo/Build/Intermediates.noindex/PostHog.build/Debug-iphoneos/phlibwebp.build/Objects-normal/arm64/palette.dia -c /Users/colbycorcoran/Library/Developer/Xcode/DerivedData/Fiz-fiflxcjvlfosoebhvlytfgwprkxo/SourcePackages/checkouts/posthog-ios/vendor/libwebp/palette.c -o /Users/colbycorcoran/Library/Developer/Xcode/DerivedData/Fiz-fiflxcjvlfosoebhvlytfgwprkxo/Build/Intermediates.noindex/PostHog.build/Debug-iphoneos/phlibwebp.build/Objects-normal/arm64/palette.o -index-unit-output-path /PostHog.build/Debug-iphoneos/phlibwebp.build/Objects-normal/arm64/palette.o

CompileC /Users/colbycorcoran/Library/Developer/Xcode/DerivedData/Fiz-fiflxcjvlfosoebhvlytfgwprkxo/Build/Intermediates.noindex/PostHog.build/Debug-iphoneos/phlibwebp.build/Objects-normal/arm64/predictor_enc.o /Users/colbycorcoran/Library/Developer/Xcode/DerivedData/Fiz-fiflxcjvlfosoebhvlytfgwprkxo/SourcePackages/checkouts/posthog-ios/vendor/libwebp/predictor_enc.c normal arm64 c com.apple.compilers.llvm.clang.1_0.compiler (in target 'phlibwebp' from project 'PostHog')
    cd /Users/colbycorcoran/Documents/App\ Development/Fiz/Fiz.xcodeproj
    
    Using response file: /Users/colbycorcoran/Library/Developer/Xcode/DerivedData/Fiz-fiflxcjvlfosoebhvlytfgwprkxo/Build/Intermediates.noindex/PostHog.build/Debug-iphoneos/phlibwebp.build/Objects-normal/arm64/7187679823f38a2a940e0043cdf9d637-common-args.resp
    
    /Applications/Xcode.app/Contents/Developer/Toolchains/XcodeDefault.xctoolchain/usr/bin/clang -x c -ivfsstatcache /Users/colbycorcoran/Library/Developer/Xcode/DerivedData/SDKStatCaches.noindex/iphoneos26.2-23C53-3794476bd08197c3e2abd9bb477ef7f7.sdkstatcache -fmessage-length\=0 -fdiagnostics-show-note-include-stack -fmacro-backtrace-limit\=0 -fno-color-diagnostics -fmodules-prune-interval\=86400 -fmodules-prune-after\=345600 -fbuild-session-file\=/Users/colbycorcoran/Library/Developer/Xcode/DerivedData/ModuleCache.noindex/Session.modulevalidation -fmodules-validate-once-per-build-session -Wnon-modular-include-in-framework-module -Werror\=non-modular-include-in-framework-module -Wno-trigraphs -Wno-missing-field-initializers -Wno-missing-prototypes -Wno-return-type -Wno-missing-braces -Wparentheses -Wswitch -Wno-unused-function -Wno-unused-label -Wno-unused-parameter -Wno-unused-variable -Wunused-value -Wno-empty-body -Wno-uninitialized -Wno-unknown-pragmas -w -Wno-shadow -Wno-four-char-constants -Wno-conversion -Wno-constant-conversion -Wno-int-conversion -Wno-bool-conversion -Wno-enum-conversion -Wno-float-conversion -Wno-non-literal-null-conversion -Wno-objc-literal-conversion -Wshorten-64-to-32 -Wpointer-sign -Wno-newline-eof -Wno-implicit-fallthrough -fstrict-aliasing -Wdeprecated-declarations -Wno-sign-conversion -Wno-infinite-recursion -Wno-comma -Wno-block-capture-autoreleasing -Wno-strict-prototypes -Wno-semicolon-before-method-body -index-store-path /Users/colbycorcoran/Library/Developer/Xcode/DerivedData/Fiz-fiflxcjvlfosoebhvlytfgwprkxo/Index.noindex/DataStore @/Users/colbycorcoran/Library/Developer/Xcode/DerivedData/Fiz-fiflxcjvlfosoebhvlytfgwprkxo/Build/Intermediates.noindex/PostHog.build/Debug-iphoneos/phlibwebp.build/Objects-normal/arm64/7187679823f38a2a940e0043cdf9d637-common-args.resp -MMD -MT dependencies -MF /Users/colbycorcoran/Library/Developer/Xcode/DerivedData/Fiz-fiflxcjvlfosoebhvlytfgwprkxo/Build/Intermediates.noindex/PostHog.build/Debug-iphoneos/phlibwebp.build/Objects-normal/arm64/predictor_enc.d --serialize-diagnostics /Users/colbycorcoran/Library/Developer/Xcode/DerivedData/Fiz-fiflxcjvlfosoebhvlytfgwprkxo/Build/Intermediates.noindex/PostHog.build/Debug-iphoneos/phlibwebp.build/Objects-normal/arm64/predictor_enc.dia -c /Users/colbycorcoran/Library/Developer/Xcode/DerivedData/Fiz-fiflxcjvlfosoebhvlytfgwprkxo/SourcePackages/checkouts/posthog-ios/vendor/libwebp/predictor_enc.c -o /Users/colbycorcoran/Library/Developer/Xcode/DerivedData/Fiz-fiflxcjvlfosoebhvlytfgwprkxo/Build/Intermediates.noindex/PostHog.build/Debug-iphoneos/phlibwebp.build/Objects-normal/arm64/predictor_enc.o -index-unit-output-path /PostHog.build/Debug-iphoneos/phlibwebp.build/Objects-normal/arm64/predictor_enc.o

CompileC /Users/colbycorcoran/Library/Developer/Xcode/DerivedData/Fiz-fiflxcjvlfosoebhvlytfgwprkxo/Build/Intermediates.noindex/PostHog.build/Debug-iphoneos/phlibwebp.build/Objects-normal/arm64/picture_tools_enc.o /Users/colbycorcoran/Library/Developer/Xcode/DerivedData/Fiz-fiflxcjvlfosoebhvlytfgwprkxo/SourcePackages/checkouts/posthog-ios/vendor/libwebp/picture_tools_enc.c normal arm64 c com.apple.compilers.llvm.clang.1_0.compiler (in target 'phlibwebp' from project 'PostHog')
    cd /Users/colbycorcoran/Documents/App\ Development/Fiz/Fiz.xcodeproj
    
    Using response file: /Users/colbycorcoran/Library/Developer/Xcode/DerivedData/Fiz-fiflxcjvlfosoebhvlytfgwprkxo/Build/Intermediates.noindex/PostHog.build/Debug-iphoneos/phlibwebp.build/Objects-normal/arm64/7187679823f38a2a940e0043cdf9d637-common-args.resp
    
    /Applications/Xcode.app/Contents/Developer/Toolchains/XcodeDefault.xctoolchain/usr/bin/clang -x c -ivfsstatcache /Users/colbycorcoran/Library/Developer/Xcode/DerivedData/SDKStatCaches.noindex/iphoneos26.2-23C53-3794476bd08197c3e2abd9bb477ef7f7.sdkstatcache -fmessage-length\=0 -fdiagnostics-show-note-include-stack -fmacro-backtrace-limit\=0 -fno-color-diagnostics -fmodules-prune-interval\=86400 -fmodules-prune-after\=345600 -fbuild-session-file\=/Users/colbycorcoran/Library/Developer/Xcode/DerivedData/ModuleCache.noindex/Session.modulevalidation -fmodules-validate-once-per-build-session -Wnon-modular-include-in-framework-module -Werror\=non-modular-include-in-framework-module -Wno-trigraphs -Wno-missing-field-initializers -Wno-missing-prototypes -Wno-return-type -Wno-missing-braces -Wparentheses -Wswitch -Wno-unused-function -Wno-unused-label -Wno-unused-parameter -Wno-unused-variable -Wunused-value -Wno-empty-body -Wno-uninitialized -Wno-unknown-pragmas -w -Wno-shadow -Wno-four-char-constants -Wno-conversion -Wno-constant-conversion -Wno-int-conversion -Wno-bool-conversion -Wno-enum-conversion -Wno-float-conversion -Wno-non-literal-null-conversion -Wno-objc-literal-conversion -Wshorten-64-to-32 -Wpointer-sign -Wno-newline-eof -Wno-implicit-fallthrough -fstrict-aliasing -Wdeprecated-declarations -Wno-sign-conversion -Wno-infinite-recursion -Wno-comma -Wno-block-capture-autoreleasing -Wno-strict-prototypes -Wno-semicolon-before-method-body -index-store-path /Users/colbycorcoran/Library/Developer/Xcode/DerivedData/Fiz-fiflxcjvlfosoebhvlytfgwprkxo/Index.noindex/DataStore @/Users/colbycorcoran/Library/Developer/Xcode/DerivedData/Fiz-fiflxcjvlfosoebhvlytfgwprkxo/Build/Intermediates.noindex/PostHog.build/Debug-iphoneos/phlibwebp.build/Objects-normal/arm64/7187679823f38a2a940e0043cdf9d637-common-args.resp -MMD -MT dependencies -MF /Users/colbycorcoran/Library/Developer/Xcode/DerivedData/Fiz-fiflxcjvlfosoebhvlytfgwprkxo/Build/Intermediates.noindex/PostHog.build/Debug-iphoneos/phlibwebp.build/Objects-normal/arm64/picture_tools_enc.d --serialize-diagnostics /Users/colbycorcoran/Library/Developer/Xcode/DerivedData/Fiz-fiflxcjvlfosoebhvlytfgwprkxo/Build/Intermediates.noindex/PostHog.build/Debug-iphoneos/phlibwebp.build/Objects-normal/arm64/picture_tools_enc.dia -c /Users/colbycorcoran/Library/Developer/Xcode/DerivedData/Fiz-fiflxcjvlfosoebhvlytfgwprkxo/SourcePackages/checkouts/posthog-ios/vendor/libwebp/picture_tools_enc.c -o /Users/colbycorcoran/Library/Developer/Xcode/DerivedData/Fiz-fiflxcjvlfosoebhvlytfgwprkxo/Build/Intermediates.noindex/PostHog.build/Debug-iphoneos/phlibwebp.build/Objects-normal/arm64/picture_tools_enc.o -index-unit-output-path /PostHog.build/Debug-iphoneos/phlibwebp.build/Objects-normal/arm64/picture_tools_enc.o

CompileC /Users/colbycorcoran/Library/Developer/Xcode/DerivedData/Fiz-fiflxcjvlfosoebhvlytfgwprkxo/Build/Intermediates.noindex/PostHog.build/Debug-iphoneos/phlibwebp.build/Objects-normal/arm64/yuv_sse41.o /Users/colbycorcoran/Library/Developer/Xcode/DerivedData/Fiz-fiflxcjvlfosoebhvlytfgwprkxo/SourcePackages/checkouts/posthog-ios/vendor/libwebp/yuv_sse41.c normal arm64 c com.apple.compilers.llvm.clang.1_0.compiler (in target 'phlibwebp' from project 'PostHog')
    cd /Users/colbycorcoran/Documents/App\ Development/Fiz/Fiz.xcodeproj
    
    Using response file: /Users/colbycorcoran/Library/Developer/Xcode/DerivedData/Fiz-fiflxcjvlfosoebhvlytfgwprkxo/Build/Intermediates.noindex/PostHog.build/Debug-iphoneos/phlibwebp.build/Objects-normal/arm64/7187679823f38a2a940e0043cdf9d637-common-args.resp
    
    /Applications/Xcode.app/Contents/Developer/Toolchains/XcodeDefault.xctoolchain/usr/bin/clang -x c -ivfsstatcache /Users/colbycorcoran/Library/Developer/Xcode/DerivedData/SDKStatCaches.noindex/iphoneos26.2-23C53-3794476bd08197c3e2abd9bb477ef7f7.sdkstatcache -fmessage-length\=0 -fdiagnostics-show-note-include-stack -fmacro-backtrace-limit\=0 -fno-color-diagnostics -fmodules-prune-interval\=86400 -fmodules-prune-after\=345600 -fbuild-session-file\=/Users/colbycorcoran/Library/Developer/Xcode/DerivedData/ModuleCache.noindex/Session.modulevalidation -fmodules-validate-once-per-build-session -Wnon-modular-include-in-framework-module -Werror\=non-modular-include-in-framework-module -Wno-trigraphs -Wno-missing-field-initializers -Wno-missing-prototypes -Wno-return-type -Wno-missing-braces -Wparentheses -Wswitch -Wno-unused-function -Wno-unused-label -Wno-unused-parameter -Wno-unused-variable -Wunused-value -Wno-empty-body -Wno-uninitialized -Wno-unknown-pragmas -w -Wno-shadow -Wno-four-char-constants -Wno-conversion -Wno-constant-conversion -Wno-int-conversion -Wno-bool-conversion -Wno-enum-conversion -Wno-float-conversion -Wno-non-literal-null-conversion -Wno-objc-literal-conversion -Wshorten-64-to-32 -Wpointer-sign -Wno-newline-eof -Wno-implicit-fallthrough -fstrict-aliasing -Wdeprecated-declarations -Wno-sign-conversion -Wno-infinite-recursion -Wno-comma -Wno-block-capture-autoreleasing -Wno-strict-prototypes -Wno-semicolon-before-method-body -index-store-path /Users/colbycorcoran/Library/Developer/Xcode/DerivedData/Fiz-fiflxcjvlfosoebhvlytfgwprkxo/Index.noindex/DataStore @/Users/colbycorcoran/Library/Developer/Xcode/DerivedData/Fiz-fiflxcjvlfosoebhvlytfgwprkxo/Build/Intermediates.noindex/PostHog.build/Debug-iphoneos/phlibwebp.build/Objects-normal/arm64/7187679823f38a2a940e0043cdf9d637-common-args.resp -MMD -MT dependencies -MF /Users/colbycorcoran/Library/Developer/Xcode/DerivedData/Fiz-fiflxcjvlfosoebhvlytfgwprkxo/Build/Intermediates.noindex/PostHog.build/Debug-iphoneos/phlibwebp.build/Objects-normal/arm64/yuv_sse41.d --serialize-diagnostics /Users/colbycorcoran/Library/Developer/Xcode/DerivedData/Fiz-fiflxcjvlfosoebhvlytfgwprkxo/Build/Intermediates.noindex/PostHog.build/Debug-iphoneos/phlibwebp.build/Objects-normal/arm64/yuv_sse41.dia -c /Users/colbycorcoran/Library/Developer/Xcode/DerivedData/Fiz-fiflxcjvlfosoebhvlytfgwprkxo/SourcePackages/checkouts/posthog-ios/vendor/libwebp/yuv_sse41.c -o /Users/colbycorcoran/Library/Developer/Xcode/DerivedData/Fiz-fiflxcjvlfosoebhvlytfgwprkxo/Build/Intermediates.noindex/PostHog.build/Debug-iphoneos/phlibwebp.build/Objects-normal/arm64/yuv_sse41.o -index-unit-output-path /PostHog.build/Debug-iphoneos/phlibwebp.build/Objects-normal/arm64/yuv_sse41.o

CompileC /Users/colbycorcoran/Library/Developer/Xcode/DerivedData/Fiz-fiflxcjvlfosoebhvlytfgwprkxo/Build/Intermediates.noindex/PostHog.build/Debug-iphoneos/phlibwebp.build/Objects-normal/arm64/yuv_sse2.o /Users/colbycorcoran/Library/Developer/Xcode/DerivedData/Fiz-fiflxcjvlfosoebhvlytfgwprkxo/SourcePackages/checkouts/posthog-ios/vendor/libwebp/yuv_sse2.c normal arm64 c com.apple.compilers.llvm.clang.1_0.compiler (in target 'phlibwebp' from project 'PostHog')
    cd /Users/colbycorcoran/Documents/App\ Development/Fiz/Fiz.xcodeproj
    
    Using response file: /Users/colbycorcoran/Library/Developer/Xcode/DerivedData/Fiz-fiflxcjvlfosoebhvlytfgwprkxo/Build/Intermediates.noindex/PostHog.build/Debug-iphoneos/phlibwebp.build/Objects-normal/arm64/7187679823f38a2a940e0043cdf9d637-common-args.resp
    
    /Applications/Xcode.app/Contents/Developer/Toolchains/XcodeDefault.xctoolchain/usr/bin/clang -x c -ivfsstatcache /Users/colbycorcoran/Library/Developer/Xcode/DerivedData/SDKStatCaches.noindex/iphoneos26.2-23C53-3794476bd08197c3e2abd9bb477ef7f7.sdkstatcache -fmessage-length\=0 -fdiagnostics-show-note-include-stack -fmacro-backtrace-limit\=0 -fno-color-diagnostics -fmodules-prune-interval\=86400 -fmodules-prune-after\=345600 -fbuild-session-file\=/Users/colbycorcoran/Library/Developer/Xcode/DerivedData/ModuleCache.noindex/Session.modulevalidation -fmodules-validate-once-per-build-session -Wnon-modular-include-in-framework-module -Werror\=non-modular-include-in-framework-module -Wno-trigraphs -Wno-missing-field-initializers -Wno-missing-prototypes -Wno-return-type -Wno-missing-braces -Wparentheses -Wswitch -Wno-unused-function -Wno-unused-label -Wno-unused-parameter -Wno-unused-variable -Wunused-value -Wno-empty-body -Wno-uninitialized -Wno-unknown-pragmas -w -Wno-shadow -Wno-four-char-constants -Wno-conversion -Wno-constant-conversion -Wno-int-conversion -Wno-bool-conversion -Wno-enum-conversion -Wno-float-conversion -Wno-non-literal-null-conversion -Wno-objc-literal-conversion -Wshorten-64-to-32 -Wpointer-sign -Wno-newline-eof -Wno-implicit-fallthrough -fstrict-aliasing -Wdeprecated-declarations -Wno-sign-conversion -Wno-infinite-recursion -Wno-comma -Wno-block-capture-autoreleasing -Wno-strict-prototypes -Wno-semicolon-before-method-body -index-store-path /Users/colbycorcoran/Library/Developer/Xcode/DerivedData/Fiz-fiflxcjvlfosoebhvlytfgwprkxo/Index.noindex/DataStore @/Users/colbycorcoran/Library/Developer/Xcode/DerivedData/Fiz-fiflxcjvlfosoebhvlytfgwprkxo/Build/Intermediates.noindex/PostHog.build/Debug-iphoneos/phlibwebp.build/Objects-normal/arm64/7187679823f38a2a940e0043cdf9d637-common-args.resp -MMD -MT dependencies -MF /Users/colbycorcoran/Library/Developer/Xcode/DerivedData/Fiz-fiflxcjvlfosoebhvlytfgwprkxo/Build/Intermediates.noindex/PostHog.build/Debug-iphoneos/phlibwebp.build/Objects-normal/arm64/yuv_sse2.d --serialize-diagnostics /Users/colbycorcoran/Library/Developer/Xcode/DerivedData/Fiz-fiflxcjvlfosoebhvlytfgwprkxo/Build/Intermediates.noindex/PostHog.build/Debug-iphoneos/phlibwebp.build/Objects-normal/arm64/yuv_sse2.dia -c /Users/colbycorcoran/Library/Developer/Xcode/DerivedData/Fiz-fiflxcjvlfosoebhvlytfgwprkxo/SourcePackages/checkouts/posthog-ios/vendor/libwebp/yuv_sse2.c -o /Users/colbycorcoran/Library/Developer/Xcode/DerivedData/Fiz-fiflxcjvlfosoebhvlytfgwprkxo/Build/Intermediates.noindex/PostHog.build/Debug-iphoneos/phlibwebp.build/Objects-normal/arm64/yuv_sse2.o -index-unit-output-path /PostHog.build/Debug-iphoneos/phlibwebp.build/Objects-normal/arm64/yuv_sse2.o

CompileC /Users/colbycorcoran/Library/Developer/Xcode/DerivedData/Fiz-fiflxcjvlfosoebhvlytfgwprkxo/Build/Intermediates.noindex/PostHog.build/Debug-iphoneos/phlibwebp.build/Objects-normal/arm64/yuv.o /Users/colbycorcoran/Library/Developer/Xcode/DerivedData/Fiz-fiflxcjvlfosoebhvlytfgwprkxo/SourcePackages/checkouts/posthog-ios/vendor/libwebp/yuv.c normal arm64 c com.apple.compilers.llvm.clang.1_0.compiler (in target 'phlibwebp' from project 'PostHog')
    cd /Users/colbycorcoran/Documents/App\ Development/Fiz/Fiz.xcodeproj
    
    Using response file: /Users/colbycorcoran/Library/Developer/Xcode/DerivedData/Fiz-fiflxcjvlfosoebhvlytfgwprkxo/Build/Intermediates.noindex/PostHog.build/Debug-iphoneos/phlibwebp.build/Objects-normal/arm64/7187679823f38a2a940e0043cdf9d637-common-args.resp
    
    /Applications/Xcode.app/Contents/Developer/Toolchains/XcodeDefault.xctoolchain/usr/bin/clang -x c -ivfsstatcache /Users/colbycorcoran/Library/Developer/Xcode/DerivedData/SDKStatCaches.noindex/iphoneos26.2-23C53-3794476bd08197c3e2abd9bb477ef7f7.sdkstatcache -fmessage-length\=0 -fdiagnostics-show-note-include-stack -fmacro-backtrace-limit\=0 -fno-color-diagnostics -fmodules-prune-interval\=86400 -fmodules-prune-after\=345600 -fbuild-session-file\=/Users/colbycorcoran/Library/Developer/Xcode/DerivedData/ModuleCache.noindex/Session.modulevalidation -fmodules-validate-once-per-build-session -Wnon-modular-include-in-framework-module -Werror\=non-modular-include-in-framework-module -Wno-trigraphs -Wno-missing-field-initializers -Wno-missing-prototypes -Wno-return-type -Wno-missing-braces -Wparentheses -Wswitch -Wno-unused-function -Wno-unused-label -Wno-unused-parameter -Wno-unused-variable -Wunused-value -Wno-empty-body -Wno-uninitialized -Wno-unknown-pragmas -w -Wno-shadow -Wno-four-char-constants -Wno-conversion -Wno-constant-conversion -Wno-int-conversion -Wno-bool-conversion -Wno-enum-conversion -Wno-float-conversion -Wno-non-literal-null-conversion -Wno-objc-literal-conversion -Wshorten-64-to-32 -Wpointer-sign -Wno-newline-eof -Wno-implicit-fallthrough -fstrict-aliasing -Wdeprecated-declarations -Wno-sign-conversion -Wno-infinite-recursion -Wno-comma -Wno-block-capture-autoreleasing -Wno-strict-prototypes -Wno-semicolon-before-method-body -index-store-path /Users/colbycorcoran/Library/Developer/Xcode/DerivedData/Fiz-fiflxcjvlfosoebhvlytfgwprkxo/Index.noindex/DataStore @/Users/colbycorcoran/Library/Developer/Xcode/DerivedData/Fiz-fiflxcjvlfosoebhvlytfgwprkxo/Build/Intermediates.noindex/PostHog.build/Debug-iphoneos/phlibwebp.build/Objects-normal/arm64/7187679823f38a2a940e0043cdf9d637-common-args.resp -MMD -MT dependencies -MF /Users/colbycorcoran/Library/Developer/Xcode/DerivedData/Fiz-fiflxcjvlfosoebhvlytfgwprkxo/Build/Intermediates.noindex/PostHog.build/Debug-iphoneos/phlibwebp.build/Objects-normal/arm64/yuv.d --serialize-diagnostics /Users/colbycorcoran/Library/Developer/Xcode/DerivedData/Fiz-fiflxcjvlfosoebhvlytfgwprkxo/Build/Intermediates.noindex/PostHog.build/Debug-iphoneos/phlibwebp.build/Objects-normal/arm64/yuv.dia -c /Users/colbycorcoran/Library/Developer/Xcode/DerivedData/Fiz-fiflxcjvlfosoebhvlytfgwprkxo/SourcePackages/checkouts/posthog-ios/vendor/libwebp/yuv.c -o /Users/colbycorcoran/Library/Developer/Xcode/DerivedData/Fiz-fiflxcjvlfosoebhvlytfgwprkxo/Build/Intermediates.noindex/PostHog.build/Debug-iphoneos/phlibwebp.build/Objects-normal/arm64/yuv.o -index-unit-output-path /PostHog.build/Debug-iphoneos/phlibwebp.build/Objects-normal/arm64/yuv.o

CompileC /Users/colbycorcoran/Library/Developer/Xcode/DerivedData/Fiz-fiflxcjvlfosoebhvlytfgwprkxo/Build/Intermediates.noindex/PostHog.build/Debug-iphoneos/phlibwebp.build/Objects-normal/arm64/webp_enc.o /Users/colbycorcoran/Library/Developer/Xcode/DerivedData/Fiz-fiflxcjvlfosoebhvlytfgwprkxo/SourcePackages/checkouts/posthog-ios/vendor/libwebp/webp_enc.c normal arm64 c com.apple.compilers.llvm.clang.1_0.compiler (in target 'phlibwebp' from project 'PostHog')
    cd /Users/colbycorcoran/Documents/App\ Development/Fiz/Fiz.xcodeproj
    
    Using response file: /Users/colbycorcoran/Library/Developer/Xcode/DerivedData/Fiz-fiflxcjvlfosoebhvlytfgwprkxo/Build/Intermediates.noindex/PostHog.build/Debug-iphoneos/phlibwebp.build/Objects-normal/arm64/7187679823f38a2a940e0043cdf9d637-common-args.resp
    
    /Applications/Xcode.app/Contents/Developer/Toolchains/XcodeDefault.xctoolchain/usr/bin/clang -x c -ivfsstatcache /Users/colbycorcoran/Library/Developer/Xcode/DerivedData/SDKStatCaches.noindex/iphoneos26.2-23C53-3794476bd08197c3e2abd9bb477ef7f7.sdkstatcache -fmessage-length\=0 -fdiagnostics-show-note-include-stack -fmacro-backtrace-limit\=0 -fno-color-diagnostics -fmodules-prune-interval\=86400 -fmodules-prune-after\=345600 -fbuild-session-file\=/Users/colbycorcoran/Library/Developer/Xcode/DerivedData/ModuleCache.noindex/Session.modulevalidation -fmodules-validate-once-per-build-session -Wnon-modular-include-in-framework-module -Werror\=non-modular-include-in-framework-module -Wno-trigraphs -Wno-missing-field-initializers -Wno-missing-prototypes -Wno-return-type -Wno-missing-braces -Wparentheses -Wswitch -Wno-unused-function -Wno-unused-label -Wno-unused-parameter -Wno-unused-variable -Wunused-value -Wno-empty-body -Wno-uninitialized -Wno-unknown-pragmas -w -Wno-shadow -Wno-four-char-constants -Wno-conversion -Wno-constant-conversion -Wno-int-conversion -Wno-bool-conversion -Wno-enum-conversion -Wno-float-conversion -Wno-non-literal-null-conversion -Wno-objc-literal-conversion -Wshorten-64-to-32 -Wpointer-sign -Wno-newline-eof -Wno-implicit-fallthrough -fstrict-aliasing -Wdeprecated-declarations -Wno-sign-conversion -Wno-infinite-recursion -Wno-comma -Wno-block-capture-autoreleasing -Wno-strict-prototypes -Wno-semicolon-before-method-body -index-store-path /Users/colbycorcoran/Library/Developer/Xcode/DerivedData/Fiz-fiflxcjvlfosoebhvlytfgwprkxo/Index.noindex/DataStore @/Users/colbycorcoran/Library/Developer/Xcode/DerivedData/Fiz-fiflxcjvlfosoebhvlytfgwprkxo/Build/Intermediates.noindex/PostHog.build/Debug-iphoneos/phlibwebp.build/Objects-normal/arm64/7187679823f38a2a940e0043cdf9d637-common-args.resp -MMD -MT dependencies -MF /Users/colbycorcoran/Library/Developer/Xcode/DerivedData/Fiz-fiflxcjvlfosoebhvlytfgwprkxo/Build/Intermediates.noindex/PostHog.build/Debug-iphoneos/phlibwebp.build/Objects-normal/arm64/webp_enc.d --serialize-diagnostics /Users/colbycorcoran/Library/Developer/Xcode/DerivedData/Fiz-fiflxcjvlfosoebhvlytfgwprkxo/Build/Intermediates.noindex/PostHog.build/Debug-iphoneos/phlibwebp.build/Objects-normal/arm64/webp_enc.dia -c /Users/colbycorcoran/Library/Developer/Xcode/DerivedData/Fiz-fiflxcjvlfosoebhvlytfgwprkxo/SourcePackages/checkouts/posthog-ios/vendor/libwebp/webp_enc.c -o /Users/colbycorcoran/Library/Developer/Xcode/DerivedData/Fiz-fiflxcjvlfosoebhvlytfgwprkxo/Build/Intermediates.noindex/PostHog.build/Debug-iphoneos/phlibwebp.build/Objects-normal/arm64/webp_enc.o -index-unit-output-path /PostHog.build/Debug-iphoneos/phlibwebp.build/Objects-normal/arm64/webp_enc.o

CompileC /Users/colbycorcoran/Library/Developer/Xcode/DerivedData/Fiz-fiflxcjvlfosoebhvlytfgwprkxo/Build/Intermediates.noindex/PostHog.build/Debug-iphoneos/phlibwebp.build/Objects-normal/arm64/vp8l_enc.o /Users/colbycorcoran/Library/Developer/Xcode/DerivedData/Fiz-fiflxcjvlfosoebhvlytfgwprkxo/SourcePackages/checkouts/posthog-ios/vendor/libwebp/vp8l_enc.c normal arm64 c com.apple.compilers.llvm.clang.1_0.compiler (in target 'phlibwebp' from project 'PostHog')
    cd /Users/colbycorcoran/Documents/App\ Development/Fiz/Fiz.xcodeproj
    
    Using response file: /Users/colbycorcoran/Library/Developer/Xcode/DerivedData/Fiz-fiflxcjvlfosoebhvlytfgwprkxo/Build/Intermediates.noindex/PostHog.build/Debug-iphoneos/phlibwebp.build/Objects-normal/arm64/7187679823f38a2a940e0043cdf9d637-common-args.resp
    
    /Applications/Xcode.app/Contents/Developer/Toolchains/XcodeDefault.xctoolchain/usr/bin/clang -x c -ivfsstatcache /Users/colbycorcoran/Library/Developer/Xcode/DerivedData/SDKStatCaches.noindex/iphoneos26.2-23C53-3794476bd08197c3e2abd9bb477ef7f7.sdkstatcache -fmessage-length\=0 -fdiagnostics-show-note-include-stack -fmacro-backtrace-limit\=0 -fno-color-diagnostics -fmodules-prune-interval\=86400 -fmodules-prune-after\=345600 -fbuild-session-file\=/Users/colbycorcoran/Library/Developer/Xcode/DerivedData/ModuleCache.noindex/Session.modulevalidation -fmodules-validate-once-per-build-session -Wnon-modular-include-in-framework-module -Werror\=non-modular-include-in-framework-module -Wno-trigraphs -Wno-missing-field-initializers -Wno-missing-prototypes -Wno-return-type -Wno-missing-braces -Wparentheses -Wswitch -Wno-unused-function -Wno-unused-label -Wno-unused-parameter -Wno-unused-variable -Wunused-value -Wno-empty-body -Wno-uninitialized -Wno-unknown-pragmas -w -Wno-shadow -Wno-four-char-constants -Wno-conversion -Wno-constant-conversion -Wno-int-conversion -Wno-bool-conversion -Wno-enum-conversion -Wno-float-conversion -Wno-non-literal-null-conversion -Wno-objc-literal-conversion -Wshorten-64-to-32 -Wpointer-sign -Wno-newline-eof -Wno-implicit-fallthrough -fstrict-aliasing -Wdeprecated-declarations -Wno-sign-conversion -Wno-infinite-recursion -Wno-comma -Wno-block-capture-autoreleasing -Wno-strict-prototypes -Wno-semicolon-before-method-body -index-store-path /Users/colbycorcoran/Library/Developer/Xcode/DerivedData/Fiz-fiflxcjvlfosoebhvlytfgwprkxo/Index.noindex/DataStore @/Users/colbycorcoran/Library/Developer/Xcode/DerivedData/Fiz-fiflxcjvlfosoebhvlytfgwprkxo/Build/Intermediates.noindex/PostHog.build/Debug-iphoneos/phlibwebp.build/Objects-normal/arm64/7187679823f38a2a940e0043cdf9d637-common-args.resp -MMD -MT dependencies -MF /Users/colbycorcoran/Library/Developer/Xcode/DerivedData/Fiz-fiflxcjvlfosoebhvlytfgwprkxo/Build/Intermediates.noindex/PostHog.build/Debug-iphoneos/phlibwebp.build/Objects-normal/arm64/vp8l_enc.d --serialize-diagnostics /Users/colbycorcoran/Library/Developer/Xcode/DerivedData/Fiz-fiflxcjvlfosoebhvlytfgwprkxo/Build/Intermediates.noindex/PostHog.build/Debug-iphoneos/phlibwebp.build/Objects-normal/arm64/vp8l_enc.dia -c /Users/colbycorcoran/Library/Developer/Xcode/DerivedData/Fiz-fiflxcjvlfosoebhvlytfgwprkxo/SourcePackages/checkouts/posthog-ios/vendor/libwebp/vp8l_enc.c -o /Users/colbycorcoran/Library/Developer/Xcode/DerivedData/Fiz-fiflxcjvlfosoebhvlytfgwprkxo/Build/Intermediates.noindex/PostHog.build/Debug-iphoneos/phlibwebp.build/Objects-normal/arm64/vp8l_enc.o -index-unit-output-path /PostHog.build/Debug-iphoneos/phlibwebp.build/Objects-normal/arm64/vp8l_enc.o

CompileC /Users/colbycorcoran/Library/Developer/Xcode/DerivedData/Fiz-fiflxcjvlfosoebhvlytfgwprkxo/Build/Intermediates.noindex/PostHog.build/Debug-iphoneos/phlibwebp.build/Objects-normal/arm64/utils.o /Users/colbycorcoran/Library/Developer/Xcode/DerivedData/Fiz-fiflxcjvlfosoebhvlytfgwprkxo/SourcePackages/checkouts/posthog-ios/vendor/libwebp/utils.c normal arm64 c com.apple.compilers.llvm.clang.1_0.compiler (in target 'phlibwebp' from project 'PostHog')
    cd /Users/colbycorcoran/Documents/App\ Development/Fiz/Fiz.xcodeproj
    
    Using response file: /Users/colbycorcoran/Library/Developer/Xcode/DerivedData/Fiz-fiflxcjvlfosoebhvlytfgwprkxo/Build/Intermediates.noindex/PostHog.build/Debug-iphoneos/phlibwebp.build/Objects-normal/arm64/7187679823f38a2a940e0043cdf9d637-common-args.resp
    
    /Applications/Xcode.app/Contents/Developer/Toolchains/XcodeDefault.xctoolchain/usr/bin/clang -x c -ivfsstatcache /Users/colbycorcoran/Library/Developer/Xcode/DerivedData/SDKStatCaches.noindex/iphoneos26.2-23C53-3794476bd08197c3e2abd9bb477ef7f7.sdkstatcache -fmessage-length\=0 -fdiagnostics-show-note-include-stack -fmacro-backtrace-limit\=0 -fno-color-diagnostics -fmodules-prune-interval\=86400 -fmodules-prune-after\=345600 -fbuild-session-file\=/Users/colbycorcoran/Library/Developer/Xcode/DerivedData/ModuleCache.noindex/Session.modulevalidation -fmodules-validate-once-per-build-session -Wnon-modular-include-in-framework-module -Werror\=non-modular-include-in-framework-module -Wno-trigraphs -Wno-missing-field-initializers -Wno-missing-prototypes -Wno-return-type -Wno-missing-braces -Wparentheses -Wswitch -Wno-unused-function -Wno-unused-label -Wno-unused-parameter -Wno-unused-variable -Wunused-value -Wno-empty-body -Wno-uninitialized -Wno-unknown-pragmas -w -Wno-shadow -Wno-four-char-constants -Wno-conversion -Wno-constant-conversion -Wno-int-conversion -Wno-bool-conversion -Wno-enum-conversion -Wno-float-conversion -Wno-non-literal-null-conversion -Wno-objc-literal-conversion -Wshorten-64-to-32 -Wpointer-sign -Wno-newline-eof -Wno-implicit-fallthrough -fstrict-aliasing -Wdeprecated-declarations -Wno-sign-conversion -Wno-infinite-recursion -Wno-comma -Wno-block-capture-autoreleasing -Wno-strict-prototypes -Wno-semicolon-before-method-body -index-store-path /Users/colbycorcoran/Library/Developer/Xcode/DerivedData/Fiz-fiflxcjvlfosoebhvlytfgwprkxo/Index.noindex/DataStore @/Users/colbycorcoran/Library/Developer/Xcode/DerivedData/Fiz-fiflxcjvlfosoebhvlytfgwprkxo/Build/Intermediates.noindex/PostHog.build/Debug-iphoneos/phlibwebp.build/Objects-normal/arm64/7187679823f38a2a940e0043cdf9d637-common-args.resp -MMD -MT dependencies -MF /Users/colbycorcoran/Library/Developer/Xcode/DerivedData/Fiz-fiflxcjvlfosoebhvlytfgwprkxo/Build/Intermediates.noindex/PostHog.build/Debug-iphoneos/phlibwebp.build/Objects-normal/arm64/utils.d --serialize-diagnostics /Users/colbycorcoran/Library/Developer/Xcode/DerivedData/Fiz-fiflxcjvlfosoebhvlytfgwprkxo/Build/Intermediates.noindex/PostHog.build/Debug-iphoneos/phlibwebp.build/Objects-normal/arm64/utils.dia -c /Users/colbycorcoran/Library/Developer/Xcode/DerivedData/Fiz-fiflxcjvlfosoebhvlytfgwprkxo/SourcePackages/checkouts/posthog-ios/vendor/libwebp/utils.c -o /Users/colbycorcoran/Library/Developer/Xcode/DerivedData/Fiz-fiflxcjvlfosoebhvlytfgwprkxo/Build/Intermediates.noindex/PostHog.build/Debug-iphoneos/phlibwebp.build/Objects-normal/arm64/utils.o -index-unit-output-path /PostHog.build/Debug-iphoneos/phlibwebp.build/Objects-normal/arm64/utils.o

CompileC /Users/colbycorcoran/Library/Developer/Xcode/DerivedData/Fiz-fiflxcjvlfosoebhvlytfgwprkxo/Build/Intermediates.noindex/PostHog.build/Debug-iphoneos/phlibwebp.build/Objects-normal/arm64/upsampling_sse41.o /Users/colbycorcoran/Library/Developer/Xcode/DerivedData/Fiz-fiflxcjvlfosoebhvlytfgwprkxo/SourcePackages/checkouts/posthog-ios/vendor/libwebp/upsampling_sse41.c normal arm64 c com.apple.compilers.llvm.clang.1_0.compiler (in target 'phlibwebp' from project 'PostHog')
    cd /Users/colbycorcoran/Documents/App\ Development/Fiz/Fiz.xcodeproj
    
    Using response file: /Users/colbycorcoran/Library/Developer/Xcode/DerivedData/Fiz-fiflxcjvlfosoebhvlytfgwprkxo/Build/Intermediates.noindex/PostHog.build/Debug-iphoneos/phlibwebp.build/Objects-normal/arm64/7187679823f38a2a940e0043cdf9d637-common-args.resp
    
    /Applications/Xcode.app/Contents/Developer/Toolchains/XcodeDefault.xctoolchain/usr/bin/clang -x c -ivfsstatcache /Users/colbycorcoran/Library/Developer/Xcode/DerivedData/SDKStatCaches.noindex/iphoneos26.2-23C53-3794476bd08197c3e2abd9bb477ef7f7.sdkstatcache -fmessage-length\=0 -fdiagnostics-show-note-include-stack -fmacro-backtrace-limit\=0 -fno-color-diagnostics -fmodules-prune-interval\=86400 -fmodules-prune-after\=345600 -fbuild-session-file\=/Users/colbycorcoran/Library/Developer/Xcode/DerivedData/ModuleCache.noindex/Session.modulevalidation -fmodules-validate-once-per-build-session -Wnon-modular-include-in-framework-module -Werror\=non-modular-include-in-framework-module -Wno-trigraphs -Wno-missing-field-initializers -Wno-missing-prototypes -Wno-return-type -Wno-missing-braces -Wparentheses -Wswitch -Wno-unused-function -Wno-unused-label -Wno-unused-parameter -Wno-unused-variable -Wunused-value -Wno-empty-body -Wno-uninitialized -Wno-unknown-pragmas -w -Wno-shadow -Wno-four-char-constants -Wno-conversion -Wno-constant-conversion -Wno-int-conversion -Wno-bool-conversion -Wno-enum-conversion -Wno-float-conversion -Wno-non-literal-null-conversion -Wno-objc-literal-conversion -Wshorten-64-to-32 -Wpointer-sign -Wno-newline-eof -Wno-implicit-fallthrough -fstrict-aliasing -Wdeprecated-declarations -Wno-sign-conversion -Wno-infinite-recursion -Wno-comma -Wno-block-capture-autoreleasing -Wno-strict-prototypes -Wno-semicolon-before-method-body -index-store-path /Users/colbycorcoran/Library/Developer/Xcode/DerivedData/Fiz-fiflxcjvlfosoebhvlytfgwprkxo/Index.noindex/DataStore @/Users/colbycorcoran/Library/Developer/Xcode/DerivedData/Fiz-fiflxcjvlfosoebhvlytfgwprkxo/Build/Intermediates.noindex/PostHog.build/Debug-iphoneos/phlibwebp.build/Objects-normal/arm64/7187679823f38a2a940e0043cdf9d637-common-args.resp -MMD -MT dependencies -MF /Users/colbycorcoran/Library/Developer/Xcode/DerivedData/Fiz-fiflxcjvlfosoebhvlytfgwprkxo/Build/Intermediates.noindex/PostHog.build/Debug-iphoneos/phlibwebp.build/Objects-normal/arm64/upsampling_sse41.d --serialize-diagnostics /Users/colbycorcoran/Library/Developer/Xcode/DerivedData/Fiz-fiflxcjvlfosoebhvlytfgwprkxo/Build/Intermediates.noindex/PostHog.build/Debug-iphoneos/phlibwebp.build/Objects-normal/arm64/upsampling_sse41.dia -c /Users/colbycorcoran/Library/Developer/Xcode/DerivedData/Fiz-fiflxcjvlfosoebhvlytfgwprkxo/SourcePackages/checkouts/posthog-ios/vendor/libwebp/upsampling_sse41.c -o /Users/colbycorcoran/Library/Developer/Xcode/DerivedData/Fiz-fiflxcjvlfosoebhvlytfgwprkxo/Build/Intermediates.noindex/PostHog.build/Debug-iphoneos/phlibwebp.build/Objects-normal/arm64/upsampling_sse41.o -index-unit-output-path /PostHog.build/Debug-iphoneos/phlibwebp.build/Objects-normal/arm64/upsampling_sse41.o

CompileC /Users/colbycorcoran/Library/Developer/Xcode/DerivedData/Fiz-fiflxcjvlfosoebhvlytfgwprkxo/Build/Intermediates.noindex/PostHog.build/Debug-iphoneos/phlibwebp.build/Objects-normal/arm64/upsampling_sse2.o /Users/colbycorcoran/Library/Developer/Xcode/DerivedData/Fiz-fiflxcjvlfosoebhvlytfgwprkxo/SourcePackages/checkouts/posthog-ios/vendor/libwebp/upsampling_sse2.c normal arm64 c com.apple.compilers.llvm.clang.1_0.compiler (in target 'phlibwebp' from project 'PostHog')
    cd /Users/colbycorcoran/Documents/App\ Development/Fiz/Fiz.xcodeproj
    
    Using response file: /Users/colbycorcoran/Library/Developer/Xcode/DerivedData/Fiz-fiflxcjvlfosoebhvlytfgwprkxo/Build/Intermediates.noindex/PostHog.build/Debug-iphoneos/phlibwebp.build/Objects-normal/arm64/7187679823f38a2a940e0043cdf9d637-common-args.resp
    
    /Applications/Xcode.app/Contents/Developer/Toolchains/XcodeDefault.xctoolchain/usr/bin/clang -x c -ivfsstatcache /Users/colbycorcoran/Library/Developer/Xcode/DerivedData/SDKStatCaches.noindex/iphoneos26.2-23C53-3794476bd08197c3e2abd9bb477ef7f7.sdkstatcache -fmessage-length\=0 -fdiagnostics-show-note-include-stack -fmacro-backtrace-limit\=0 -fno-color-diagnostics -fmodules-prune-interval\=86400 -fmodules-prune-after\=345600 -fbuild-session-file\=/Users/colbycorcoran/Library/Developer/Xcode/DerivedData/ModuleCache.noindex/Session.modulevalidation -fmodules-validate-once-per-build-session -Wnon-modular-include-in-framework-module -Werror\=non-modular-include-in-framework-module -Wno-trigraphs -Wno-missing-field-initializers -Wno-missing-prototypes -Wno-return-type -Wno-missing-braces -Wparentheses -Wswitch -Wno-unused-function -Wno-unused-label -Wno-unused-parameter -Wno-unused-variable -Wunused-value -Wno-empty-body -Wno-uninitialized -Wno-unknown-pragmas -w -Wno-shadow -Wno-four-char-constants -Wno-conversion -Wno-constant-conversion -Wno-int-conversion -Wno-bool-conversion -Wno-enum-conversion -Wno-float-conversion -Wno-non-literal-null-conversion -Wno-objc-literal-conversion -Wshorten-64-to-32 -Wpointer-sign -Wno-newline-eof -Wno-implicit-fallthrough -fstrict-aliasing -Wdeprecated-declarations -Wno-sign-conversion -Wno-infinite-recursion -Wno-comma -Wno-block-capture-autoreleasing -Wno-strict-prototypes -Wno-semicolon-before-method-body -index-store-path /Users/colbycorcoran/Library/Developer/Xcode/DerivedData/Fiz-fiflxcjvlfosoebhvlytfgwprkxo/Index.noindex/DataStore @/Users/colbycorcoran/Library/Developer/Xcode/DerivedData/Fiz-fiflxcjvlfosoebhvlytfgwprkxo/Build/Intermediates.noindex/PostHog.build/Debug-iphoneos/phlibwebp.build/Objects-normal/arm64/7187679823f38a2a940e0043cdf9d637-common-args.resp -MMD -MT dependencies -MF /Users/colbycorcoran/Library/Developer/Xcode/DerivedData/Fiz-fiflxcjvlfosoebhvlytfgwprkxo/Build/Intermediates.noindex/PostHog.build/Debug-iphoneos/phlibwebp.build/Objects-normal/arm64/upsampling_sse2.d --serialize-diagnostics /Users/colbycorcoran/Library/Developer/Xcode/DerivedData/Fiz-fiflxcjvlfosoebhvlytfgwprkxo/Build/Intermediates.noindex/PostHog.build/Debug-iphoneos/phlibwebp.build/Objects-normal/arm64/upsampling_sse2.dia -c /Users/colbycorcoran/Library/Developer/Xcode/DerivedData/Fiz-fiflxcjvlfosoebhvlytfgwprkxo/SourcePackages/checkouts/posthog-ios/vendor/libwebp/upsampling_sse2.c -o /Users/colbycorcoran/Library/Developer/Xcode/DerivedData/Fiz-fiflxcjvlfosoebhvlytfgwprkxo/Build/Intermediates.noindex/PostHog.build/Debug-iphoneos/phlibwebp.build/Objects-normal/arm64/upsampling_sse2.o -index-unit-output-path /PostHog.build/Debug-iphoneos/phlibwebp.build/Objects-normal/arm64/upsampling_sse2.o

CompileC /Users/colbycorcoran/Library/Developer/Xcode/DerivedData/Fiz-fiflxcjvlfosoebhvlytfgwprkxo/Build/Intermediates.noindex/PostHog.build/Debug-iphoneos/phlibwebp.build/Objects-normal/arm64/upsampling.o /Users/colbycorcoran/Library/Developer/Xcode/DerivedData/Fiz-fiflxcjvlfosoebhvlytfgwprkxo/SourcePackages/checkouts/posthog-ios/vendor/libwebp/upsampling.c normal arm64 c com.apple.compilers.llvm.clang.1_0.compiler (in target 'phlibwebp' from project 'PostHog')
    cd /Users/colbycorcoran/Documents/App\ Development/Fiz/Fiz.xcodeproj
    
    Using response file: /Users/colbycorcoran/Library/Developer/Xcode/DerivedData/Fiz-fiflxcjvlfosoebhvlytfgwprkxo/Build/Intermediates.noindex/PostHog.build/Debug-iphoneos/phlibwebp.build/Objects-normal/arm64/7187679823f38a2a940e0043cdf9d637-common-args.resp
    
    /Applications/Xcode.app/Contents/Developer/Toolchains/XcodeDefault.xctoolchain/usr/bin/clang -x c -ivfsstatcache /Users/colbycorcoran/Library/Developer/Xcode/DerivedData/SDKStatCaches.noindex/iphoneos26.2-23C53-3794476bd08197c3e2abd9bb477ef7f7.sdkstatcache -fmessage-length\=0 -fdiagnostics-show-note-include-stack -fmacro-backtrace-limit\=0 -fno-color-diagnostics -fmodules-prune-interval\=86400 -fmodules-prune-after\=345600 -fbuild-session-file\=/Users/colbycorcoran/Library/Developer/Xcode/DerivedData/ModuleCache.noindex/Session.modulevalidation -fmodules-validate-once-per-build-session -Wnon-modular-include-in-framework-module -Werror\=non-modular-include-in-framework-module -Wno-trigraphs -Wno-missing-field-initializers -Wno-missing-prototypes -Wno-return-type -Wno-missing-braces -Wparentheses -Wswitch -Wno-unused-function -Wno-unused-label -Wno-unused-parameter -Wno-unused-variable -Wunused-value -Wno-empty-body -Wno-uninitialized -Wno-unknown-pragmas -w -Wno-shadow -Wno-four-char-constants -Wno-conversion -Wno-constant-conversion -Wno-int-conversion -Wno-bool-conversion -Wno-enum-conversion -Wno-float-conversion -Wno-non-literal-null-conversion -Wno-objc-literal-conversion -Wshorten-64-to-32 -Wpointer-sign -Wno-newline-eof -Wno-implicit-fallthrough -fstrict-aliasing -Wdeprecated-declarations -Wno-sign-conversion -Wno-infinite-recursion -Wno-comma -Wno-block-capture-autoreleasing -Wno-strict-prototypes -Wno-semicolon-before-method-body -index-store-path /Users/colbycorcoran/Library/Developer/Xcode/DerivedData/Fiz-fiflxcjvlfosoebhvlytfgwprkxo/Index.noindex/DataStore @/Users/colbycorcoran/Library/Developer/Xcode/DerivedData/Fiz-fiflxcjvlfosoebhvlytfgwprkxo/Build/Intermediates.noindex/PostHog.build/Debug-iphoneos/phlibwebp.build/Objects-normal/arm64/7187679823f38a2a940e0043cdf9d637-common-args.resp -MMD -MT dependencies -MF /Users/colbycorcoran/Library/Developer/Xcode/DerivedData/Fiz-fiflxcjvlfosoebhvlytfgwprkxo/Build/Intermediates.noindex/PostHog.build/Debug-iphoneos/phlibwebp.build/Objects-normal/arm64/upsampling.d --serialize-diagnostics /Users/colbycorcoran/Library/Developer/Xcode/DerivedData/Fiz-fiflxcjvlfosoebhvlytfgwprkxo/Build/Intermediates.noindex/PostHog.build/Debug-iphoneos/phlibwebp.build/Objects-normal/arm64/upsampling.dia -c /Users/colbycorcoran/Library/Developer/Xcode/DerivedData/Fiz-fiflxcjvlfosoebhvlytfgwprkxo/SourcePackages/checkouts/posthog-ios/vendor/libwebp/upsampling.c -o /Users/colbycorcoran/Library/Developer/Xcode/DerivedData/Fiz-fiflxcjvlfosoebhvlytfgwprkxo/Build/Intermediates.noindex/PostHog.build/Debug-iphoneos/phlibwebp.build/Objects-normal/arm64/upsampling.o -index-unit-output-path /PostHog.build/Debug-iphoneos/phlibwebp.build/Objects-normal/arm64/upsampling.o

CompileC /Users/colbycorcoran/Library/Developer/Xcode/DerivedData/Fiz-fiflxcjvlfosoebhvlytfgwprkxo/Build/Intermediates.noindex/PostHog.build/Debug-iphoneos/phlibwebp.build/Objects-normal/arm64/tree_enc.o /Users/colbycorcoran/Library/Developer/Xcode/DerivedData/Fiz-fiflxcjvlfosoebhvlytfgwprkxo/SourcePackages/checkouts/posthog-ios/vendor/libwebp/tree_enc.c normal arm64 c com.apple.compilers.llvm.clang.1_0.compiler (in target 'phlibwebp' from project 'PostHog')
    cd /Users/colbycorcoran/Documents/App\ Development/Fiz/Fiz.xcodeproj
    
    Using response file: /Users/colbycorcoran/Library/Developer/Xcode/DerivedData/Fiz-fiflxcjvlfosoebhvlytfgwprkxo/Build/Intermediates.noindex/PostHog.build/Debug-iphoneos/phlibwebp.build/Objects-normal/arm64/7187679823f38a2a940e0043cdf9d637-common-args.resp
    
    /Applications/Xcode.app/Contents/Developer/Toolchains/XcodeDefault.xctoolchain/usr/bin/clang -x c -ivfsstatcache /Users/colbycorcoran/Library/Developer/Xcode/DerivedData/SDKStatCaches.noindex/iphoneos26.2-23C53-3794476bd08197c3e2abd9bb477ef7f7.sdkstatcache -fmessage-length\=0 -fdiagnostics-show-note-include-stack -fmacro-backtrace-limit\=0 -fno-color-diagnostics -fmodules-prune-interval\=86400 -fmodules-prune-after\=345600 -fbuild-session-file\=/Users/colbycorcoran/Library/Developer/Xcode/DerivedData/ModuleCache.noindex/Session.modulevalidation -fmodules-validate-once-per-build-session -Wnon-modular-include-in-framework-module -Werror\=non-modular-include-in-framework-module -Wno-trigraphs -Wno-missing-field-initializers -Wno-missing-prototypes -Wno-return-type -Wno-missing-braces -Wparentheses -Wswitch -Wno-unused-function -Wno-unused-label -Wno-unused-parameter -Wno-unused-variable -Wunused-value -Wno-empty-body -Wno-uninitialized -Wno-unknown-pragmas -w -Wno-shadow -Wno-four-char-constants -Wno-conversion -Wno-constant-conversion -Wno-int-conversion -Wno-bool-conversion -Wno-enum-conversion -Wno-float-conversion -Wno-non-literal-null-conversion -Wno-objc-literal-conversion -Wshorten-64-to-32 -Wpointer-sign -Wno-newline-eof -Wno-implicit-fallthrough -fstrict-aliasing -Wdeprecated-declarations -Wno-sign-conversion -Wno-infinite-recursion -Wno-comma -Wno-block-capture-autoreleasing -Wno-strict-prototypes -Wno-semicolon-before-method-body -index-store-path /Users/colbycorcoran/Library/Developer/Xcode/DerivedData/Fiz-fiflxcjvlfosoebhvlytfgwprkxo/Index.noindex/DataStore @/Users/colbycorcoran/Library/Developer/Xcode/DerivedData/Fiz-fiflxcjvlfosoebhvlytfgwprkxo/Build/Intermediates.noindex/PostHog.build/Debug-iphoneos/phlibwebp.build/Objects-normal/arm64/7187679823f38a2a940e0043cdf9d637-common-args.resp -MMD -MT dependencies -MF /Users/colbycorcoran/Library/Developer/Xcode/DerivedData/Fiz-fiflxcjvlfosoebhvlytfgwprkxo/Build/Intermediates.noindex/PostHog.build/Debug-iphoneos/phlibwebp.build/Objects-normal/arm64/tree_enc.d --serialize-diagnostics /Users/colbycorcoran/Library/Developer/Xcode/DerivedData/Fiz-fiflxcjvlfosoebhvlytfgwprkxo/Build/Intermediates.noindex/PostHog.build/Debug-iphoneos/phlibwebp.build/Objects-normal/arm64/tree_enc.dia -c /Users/colbycorcoran/Library/Developer/Xcode/DerivedData/Fiz-fiflxcjvlfosoebhvlytfgwprkxo/SourcePackages/checkouts/posthog-ios/vendor/libwebp/tree_enc.c -o /Users/colbycorcoran/Library/Developer/Xcode/DerivedData/Fiz-fiflxcjvlfosoebhvlytfgwprkxo/Build/Intermediates.noindex/PostHog.build/Debug-iphoneos/phlibwebp.build/Objects-normal/arm64/tree_enc.o -index-unit-output-path /PostHog.build/Debug-iphoneos/phlibwebp.build/Objects-normal/arm64/tree_enc.o

CompileC /Users/colbycorcoran/Library/Developer/Xcode/DerivedData/Fiz-fiflxcjvlfosoebhvlytfgwprkxo/Build/Intermediates.noindex/PostHog.build/Debug-iphoneos/phlibwebp.build/Objects-normal/arm64/yuv_neon.o /Users/colbycorcoran/Library/Developer/Xcode/DerivedData/Fiz-fiflxcjvlfosoebhvlytfgwprkxo/SourcePackages/checkouts/posthog-ios/vendor/libwebp/yuv_neon.c normal arm64 c com.apple.compilers.llvm.clang.1_0.compiler (in target 'phlibwebp' from project 'PostHog')
    cd /Users/colbycorcoran/Documents/App\ Development/Fiz/Fiz.xcodeproj
    
    Using response file: /Users/colbycorcoran/Library/Developer/Xcode/DerivedData/Fiz-fiflxcjvlfosoebhvlytfgwprkxo/Build/Intermediates.noindex/PostHog.build/Debug-iphoneos/phlibwebp.build/Objects-normal/arm64/7187679823f38a2a940e0043cdf9d637-common-args.resp
    
    /Applications/Xcode.app/Contents/Developer/Toolchains/XcodeDefault.xctoolchain/usr/bin/clang -x c -ivfsstatcache /Users/colbycorcoran/Library/Developer/Xcode/DerivedData/SDKStatCaches.noindex/iphoneos26.2-23C53-3794476bd08197c3e2abd9bb477ef7f7.sdkstatcache -fmessage-length\=0 -fdiagnostics-show-note-include-stack -fmacro-backtrace-limit\=0 -fno-color-diagnostics -fmodules-prune-interval\=86400 -fmodules-prune-after\=345600 -fbuild-session-file\=/Users/colbycorcoran/Library/Developer/Xcode/DerivedData/ModuleCache.noindex/Session.modulevalidation -fmodules-validate-once-per-build-session -Wnon-modular-include-in-framework-module -Werror\=non-modular-include-in-framework-module -Wno-trigraphs -Wno-missing-field-initializers -Wno-missing-prototypes -Wno-return-type -Wno-missing-braces -Wparentheses -Wswitch -Wno-unused-function -Wno-unused-label -Wno-unused-parameter -Wno-unused-variable -Wunused-value -Wno-empty-body -Wno-uninitialized -Wno-unknown-pragmas -w -Wno-shadow -Wno-four-char-constants -Wno-conversion -Wno-constant-conversion -Wno-int-conversion -Wno-bool-conversion -Wno-enum-conversion -Wno-float-conversion -Wno-non-literal-null-conversion -Wno-objc-literal-conversion -Wshorten-64-to-32 -Wpointer-sign -Wno-newline-eof -Wno-implicit-fallthrough -fstrict-aliasing -Wdeprecated-declarations -Wno-sign-conversion -Wno-infinite-recursion -Wno-comma -Wno-block-capture-autoreleasing -Wno-strict-prototypes -Wno-semicolon-before-method-body -index-store-path /Users/colbycorcoran/Library/Developer/Xcode/DerivedData/Fiz-fiflxcjvlfosoebhvlytfgwprkxo/Index.noindex/DataStore @/Users/colbycorcoran/Library/Developer/Xcode/DerivedData/Fiz-fiflxcjvlfosoebhvlytfgwprkxo/Build/Intermediates.noindex/PostHog.build/Debug-iphoneos/phlibwebp.build/Objects-normal/arm64/7187679823f38a2a940e0043cdf9d637-common-args.resp -MMD -MT dependencies -MF /Users/colbycorcoran/Library/Developer/Xcode/DerivedData/Fiz-fiflxcjvlfosoebhvlytfgwprkxo/Build/Intermediates.noindex/PostHog.build/Debug-iphoneos/phlibwebp.build/Objects-normal/arm64/yuv_neon.d --serialize-diagnostics /Users/colbycorcoran/Library/Developer/Xcode/DerivedData/Fiz-fiflxcjvlfosoebhvlytfgwprkxo/Build/Intermediates.noindex/PostHog.build/Debug-iphoneos/phlibwebp.build/Objects-normal/arm64/yuv_neon.dia -c /Users/colbycorcoran/Library/Developer/Xcode/DerivedData/Fiz-fiflxcjvlfosoebhvlytfgwprkxo/SourcePackages/checkouts/posthog-ios/vendor/libwebp/yuv_neon.c -o /Users/colbycorcoran/Library/Developer/Xcode/DerivedData/Fiz-fiflxcjvlfosoebhvlytfgwprkxo/Build/Intermediates.noindex/PostHog.build/Debug-iphoneos/phlibwebp.build/Objects-normal/arm64/yuv_neon.o -index-unit-output-path /PostHog.build/Debug-iphoneos/phlibwebp.build/Objects-normal/arm64/yuv_neon.o

CompileC /Users/colbycorcoran/Library/Developer/Xcode/DerivedData/Fiz-fiflxcjvlfosoebhvlytfgwprkxo/Build/Intermediates.noindex/PostHog.build/Debug-iphoneos/phlibwebp.build/Objects-normal/arm64/upsampling_neon.o /Users/colbycorcoran/Library/Developer/Xcode/DerivedData/Fiz-fiflxcjvlfosoebhvlytfgwprkxo/SourcePackages/checkouts/posthog-ios/vendor/libwebp/upsampling_neon.c normal arm64 c com.apple.compilers.llvm.clang.1_0.compiler (in target 'phlibwebp' from project 'PostHog')
    cd /Users/colbycorcoran/Documents/App\ Development/Fiz/Fiz.xcodeproj
    
    Using response file: /Users/colbycorcoran/Library/Developer/Xcode/DerivedData/Fiz-fiflxcjvlfosoebhvlytfgwprkxo/Build/Intermediates.noindex/PostHog.build/Debug-iphoneos/phlibwebp.build/Objects-normal/arm64/7187679823f38a2a940e0043cdf9d637-common-args.resp
    
    /Applications/Xcode.app/Contents/Developer/Toolchains/XcodeDefault.xctoolchain/usr/bin/clang -x c -ivfsstatcache /Users/colbycorcoran/Library/Developer/Xcode/DerivedData/SDKStatCaches.noindex/iphoneos26.2-23C53-3794476bd08197c3e2abd9bb477ef7f7.sdkstatcache -fmessage-length\=0 -fdiagnostics-show-note-include-stack -fmacro-backtrace-limit\=0 -fno-color-diagnostics -fmodules-prune-interval\=86400 -fmodules-prune-after\=345600 -fbuild-session-file\=/Users/colbycorcoran/Library/Developer/Xcode/DerivedData/ModuleCache.noindex/Session.modulevalidation -fmodules-validate-once-per-build-session -Wnon-modular-include-in-framework-module -Werror\=non-modular-include-in-framework-module -Wno-trigraphs -Wno-missing-field-initializers -Wno-missing-prototypes -Wno-return-type -Wno-missing-braces -Wparentheses -Wswitch -Wno-unused-function -Wno-unused-label -Wno-unused-parameter -Wno-unused-variable -Wunused-value -Wno-empty-body -Wno-uninitialized -Wno-unknown-pragmas -w -Wno-shadow -Wno-four-char-constants -Wno-conversion -Wno-constant-conversion -Wno-int-conversion -Wno-bool-conversion -Wno-enum-conversion -Wno-float-conversion -Wno-non-literal-null-conversion -Wno-objc-literal-conversion -Wshorten-64-to-32 -Wpointer-sign -Wno-newline-eof -Wno-implicit-fallthrough -fstrict-aliasing -Wdeprecated-declarations -Wno-sign-conversion -Wno-infinite-recursion -Wno-comma -Wno-block-capture-autoreleasing -Wno-strict-prototypes -Wno-semicolon-before-method-body -index-store-path /Users/colbycorcoran/Library/Developer/Xcode/DerivedData/Fiz-fiflxcjvlfosoebhvlytfgwprkxo/Index.noindex/DataStore @/Users/colbycorcoran/Library/Developer/Xcode/DerivedData/Fiz-fiflxcjvlfosoebhvlytfgwprkxo/Build/Intermediates.noindex/PostHog.build/Debug-iphoneos/phlibwebp.build/Objects-normal/arm64/7187679823f38a2a940e0043cdf9d637-common-args.resp -MMD -MT dependencies -MF /Users/colbycorcoran/Library/Developer/Xcode/DerivedData/Fiz-fiflxcjvlfosoebhvlytfgwprkxo/Build/Intermediates.noindex/PostHog.build/Debug-iphoneos/phlibwebp.build/Objects-normal/arm64/upsampling_neon.d --serialize-diagnostics /Users/colbycorcoran/Library/Developer/Xcode/DerivedData/Fiz-fiflxcjvlfosoebhvlytfgwprkxo/Build/Intermediates.noindex/PostHog.build/Debug-iphoneos/phlibwebp.build/Objects-normal/arm64/upsampling_neon.dia -c /Users/colbycorcoran/Library/Developer/Xcode/DerivedData/Fiz-fiflxcjvlfosoebhvlytfgwprkxo/SourcePackages/checkouts/posthog-ios/vendor/libwebp/upsampling_neon.c -o /Users/colbycorcoran/Library/Developer/Xcode/DerivedData/Fiz-fiflxcjvlfosoebhvlytfgwprkxo/Build/Intermediates.noindex/PostHog.build/Debug-iphoneos/phlibwebp.build/Objects-normal/arm64/upsampling_neon.o -index-unit-output-path /PostHog.build/Debug-iphoneos/phlibwebp.build/Objects-normal/arm64/upsampling_neon.o

CompileC /Users/colbycorcoran/Library/Developer/Xcode/DerivedData/Fiz-fiflxcjvlfosoebhvlytfgwprkxo/Build/Intermediates.noindex/PostHog.build/Debug-iphoneos/phlibwebp.build/Objects-normal/arm64/token_enc.o /Users/colbycorcoran/Library/Developer/Xcode/DerivedData/Fiz-fiflxcjvlfosoebhvlytfgwprkxo/SourcePackages/checkouts/posthog-ios/vendor/libwebp/token_enc.c normal arm64 c com.apple.compilers.llvm.clang.1_0.compiler (in target 'phlibwebp' from project 'PostHog')
    cd /Users/colbycorcoran/Documents/App\ Development/Fiz/Fiz.xcodeproj
    
    Using response file: /Users/colbycorcoran/Library/Developer/Xcode/DerivedData/Fiz-fiflxcjvlfosoebhvlytfgwprkxo/Build/Intermediates.noindex/PostHog.build/Debug-iphoneos/phlibwebp.build/Objects-normal/arm64/7187679823f38a2a940e0043cdf9d637-common-args.resp
    
    /Applications/Xcode.app/Contents/Developer/Toolchains/XcodeDefault.xctoolchain/usr/bin/clang -x c -ivfsstatcache /Users/colbycorcoran/Library/Developer/Xcode/DerivedData/SDKStatCaches.noindex/iphoneos26.2-23C53-3794476bd08197c3e2abd9bb477ef7f7.sdkstatcache -fmessage-length\=0 -fdiagnostics-show-note-include-stack -fmacro-backtrace-limit\=0 -fno-color-diagnostics -fmodules-prune-interval\=86400 -fmodules-prune-after\=345600 -fbuild-session-file\=/Users/colbycorcoran/Library/Developer/Xcode/DerivedData/ModuleCache.noindex/Session.modulevalidation -fmodules-validate-once-per-build-session -Wnon-modular-include-in-framework-module -Werror\=non-modular-include-in-framework-module -Wno-trigraphs -Wno-missing-field-initializers -Wno-missing-prototypes -Wno-return-type -Wno-missing-braces -Wparentheses -Wswitch -Wno-unused-function -Wno-unused-label -Wno-unused-parameter -Wno-unused-variable -Wunused-value -Wno-empty-body -Wno-uninitialized -Wno-unknown-pragmas -w -Wno-shadow -Wno-four-char-constants -Wno-conversion -Wno-constant-conversion -Wno-int-conversion -Wno-bool-conversion -Wno-enum-conversion -Wno-float-conversion -Wno-non-literal-null-conversion -Wno-objc-literal-conversion -Wshorten-64-to-32 -Wpointer-sign -Wno-newline-eof -Wno-implicit-fallthrough -fstrict-aliasing -Wdeprecated-declarations -Wno-sign-conversion -Wno-infinite-recursion -Wno-comma -Wno-block-capture-autoreleasing -Wno-strict-prototypes -Wno-semicolon-before-method-body -index-store-path /Users/colbycorcoran/Library/Developer/Xcode/DerivedData/Fiz-fiflxcjvlfosoebhvlytfgwprkxo/Index.noindex/DataStore @/Users/colbycorcoran/Library/Developer/Xcode/DerivedData/Fiz-fiflxcjvlfosoebhvlytfgwprkxo/Build/Intermediates.noindex/PostHog.build/Debug-iphoneos/phlibwebp.build/Objects-normal/arm64/7187679823f38a2a940e0043cdf9d637-common-args.resp -MMD -MT dependencies -MF /Users/colbycorcoran/Library/Developer/Xcode/DerivedData/Fiz-fiflxcjvlfosoebhvlytfgwprkxo/Build/Intermediates.noindex/PostHog.build/Debug-iphoneos/phlibwebp.build/Objects-normal/arm64/token_enc.d --serialize-diagnostics /Users/colbycorcoran/Library/Developer/Xcode/DerivedData/Fiz-fiflxcjvlfosoebhvlytfgwprkxo/Build/Intermediates.noindex/PostHog.build/Debug-iphoneos/phlibwebp.build/Objects-normal/arm64/token_enc.dia -c /Users/colbycorcoran/Library/Developer/Xcode/DerivedData/Fiz-fiflxcjvlfosoebhvlytfgwprkxo/SourcePackages/checkouts/posthog-ios/vendor/libwebp/token_enc.c -o /Users/colbycorcoran/Library/Developer/Xcode/DerivedData/Fiz-fiflxcjvlfosoebhvlytfgwprkxo/Build/Intermediates.noindex/PostHog.build/Debug-iphoneos/phlibwebp.build/Objects-normal/arm64/token_enc.o -index-unit-output-path /PostHog.build/Debug-iphoneos/phlibwebp.build/Objects-normal/arm64/token_enc.o

CompileC /Users/colbycorcoran/Library/Developer/Xcode/DerivedData/Fiz-fiflxcjvlfosoebhvlytfgwprkxo/Build/Intermediates.noindex/PostHog.build/Debug-iphoneos/phlibwebp.build/Objects-normal/arm64/thread_utils.o /Users/colbycorcoran/Library/Developer/Xcode/DerivedData/Fiz-fiflxcjvlfosoebhvlytfgwprkxo/SourcePackages/checkouts/posthog-ios/vendor/libwebp/thread_utils.c normal arm64 c com.apple.compilers.llvm.clang.1_0.compiler (in target 'phlibwebp' from project 'PostHog')
    cd /Users/colbycorcoran/Documents/App\ Development/Fiz/Fiz.xcodeproj
    
    Using response file: /Users/colbycorcoran/Library/Developer/Xcode/DerivedData/Fiz-fiflxcjvlfosoebhvlytfgwprkxo/Build/Intermediates.noindex/PostHog.build/Debug-iphoneos/phlibwebp.build/Objects-normal/arm64/7187679823f38a2a940e0043cdf9d637-common-args.resp
    
    /Applications/Xcode.app/Contents/Developer/Toolchains/XcodeDefault.xctoolchain/usr/bin/clang -x c -ivfsstatcache /Users/colbycorcoran/Library/Developer/Xcode/DerivedData/SDKStatCaches.noindex/iphoneos26.2-23C53-3794476bd08197c3e2abd9bb477ef7f7.sdkstatcache -fmessage-length\=0 -fdiagnostics-show-note-include-stack -fmacro-backtrace-limit\=0 -fno-color-diagnostics -fmodules-prune-interval\=86400 -fmodules-prune-after\=345600 -fbuild-session-file\=/Users/colbycorcoran/Library/Developer/Xcode/DerivedData/ModuleCache.noindex/Session.modulevalidation -fmodules-validate-once-per-build-session -Wnon-modular-include-in-framework-module -Werror\=non-modular-include-in-framework-module -Wno-trigraphs -Wno-missing-field-initializers -Wno-missing-prototypes -Wno-return-type -Wno-missing-braces -Wparentheses -Wswitch -Wno-unused-function -Wno-unused-label -Wno-unused-parameter -Wno-unused-variable -Wunused-value -Wno-empty-body -Wno-uninitialized -Wno-unknown-pragmas -w -Wno-shadow -Wno-four-char-constants -Wno-conversion -Wno-constant-conversion -Wno-int-conversion -Wno-bool-conversion -Wno-enum-conversion -Wno-float-conversion -Wno-non-literal-null-conversion -Wno-objc-literal-conversion -Wshorten-64-to-32 -Wpointer-sign -Wno-newline-eof -Wno-implicit-fallthrough -fstrict-aliasing -Wdeprecated-declarations -Wno-sign-conversion -Wno-infinite-recursion -Wno-comma -Wno-block-capture-autoreleasing -Wno-strict-prototypes -Wno-semicolon-before-method-body -index-store-path /Users/colbycorcoran/Library/Developer/Xcode/DerivedData/Fiz-fiflxcjvlfosoebhvlytfgwprkxo/Index.noindex/DataStore @/Users/colbycorcoran/Library/Developer/Xcode/DerivedData/Fiz-fiflxcjvlfosoebhvlytfgwprkxo/Build/Intermediates.noindex/PostHog.build/Debug-iphoneos/phlibwebp.build/Objects-normal/arm64/7187679823f38a2a940e0043cdf9d637-common-args.resp -MMD -MT dependencies -MF /Users/colbycorcoran/Library/Developer/Xcode/DerivedData/Fiz-fiflxcjvlfosoebhvlytfgwprkxo/Build/Intermediates.noindex/PostHog.build/Debug-iphoneos/phlibwebp.build/Objects-normal/arm64/thread_utils.d --serialize-diagnostics /Users/colbycorcoran/Library/Developer/Xcode/DerivedData/Fiz-fiflxcjvlfosoebhvlytfgwprkxo/Build/Intermediates.noindex/PostHog.build/Debug-iphoneos/phlibwebp.build/Objects-normal/arm64/thread_utils.dia -c /Users/colbycorcoran/Library/Developer/Xcode/DerivedData/Fiz-fiflxcjvlfosoebhvlytfgwprkxo/SourcePackages/checkouts/posthog-ios/vendor/libwebp/thread_utils.c -o /Users/colbycorcoran/Library/Developer/Xcode/DerivedData/Fiz-fiflxcjvlfosoebhvlytfgwprkxo/Build/Intermediates.noindex/PostHog.build/Debug-iphoneos/phlibwebp.build/Objects-normal/arm64/thread_utils.o -index-unit-output-path /PostHog.build/Debug-iphoneos/phlibwebp.build/Objects-normal/arm64/thread_utils.o

CompileC /Users/colbycorcoran/Library/Developer/Xcode/DerivedData/Fiz-fiflxcjvlfosoebhvlytfgwprkxo/Build/Intermediates.noindex/PostHog.build/Debug-iphoneos/phlibwebp.build/Objects-normal/arm64/syntax_enc.o /Users/colbycorcoran/Library/Developer/Xcode/DerivedData/Fiz-fiflxcjvlfosoebhvlytfgwprkxo/SourcePackages/checkouts/posthog-ios/vendor/libwebp/syntax_enc.c normal arm64 c com.apple.compilers.llvm.clang.1_0.compiler (in target 'phlibwebp' from project 'PostHog')
    cd /Users/colbycorcoran/Documents/App\ Development/Fiz/Fiz.xcodeproj
    
    Using response file: /Users/colbycorcoran/Library/Developer/Xcode/DerivedData/Fiz-fiflxcjvlfosoebhvlytfgwprkxo/Build/Intermediates.noindex/PostHog.build/Debug-iphoneos/phlibwebp.build/Objects-normal/arm64/7187679823f38a2a940e0043cdf9d637-common-args.resp
    
    /Applications/Xcode.app/Contents/Developer/Toolchains/XcodeDefault.xctoolchain/usr/bin/clang -x c -ivfsstatcache /Users/colbycorcoran/Library/Developer/Xcode/DerivedData/SDKStatCaches.noindex/iphoneos26.2-23C53-3794476bd08197c3e2abd9bb477ef7f7.sdkstatcache -fmessage-length\=0 -fdiagnostics-show-note-include-stack -fmacro-backtrace-limit\=0 -fno-color-diagnostics -fmodules-prune-interval\=86400 -fmodules-prune-after\=345600 -fbuild-session-file\=/Users/colbycorcoran/Library/Developer/Xcode/DerivedData/ModuleCache.noindex/Session.modulevalidation -fmodules-validate-once-per-build-session -Wnon-modular-include-in-framework-module -Werror\=non-modular-include-in-framework-module -Wno-trigraphs -Wno-missing-field-initializers -Wno-missing-prototypes -Wno-return-type -Wno-missing-braces -Wparentheses -Wswitch -Wno-unused-function -Wno-unused-label -Wno-unused-parameter -Wno-unused-variable -Wunused-value -Wno-empty-body -Wno-uninitialized -Wno-unknown-pragmas -w -Wno-shadow -Wno-four-char-constants -Wno-conversion -Wno-constant-conversion -Wno-int-conversion -Wno-bool-conversion -Wno-enum-conversion -Wno-float-conversion -Wno-non-literal-null-conversion -Wno-objc-literal-conversion -Wshorten-64-to-32 -Wpointer-sign -Wno-newline-eof -Wno-implicit-fallthrough -fstrict-aliasing -Wdeprecated-declarations -Wno-sign-conversion -Wno-infinite-recursion -Wno-comma -Wno-block-capture-autoreleasing -Wno-strict-prototypes -Wno-semicolon-before-method-body -index-store-path /Users/colbycorcoran/Library/Developer/Xcode/DerivedData/Fiz-fiflxcjvlfosoebhvlytfgwprkxo/Index.noindex/DataStore @/Users/colbycorcoran/Library/Developer/Xcode/DerivedData/Fiz-fiflxcjvlfosoebhvlytfgwprkxo/Build/Intermediates.noindex/PostHog.build/Debug-iphoneos/phlibwebp.build/Objects-normal/arm64/7187679823f38a2a940e0043cdf9d637-common-args.resp -MMD -MT dependencies -MF /Users/colbycorcoran/Library/Developer/Xcode/DerivedData/Fiz-fiflxcjvlfosoebhvlytfgwprkxo/Build/Intermediates.noindex/PostHog.build/Debug-iphoneos/phlibwebp.build/Objects-normal/arm64/syntax_enc.d --serialize-diagnostics /Users/colbycorcoran/Library/Developer/Xcode/DerivedData/Fiz-fiflxcjvlfosoebhvlytfgwprkxo/Build/Intermediates.noindex/PostHog.build/Debug-iphoneos/phlibwebp.build/Objects-normal/arm64/syntax_enc.dia -c /Users/colbycorcoran/Library/Developer/Xcode/DerivedData/Fiz-fiflxcjvlfosoebhvlytfgwprkxo/SourcePackages/checkouts/posthog-ios/vendor/libwebp/syntax_enc.c -o /Users/colbycorcoran/Library/Developer/Xcode/DerivedData/Fiz-fiflxcjvlfosoebhvlytfgwprkxo/Build/Intermediates.noindex/PostHog.build/Debug-iphoneos/phlibwebp.build/Objects-normal/arm64/syntax_enc.o -index-unit-output-path /PostHog.build/Debug-iphoneos/phlibwebp.build/Objects-normal/arm64/syntax_enc.o

CompileC /Users/colbycorcoran/Library/Developer/Xcode/DerivedData/Fiz-fiflxcjvlfosoebhvlytfgwprkxo/Build/Intermediates.noindex/PostHog.build/Debug-iphoneos/phlibwebp.build/Objects-normal/arm64/ssim_sse2.o /Users/colbycorcoran/Library/Developer/Xcode/DerivedData/Fiz-fiflxcjvlfosoebhvlytfgwprkxo/SourcePackages/checkouts/posthog-ios/vendor/libwebp/ssim_sse2.c normal arm64 c com.apple.compilers.llvm.clang.1_0.compiler (in target 'phlibwebp' from project 'PostHog')
    cd /Users/colbycorcoran/Documents/App\ Development/Fiz/Fiz.xcodeproj
    
    Using response file: /Users/colbycorcoran/Library/Developer/Xcode/DerivedData/Fiz-fiflxcjvlfosoebhvlytfgwprkxo/Build/Intermediates.noindex/PostHog.build/Debug-iphoneos/phlibwebp.build/Objects-normal/arm64/7187679823f38a2a940e0043cdf9d637-common-args.resp
    
    /Applications/Xcode.app/Contents/Developer/Toolchains/XcodeDefault.xctoolchain/usr/bin/clang -x c -ivfsstatcache /Users/colbycorcoran/Library/Developer/Xcode/DerivedData/SDKStatCaches.noindex/iphoneos26.2-23C53-3794476bd08197c3e2abd9bb477ef7f7.sdkstatcache -fmessage-length\=0 -fdiagnostics-show-note-include-stack -fmacro-backtrace-limit\=0 -fno-color-diagnostics -fmodules-prune-interval\=86400 -fmodules-prune-after\=345600 -fbuild-session-file\=/Users/colbycorcoran/Library/Developer/Xcode/DerivedData/ModuleCache.noindex/Session.modulevalidation -fmodules-validate-once-per-build-session -Wnon-modular-include-in-framework-module -Werror\=non-modular-include-in-framework-module -Wno-trigraphs -Wno-missing-field-initializers -Wno-missing-prototypes -Wno-return-type -Wno-missing-braces -Wparentheses -Wswitch -Wno-unused-function -Wno-unused-label -Wno-unused-parameter -Wno-unused-variable -Wunused-value -Wno-empty-body -Wno-uninitialized -Wno-unknown-pragmas -w -Wno-shadow -Wno-four-char-constants -Wno-conversion -Wno-constant-conversion -Wno-int-conversion -Wno-bool-conversion -Wno-enum-conversion -Wno-float-conversion -Wno-non-literal-null-conversion -Wno-objc-literal-conversion -Wshorten-64-to-32 -Wpointer-sign -Wno-newline-eof -Wno-implicit-fallthrough -fstrict-aliasing -Wdeprecated-declarations -Wno-sign-conversion -Wno-infinite-recursion -Wno-comma -Wno-block-capture-autoreleasing -Wno-strict-prototypes -Wno-semicolon-before-method-body -index-store-path /Users/colbycorcoran/Library/Developer/Xcode/DerivedData/Fiz-fiflxcjvlfosoebhvlytfgwprkxo/Index.noindex/DataStore @/Users/colbycorcoran/Library/Developer/Xcode/DerivedData/Fiz-fiflxcjvlfosoebhvlytfgwprkxo/Build/Intermediates.noindex/PostHog.build/Debug-iphoneos/phlibwebp.build/Objects-normal/arm64/7187679823f38a2a940e0043cdf9d637-common-args.resp -MMD -MT dependencies -MF /Users/colbycorcoran/Library/Developer/Xcode/DerivedData/Fiz-fiflxcjvlfosoebhvlytfgwprkxo/Build/Intermediates.noindex/PostHog.build/Debug-iphoneos/phlibwebp.build/Objects-normal/arm64/ssim_sse2.d --serialize-diagnostics /Users/colbycorcoran/Library/Developer/Xcode/DerivedData/Fiz-fiflxcjvlfosoebhvlytfgwprkxo/Build/Intermediates.noindex/PostHog.build/Debug-iphoneos/phlibwebp.build/Objects-normal/arm64/ssim_sse2.dia -c /Users/colbycorcoran/Library/Developer/Xcode/DerivedData/Fiz-fiflxcjvlfosoebhvlytfgwprkxo/SourcePackages/checkouts/posthog-ios/vendor/libwebp/ssim_sse2.c -o /Users/colbycorcoran/Library/Developer/Xcode/DerivedData/Fiz-fiflxcjvlfosoebhvlytfgwprkxo/Build/Intermediates.noindex/PostHog.build/Debug-iphoneos/phlibwebp.build/Objects-normal/arm64/ssim_sse2.o -index-unit-output-path /PostHog.build/Debug-iphoneos/phlibwebp.build/Objects-normal/arm64/ssim_sse2.o

CompileC /Users/colbycorcoran/Library/Developer/Xcode/DerivedData/Fiz-fiflxcjvlfosoebhvlytfgwprkxo/Build/Intermediates.noindex/PostHog.build/Debug-iphoneos/phlibwebp.build/Objects-normal/arm64/ssim.o /Users/colbycorcoran/Library/Developer/Xcode/DerivedData/Fiz-fiflxcjvlfosoebhvlytfgwprkxo/SourcePackages/checkouts/posthog-ios/vendor/libwebp/ssim.c normal arm64 c com.apple.compilers.llvm.clang.1_0.compiler (in target 'phlibwebp' from project 'PostHog')
    cd /Users/colbycorcoran/Documents/App\ Development/Fiz/Fiz.xcodeproj
    
    Using response file: /Users/colbycorcoran/Library/Developer/Xcode/DerivedData/Fiz-fiflxcjvlfosoebhvlytfgwprkxo/Build/Intermediates.noindex/PostHog.build/Debug-iphoneos/phlibwebp.build/Objects-normal/arm64/7187679823f38a2a940e0043cdf9d637-common-args.resp
    
    /Applications/Xcode.app/Contents/Developer/Toolchains/XcodeDefault.xctoolchain/usr/bin/clang -x c -ivfsstatcache /Users/colbycorcoran/Library/Developer/Xcode/DerivedData/SDKStatCaches.noindex/iphoneos26.2-23C53-3794476bd08197c3e2abd9bb477ef7f7.sdkstatcache -fmessage-length\=0 -fdiagnostics-show-note-include-stack -fmacro-backtrace-limit\=0 -fno-color-diagnostics -fmodules-prune-interval\=86400 -fmodules-prune-after\=345600 -fbuild-session-file\=/Users/colbycorcoran/Library/Developer/Xcode/DerivedData/ModuleCache.noindex/Session.modulevalidation -fmodules-validate-once-per-build-session -Wnon-modular-include-in-framework-module -Werror\=non-modular-include-in-framework-module -Wno-trigraphs -Wno-missing-field-initializers -Wno-missing-prototypes -Wno-return-type -Wno-missing-braces -Wparentheses -Wswitch -Wno-unused-function -Wno-unused-label -Wno-unused-parameter -Wno-unused-variable -Wunused-value -Wno-empty-body -Wno-uninitialized -Wno-unknown-pragmas -w -Wno-shadow -Wno-four-char-constants -Wno-conversion -Wno-constant-conversion -Wno-int-conversion -Wno-bool-conversion -Wno-enum-conversion -Wno-float-conversion -Wno-non-literal-null-conversion -Wno-objc-literal-conversion -Wshorten-64-to-32 -Wpointer-sign -Wno-newline-eof -Wno-implicit-fallthrough -fstrict-aliasing -Wdeprecated-declarations -Wno-sign-conversion -Wno-infinite-recursion -Wno-comma -Wno-block-capture-autoreleasing -Wno-strict-prototypes -Wno-semicolon-before-method-body -index-store-path /Users/colbycorcoran/Library/Developer/Xcode/DerivedData/Fiz-fiflxcjvlfosoebhvlytfgwprkxo/Index.noindex/DataStore @/Users/colbycorcoran/Library/Developer/Xcode/DerivedData/Fiz-fiflxcjvlfosoebhvlytfgwprkxo/Build/Intermediates.noindex/PostHog.build/Debug-iphoneos/phlibwebp.build/Objects-normal/arm64/7187679823f38a2a940e0043cdf9d637-common-args.resp -MMD -MT dependencies -MF /Users/colbycorcoran/Library/Developer/Xcode/DerivedData/Fiz-fiflxcjvlfosoebhvlytfgwprkxo/Build/Intermediates.noindex/PostHog.build/Debug-iphoneos/phlibwebp.build/Objects-normal/arm64/ssim.d --serialize-diagnostics /Users/colbycorcoran/Library/Developer/Xcode/DerivedData/Fiz-fiflxcjvlfosoebhvlytfgwprkxo/Build/Intermediates.noindex/PostHog.build/Debug-iphoneos/phlibwebp.build/Objects-normal/arm64/ssim.dia -c /Users/colbycorcoran/Library/Developer/Xcode/DerivedData/Fiz-fiflxcjvlfosoebhvlytfgwprkxo/SourcePackages/checkouts/posthog-ios/vendor/libwebp/ssim.c -o /Users/colbycorcoran/Library/Developer/Xcode/DerivedData/Fiz-fiflxcjvlfosoebhvlytfgwprkxo/Build/Intermediates.noindex/PostHog.build/Debug-iphoneos/phlibwebp.build/Objects-normal/arm64/ssim.o -index-unit-output-path /PostHog.build/Debug-iphoneos/phlibwebp.build/Objects-normal/arm64/ssim.o

CompileC /Users/colbycorcoran/Library/Developer/Xcode/DerivedData/Fiz-fiflxcjvlfosoebhvlytfgwprkxo/Build/Intermediates.noindex/PostHog.build/Debug-iphoneos/phlibwebp.build/Objects-normal/arm64/sharpyuv_sse2.o /Users/colbycorcoran/Library/Developer/Xcode/DerivedData/Fiz-fiflxcjvlfosoebhvlytfgwprkxo/SourcePackages/checkouts/posthog-ios/vendor/libwebp/sharpyuv_sse2.c normal arm64 c com.apple.compilers.llvm.clang.1_0.compiler (in target 'phlibwebp' from project 'PostHog')
    cd /Users/colbycorcoran/Documents/App\ Development/Fiz/Fiz.xcodeproj
    
    Using response file: /Users/colbycorcoran/Library/Developer/Xcode/DerivedData/Fiz-fiflxcjvlfosoebhvlytfgwprkxo/Build/Intermediates.noindex/PostHog.build/Debug-iphoneos/phlibwebp.build/Objects-normal/arm64/7187679823f38a2a940e0043cdf9d637-common-args.resp
    
    /Applications/Xcode.app/Contents/Developer/Toolchains/XcodeDefault.xctoolchain/usr/bin/clang -x c -ivfsstatcache /Users/colbycorcoran/Library/Developer/Xcode/DerivedData/SDKStatCaches.noindex/iphoneos26.2-23C53-3794476bd08197c3e2abd9bb477ef7f7.sdkstatcache -fmessage-length\=0 -fdiagnostics-show-note-include-stack -fmacro-backtrace-limit\=0 -fno-color-diagnostics -fmodules-prune-interval\=86400 -fmodules-prune-after\=345600 -fbuild-session-file\=/Users/colbycorcoran/Library/Developer/Xcode/DerivedData/ModuleCache.noindex/Session.modulevalidation -fmodules-validate-once-per-build-session -Wnon-modular-include-in-framework-module -Werror\=non-modular-include-in-framework-module -Wno-trigraphs -Wno-missing-field-initializers -Wno-missing-prototypes -Wno-return-type -Wno-missing-braces -Wparentheses -Wswitch -Wno-unused-function -Wno-unused-label -Wno-unused-parameter -Wno-unused-variable -Wunused-value -Wno-empty-body -Wno-uninitialized -Wno-unknown-pragmas -w -Wno-shadow -Wno-four-char-constants -Wno-conversion -Wno-constant-conversion -Wno-int-conversion -Wno-bool-conversion -Wno-enum-conversion -Wno-float-conversion -Wno-non-literal-null-conversion -Wno-objc-literal-conversion -Wshorten-64-to-32 -Wpointer-sign -Wno-newline-eof -Wno-implicit-fallthrough -fstrict-aliasing -Wdeprecated-declarations -Wno-sign-conversion -Wno-infinite-recursion -Wno-comma -Wno-block-capture-autoreleasing -Wno-strict-prototypes -Wno-semicolon-before-method-body -index-store-path /Users/colbycorcoran/Library/Developer/Xcode/DerivedData/Fiz-fiflxcjvlfosoebhvlytfgwprkxo/Index.noindex/DataStore @/Users/colbycorcoran/Library/Developer/Xcode/DerivedData/Fiz-fiflxcjvlfosoebhvlytfgwprkxo/Build/Intermediates.noindex/PostHog.build/Debug-iphoneos/phlibwebp.build/Objects-normal/arm64/7187679823f38a2a940e0043cdf9d637-common-args.resp -MMD -MT dependencies -MF /Users/colbycorcoran/Library/Developer/Xcode/DerivedData/Fiz-fiflxcjvlfosoebhvlytfgwprkxo/Build/Intermediates.noindex/PostHog.build/Debug-iphoneos/phlibwebp.build/Objects-normal/arm64/sharpyuv_sse2.d --serialize-diagnostics /Users/colbycorcoran/Library/Developer/Xcode/DerivedData/Fiz-fiflxcjvlfosoebhvlytfgwprkxo/Build/Intermediates.noindex/PostHog.build/Debug-iphoneos/phlibwebp.build/Objects-normal/arm64/sharpyuv_sse2.dia -c /Users/colbycorcoran/Library/Developer/Xcode/DerivedData/Fiz-fiflxcjvlfosoebhvlytfgwprkxo/SourcePackages/checkouts/posthog-ios/vendor/libwebp/sharpyuv_sse2.c -o /Users/colbycorcoran/Library/Developer/Xcode/DerivedData/Fiz-fiflxcjvlfosoebhvlytfgwprkxo/Build/Intermediates.noindex/PostHog.build/Debug-iphoneos/phlibwebp.build/Objects-normal/arm64/sharpyuv_sse2.o -index-unit-output-path /PostHog.build/Debug-iphoneos/phlibwebp.build/Objects-normal/arm64/sharpyuv_sse2.o

CompileC /Users/colbycorcoran/Library/Developer/Xcode/DerivedData/Fiz-fiflxcjvlfosoebhvlytfgwprkxo/Build/Intermediates.noindex/PostHog.build/Debug-iphoneos/phlibwebp.build/Objects-normal/arm64/sharpyuv_neon.o /Users/colbycorcoran/Library/Developer/Xcode/DerivedData/Fiz-fiflxcjvlfosoebhvlytfgwprkxo/SourcePackages/checkouts/posthog-ios/vendor/libwebp/sharpyuv_neon.c normal arm64 c com.apple.compilers.llvm.clang.1_0.compiler (in target 'phlibwebp' from project 'PostHog')
    cd /Users/colbycorcoran/Documents/App\ Development/Fiz/Fiz.xcodeproj
    
    Using response file: /Users/colbycorcoran/Library/Developer/Xcode/DerivedData/Fiz-fiflxcjvlfosoebhvlytfgwprkxo/Build/Intermediates.noindex/PostHog.build/Debug-iphoneos/phlibwebp.build/Objects-normal/arm64/7187679823f38a2a940e0043cdf9d637-common-args.resp
    
    /Applications/Xcode.app/Contents/Developer/Toolchains/XcodeDefault.xctoolchain/usr/bin/clang -x c -ivfsstatcache /Users/colbycorcoran/Library/Developer/Xcode/DerivedData/SDKStatCaches.noindex/iphoneos26.2-23C53-3794476bd08197c3e2abd9bb477ef7f7.sdkstatcache -fmessage-length\=0 -fdiagnostics-show-note-include-stack -fmacro-backtrace-limit\=0 -fno-color-diagnostics -fmodules-prune-interval\=86400 -fmodules-prune-after\=345600 -fbuild-session-file\=/Users/colbycorcoran/Library/Developer/Xcode/DerivedData/ModuleCache.noindex/Session.modulevalidation -fmodules-validate-once-per-build-session -Wnon-modular-include-in-framework-module -Werror\=non-modular-include-in-framework-module -Wno-trigraphs -Wno-missing-field-initializers -Wno-missing-prototypes -Wno-return-type -Wno-missing-braces -Wparentheses -Wswitch -Wno-unused-function -Wno-unused-label -Wno-unused-parameter -Wno-unused-variable -Wunused-value -Wno-empty-body -Wno-uninitialized -Wno-unknown-pragmas -w -Wno-shadow -Wno-four-char-constants -Wno-conversion -Wno-constant-conversion -Wno-int-conversion -Wno-bool-conversion -Wno-enum-conversion -Wno-float-conversion -Wno-non-literal-null-conversion -Wno-objc-literal-conversion -Wshorten-64-to-32 -Wpointer-sign -Wno-newline-eof -Wno-implicit-fallthrough -fstrict-aliasing -Wdeprecated-declarations -Wno-sign-conversion -Wno-infinite-recursion -Wno-comma -Wno-block-capture-autoreleasing -Wno-strict-prototypes -Wno-semicolon-before-method-body -index-store-path /Users/colbycorcoran/Library/Developer/Xcode/DerivedData/Fiz-fiflxcjvlfosoebhvlytfgwprkxo/Index.noindex/DataStore @/Users/colbycorcoran/Library/Developer/Xcode/DerivedData/Fiz-fiflxcjvlfosoebhvlytfgwprkxo/Build/Intermediates.noindex/PostHog.build/Debug-iphoneos/phlibwebp.build/Objects-normal/arm64/7187679823f38a2a940e0043cdf9d637-common-args.resp -MMD -MT dependencies -MF /Users/colbycorcoran/Library/Developer/Xcode/DerivedData/Fiz-fiflxcjvlfosoebhvlytfgwprkxo/Build/Intermediates.noindex/PostHog.build/Debug-iphoneos/phlibwebp.build/Objects-normal/arm64/sharpyuv_neon.d --serialize-diagnostics /Users/colbycorcoran/Library/Developer/Xcode/DerivedData/Fiz-fiflxcjvlfosoebhvlytfgwprkxo/Build/Intermediates.noindex/PostHog.build/Debug-iphoneos/phlibwebp.build/Objects-normal/arm64/sharpyuv_neon.dia -c /Users/colbycorcoran/Library/Developer/Xcode/DerivedData/Fiz-fiflxcjvlfosoebhvlytfgwprkxo/SourcePackages/checkouts/posthog-ios/vendor/libwebp/sharpyuv_neon.c -o /Users/colbycorcoran/Library/Developer/Xcode/DerivedData/Fiz-fiflxcjvlfosoebhvlytfgwprkxo/Build/Intermediates.noindex/PostHog.build/Debug-iphoneos/phlibwebp.build/Objects-normal/arm64/sharpyuv_neon.o -index-unit-output-path /PostHog.build/Debug-iphoneos/phlibwebp.build/Objects-normal/arm64/sharpyuv_neon.o

CompileC /Users/colbycorcoran/Library/Developer/Xcode/DerivedData/Fiz-fiflxcjvlfosoebhvlytfgwprkxo/Build/Intermediates.noindex/PostHog.build/Debug-iphoneos/phlibwebp.build/Objects-normal/arm64/sharpyuv_gamma.o /Users/colbycorcoran/Library/Developer/Xcode/DerivedData/Fiz-fiflxcjvlfosoebhvlytfgwprkxo/SourcePackages/checkouts/posthog-ios/vendor/libwebp/sharpyuv_gamma.c normal arm64 c com.apple.compilers.llvm.clang.1_0.compiler (in target 'phlibwebp' from project 'PostHog')
    cd /Users/colbycorcoran/Documents/App\ Development/Fiz/Fiz.xcodeproj
    
    Using response file: /Users/colbycorcoran/Library/Developer/Xcode/DerivedData/Fiz-fiflxcjvlfosoebhvlytfgwprkxo/Build/Intermediates.noindex/PostHog.build/Debug-iphoneos/phlibwebp.build/Objects-normal/arm64/7187679823f38a2a940e0043cdf9d637-common-args.resp
    
    /Applications/Xcode.app/Contents/Developer/Toolchains/XcodeDefault.xctoolchain/usr/bin/clang -x c -ivfsstatcache /Users/colbycorcoran/Library/Developer/Xcode/DerivedData/SDKStatCaches.noindex/iphoneos26.2-23C53-3794476bd08197c3e2abd9bb477ef7f7.sdkstatcache -fmessage-length\=0 -fdiagnostics-show-note-include-stack -fmacro-backtrace-limit\=0 -fno-color-diagnostics -fmodules-prune-interval\=86400 -fmodules-prune-after\=345600 -fbuild-session-file\=/Users/colbycorcoran/Library/Developer/Xcode/DerivedData/ModuleCache.noindex/Session.modulevalidation -fmodules-validate-once-per-build-session -Wnon-modular-include-in-framework-module -Werror\=non-modular-include-in-framework-module -Wno-trigraphs -Wno-missing-field-initializers -Wno-missing-prototypes -Wno-return-type -Wno-missing-braces -Wparentheses -Wswitch -Wno-unused-function -Wno-unused-label -Wno-unused-parameter -Wno-unused-variable -Wunused-value -Wno-empty-body -Wno-uninitialized -Wno-unknown-pragmas -w -Wno-shadow -Wno-four-char-constants -Wno-conversion -Wno-constant-conversion -Wno-int-conversion -Wno-bool-conversion -Wno-enum-conversion -Wno-float-conversion -Wno-non-literal-null-conversion -Wno-objc-literal-conversion -Wshorten-64-to-32 -Wpointer-sign -Wno-newline-eof -Wno-implicit-fallthrough -fstrict-aliasing -Wdeprecated-declarations -Wno-sign-conversion -Wno-infinite-recursion -Wno-comma -Wno-block-capture-autoreleasing -Wno-strict-prototypes -Wno-semicolon-before-method-body -index-store-path /Users/colbycorcoran/Library/Developer/Xcode/DerivedData/Fiz-fiflxcjvlfosoebhvlytfgwprkxo/Index.noindex/DataStore @/Users/colbycorcoran/Library/Developer/Xcode/DerivedData/Fiz-fiflxcjvlfosoebhvlytfgwprkxo/Build/Intermediates.noindex/PostHog.build/Debug-iphoneos/phlibwebp.build/Objects-normal/arm64/7187679823f38a2a940e0043cdf9d637-common-args.resp -MMD -MT dependencies -MF /Users/colbycorcoran/Library/Developer/Xcode/DerivedData/Fiz-fiflxcjvlfosoebhvlytfgwprkxo/Build/Intermediates.noindex/PostHog.build/Debug-iphoneos/phlibwebp.build/Objects-normal/arm64/sharpyuv_gamma.d --serialize-diagnostics /Users/colbycorcoran/Library/Developer/Xcode/DerivedData/Fiz-fiflxcjvlfosoebhvlytfgwprkxo/Build/Intermediates.noindex/PostHog.build/Debug-iphoneos/phlibwebp.build/Objects-normal/arm64/sharpyuv_gamma.dia -c /Users/colbycorcoran/Library/Developer/Xcode/DerivedData/Fiz-fiflxcjvlfosoebhvlytfgwprkxo/SourcePackages/checkouts/posthog-ios/vendor/libwebp/sharpyuv_gamma.c -o /Users/colbycorcoran/Library/Developer/Xcode/DerivedData/Fiz-fiflxcjvlfosoebhvlytfgwprkxo/Build/Intermediates.noindex/PostHog.build/Debug-iphoneos/phlibwebp.build/Objects-normal/arm64/sharpyuv_gamma.o -index-unit-output-path /PostHog.build/Debug-iphoneos/phlibwebp.build/Objects-normal/arm64/sharpyuv_gamma.o

CompileC /Users/colbycorcoran/Library/Developer/Xcode/DerivedData/Fiz-fiflxcjvlfosoebhvlytfgwprkxo/Build/Intermediates.noindex/PostHog.build/Debug-iphoneos/phlibwebp.build/Objects-normal/arm64/sharpyuv_dsp.o /Users/colbycorcoran/Library/Developer/Xcode/DerivedData/Fiz-fiflxcjvlfosoebhvlytfgwprkxo/SourcePackages/checkouts/posthog-ios/vendor/libwebp/sharpyuv_dsp.c normal arm64 c com.apple.compilers.llvm.clang.1_0.compiler (in target 'phlibwebp' from project 'PostHog')
    cd /Users/colbycorcoran/Documents/App\ Development/Fiz/Fiz.xcodeproj
    
    Using response file: /Users/colbycorcoran/Library/Developer/Xcode/DerivedData/Fiz-fiflxcjvlfosoebhvlytfgwprkxo/Build/Intermediates.noindex/PostHog.build/Debug-iphoneos/phlibwebp.build/Objects-normal/arm64/7187679823f38a2a940e0043cdf9d637-common-args.resp
    
    /Applications/Xcode.app/Contents/Developer/Toolchains/XcodeDefault.xctoolchain/usr/bin/clang -x c -ivfsstatcache /Users/colbycorcoran/Library/Developer/Xcode/DerivedData/SDKStatCaches.noindex/iphoneos26.2-23C53-3794476bd08197c3e2abd9bb477ef7f7.sdkstatcache -fmessage-length\=0 -fdiagnostics-show-note-include-stack -fmacro-backtrace-limit\=0 -fno-color-diagnostics -fmodules-prune-interval\=86400 -fmodules-prune-after\=345600 -fbuild-session-file\=/Users/colbycorcoran/Library/Developer/Xcode/DerivedData/ModuleCache.noindex/Session.modulevalidation -fmodules-validate-once-per-build-session -Wnon-modular-include-in-framework-module -Werror\=non-modular-include-in-framework-module -Wno-trigraphs -Wno-missing-field-initializers -Wno-missing-prototypes -Wno-return-type -Wno-missing-braces -Wparentheses -Wswitch -Wno-unused-function -Wno-unused-label -Wno-unused-parameter -Wno-unused-variable -Wunused-value -Wno-empty-body -Wno-uninitialized -Wno-unknown-pragmas -w -Wno-shadow -Wno-four-char-constants -Wno-conversion -Wno-constant-conversion -Wno-int-conversion -Wno-bool-conversion -Wno-enum-conversion -Wno-float-conversion -Wno-non-literal-null-conversion -Wno-objc-literal-conversion -Wshorten-64-to-32 -Wpointer-sign -Wno-newline-eof -Wno-implicit-fallthrough -fstrict-aliasing -Wdeprecated-declarations -Wno-sign-conversion -Wno-infinite-recursion -Wno-comma -Wno-block-capture-autoreleasing -Wno-strict-prototypes -Wno-semicolon-before-method-body -index-store-path /Users/colbycorcoran/Library/Developer/Xcode/DerivedData/Fiz-fiflxcjvlfosoebhvlytfgwprkxo/Index.noindex/DataStore @/Users/colbycorcoran/Library/Developer/Xcode/DerivedData/Fiz-fiflxcjvlfosoebhvlytfgwprkxo/Build/Intermediates.noindex/PostHog.build/Debug-iphoneos/phlibwebp.build/Objects-normal/arm64/7187679823f38a2a940e0043cdf9d637-common-args.resp -MMD -MT dependencies -MF /Users/colbycorcoran/Library/Developer/Xcode/DerivedData/Fiz-fiflxcjvlfosoebhvlytfgwprkxo/Build/Intermediates.noindex/PostHog.build/Debug-iphoneos/phlibwebp.build/Objects-normal/arm64/sharpyuv_dsp.d --serialize-diagnostics /Users/colbycorcoran/Library/Developer/Xcode/DerivedData/Fiz-fiflxcjvlfosoebhvlytfgwprkxo/Build/Intermediates.noindex/PostHog.build/Debug-iphoneos/phlibwebp.build/Objects-normal/arm64/sharpyuv_dsp.dia -c /Users/colbycorcoran/Library/Developer/Xcode/DerivedData/Fiz-fiflxcjvlfosoebhvlytfgwprkxo/SourcePackages/checkouts/posthog-ios/vendor/libwebp/sharpyuv_dsp.c -o /Users/colbycorcoran/Library/Developer/Xcode/DerivedData/Fiz-fiflxcjvlfosoebhvlytfgwprkxo/Build/Intermediates.noindex/PostHog.build/Debug-iphoneos/phlibwebp.build/Objects-normal/arm64/sharpyuv_dsp.o -index-unit-output-path /PostHog.build/Debug-iphoneos/phlibwebp.build/Objects-normal/arm64/sharpyuv_dsp.o

CompileC /Users/colbycorcoran/Library/Developer/Xcode/DerivedData/Fiz-fiflxcjvlfosoebhvlytfgwprkxo/Build/Intermediates.noindex/PostHog.build/Debug-iphoneos/phlibwebp.build/Objects-normal/arm64/sharpyuv_csp.o /Users/colbycorcoran/Library/Developer/Xcode/DerivedData/Fiz-fiflxcjvlfosoebhvlytfgwprkxo/SourcePackages/checkouts/posthog-ios/vendor/libwebp/sharpyuv_csp.c normal arm64 c com.apple.compilers.llvm.clang.1_0.compiler (in target 'phlibwebp' from project 'PostHog')
    cd /Users/colbycorcoran/Documents/App\ Development/Fiz/Fiz.xcodeproj
    
    Using response file: /Users/colbycorcoran/Library/Developer/Xcode/DerivedData/Fiz-fiflxcjvlfosoebhvlytfgwprkxo/Build/Intermediates.noindex/PostHog.build/Debug-iphoneos/phlibwebp.build/Objects-normal/arm64/7187679823f38a2a940e0043cdf9d637-common-args.resp
    
    /Applications/Xcode.app/Contents/Developer/Toolchains/XcodeDefault.xctoolchain/usr/bin/clang -x c -ivfsstatcache /Users/colbycorcoran/Library/Developer/Xcode/DerivedData/SDKStatCaches.noindex/iphoneos26.2-23C53-3794476bd08197c3e2abd9bb477ef7f7.sdkstatcache -fmessage-length\=0 -fdiagnostics-show-note-include-stack -fmacro-backtrace-limit\=0 -fno-color-diagnostics -fmodules-prune-interval\=86400 -fmodules-prune-after\=345600 -fbuild-session-file\=/Users/colbycorcoran/Library/Developer/Xcode/DerivedData/ModuleCache.noindex/Session.modulevalidation -fmodules-validate-once-per-build-session -Wnon-modular-include-in-framework-module -Werror\=non-modular-include-in-framework-module -Wno-trigraphs -Wno-missing-field-initializers -Wno-missing-prototypes -Wno-return-type -Wno-missing-braces -Wparentheses -Wswitch -Wno-unused-function -Wno-unused-label -Wno-unused-parameter -Wno-unused-variable -Wunused-value -Wno-empty-body -Wno-uninitialized -Wno-unknown-pragmas -w -Wno-shadow -Wno-four-char-constants -Wno-conversion -Wno-constant-conversion -Wno-int-conversion -Wno-bool-conversion -Wno-enum-conversion -Wno-float-conversion -Wno-non-literal-null-conversion -Wno-objc-literal-conversion -Wshorten-64-to-32 -Wpointer-sign -Wno-newline-eof -Wno-implicit-fallthrough -fstrict-aliasing -Wdeprecated-declarations -Wno-sign-conversion -Wno-infinite-recursion -Wno-comma -Wno-block-capture-autoreleasing -Wno-strict-prototypes -Wno-semicolon-before-method-body -index-store-path /Users/colbycorcoran/Library/Developer/Xcode/DerivedData/Fiz-fiflxcjvlfosoebhvlytfgwprkxo/Index.noindex/DataStore @/Users/colbycorcoran/Library/Developer/Xcode/DerivedData/Fiz-fiflxcjvlfosoebhvlytfgwprkxo/Build/Intermediates.noindex/PostHog.build/Debug-iphoneos/phlibwebp.build/Objects-normal/arm64/7187679823f38a2a940e0043cdf9d637-common-args.resp -MMD -MT dependencies -MF /Users/colbycorcoran/Library/Developer/Xcode/DerivedData/Fiz-fiflxcjvlfosoebhvlytfgwprkxo/Build/Intermediates.noindex/PostHog.build/Debug-iphoneos/phlibwebp.build/Objects-normal/arm64/sharpyuv_csp.d --serialize-diagnostics /Users/colbycorcoran/Library/Developer/Xcode/DerivedData/Fiz-fiflxcjvlfosoebhvlytfgwprkxo/Build/Intermediates.noindex/PostHog.build/Debug-iphoneos/phlibwebp.build/Objects-normal/arm64/sharpyuv_csp.dia -c /Users/colbycorcoran/Library/Developer/Xcode/DerivedData/Fiz-fiflxcjvlfosoebhvlytfgwprkxo/SourcePackages/checkouts/posthog-ios/vendor/libwebp/sharpyuv_csp.c -o /Users/colbycorcoran/Library/Developer/Xcode/DerivedData/Fiz-fiflxcjvlfosoebhvlytfgwprkxo/Build/Intermediates.noindex/PostHog.build/Debug-iphoneos/phlibwebp.build/Objects-normal/arm64/sharpyuv_csp.o -index-unit-output-path /PostHog.build/Debug-iphoneos/phlibwebp.build/Objects-normal/arm64/sharpyuv_csp.o

CompileC /Users/colbycorcoran/Library/Developer/Xcode/DerivedData/Fiz-fiflxcjvlfosoebhvlytfgwprkxo/Build/Intermediates.noindex/PostHog.build/Debug-iphoneos/phlibwebp.build/Objects-normal/arm64/sharpyuv_cpu.o /Users/colbycorcoran/Library/Developer/Xcode/DerivedData/Fiz-fiflxcjvlfosoebhvlytfgwprkxo/SourcePackages/checkouts/posthog-ios/vendor/libwebp/sharpyuv_cpu.c normal arm64 c com.apple.compilers.llvm.clang.1_0.compiler (in target 'phlibwebp' from project 'PostHog')
    cd /Users/colbycorcoran/Documents/App\ Development/Fiz/Fiz.xcodeproj
    
    Using response file: /Users/colbycorcoran/Library/Developer/Xcode/DerivedData/Fiz-fiflxcjvlfosoebhvlytfgwprkxo/Build/Intermediates.noindex/PostHog.build/Debug-iphoneos/phlibwebp.build/Objects-normal/arm64/7187679823f38a2a940e0043cdf9d637-common-args.resp
    
    /Applications/Xcode.app/Contents/Developer/Toolchains/XcodeDefault.xctoolchain/usr/bin/clang -x c -ivfsstatcache /Users/colbycorcoran/Library/Developer/Xcode/DerivedData/SDKStatCaches.noindex/iphoneos26.2-23C53-3794476bd08197c3e2abd9bb477ef7f7.sdkstatcache -fmessage-length\=0 -fdiagnostics-show-note-include-stack -fmacro-backtrace-limit\=0 -fno-color-diagnostics -fmodules-prune-interval\=86400 -fmodules-prune-after\=345600 -fbuild-session-file\=/Users/colbycorcoran/Library/Developer/Xcode/DerivedData/ModuleCache.noindex/Session.modulevalidation -fmodules-validate-once-per-build-session -Wnon-modular-include-in-framework-module -Werror\=non-modular-include-in-framework-module -Wno-trigraphs -Wno-missing-field-initializers -Wno-missing-prototypes -Wno-return-type -Wno-missing-braces -Wparentheses -Wswitch -Wno-unused-function -Wno-unused-label -Wno-unused-parameter -Wno-unused-variable -Wunused-value -Wno-empty-body -Wno-uninitialized -Wno-unknown-pragmas -w -Wno-shadow -Wno-four-char-constants -Wno-conversion -Wno-constant-conversion -Wno-int-conversion -Wno-bool-conversion -Wno-enum-conversion -Wno-float-conversion -Wno-non-literal-null-conversion -Wno-objc-literal-conversion -Wshorten-64-to-32 -Wpointer-sign -Wno-newline-eof -Wno-implicit-fallthrough -fstrict-aliasing -Wdeprecated-declarations -Wno-sign-conversion -Wno-infinite-recursion -Wno-comma -Wno-block-capture-autoreleasing -Wno-strict-prototypes -Wno-semicolon-before-method-body -index-store-path /Users/colbycorcoran/Library/Developer/Xcode/DerivedData/Fiz-fiflxcjvlfosoebhvlytfgwprkxo/Index.noindex/DataStore @/Users/colbycorcoran/Library/Developer/Xcode/DerivedData/Fiz-fiflxcjvlfosoebhvlytfgwprkxo/Build/Intermediates.noindex/PostHog.build/Debug-iphoneos/phlibwebp.build/Objects-normal/arm64/7187679823f38a2a940e0043cdf9d637-common-args.resp -MMD -MT dependencies -MF /Users/colbycorcoran/Library/Developer/Xcode/DerivedData/Fiz-fiflxcjvlfosoebhvlytfgwprkxo/Build/Intermediates.noindex/PostHog.build/Debug-iphoneos/phlibwebp.build/Objects-normal/arm64/sharpyuv_cpu.d --serialize-diagnostics /Users/colbycorcoran/Library/Developer/Xcode/DerivedData/Fiz-fiflxcjvlfosoebhvlytfgwprkxo/Build/Intermediates.noindex/PostHog.build/Debug-iphoneos/phlibwebp.build/Objects-normal/arm64/sharpyuv_cpu.dia -c /Users/colbycorcoran/Library/Developer/Xcode/DerivedData/Fiz-fiflxcjvlfosoebhvlytfgwprkxo/SourcePackages/checkouts/posthog-ios/vendor/libwebp/sharpyuv_cpu.c -o /Users/colbycorcoran/Library/Developer/Xcode/DerivedData/Fiz-fiflxcjvlfosoebhvlytfgwprkxo/Build/Intermediates.noindex/PostHog.build/Debug-iphoneos/phlibwebp.build/Objects-normal/arm64/sharpyuv_cpu.o -index-unit-output-path /PostHog.build/Debug-iphoneos/phlibwebp.build/Objects-normal/arm64/sharpyuv_cpu.o

CompileC /Users/colbycorcoran/Library/Developer/Xcode/DerivedData/Fiz-fiflxcjvlfosoebhvlytfgwprkxo/Build/Intermediates.noindex/PostHog.build/Debug-iphoneos/phlibwebp.build/Objects-normal/arm64/sharpyuv.o /Users/colbycorcoran/Library/Developer/Xcode/DerivedData/Fiz-fiflxcjvlfosoebhvlytfgwprkxo/SourcePackages/checkouts/posthog-ios/vendor/libwebp/sharpyuv.c normal arm64 c com.apple.compilers.llvm.clang.1_0.compiler (in target 'phlibwebp' from project 'PostHog')
    cd /Users/colbycorcoran/Documents/App\ Development/Fiz/Fiz.xcodeproj
    
    Using response file: /Users/colbycorcoran/Library/Developer/Xcode/DerivedData/Fiz-fiflxcjvlfosoebhvlytfgwprkxo/Build/Intermediates.noindex/PostHog.build/Debug-iphoneos/phlibwebp.build/Objects-normal/arm64/7187679823f38a2a940e0043cdf9d637-common-args.resp
    
    /Applications/Xcode.app/Contents/Developer/Toolchains/XcodeDefault.xctoolchain/usr/bin/clang -x c -ivfsstatcache /Users/colbycorcoran/Library/Developer/Xcode/DerivedData/SDKStatCaches.noindex/iphoneos26.2-23C53-3794476bd08197c3e2abd9bb477ef7f7.sdkstatcache -fmessage-length\=0 -fdiagnostics-show-note-include-stack -fmacro-backtrace-limit\=0 -fno-color-diagnostics -fmodules-prune-interval\=86400 -fmodules-prune-after\=345600 -fbuild-session-file\=/Users/colbycorcoran/Library/Developer/Xcode/DerivedData/ModuleCache.noindex/Session.modulevalidation -fmodules-validate-once-per-build-session -Wnon-modular-include-in-framework-module -Werror\=non-modular-include-in-framework-module -Wno-trigraphs -Wno-missing-field-initializers -Wno-missing-prototypes -Wno-return-type -Wno-missing-braces -Wparentheses -Wswitch -Wno-unused-function -Wno-unused-label -Wno-unused-parameter -Wno-unused-variable -Wunused-value -Wno-empty-body -Wno-uninitialized -Wno-unknown-pragmas -w -Wno-shadow -Wno-four-char-constants -Wno-conversion -Wno-constant-conversion -Wno-int-conversion -Wno-bool-conversion -Wno-enum-conversion -Wno-float-conversion -Wno-non-literal-null-conversion -Wno-objc-literal-conversion -Wshorten-64-to-32 -Wpointer-sign -Wno-newline-eof -Wno-implicit-fallthrough -fstrict-aliasing -Wdeprecated-declarations -Wno-sign-conversion -Wno-infinite-recursion -Wno-comma -Wno-block-capture-autoreleasing -Wno-strict-prototypes -Wno-semicolon-before-method-body -index-store-path /Users/colbycorcoran/Library/Developer/Xcode/DerivedData/Fiz-fiflxcjvlfosoebhvlytfgwprkxo/Index.noindex/DataStore @/Users/colbycorcoran/Library/Developer/Xcode/DerivedData/Fiz-fiflxcjvlfosoebhvlytfgwprkxo/Build/Intermediates.noindex/PostHog.build/Debug-iphoneos/phlibwebp.build/Objects-normal/arm64/7187679823f38a2a940e0043cdf9d637-common-args.resp -MMD -MT dependencies -MF /Users/colbycorcoran/Library/Developer/Xcode/DerivedData/Fiz-fiflxcjvlfosoebhvlytfgwprkxo/Build/Intermediates.noindex/PostHog.build/Debug-iphoneos/phlibwebp.build/Objects-normal/arm64/sharpyuv.d --serialize-diagnostics /Users/colbycorcoran/Library/Developer/Xcode/DerivedData/Fiz-fiflxcjvlfosoebhvlytfgwprkxo/Build/Intermediates.noindex/PostHog.build/Debug-iphoneos/phlibwebp.build/Objects-normal/arm64/sharpyuv.dia -c /Users/colbycorcoran/Library/Developer/Xcode/DerivedData/Fiz-fiflxcjvlfosoebhvlytfgwprkxo/SourcePackages/checkouts/posthog-ios/vendor/libwebp/sharpyuv.c -o /Users/colbycorcoran/Library/Developer/Xcode/DerivedData/Fiz-fiflxcjvlfosoebhvlytfgwprkxo/Build/Intermediates.noindex/PostHog.build/Debug-iphoneos/phlibwebp.build/Objects-normal/arm64/sharpyuv.o -index-unit-output-path /PostHog.build/Debug-iphoneos/phlibwebp.build/Objects-normal/arm64/sharpyuv.o

CompileC /Users/colbycorcoran/Library/Developer/Xcode/DerivedData/Fiz-fiflxcjvlfosoebhvlytfgwprkxo/Build/Intermediates.noindex/PostHog.build/Debug-iphoneos/phlibwebp.build/Objects-normal/arm64/rescaler_utils.o /Users/colbycorcoran/Library/Developer/Xcode/DerivedData/Fiz-fiflxcjvlfosoebhvlytfgwprkxo/SourcePackages/checkouts/posthog-ios/vendor/libwebp/rescaler_utils.c normal arm64 c com.apple.compilers.llvm.clang.1_0.compiler (in target 'phlibwebp' from project 'PostHog')
    cd /Users/colbycorcoran/Documents/App\ Development/Fiz/Fiz.xcodeproj
    
    Using response file: /Users/colbycorcoran/Library/Developer/Xcode/DerivedData/Fiz-fiflxcjvlfosoebhvlytfgwprkxo/Build/Intermediates.noindex/PostHog.build/Debug-iphoneos/phlibwebp.build/Objects-normal/arm64/7187679823f38a2a940e0043cdf9d637-common-args.resp
    
    /Applications/Xcode.app/Contents/Developer/Toolchains/XcodeDefault.xctoolchain/usr/bin/clang -x c -ivfsstatcache /Users/colbycorcoran/Library/Developer/Xcode/DerivedData/SDKStatCaches.noindex/iphoneos26.2-23C53-3794476bd08197c3e2abd9bb477ef7f7.sdkstatcache -fmessage-length\=0 -fdiagnostics-show-note-include-stack -fmacro-backtrace-limit\=0 -fno-color-diagnostics -fmodules-prune-interval\=86400 -fmodules-prune-after\=345600 -fbuild-session-file\=/Users/colbycorcoran/Library/Developer/Xcode/DerivedData/ModuleCache.noindex/Session.modulevalidation -fmodules-validate-once-per-build-session -Wnon-modular-include-in-framework-module -Werror\=non-modular-include-in-framework-module -Wno-trigraphs -Wno-missing-field-initializers -Wno-missing-prototypes -Wno-return-type -Wno-missing-braces -Wparentheses -Wswitch -Wno-unused-function -Wno-unused-label -Wno-unused-parameter -Wno-unused-variable -Wunused-value -Wno-empty-body -Wno-uninitialized -Wno-unknown-pragmas -w -Wno-shadow -Wno-four-char-constants -Wno-conversion -Wno-constant-conversion -Wno-int-conversion -Wno-bool-conversion -Wno-enum-conversion -Wno-float-conversion -Wno-non-literal-null-conversion -Wno-objc-literal-conversion -Wshorten-64-to-32 -Wpointer-sign -Wno-newline-eof -Wno-implicit-fallthrough -fstrict-aliasing -Wdeprecated-declarations -Wno-sign-conversion -Wno-infinite-recursion -Wno-comma -Wno-block-capture-autoreleasing -Wno-strict-prototypes -Wno-semicolon-before-method-body -index-store-path /Users/colbycorcoran/Library/Developer/Xcode/DerivedData/Fiz-fiflxcjvlfosoebhvlytfgwprkxo/Index.noindex/DataStore @/Users/colbycorcoran/Library/Developer/Xcode/DerivedData/Fiz-fiflxcjvlfosoebhvlytfgwprkxo/Build/Intermediates.noindex/PostHog.build/Debug-iphoneos/phlibwebp.build/Objects-normal/arm64/7187679823f38a2a940e0043cdf9d637-common-args.resp -MMD -MT dependencies -MF /Users/colbycorcoran/Library/Developer/Xcode/DerivedData/Fiz-fiflxcjvlfosoebhvlytfgwprkxo/Build/Intermediates.noindex/PostHog.build/Debug-iphoneos/phlibwebp.build/Objects-normal/arm64/rescaler_utils.d --serialize-diagnostics /Users/colbycorcoran/Library/Developer/Xcode/DerivedData/Fiz-fiflxcjvlfosoebhvlytfgwprkxo/Build/Intermediates.noindex/PostHog.build/Debug-iphoneos/phlibwebp.build/Objects-normal/arm64/rescaler_utils.dia -c /Users/colbycorcoran/Library/Developer/Xcode/DerivedData/Fiz-fiflxcjvlfosoebhvlytfgwprkxo/SourcePackages/checkouts/posthog-ios/vendor/libwebp/rescaler_utils.c -o /Users/colbycorcoran/Library/Developer/Xcode/DerivedData/Fiz-fiflxcjvlfosoebhvlytfgwprkxo/Build/Intermediates.noindex/PostHog.build/Debug-iphoneos/phlibwebp.build/Objects-normal/arm64/rescaler_utils.o -index-unit-output-path /PostHog.build/Debug-iphoneos/phlibwebp.build/Objects-normal/arm64/rescaler_utils.o

CompileC /Users/colbycorcoran/Library/Developer/Xcode/DerivedData/Fiz-fiflxcjvlfosoebhvlytfgwprkxo/Build/Intermediates.noindex/PostHog.build/Debug-iphoneos/phlibwebp.build/Objects-normal/arm64/rescaler_sse2.o /Users/colbycorcoran/Library/Developer/Xcode/DerivedData/Fiz-fiflxcjvlfosoebhvlytfgwprkxo/SourcePackages/checkouts/posthog-ios/vendor/libwebp/rescaler_sse2.c normal arm64 c com.apple.compilers.llvm.clang.1_0.compiler (in target 'phlibwebp' from project 'PostHog')
    cd /Users/colbycorcoran/Documents/App\ Development/Fiz/Fiz.xcodeproj
    
    Using response file: /Users/colbycorcoran/Library/Developer/Xcode/DerivedData/Fiz-fiflxcjvlfosoebhvlytfgwprkxo/Build/Intermediates.noindex/PostHog.build/Debug-iphoneos/phlibwebp.build/Objects-normal/arm64/7187679823f38a2a940e0043cdf9d637-common-args.resp
    
    /Applications/Xcode.app/Contents/Developer/Toolchains/XcodeDefault.xctoolchain/usr/bin/clang -x c -ivfsstatcache /Users/colbycorcoran/Library/Developer/Xcode/DerivedData/SDKStatCaches.noindex/iphoneos26.2-23C53-3794476bd08197c3e2abd9bb477ef7f7.sdkstatcache -fmessage-length\=0 -fdiagnostics-show-note-include-stack -fmacro-backtrace-limit\=0 -fno-color-diagnostics -fmodules-prune-interval\=86400 -fmodules-prune-after\=345600 -fbuild-session-file\=/Users/colbycorcoran/Library/Developer/Xcode/DerivedData/ModuleCache.noindex/Session.modulevalidation -fmodules-validate-once-per-build-session -Wnon-modular-include-in-framework-module -Werror\=non-modular-include-in-framework-module -Wno-trigraphs -Wno-missing-field-initializers -Wno-missing-prototypes -Wno-return-type -Wno-missing-braces -Wparentheses -Wswitch -Wno-unused-function -Wno-unused-label -Wno-unused-parameter -Wno-unused-variable -Wunused-value -Wno-empty-body -Wno-uninitialized -Wno-unknown-pragmas -w -Wno-shadow -Wno-four-char-constants -Wno-conversion -Wno-constant-conversion -Wno-int-conversion -Wno-bool-conversion -Wno-enum-conversion -Wno-float-conversion -Wno-non-literal-null-conversion -Wno-objc-literal-conversion -Wshorten-64-to-32 -Wpointer-sign -Wno-newline-eof -Wno-implicit-fallthrough -fstrict-aliasing -Wdeprecated-declarations -Wno-sign-conversion -Wno-infinite-recursion -Wno-comma -Wno-block-capture-autoreleasing -Wno-strict-prototypes -Wno-semicolon-before-method-body -index-store-path /Users/colbycorcoran/Library/Developer/Xcode/DerivedData/Fiz-fiflxcjvlfosoebhvlytfgwprkxo/Index.noindex/DataStore @/Users/colbycorcoran/Library/Developer/Xcode/DerivedData/Fiz-fiflxcjvlfosoebhvlytfgwprkxo/Build/Intermediates.noindex/PostHog.build/Debug-iphoneos/phlibwebp.build/Objects-normal/arm64/7187679823f38a2a940e0043cdf9d637-common-args.resp -MMD -MT dependencies -MF /Users/colbycorcoran/Library/Developer/Xcode/DerivedData/Fiz-fiflxcjvlfosoebhvlytfgwprkxo/Build/Intermediates.noindex/PostHog.build/Debug-iphoneos/phlibwebp.build/Objects-normal/arm64/rescaler_sse2.d --serialize-diagnostics /Users/colbycorcoran/Library/Developer/Xcode/DerivedData/Fiz-fiflxcjvlfosoebhvlytfgwprkxo/Build/Intermediates.noindex/PostHog.build/Debug-iphoneos/phlibwebp.build/Objects-normal/arm64/rescaler_sse2.dia -c /Users/colbycorcoran/Library/Developer/Xcode/DerivedData/Fiz-fiflxcjvlfosoebhvlytfgwprkxo/SourcePackages/checkouts/posthog-ios/vendor/libwebp/rescaler_sse2.c -o /Users/colbycorcoran/Library/Developer/Xcode/DerivedData/Fiz-fiflxcjvlfosoebhvlytfgwprkxo/Build/Intermediates.noindex/PostHog.build/Debug-iphoneos/phlibwebp.build/Objects-normal/arm64/rescaler_sse2.o -index-unit-output-path /PostHog.build/Debug-iphoneos/phlibwebp.build/Objects-normal/arm64/rescaler_sse2.o

CompileC /Users/colbycorcoran/Library/Developer/Xcode/DerivedData/Fiz-fiflxcjvlfosoebhvlytfgwprkxo/Build/Intermediates.noindex/PostHog.build/Debug-iphoneos/phlibwebp.build/Objects-normal/arm64/rescaler_neon.o /Users/colbycorcoran/Library/Developer/Xcode/DerivedData/Fiz-fiflxcjvlfosoebhvlytfgwprkxo/SourcePackages/checkouts/posthog-ios/vendor/libwebp/rescaler_neon.c normal arm64 c com.apple.compilers.llvm.clang.1_0.compiler (in target 'phlibwebp' from project 'PostHog')
    cd /Users/colbycorcoran/Documents/App\ Development/Fiz/Fiz.xcodeproj
    
    Using response file: /Users/colbycorcoran/Library/Developer/Xcode/DerivedData/Fiz-fiflxcjvlfosoebhvlytfgwprkxo/Build/Intermediates.noindex/PostHog.build/Debug-iphoneos/phlibwebp.build/Objects-normal/arm64/7187679823f38a2a940e0043cdf9d637-common-args.resp
    
    /Applications/Xcode.app/Contents/Developer/Toolchains/XcodeDefault.xctoolchain/usr/bin/clang -x c -ivfsstatcache /Users/colbycorcoran/Library/Developer/Xcode/DerivedData/SDKStatCaches.noindex/iphoneos26.2-23C53-3794476bd08197c3e2abd9bb477ef7f7.sdkstatcache -fmessage-length\=0 -fdiagnostics-show-note-include-stack -fmacro-backtrace-limit\=0 -fno-color-diagnostics -fmodules-prune-interval\=86400 -fmodules-prune-after\=345600 -fbuild-session-file\=/Users/colbycorcoran/Library/Developer/Xcode/DerivedData/ModuleCache.noindex/Session.modulevalidation -fmodules-validate-once-per-build-session -Wnon-modular-include-in-framework-module -Werror\=non-modular-include-in-framework-module -Wno-trigraphs -Wno-missing-field-initializers -Wno-missing-prototypes -Wno-return-type -Wno-missing-braces -Wparentheses -Wswitch -Wno-unused-function -Wno-unused-label -Wno-unused-parameter -Wno-unused-variable -Wunused-value -Wno-empty-body -Wno-uninitialized -Wno-unknown-pragmas -w -Wno-shadow -Wno-four-char-constants -Wno-conversion -Wno-constant-conversion -Wno-int-conversion -Wno-bool-conversion -Wno-enum-conversion -Wno-float-conversion -Wno-non-literal-null-conversion -Wno-objc-literal-conversion -Wshorten-64-to-32 -Wpointer-sign -Wno-newline-eof -Wno-implicit-fallthrough -fstrict-aliasing -Wdeprecated-declarations -Wno-sign-conversion -Wno-infinite-recursion -Wno-comma -Wno-block-capture-autoreleasing -Wno-strict-prototypes -Wno-semicolon-before-method-body -index-store-path /Users/colbycorcoran/Library/Developer/Xcode/DerivedData/Fiz-fiflxcjvlfosoebhvlytfgwprkxo/Index.noindex/DataStore @/Users/colbycorcoran/Library/Developer/Xcode/DerivedData/Fiz-fiflxcjvlfosoebhvlytfgwprkxo/Build/Intermediates.noindex/PostHog.build/Debug-iphoneos/phlibwebp.build/Objects-normal/arm64/7187679823f38a2a940e0043cdf9d637-common-args.resp -MMD -MT dependencies -MF /Users/colbycorcoran/Library/Developer/Xcode/DerivedData/Fiz-fiflxcjvlfosoebhvlytfgwprkxo/Build/Intermediates.noindex/PostHog.build/Debug-iphoneos/phlibwebp.build/Objects-normal/arm64/rescaler_neon.d --serialize-diagnostics /Users/colbycorcoran/Library/Developer/Xcode/DerivedData/Fiz-fiflxcjvlfosoebhvlytfgwprkxo/Build/Intermediates.noindex/PostHog.build/Debug-iphoneos/phlibwebp.build/Objects-normal/arm64/rescaler_neon.dia -c /Users/colbycorcoran/Library/Developer/Xcode/DerivedData/Fiz-fiflxcjvlfosoebhvlytfgwprkxo/SourcePackages/checkouts/posthog-ios/vendor/libwebp/rescaler_neon.c -o /Users/colbycorcoran/Library/Developer/Xcode/DerivedData/Fiz-fiflxcjvlfosoebhvlytfgwprkxo/Build/Intermediates.noindex/PostHog.build/Debug-iphoneos/phlibwebp.build/Objects-normal/arm64/rescaler_neon.o -index-unit-output-path /PostHog.build/Debug-iphoneos/phlibwebp.build/Objects-normal/arm64/rescaler_neon.o

CompileC /Users/colbycorcoran/Library/Developer/Xcode/DerivedData/Fiz-fiflxcjvlfosoebhvlytfgwprkxo/Build/Intermediates.noindex/PostHog.build/Debug-iphoneos/phlibwebp.build/Objects-normal/arm64/rescaler.o /Users/colbycorcoran/Library/Developer/Xcode/DerivedData/Fiz-fiflxcjvlfosoebhvlytfgwprkxo/SourcePackages/checkouts/posthog-ios/vendor/libwebp/rescaler.c normal arm64 c com.apple.compilers.llvm.clang.1_0.compiler (in target 'phlibwebp' from project 'PostHog')
    cd /Users/colbycorcoran/Documents/App\ Development/Fiz/Fiz.xcodeproj
    
    Using response file: /Users/colbycorcoran/Library/Developer/Xcode/DerivedData/Fiz-fiflxcjvlfosoebhvlytfgwprkxo/Build/Intermediates.noindex/PostHog.build/Debug-iphoneos/phlibwebp.build/Objects-normal/arm64/7187679823f38a2a940e0043cdf9d637-common-args.resp
    
    /Applications/Xcode.app/Contents/Developer/Toolchains/XcodeDefault.xctoolchain/usr/bin/clang -x c -ivfsstatcache /Users/colbycorcoran/Library/Developer/Xcode/DerivedData/SDKStatCaches.noindex/iphoneos26.2-23C53-3794476bd08197c3e2abd9bb477ef7f7.sdkstatcache -fmessage-length\=0 -fdiagnostics-show-note-include-stack -fmacro-backtrace-limit\=0 -fno-color-diagnostics -fmodules-prune-interval\=86400 -fmodules-prune-after\=345600 -fbuild-session-file\=/Users/colbycorcoran/Library/Developer/Xcode/DerivedData/ModuleCache.noindex/Session.modulevalidation -fmodules-validate-once-per-build-session -Wnon-modular-include-in-framework-module -Werror\=non-modular-include-in-framework-module -Wno-trigraphs -Wno-missing-field-initializers -Wno-missing-prototypes -Wno-return-type -Wno-missing-braces -Wparentheses -Wswitch -Wno-unused-function -Wno-unused-label -Wno-unused-parameter -Wno-unused-variable -Wunused-value -Wno-empty-body -Wno-uninitialized -Wno-unknown-pragmas -w -Wno-shadow -Wno-four-char-constants -Wno-conversion -Wno-constant-conversion -Wno-int-conversion -Wno-bool-conversion -Wno-enum-conversion -Wno-float-conversion -Wno-non-literal-null-conversion -Wno-objc-literal-conversion -Wshorten-64-to-32 -Wpointer-sign -Wno-newline-eof -Wno-implicit-fallthrough -fstrict-aliasing -Wdeprecated-declarations -Wno-sign-conversion -Wno-infinite-recursion -Wno-comma -Wno-block-capture-autoreleasing -Wno-strict-prototypes -Wno-semicolon-before-method-body -index-store-path /Users/colbycorcoran/Library/Developer/Xcode/DerivedData/Fiz-fiflxcjvlfosoebhvlytfgwprkxo/Index.noindex/DataStore @/Users/colbycorcoran/Library/Developer/Xcode/DerivedData/Fiz-fiflxcjvlfosoebhvlytfgwprkxo/Build/Intermediates.noindex/PostHog.build/Debug-iphoneos/phlibwebp.build/Objects-normal/arm64/7187679823f38a2a940e0043cdf9d637-common-args.resp -MMD -MT dependencies -MF /Users/colbycorcoran/Library/Developer/Xcode/DerivedData/Fiz-fiflxcjvlfosoebhvlytfgwprkxo/Build/Intermediates.noindex/PostHog.build/Debug-iphoneos/phlibwebp.build/Objects-normal/arm64/rescaler.d --serialize-diagnostics /Users/colbycorcoran/Library/Developer/Xcode/DerivedData/Fiz-fiflxcjvlfosoebhvlytfgwprkxo/Build/Intermediates.noindex/PostHog.build/Debug-iphoneos/phlibwebp.build/Objects-normal/arm64/rescaler.dia -c /Users/colbycorcoran/Library/Developer/Xcode/DerivedData/Fiz-fiflxcjvlfosoebhvlytfgwprkxo/SourcePackages/checkouts/posthog-ios/vendor/libwebp/rescaler.c -o /Users/colbycorcoran/Library/Developer/Xcode/DerivedData/Fiz-fiflxcjvlfosoebhvlytfgwprkxo/Build/Intermediates.noindex/PostHog.build/Debug-iphoneos/phlibwebp.build/Objects-normal/arm64/rescaler.o -index-unit-output-path /PostHog.build/Debug-iphoneos/phlibwebp.build/Objects-normal/arm64/rescaler.o

CompileC /Users/colbycorcoran/Library/Developer/Xcode/DerivedData/Fiz-fiflxcjvlfosoebhvlytfgwprkxo/Build/Intermediates.noindex/PostHog.build/Debug-iphoneos/phlibwebp.build/Objects-normal/arm64/random_utils.o /Users/colbycorcoran/Library/Developer/Xcode/DerivedData/Fiz-fiflxcjvlfosoebhvlytfgwprkxo/SourcePackages/checkouts/posthog-ios/vendor/libwebp/random_utils.c normal arm64 c com.apple.compilers.llvm.clang.1_0.compiler (in target 'phlibwebp' from project 'PostHog')
    cd /Users/colbycorcoran/Documents/App\ Development/Fiz/Fiz.xcodeproj
    
    Using response file: /Users/colbycorcoran/Library/Developer/Xcode/DerivedData/Fiz-fiflxcjvlfosoebhvlytfgwprkxo/Build/Intermediates.noindex/PostHog.build/Debug-iphoneos/phlibwebp.build/Objects-normal/arm64/7187679823f38a2a940e0043cdf9d637-common-args.resp
    
    /Applications/Xcode.app/Contents/Developer/Toolchains/XcodeDefault.xctoolchain/usr/bin/clang -x c -ivfsstatcache /Users/colbycorcoran/Library/Developer/Xcode/DerivedData/SDKStatCaches.noindex/iphoneos26.2-23C53-3794476bd08197c3e2abd9bb477ef7f7.sdkstatcache -fmessage-length\=0 -fdiagnostics-show-note-include-stack -fmacro-backtrace-limit\=0 -fno-color-diagnostics -fmodules-prune-interval\=86400 -fmodules-prune-after\=345600 -fbuild-session-file\=/Users/colbycorcoran/Library/Developer/Xcode/DerivedData/ModuleCache.noindex/Session.modulevalidation -fmodules-validate-once-per-build-session -Wnon-modular-include-in-framework-module -Werror\=non-modular-include-in-framework-module -Wno-trigraphs -Wno-missing-field-initializers -Wno-missing-prototypes -Wno-return-type -Wno-missing-braces -Wparentheses -Wswitch -Wno-unused-function -Wno-unused-label -Wno-unused-parameter -Wno-unused-variable -Wunused-value -Wno-empty-body -Wno-uninitialized -Wno-unknown-pragmas -w -Wno-shadow -Wno-four-char-constants -Wno-conversion -Wno-constant-conversion -Wno-int-conversion -Wno-bool-conversion -Wno-enum-conversion -Wno-float-conversion -Wno-non-literal-null-conversion -Wno-objc-literal-conversion -Wshorten-64-to-32 -Wpointer-sign -Wno-newline-eof -Wno-implicit-fallthrough -fstrict-aliasing -Wdeprecated-declarations -Wno-sign-conversion -Wno-infinite-recursion -Wno-comma -Wno-block-capture-autoreleasing -Wno-strict-prototypes -Wno-semicolon-before-method-body -index-store-path /Users/colbycorcoran/Library/Developer/Xcode/DerivedData/Fiz-fiflxcjvlfosoebhvlytfgwprkxo/Index.noindex/DataStore @/Users/colbycorcoran/Library/Developer/Xcode/DerivedData/Fiz-fiflxcjvlfosoebhvlytfgwprkxo/Build/Intermediates.noindex/PostHog.build/Debug-iphoneos/phlibwebp.build/Objects-normal/arm64/7187679823f38a2a940e0043cdf9d637-common-args.resp -MMD -MT dependencies -MF /Users/colbycorcoran/Library/Developer/Xcode/DerivedData/Fiz-fiflxcjvlfosoebhvlytfgwprkxo/Build/Intermediates.noindex/PostHog.build/Debug-iphoneos/phlibwebp.build/Objects-normal/arm64/random_utils.d --serialize-diagnostics /Users/colbycorcoran/Library/Developer/Xcode/DerivedData/Fiz-fiflxcjvlfosoebhvlytfgwprkxo/Build/Intermediates.noindex/PostHog.build/Debug-iphoneos/phlibwebp.build/Objects-normal/arm64/random_utils.dia -c /Users/colbycorcoran/Library/Developer/Xcode/DerivedData/Fiz-fiflxcjvlfosoebhvlytfgwprkxo/SourcePackages/checkouts/posthog-ios/vendor/libwebp/random_utils.c -o /Users/colbycorcoran/Library/Developer/Xcode/DerivedData/Fiz-fiflxcjvlfosoebhvlytfgwprkxo/Build/Intermediates.noindex/PostHog.build/Debug-iphoneos/phlibwebp.build/Objects-normal/arm64/random_utils.o -index-unit-output-path /PostHog.build/Debug-iphoneos/phlibwebp.build/Objects-normal/arm64/random_utils.o

CompileC /Users/colbycorcoran/Library/Developer/Xcode/DerivedData/Fiz-fiflxcjvlfosoebhvlytfgwprkxo/Build/Intermediates.noindex/PostHog.build/Debug-iphoneos/phlibwebp.build/Objects-normal/arm64/quant_levels_utils.o /Users/colbycorcoran/Library/Developer/Xcode/DerivedData/Fiz-fiflxcjvlfosoebhvlytfgwprkxo/SourcePackages/checkouts/posthog-ios/vendor/libwebp/quant_levels_utils.c normal arm64 c com.apple.compilers.llvm.clang.1_0.compiler (in target 'phlibwebp' from project 'PostHog')
    cd /Users/colbycorcoran/Documents/App\ Development/Fiz/Fiz.xcodeproj
    
    Using response file: /Users/colbycorcoran/Library/Developer/Xcode/DerivedData/Fiz-fiflxcjvlfosoebhvlytfgwprkxo/Build/Intermediates.noindex/PostHog.build/Debug-iphoneos/phlibwebp.build/Objects-normal/arm64/7187679823f38a2a940e0043cdf9d637-common-args.resp
    
    /Applications/Xcode.app/Contents/Developer/Toolchains/XcodeDefault.xctoolchain/usr/bin/clang -x c -ivfsstatcache /Users/colbycorcoran/Library/Developer/Xcode/DerivedData/SDKStatCaches.noindex/iphoneos26.2-23C53-3794476bd08197c3e2abd9bb477ef7f7.sdkstatcache -fmessage-length\=0 -fdiagnostics-show-note-include-stack -fmacro-backtrace-limit\=0 -fno-color-diagnostics -fmodules-prune-interval\=86400 -fmodules-prune-after\=345600 -fbuild-session-file\=/Users/colbycorcoran/Library/Developer/Xcode/DerivedData/ModuleCache.noindex/Session.modulevalidation -fmodules-validate-once-per-build-session -Wnon-modular-include-in-framework-module -Werror\=non-modular-include-in-framework-module -Wno-trigraphs -Wno-missing-field-initializers -Wno-missing-prototypes -Wno-return-type -Wno-missing-braces -Wparentheses -Wswitch -Wno-unused-function -Wno-unused-label -Wno-unused-parameter -Wno-unused-variable -Wunused-value -Wno-empty-body -Wno-uninitialized -Wno-unknown-pragmas -w -Wno-shadow -Wno-four-char-constants -Wno-conversion -Wno-constant-conversion -Wno-int-conversion -Wno-bool-conversion -Wno-enum-conversion -Wno-float-conversion -Wno-non-literal-null-conversion -Wno-objc-literal-conversion -Wshorten-64-to-32 -Wpointer-sign -Wno-newline-eof -Wno-implicit-fallthrough -fstrict-aliasing -Wdeprecated-declarations -Wno-sign-conversion -Wno-infinite-recursion -Wno-comma -Wno-block-capture-autoreleasing -Wno-strict-prototypes -Wno-semicolon-before-method-body -index-store-path /Users/colbycorcoran/Library/Developer/Xcode/DerivedData/Fiz-fiflxcjvlfosoebhvlytfgwprkxo/Index.noindex/DataStore @/Users/colbycorcoran/Library/Developer/Xcode/DerivedData/Fiz-fiflxcjvlfosoebhvlytfgwprkxo/Build/Intermediates.noindex/PostHog.build/Debug-iphoneos/phlibwebp.build/Objects-normal/arm64/7187679823f38a2a940e0043cdf9d637-common-args.resp -MMD -MT dependencies -MF /Users/colbycorcoran/Library/Developer/Xcode/DerivedData/Fiz-fiflxcjvlfosoebhvlytfgwprkxo/Build/Intermediates.noindex/PostHog.build/Debug-iphoneos/phlibwebp.build/Objects-normal/arm64/quant_levels_utils.d --serialize-diagnostics /Users/colbycorcoran/Library/Developer/Xcode/DerivedData/Fiz-fiflxcjvlfosoebhvlytfgwprkxo/Build/Intermediates.noindex/PostHog.build/Debug-iphoneos/phlibwebp.build/Objects-normal/arm64/quant_levels_utils.dia -c /Users/colbycorcoran/Library/Developer/Xcode/DerivedData/Fiz-fiflxcjvlfosoebhvlytfgwprkxo/SourcePackages/checkouts/posthog-ios/vendor/libwebp/quant_levels_utils.c -o /Users/colbycorcoran/Library/Developer/Xcode/DerivedData/Fiz-fiflxcjvlfosoebhvlytfgwprkxo/Build/Intermediates.noindex/PostHog.build/Debug-iphoneos/phlibwebp.build/Objects-normal/arm64/quant_levels_utils.o -index-unit-output-path /PostHog.build/Debug-iphoneos/phlibwebp.build/Objects-normal/arm64/quant_levels_utils.o

CompileC /Users/colbycorcoran/Library/Developer/Xcode/DerivedData/Fiz-fiflxcjvlfosoebhvlytfgwprkxo/Build/Intermediates.noindex/PostHog.build/Debug-iphoneos/phlibwebp.build/Objects-normal/arm64/quant_levels_dec_utils.o /Users/colbycorcoran/Library/Developer/Xcode/DerivedData/Fiz-fiflxcjvlfosoebhvlytfgwprkxo/SourcePackages/checkouts/posthog-ios/vendor/libwebp/quant_levels_dec_utils.c normal arm64 c com.apple.compilers.llvm.clang.1_0.compiler (in target 'phlibwebp' from project 'PostHog')
    cd /Users/colbycorcoran/Documents/App\ Development/Fiz/Fiz.xcodeproj
    
    Using response file: /Users/colbycorcoran/Library/Developer/Xcode/DerivedData/Fiz-fiflxcjvlfosoebhvlytfgwprkxo/Build/Intermediates.noindex/PostHog.build/Debug-iphoneos/phlibwebp.build/Objects-normal/arm64/7187679823f38a2a940e0043cdf9d637-common-args.resp
    
    /Applications/Xcode.app/Contents/Developer/Toolchains/XcodeDefault.xctoolchain/usr/bin/clang -x c -ivfsstatcache /Users/colbycorcoran/Library/Developer/Xcode/DerivedData/SDKStatCaches.noindex/iphoneos26.2-23C53-3794476bd08197c3e2abd9bb477ef7f7.sdkstatcache -fmessage-length\=0 -fdiagnostics-show-note-include-stack -fmacro-backtrace-limit\=0 -fno-color-diagnostics -fmodules-prune-interval\=86400 -fmodules-prune-after\=345600 -fbuild-session-file\=/Users/colbycorcoran/Library/Developer/Xcode/DerivedData/ModuleCache.noindex/Session.modulevalidation -fmodules-validate-once-per-build-session -Wnon-modular-include-in-framework-module -Werror\=non-modular-include-in-framework-module -Wno-trigraphs -Wno-missing-field-initializers -Wno-missing-prototypes -Wno-return-type -Wno-missing-braces -Wparentheses -Wswitch -Wno-unused-function -Wno-unused-label -Wno-unused-parameter -Wno-unused-variable -Wunused-value -Wno-empty-body -Wno-uninitialized -Wno-unknown-pragmas -w -Wno-shadow -Wno-four-char-constants -Wno-conversion -Wno-constant-conversion -Wno-int-conversion -Wno-bool-conversion -Wno-enum-conversion -Wno-float-conversion -Wno-non-literal-null-conversion -Wno-objc-literal-conversion -Wshorten-64-to-32 -Wpointer-sign -Wno-newline-eof -Wno-implicit-fallthrough -fstrict-aliasing -Wdeprecated-declarations -Wno-sign-conversion -Wno-infinite-recursion -Wno-comma -Wno-block-capture-autoreleasing -Wno-strict-prototypes -Wno-semicolon-before-method-body -index-store-path /Users/colbycorcoran/Library/Developer/Xcode/DerivedData/Fiz-fiflxcjvlfosoebhvlytfgwprkxo/Index.noindex/DataStore @/Users/colbycorcoran/Library/Developer/Xcode/DerivedData/Fiz-fiflxcjvlfosoebhvlytfgwprkxo/Build/Intermediates.noindex/PostHog.build/Debug-iphoneos/phlibwebp.build/Objects-normal/arm64/7187679823f38a2a940e0043cdf9d637-common-args.resp -MMD -MT dependencies -MF /Users/colbycorcoran/Library/Developer/Xcode/DerivedData/Fiz-fiflxcjvlfosoebhvlytfgwprkxo/Build/Intermediates.noindex/PostHog.build/Debug-iphoneos/phlibwebp.build/Objects-normal/arm64/quant_levels_dec_utils.d --serialize-diagnostics /Users/colbycorcoran/Library/Developer/Xcode/DerivedData/Fiz-fiflxcjvlfosoebhvlytfgwprkxo/Build/Intermediates.noindex/PostHog.build/Debug-iphoneos/phlibwebp.build/Objects-normal/arm64/quant_levels_dec_utils.dia -c /Users/colbycorcoran/Library/Developer/Xcode/DerivedData/Fiz-fiflxcjvlfosoebhvlytfgwprkxo/SourcePackages/checkouts/posthog-ios/vendor/libwebp/quant_levels_dec_utils.c -o /Users/colbycorcoran/Library/Developer/Xcode/DerivedData/Fiz-fiflxcjvlfosoebhvlytfgwprkxo/Build/Intermediates.noindex/PostHog.build/Debug-iphoneos/phlibwebp.build/Objects-normal/arm64/quant_levels_dec_utils.o -index-unit-output-path /PostHog.build/Debug-iphoneos/phlibwebp.build/Objects-normal/arm64/quant_levels_dec_utils.o

CompileC /Users/colbycorcoran/Library/Developer/Xcode/DerivedData/Fiz-fiflxcjvlfosoebhvlytfgwprkxo/Build/Intermediates.noindex/PostHog.build/Debug-iphoneos/phlibwebp.build/Objects-normal/arm64/quant_enc.o /Users/colbycorcoran/Library/Developer/Xcode/DerivedData/Fiz-fiflxcjvlfosoebhvlytfgwprkxo/SourcePackages/checkouts/posthog-ios/vendor/libwebp/quant_enc.c normal arm64 c com.apple.compilers.llvm.clang.1_0.compiler (in target 'phlibwebp' from project 'PostHog')
    cd /Users/colbycorcoran/Documents/App\ Development/Fiz/Fiz.xcodeproj
    
    Using response file: /Users/colbycorcoran/Library/Developer/Xcode/DerivedData/Fiz-fiflxcjvlfosoebhvlytfgwprkxo/Build/Intermediates.noindex/PostHog.build/Debug-iphoneos/phlibwebp.build/Objects-normal/arm64/7187679823f38a2a940e0043cdf9d637-common-args.resp
    
    /Applications/Xcode.app/Contents/Developer/Toolchains/XcodeDefault.xctoolchain/usr/bin/clang -x c -ivfsstatcache /Users/colbycorcoran/Library/Developer/Xcode/DerivedData/SDKStatCaches.noindex/iphoneos26.2-23C53-3794476bd08197c3e2abd9bb477ef7f7.sdkstatcache -fmessage-length\=0 -fdiagnostics-show-note-include-stack -fmacro-backtrace-limit\=0 -fno-color-diagnostics -fmodules-prune-interval\=86400 -fmodules-prune-after\=345600 -fbuild-session-file\=/Users/colbycorcoran/Library/Developer/Xcode/DerivedData/ModuleCache.noindex/Session.modulevalidation -fmodules-validate-once-per-build-session -Wnon-modular-include-in-framework-module -Werror\=non-modular-include-in-framework-module -Wno-trigraphs -Wno-missing-field-initializers -Wno-missing-prototypes -Wno-return-type -Wno-missing-braces -Wparentheses -Wswitch -Wno-unused-function -Wno-unused-label -Wno-unused-parameter -Wno-unused-variable -Wunused-value -Wno-empty-body -Wno-uninitialized -Wno-unknown-pragmas -w -Wno-shadow -Wno-four-char-constants -Wno-conversion -Wno-constant-conversion -Wno-int-conversion -Wno-bool-conversion -Wno-enum-conversion -Wno-float-conversion -Wno-non-literal-null-conversion -Wno-objc-literal-conversion -Wshorten-64-to-32 -Wpointer-sign -Wno-newline-eof -Wno-implicit-fallthrough -fstrict-aliasing -Wdeprecated-declarations -Wno-sign-conversion -Wno-infinite-recursion -Wno-comma -Wno-block-capture-autoreleasing -Wno-strict-prototypes -Wno-semicolon-before-method-body -index-store-path /Users/colbycorcoran/Library/Developer/Xcode/DerivedData/Fiz-fiflxcjvlfosoebhvlytfgwprkxo/Index.noindex/DataStore @/Users/colbycorcoran/Library/Developer/Xcode/DerivedData/Fiz-fiflxcjvlfosoebhvlytfgwprkxo/Build/Intermediates.noindex/PostHog.build/Debug-iphoneos/phlibwebp.build/Objects-normal/arm64/7187679823f38a2a940e0043cdf9d637-common-args.resp -MMD -MT dependencies -MF /Users/colbycorcoran/Library/Developer/Xcode/DerivedData/Fiz-fiflxcjvlfosoebhvlytfgwprkxo/Build/Intermediates.noindex/PostHog.build/Debug-iphoneos/phlibwebp.build/Objects-normal/arm64/quant_enc.d --serialize-diagnostics /Users/colbycorcoran/Library/Developer/Xcode/DerivedData/Fiz-fiflxcjvlfosoebhvlytfgwprkxo/Build/Intermediates.noindex/PostHog.build/Debug-iphoneos/phlibwebp.build/Objects-normal/arm64/quant_enc.dia -c /Users/colbycorcoran/Library/Developer/Xcode/DerivedData/Fiz-fiflxcjvlfosoebhvlytfgwprkxo/SourcePackages/checkouts/posthog-ios/vendor/libwebp/quant_enc.c -o /Users/colbycorcoran/Library/Developer/Xcode/DerivedData/Fiz-fiflxcjvlfosoebhvlytfgwprkxo/Build/Intermediates.noindex/PostHog.build/Debug-iphoneos/phlibwebp.build/Objects-normal/arm64/quant_enc.o -index-unit-output-path /PostHog.build/Debug-iphoneos/phlibwebp.build/Objects-normal/arm64/quant_enc.o

CompileC /Users/colbycorcoran/Library/Developer/Xcode/DerivedData/Fiz-fiflxcjvlfosoebhvlytfgwprkxo/Build/Intermediates.noindex/PostHog.build/Debug-iphoneos/phlibwebp.build/Objects-normal/arm64/picture_rescale_enc.o /Users/colbycorcoran/Library/Developer/Xcode/DerivedData/Fiz-fiflxcjvlfosoebhvlytfgwprkxo/SourcePackages/checkouts/posthog-ios/vendor/libwebp/picture_rescale_enc.c normal arm64 c com.apple.compilers.llvm.clang.1_0.compiler (in target 'phlibwebp' from project 'PostHog')
    cd /Users/colbycorcoran/Documents/App\ Development/Fiz/Fiz.xcodeproj
    
    Using response file: /Users/colbycorcoran/Library/Developer/Xcode/DerivedData/Fiz-fiflxcjvlfosoebhvlytfgwprkxo/Build/Intermediates.noindex/PostHog.build/Debug-iphoneos/phlibwebp.build/Objects-normal/arm64/7187679823f38a2a940e0043cdf9d637-common-args.resp
    
    /Applications/Xcode.app/Contents/Developer/Toolchains/XcodeDefault.xctoolchain/usr/bin/clang -x c -ivfsstatcache /Users/colbycorcoran/Library/Developer/Xcode/DerivedData/SDKStatCaches.noindex/iphoneos26.2-23C53-3794476bd08197c3e2abd9bb477ef7f7.sdkstatcache -fmessage-length\=0 -fdiagnostics-show-note-include-stack -fmacro-backtrace-limit\=0 -fno-color-diagnostics -fmodules-prune-interval\=86400 -fmodules-prune-after\=345600 -fbuild-session-file\=/Users/colbycorcoran/Library/Developer/Xcode/DerivedData/ModuleCache.noindex/Session.modulevalidation -fmodules-validate-once-per-build-session -Wnon-modular-include-in-framework-module -Werror\=non-modular-include-in-framework-module -Wno-trigraphs -Wno-missing-field-initializers -Wno-missing-prototypes -Wno-return-type -Wno-missing-braces -Wparentheses -Wswitch -Wno-unused-function -Wno-unused-label -Wno-unused-parameter -Wno-unused-variable -Wunused-value -Wno-empty-body -Wno-uninitialized -Wno-unknown-pragmas -w -Wno-shadow -Wno-four-char-constants -Wno-conversion -Wno-constant-conversion -Wno-int-conversion -Wno-bool-conversion -Wno-enum-conversion -Wno-float-conversion -Wno-non-literal-null-conversion -Wno-objc-literal-conversion -Wshorten-64-to-32 -Wpointer-sign -Wno-newline-eof -Wno-implicit-fallthrough -fstrict-aliasing -Wdeprecated-declarations -Wno-sign-conversion -Wno-infinite-recursion -Wno-comma -Wno-block-capture-autoreleasing -Wno-strict-prototypes -Wno-semicolon-before-method-body -index-store-path /Users/colbycorcoran/Library/Developer/Xcode/DerivedData/Fiz-fiflxcjvlfosoebhvlytfgwprkxo/Index.noindex/DataStore @/Users/colbycorcoran/Library/Developer/Xcode/DerivedData/Fiz-fiflxcjvlfosoebhvlytfgwprkxo/Build/Intermediates.noindex/PostHog.build/Debug-iphoneos/phlibwebp.build/Objects-normal/arm64/7187679823f38a2a940e0043cdf9d637-common-args.resp -MMD -MT dependencies -MF /Users/colbycorcoran/Library/Developer/Xcode/DerivedData/Fiz-fiflxcjvlfosoebhvlytfgwprkxo/Build/Intermediates.noindex/PostHog.build/Debug-iphoneos/phlibwebp.build/Objects-normal/arm64/picture_rescale_enc.d --serialize-diagnostics /Users/colbycorcoran/Library/Developer/Xcode/DerivedData/Fiz-fiflxcjvlfosoebhvlytfgwprkxo/Build/Intermediates.noindex/PostHog.build/Debug-iphoneos/phlibwebp.build/Objects-normal/arm64/picture_rescale_enc.dia -c /Users/colbycorcoran/Library/Developer/Xcode/DerivedData/Fiz-fiflxcjvlfosoebhvlytfgwprkxo/SourcePackages/checkouts/posthog-ios/vendor/libwebp/picture_rescale_enc.c -o /Users/colbycorcoran/Library/Developer/Xcode/DerivedData/Fiz-fiflxcjvlfosoebhvlytfgwprkxo/Build/Intermediates.noindex/PostHog.build/Debug-iphoneos/phlibwebp.build/Objects-normal/arm64/picture_rescale_enc.o -index-unit-output-path /PostHog.build/Debug-iphoneos/phlibwebp.build/Objects-normal/arm64/picture_rescale_enc.o

CompileC /Users/colbycorcoran/Library/Developer/Xcode/DerivedData/Fiz-fiflxcjvlfosoebhvlytfgwprkxo/Build/Intermediates.noindex/PostHog.build/Debug-iphoneos/phlibwebp.build/Objects-normal/arm64/picture_psnr_enc.o /Users/colbycorcoran/Library/Developer/Xcode/DerivedData/Fiz-fiflxcjvlfosoebhvlytfgwprkxo/SourcePackages/checkouts/posthog-ios/vendor/libwebp/picture_psnr_enc.c normal arm64 c com.apple.compilers.llvm.clang.1_0.compiler (in target 'phlibwebp' from project 'PostHog')
    cd /Users/colbycorcoran/Documents/App\ Development/Fiz/Fiz.xcodeproj
    
    Using response file: /Users/colbycorcoran/Library/Developer/Xcode/DerivedData/Fiz-fiflxcjvlfosoebhvlytfgwprkxo/Build/Intermediates.noindex/PostHog.build/Debug-iphoneos/phlibwebp.build/Objects-normal/arm64/7187679823f38a2a940e0043cdf9d637-common-args.resp
    
    /Applications/Xcode.app/Contents/Developer/Toolchains/XcodeDefault.xctoolchain/usr/bin/clang -x c -ivfsstatcache /Users/colbycorcoran/Library/Developer/Xcode/DerivedData/SDKStatCaches.noindex/iphoneos26.2-23C53-3794476bd08197c3e2abd9bb477ef7f7.sdkstatcache -fmessage-length\=0 -fdiagnostics-show-note-include-stack -fmacro-backtrace-limit\=0 -fno-color-diagnostics -fmodules-prune-interval\=86400 -fmodules-prune-after\=345600 -fbuild-session-file\=/Users/colbycorcoran/Library/Developer/Xcode/DerivedData/ModuleCache.noindex/Session.modulevalidation -fmodules-validate-once-per-build-session -Wnon-modular-include-in-framework-module -Werror\=non-modular-include-in-framework-module -Wno-trigraphs -Wno-missing-field-initializers -Wno-missing-prototypes -Wno-return-type -Wno-missing-braces -Wparentheses -Wswitch -Wno-unused-function -Wno-unused-label -Wno-unused-parameter -Wno-unused-variable -Wunused-value -Wno-empty-body -Wno-uninitialized -Wno-unknown-pragmas -w -Wno-shadow -Wno-four-char-constants -Wno-conversion -Wno-constant-conversion -Wno-int-conversion -Wno-bool-conversion -Wno-enum-conversion -Wno-float-conversion -Wno-non-literal-null-conversion -Wno-objc-literal-conversion -Wshorten-64-to-32 -Wpointer-sign -Wno-newline-eof -Wno-implicit-fallthrough -fstrict-aliasing -Wdeprecated-declarations -Wno-sign-conversion -Wno-infinite-recursion -Wno-comma -Wno-block-capture-autoreleasing -Wno-strict-prototypes -Wno-semicolon-before-method-body -index-store-path /Users/colbycorcoran/Library/Developer/Xcode/DerivedData/Fiz-fiflxcjvlfosoebhvlytfgwprkxo/Index.noindex/DataStore @/Users/colbycorcoran/Library/Developer/Xcode/DerivedData/Fiz-fiflxcjvlfosoebhvlytfgwprkxo/Build/Intermediates.noindex/PostHog.build/Debug-iphoneos/phlibwebp.build/Objects-normal/arm64/7187679823f38a2a940e0043cdf9d637-common-args.resp -MMD -MT dependencies -MF /Users/colbycorcoran/Library/Developer/Xcode/DerivedData/Fiz-fiflxcjvlfosoebhvlytfgwprkxo/Build/Intermediates.noindex/PostHog.build/Debug-iphoneos/phlibwebp.build/Objects-normal/arm64/picture_psnr_enc.d --serialize-diagnostics /Users/colbycorcoran/Library/Developer/Xcode/DerivedData/Fiz-fiflxcjvlfosoebhvlytfgwprkxo/Build/Intermediates.noindex/PostHog.build/Debug-iphoneos/phlibwebp.build/Objects-normal/arm64/picture_psnr_enc.dia -c /Users/colbycorcoran/Library/Developer/Xcode/DerivedData/Fiz-fiflxcjvlfosoebhvlytfgwprkxo/SourcePackages/checkouts/posthog-ios/vendor/libwebp/picture_psnr_enc.c -o /Users/colbycorcoran/Library/Developer/Xcode/DerivedData/Fiz-fiflxcjvlfosoebhvlytfgwprkxo/Build/Intermediates.noindex/PostHog.build/Debug-iphoneos/phlibwebp.build/Objects-normal/arm64/picture_psnr_enc.o -index-unit-output-path /PostHog.build/Debug-iphoneos/phlibwebp.build/Objects-normal/arm64/picture_psnr_enc.o

CompileC /Users/colbycorcoran/Library/Developer/Xcode/DerivedData/Fiz-fiflxcjvlfosoebhvlytfgwprkxo/Build/Intermediates.noindex/PostHog.build/Debug-iphoneos/phlibwebp.build/Objects-normal/arm64/picture_enc.o /Users/colbycorcoran/Library/Developer/Xcode/DerivedData/Fiz-fiflxcjvlfosoebhvlytfgwprkxo/SourcePackages/checkouts/posthog-ios/vendor/libwebp/picture_enc.c normal arm64 c com.apple.compilers.llvm.clang.1_0.compiler (in target 'phlibwebp' from project 'PostHog')
    cd /Users/colbycorcoran/Documents/App\ Development/Fiz/Fiz.xcodeproj
    
    Using response file: /Users/colbycorcoran/Library/Developer/Xcode/DerivedData/Fiz-fiflxcjvlfosoebhvlytfgwprkxo/Build/Intermediates.noindex/PostHog.build/Debug-iphoneos/phlibwebp.build/Objects-normal/arm64/7187679823f38a2a940e0043cdf9d637-common-args.resp
    
    /Applications/Xcode.app/Contents/Developer/Toolchains/XcodeDefault.xctoolchain/usr/bin/clang -x c -ivfsstatcache /Users/colbycorcoran/Library/Developer/Xcode/DerivedData/SDKStatCaches.noindex/iphoneos26.2-23C53-3794476bd08197c3e2abd9bb477ef7f7.sdkstatcache -fmessage-length\=0 -fdiagnostics-show-note-include-stack -fmacro-backtrace-limit\=0 -fno-color-diagnostics -fmodules-prune-interval\=86400 -fmodules-prune-after\=345600 -fbuild-session-file\=/Users/colbycorcoran/Library/Developer/Xcode/DerivedData/ModuleCache.noindex/Session.modulevalidation -fmodules-validate-once-per-build-session -Wnon-modular-include-in-framework-module -Werror\=non-modular-include-in-framework-module -Wno-trigraphs -Wno-missing-field-initializers -Wno-missing-prototypes -Wno-return-type -Wno-missing-braces -Wparentheses -Wswitch -Wno-unused-function -Wno-unused-label -Wno-unused-parameter -Wno-unused-variable -Wunused-value -Wno-empty-body -Wno-uninitialized -Wno-unknown-pragmas -w -Wno-shadow -Wno-four-char-constants -Wno-conversion -Wno-constant-conversion -Wno-int-conversion -Wno-bool-conversion -Wno-enum-conversion -Wno-float-conversion -Wno-non-literal-null-conversion -Wno-objc-literal-conversion -Wshorten-64-to-32 -Wpointer-sign -Wno-newline-eof -Wno-implicit-fallthrough -fstrict-aliasing -Wdeprecated-declarations -Wno-sign-conversion -Wno-infinite-recursion -Wno-comma -Wno-block-capture-autoreleasing -Wno-strict-prototypes -Wno-semicolon-before-method-body -index-store-path /Users/colbycorcoran/Library/Developer/Xcode/DerivedData/Fiz-fiflxcjvlfosoebhvlytfgwprkxo/Index.noindex/DataStore @/Users/colbycorcoran/Library/Developer/Xcode/DerivedData/Fiz-fiflxcjvlfosoebhvlytfgwprkxo/Build/Intermediates.noindex/PostHog.build/Debug-iphoneos/phlibwebp.build/Objects-normal/arm64/7187679823f38a2a940e0043cdf9d637-common-args.resp -MMD -MT dependencies -MF /Users/colbycorcoran/Library/Developer/Xcode/DerivedData/Fiz-fiflxcjvlfosoebhvlytfgwprkxo/Build/Intermediates.noindex/PostHog.build/Debug-iphoneos/phlibwebp.build/Objects-normal/arm64/picture_enc.d --serialize-diagnostics /Users/colbycorcoran/Library/Developer/Xcode/DerivedData/Fiz-fiflxcjvlfosoebhvlytfgwprkxo/Build/Intermediates.noindex/PostHog.build/Debug-iphoneos/phlibwebp.build/Objects-normal/arm64/picture_enc.dia -c /Users/colbycorcoran/Library/Developer/Xcode/DerivedData/Fiz-fiflxcjvlfosoebhvlytfgwprkxo/SourcePackages/checkouts/posthog-ios/vendor/libwebp/picture_enc.c -o /Users/colbycorcoran/Library/Developer/Xcode/DerivedData/Fiz-fiflxcjvlfosoebhvlytfgwprkxo/Build/Intermediates.noindex/PostHog.build/Debug-iphoneos/phlibwebp.build/Objects-normal/arm64/picture_enc.o -index-unit-output-path /PostHog.build/Debug-iphoneos/phlibwebp.build/Objects-normal/arm64/picture_enc.o

CompileC /Users/colbycorcoran/Library/Developer/Xcode/DerivedData/Fiz-fiflxcjvlfosoebhvlytfgwprkxo/Build/Intermediates.noindex/PostHog.build/Debug-iphoneos/phlibwebp.build/Objects-normal/arm64/picture_csp_enc.o /Users/colbycorcoran/Library/Developer/Xcode/DerivedData/Fiz-fiflxcjvlfosoebhvlytfgwprkxo/SourcePackages/checkouts/posthog-ios/vendor/libwebp/picture_csp_enc.c normal arm64 c com.apple.compilers.llvm.clang.1_0.compiler (in target 'phlibwebp' from project 'PostHog')
    cd /Users/colbycorcoran/Documents/App\ Development/Fiz/Fiz.xcodeproj
    
    Using response file: /Users/colbycorcoran/Library/Developer/Xcode/DerivedData/Fiz-fiflxcjvlfosoebhvlytfgwprkxo/Build/Intermediates.noindex/PostHog.build/Debug-iphoneos/phlibwebp.build/Objects-normal/arm64/7187679823f38a2a940e0043cdf9d637-common-args.resp
    
    /Applications/Xcode.app/Contents/Developer/Toolchains/XcodeDefault.xctoolchain/usr/bin/clang -x c -ivfsstatcache /Users/colbycorcoran/Library/Developer/Xcode/DerivedData/SDKStatCaches.noindex/iphoneos26.2-23C53-3794476bd08197c3e2abd9bb477ef7f7.sdkstatcache -fmessage-length\=0 -fdiagnostics-show-note-include-stack -fmacro-backtrace-limit\=0 -fno-color-diagnostics -fmodules-prune-interval\=86400 -fmodules-prune-after\=345600 -fbuild-session-file\=/Users/colbycorcoran/Library/Developer/Xcode/DerivedData/ModuleCache.noindex/Session.modulevalidation -fmodules-validate-once-per-build-session -Wnon-modular-include-in-framework-module -Werror\=non-modular-include-in-framework-module -Wno-trigraphs -Wno-missing-field-initializers -Wno-missing-prototypes -Wno-return-type -Wno-missing-braces -Wparentheses -Wswitch -Wno-unused-function -Wno-unused-label -Wno-unused-parameter -Wno-unused-variable -Wunused-value -Wno-empty-body -Wno-uninitialized -Wno-unknown-pragmas -w -Wno-shadow -Wno-four-char-constants -Wno-conversion -Wno-constant-conversion -Wno-int-conversion -Wno-bool-conversion -Wno-enum-conversion -Wno-float-conversion -Wno-non-literal-null-conversion -Wno-objc-literal-conversion -Wshorten-64-to-32 -Wpointer-sign -Wno-newline-eof -Wno-implicit-fallthrough -fstrict-aliasing -Wdeprecated-declarations -Wno-sign-conversion -Wno-infinite-recursion -Wno-comma -Wno-block-capture-autoreleasing -Wno-strict-prototypes -Wno-semicolon-before-method-body -index-store-path /Users/colbycorcoran/Library/Developer/Xcode/DerivedData/Fiz-fiflxcjvlfosoebhvlytfgwprkxo/Index.noindex/DataStore @/Users/colbycorcoran/Library/Developer/Xcode/DerivedData/Fiz-fiflxcjvlfosoebhvlytfgwprkxo/Build/Intermediates.noindex/PostHog.build/Debug-iphoneos/phlibwebp.build/Objects-normal/arm64/7187679823f38a2a940e0043cdf9d637-common-args.resp -MMD -MT dependencies -MF /Users/colbycorcoran/Library/Developer/Xcode/DerivedData/Fiz-fiflxcjvlfosoebhvlytfgwprkxo/Build/Intermediates.noindex/PostHog.build/Debug-iphoneos/phlibwebp.build/Objects-normal/arm64/picture_csp_enc.d --serialize-diagnostics /Users/colbycorcoran/Library/Developer/Xcode/DerivedData/Fiz-fiflxcjvlfosoebhvlytfgwprkxo/Build/Intermediates.noindex/PostHog.build/Debug-iphoneos/phlibwebp.build/Objects-normal/arm64/picture_csp_enc.dia -c /Users/colbycorcoran/Library/Developer/Xcode/DerivedData/Fiz-fiflxcjvlfosoebhvlytfgwprkxo/SourcePackages/checkouts/posthog-ios/vendor/libwebp/picture_csp_enc.c -o /Users/colbycorcoran/Library/Developer/Xcode/DerivedData/Fiz-fiflxcjvlfosoebhvlytfgwprkxo/Build/Intermediates.noindex/PostHog.build/Debug-iphoneos/phlibwebp.build/Objects-normal/arm64/picture_csp_enc.o -index-unit-output-path /PostHog.build/Debug-iphoneos/phlibwebp.build/Objects-normal/arm64/picture_csp_enc.o

CompileC /Users/colbycorcoran/Library/Developer/Xcode/DerivedData/Fiz-fiflxcjvlfosoebhvlytfgwprkxo/Build/Intermediates.noindex/PostHog.build/Debug-iphoneos/phlibwebp.build/Objects-normal/arm64/near_lossless_enc.o /Users/colbycorcoran/Library/Developer/Xcode/DerivedData/Fiz-fiflxcjvlfosoebhvlytfgwprkxo/SourcePackages/checkouts/posthog-ios/vendor/libwebp/near_lossless_enc.c normal arm64 c com.apple.compilers.llvm.clang.1_0.compiler (in target 'phlibwebp' from project 'PostHog')
    cd /Users/colbycorcoran/Documents/App\ Development/Fiz/Fiz.xcodeproj
    
    Using response file: /Users/colbycorcoran/Library/Developer/Xcode/DerivedData/Fiz-fiflxcjvlfosoebhvlytfgwprkxo/Build/Intermediates.noindex/PostHog.build/Debug-iphoneos/phlibwebp.build/Objects-normal/arm64/7187679823f38a2a940e0043cdf9d637-common-args.resp
    
    /Applications/Xcode.app/Contents/Developer/Toolchains/XcodeDefault.xctoolchain/usr/bin/clang -x c -ivfsstatcache /Users/colbycorcoran/Library/Developer/Xcode/DerivedData/SDKStatCaches.noindex/iphoneos26.2-23C53-3794476bd08197c3e2abd9bb477ef7f7.sdkstatcache -fmessage-length\=0 -fdiagnostics-show-note-include-stack -fmacro-backtrace-limit\=0 -fno-color-diagnostics -fmodules-prune-interval\=86400 -fmodules-prune-after\=345600 -fbuild-session-file\=/Users/colbycorcoran/Library/Developer/Xcode/DerivedData/ModuleCache.noindex/Session.modulevalidation -fmodules-validate-once-per-build-session -Wnon-modular-include-in-framework-module -Werror\=non-modular-include-in-framework-module -Wno-trigraphs -Wno-missing-field-initializers -Wno-missing-prototypes -Wno-return-type -Wno-missing-braces -Wparentheses -Wswitch -Wno-unused-function -Wno-unused-label -Wno-unused-parameter -Wno-unused-variable -Wunused-value -Wno-empty-body -Wno-uninitialized -Wno-unknown-pragmas -w -Wno-shadow -Wno-four-char-constants -Wno-conversion -Wno-constant-conversion -Wno-int-conversion -Wno-bool-conversion -Wno-enum-conversion -Wno-float-conversion -Wno-non-literal-null-conversion -Wno-objc-literal-conversion -Wshorten-64-to-32 -Wpointer-sign -Wno-newline-eof -Wno-implicit-fallthrough -fstrict-aliasing -Wdeprecated-declarations -Wno-sign-conversion -Wno-infinite-recursion -Wno-comma -Wno-block-capture-autoreleasing -Wno-strict-prototypes -Wno-semicolon-before-method-body -index-store-path /Users/colbycorcoran/Library/Developer/Xcode/DerivedData/Fiz-fiflxcjvlfosoebhvlytfgwprkxo/Index.noindex/DataStore @/Users/colbycorcoran/Library/Developer/Xcode/DerivedData/Fiz-fiflxcjvlfosoebhvlytfgwprkxo/Build/Intermediates.noindex/PostHog.build/Debug-iphoneos/phlibwebp.build/Objects-normal/arm64/7187679823f38a2a940e0043cdf9d637-common-args.resp -MMD -MT dependencies -MF /Users/colbycorcoran/Library/Developer/Xcode/DerivedData/Fiz-fiflxcjvlfosoebhvlytfgwprkxo/Build/Intermediates.noindex/PostHog.build/Debug-iphoneos/phlibwebp.build/Objects-normal/arm64/near_lossless_enc.d --serialize-diagnostics /Users/colbycorcoran/Library/Developer/Xcode/DerivedData/Fiz-fiflxcjvlfosoebhvlytfgwprkxo/Build/Intermediates.noindex/PostHog.build/Debug-iphoneos/phlibwebp.build/Objects-normal/arm64/near_lossless_enc.dia -c /Users/colbycorcoran/Library/Developer/Xcode/DerivedData/Fiz-fiflxcjvlfosoebhvlytfgwprkxo/SourcePackages/checkouts/posthog-ios/vendor/libwebp/near_lossless_enc.c -o /Users/colbycorcoran/Library/Developer/Xcode/DerivedData/Fiz-fiflxcjvlfosoebhvlytfgwprkxo/Build/Intermediates.noindex/PostHog.build/Debug-iphoneos/phlibwebp.build/Objects-normal/arm64/near_lossless_enc.o -index-unit-output-path /PostHog.build/Debug-iphoneos/phlibwebp.build/Objects-normal/arm64/near_lossless_enc.o

CompileC /Users/colbycorcoran/Library/Developer/Xcode/DerivedData/Fiz-fiflxcjvlfosoebhvlytfgwprkxo/Build/Intermediates.noindex/PostHog.build/Debug-iphoneos/phlibwebp.build/Objects-normal/arm64/muxread.o /Users/colbycorcoran/Library/Developer/Xcode/DerivedData/Fiz-fiflxcjvlfosoebhvlytfgwprkxo/SourcePackages/checkouts/posthog-ios/vendor/libwebp/muxread.c normal arm64 c com.apple.compilers.llvm.clang.1_0.compiler (in target 'phlibwebp' from project 'PostHog')
    cd /Users/colbycorcoran/Documents/App\ Development/Fiz/Fiz.xcodeproj
    
    Using response file: /Users/colbycorcoran/Library/Developer/Xcode/DerivedData/Fiz-fiflxcjvlfosoebhvlytfgwprkxo/Build/Intermediates.noindex/PostHog.build/Debug-iphoneos/phlibwebp.build/Objects-normal/arm64/7187679823f38a2a940e0043cdf9d637-common-args.resp
    
    /Applications/Xcode.app/Contents/Developer/Toolchains/XcodeDefault.xctoolchain/usr/bin/clang -x c -ivfsstatcache /Users/colbycorcoran/Library/Developer/Xcode/DerivedData/SDKStatCaches.noindex/iphoneos26.2-23C53-3794476bd08197c3e2abd9bb477ef7f7.sdkstatcache -fmessage-length\=0 -fdiagnostics-show-note-include-stack -fmacro-backtrace-limit\=0 -fno-color-diagnostics -fmodules-prune-interval\=86400 -fmodules-prune-after\=345600 -fbuild-session-file\=/Users/colbycorcoran/Library/Developer/Xcode/DerivedData/ModuleCache.noindex/Session.modulevalidation -fmodules-validate-once-per-build-session -Wnon-modular-include-in-framework-module -Werror\=non-modular-include-in-framework-module -Wno-trigraphs -Wno-missing-field-initializers -Wno-missing-prototypes -Wno-return-type -Wno-missing-braces -Wparentheses -Wswitch -Wno-unused-function -Wno-unused-label -Wno-unused-parameter -Wno-unused-variable -Wunused-value -Wno-empty-body -Wno-uninitialized -Wno-unknown-pragmas -w -Wno-shadow -Wno-four-char-constants -Wno-conversion -Wno-constant-conversion -Wno-int-conversion -Wno-bool-conversion -Wno-enum-conversion -Wno-float-conversion -Wno-non-literal-null-conversion -Wno-objc-literal-conversion -Wshorten-64-to-32 -Wpointer-sign -Wno-newline-eof -Wno-implicit-fallthrough -fstrict-aliasing -Wdeprecated-declarations -Wno-sign-conversion -Wno-infinite-recursion -Wno-comma -Wno-block-capture-autoreleasing -Wno-strict-prototypes -Wno-semicolon-before-method-body -index-store-path /Users/colbycorcoran/Library/Developer/Xcode/DerivedData/Fiz-fiflxcjvlfosoebhvlytfgwprkxo/Index.noindex/DataStore @/Users/colbycorcoran/Library/Developer/Xcode/DerivedData/Fiz-fiflxcjvlfosoebhvlytfgwprkxo/Build/Intermediates.noindex/PostHog.build/Debug-iphoneos/phlibwebp.build/Objects-normal/arm64/7187679823f38a2a940e0043cdf9d637-common-args.resp -MMD -MT dependencies -MF /Users/colbycorcoran/Library/Developer/Xcode/DerivedData/Fiz-fiflxcjvlfosoebhvlytfgwprkxo/Build/Intermediates.noindex/PostHog.build/Debug-iphoneos/phlibwebp.build/Objects-normal/arm64/muxread.d --serialize-diagnostics /Users/colbycorcoran/Library/Developer/Xcode/DerivedData/Fiz-fiflxcjvlfosoebhvlytfgwprkxo/Build/Intermediates.noindex/PostHog.build/Debug-iphoneos/phlibwebp.build/Objects-normal/arm64/muxread.dia -c /Users/colbycorcoran/Library/Developer/Xcode/DerivedData/Fiz-fiflxcjvlfosoebhvlytfgwprkxo/SourcePackages/checkouts/posthog-ios/vendor/libwebp/muxread.c -o /Users/colbycorcoran/Library/Developer/Xcode/DerivedData/Fiz-fiflxcjvlfosoebhvlytfgwprkxo/Build/Intermediates.noindex/PostHog.build/Debug-iphoneos/phlibwebp.build/Objects-normal/arm64/muxread.o -index-unit-output-path /PostHog.build/Debug-iphoneos/phlibwebp.build/Objects-normal/arm64/muxread.o

CompileC /Users/colbycorcoran/Library/Developer/Xcode/DerivedData/Fiz-fiflxcjvlfosoebhvlytfgwprkxo/Build/Intermediates.noindex/PostHog.build/Debug-iphoneos/phlibwebp.build/Objects-normal/arm64/muxinternal.o /Users/colbycorcoran/Library/Developer/Xcode/DerivedData/Fiz-fiflxcjvlfosoebhvlytfgwprkxo/SourcePackages/checkouts/posthog-ios/vendor/libwebp/muxinternal.c normal arm64 c com.apple.compilers.llvm.clang.1_0.compiler (in target 'phlibwebp' from project 'PostHog')
    cd /Users/colbycorcoran/Documents/App\ Development/Fiz/Fiz.xcodeproj
    
    Using response file: /Users/colbycorcoran/Library/Developer/Xcode/DerivedData/Fiz-fiflxcjvlfosoebhvlytfgwprkxo/Build/Intermediates.noindex/PostHog.build/Debug-iphoneos/phlibwebp.build/Objects-normal/arm64/7187679823f38a2a940e0043cdf9d637-common-args.resp
    
    /Applications/Xcode.app/Contents/Developer/Toolchains/XcodeDefault.xctoolchain/usr/bin/clang -x c -ivfsstatcache /Users/colbycorcoran/Library/Developer/Xcode/DerivedData/SDKStatCaches.noindex/iphoneos26.2-23C53-3794476bd08197c3e2abd9bb477ef7f7.sdkstatcache -fmessage-length\=0 -fdiagnostics-show-note-include-stack -fmacro-backtrace-limit\=0 -fno-color-diagnostics -fmodules-prune-interval\=86400 -fmodules-prune-after\=345600 -fbuild-session-file\=/Users/colbycorcoran/Library/Developer/Xcode/DerivedData/ModuleCache.noindex/Session.modulevalidation -fmodules-validate-once-per-build-session -Wnon-modular-include-in-framework-module -Werror\=non-modular-include-in-framework-module -Wno-trigraphs -Wno-missing-field-initializers -Wno-missing-prototypes -Wno-return-type -Wno-missing-braces -Wparentheses -Wswitch -Wno-unused-function -Wno-unused-label -Wno-unused-parameter -Wno-unused-variable -Wunused-value -Wno-empty-body -Wno-uninitialized -Wno-unknown-pragmas -w -Wno-shadow -Wno-four-char-constants -Wno-conversion -Wno-constant-conversion -Wno-int-conversion -Wno-bool-conversion -Wno-enum-conversion -Wno-float-conversion -Wno-non-literal-null-conversion -Wno-objc-literal-conversion -Wshorten-64-to-32 -Wpointer-sign -Wno-newline-eof -Wno-implicit-fallthrough -fstrict-aliasing -Wdeprecated-declarations -Wno-sign-conversion -Wno-infinite-recursion -Wno-comma -Wno-block-capture-autoreleasing -Wno-strict-prototypes -Wno-semicolon-before-method-body -index-store-path /Users/colbycorcoran/Library/Developer/Xcode/DerivedData/Fiz-fiflxcjvlfosoebhvlytfgwprkxo/Index.noindex/DataStore @/Users/colbycorcoran/Library/Developer/Xcode/DerivedData/Fiz-fiflxcjvlfosoebhvlytfgwprkxo/Build/Intermediates.noindex/PostHog.build/Debug-iphoneos/phlibwebp.build/Objects-normal/arm64/7187679823f38a2a940e0043cdf9d637-common-args.resp -MMD -MT dependencies -MF /Users/colbycorcoran/Library/Developer/Xcode/DerivedData/Fiz-fiflxcjvlfosoebhvlytfgwprkxo/Build/Intermediates.noindex/PostHog.build/Debug-iphoneos/phlibwebp.build/Objects-normal/arm64/muxinternal.d --serialize-diagnostics /Users/colbycorcoran/Library/Developer/Xcode/DerivedData/Fiz-fiflxcjvlfosoebhvlytfgwprkxo/Build/Intermediates.noindex/PostHog.build/Debug-iphoneos/phlibwebp.build/Objects-normal/arm64/muxinternal.dia -c /Users/colbycorcoran/Library/Developer/Xcode/DerivedData/Fiz-fiflxcjvlfosoebhvlytfgwprkxo/SourcePackages/checkouts/posthog-ios/vendor/libwebp/muxinternal.c -o /Users/colbycorcoran/Library/Developer/Xcode/DerivedData/Fiz-fiflxcjvlfosoebhvlytfgwprkxo/Build/Intermediates.noindex/PostHog.build/Debug-iphoneos/phlibwebp.build/Objects-normal/arm64/muxinternal.o -index-unit-output-path /PostHog.build/Debug-iphoneos/phlibwebp.build/Objects-normal/arm64/muxinternal.o

CompileC /Users/colbycorcoran/Library/Developer/Xcode/DerivedData/Fiz-fiflxcjvlfosoebhvlytfgwprkxo/Build/Intermediates.noindex/PostHog.build/Debug-iphoneos/phlibwebp.build/Objects-normal/arm64/muxedit.o /Users/colbycorcoran/Library/Developer/Xcode/DerivedData/Fiz-fiflxcjvlfosoebhvlytfgwprkxo/SourcePackages/checkouts/posthog-ios/vendor/libwebp/muxedit.c normal arm64 c com.apple.compilers.llvm.clang.1_0.compiler (in target 'phlibwebp' from project 'PostHog')
    cd /Users/colbycorcoran/Documents/App\ Development/Fiz/Fiz.xcodeproj
    
    Using response file: /Users/colbycorcoran/Library/Developer/Xcode/DerivedData/Fiz-fiflxcjvlfosoebhvlytfgwprkxo/Build/Intermediates.noindex/PostHog.build/Debug-iphoneos/phlibwebp.build/Objects-normal/arm64/7187679823f38a2a940e0043cdf9d637-common-args.resp
    
    /Applications/Xcode.app/Contents/Developer/Toolchains/XcodeDefault.xctoolchain/usr/bin/clang -x c -ivfsstatcache /Users/colbycorcoran/Library/Developer/Xcode/DerivedData/SDKStatCaches.noindex/iphoneos26.2-23C53-3794476bd08197c3e2abd9bb477ef7f7.sdkstatcache -fmessage-length\=0 -fdiagnostics-show-note-include-stack -fmacro-backtrace-limit\=0 -fno-color-diagnostics -fmodules-prune-interval\=86400 -fmodules-prune-after\=345600 -fbuild-session-file\=/Users/colbycorcoran/Library/Developer/Xcode/DerivedData/ModuleCache.noindex/Session.modulevalidation -fmodules-validate-once-per-build-session -Wnon-modular-include-in-framework-module -Werror\=non-modular-include-in-framework-module -Wno-trigraphs -Wno-missing-field-initializers -Wno-missing-prototypes -Wno-return-type -Wno-missing-braces -Wparentheses -Wswitch -Wno-unused-function -Wno-unused-label -Wno-unused-parameter -Wno-unused-variable -Wunused-value -Wno-empty-body -Wno-uninitialized -Wno-unknown-pragmas -w -Wno-shadow -Wno-four-char-constants -Wno-conversion -Wno-constant-conversion -Wno-int-conversion -Wno-bool-conversion -Wno-enum-conversion -Wno-float-conversion -Wno-non-literal-null-conversion -Wno-objc-literal-conversion -Wshorten-64-to-32 -Wpointer-sign -Wno-newline-eof -Wno-implicit-fallthrough -fstrict-aliasing -Wdeprecated-declarations -Wno-sign-conversion -Wno-infinite-recursion -Wno-comma -Wno-block-capture-autoreleasing -Wno-strict-prototypes -Wno-semicolon-before-method-body -index-store-path /Users/colbycorcoran/Library/Developer/Xcode/DerivedData/Fiz-fiflxcjvlfosoebhvlytfgwprkxo/Index.noindex/DataStore @/Users/colbycorcoran/Library/Developer/Xcode/DerivedData/Fiz-fiflxcjvlfosoebhvlytfgwprkxo/Build/Intermediates.noindex/PostHog.build/Debug-iphoneos/phlibwebp.build/Objects-normal/arm64/7187679823f38a2a940e0043cdf9d637-common-args.resp -MMD -MT dependencies -MF /Users/colbycorcoran/Library/Developer/Xcode/DerivedData/Fiz-fiflxcjvlfosoebhvlytfgwprkxo/Build/Intermediates.noindex/PostHog.build/Debug-iphoneos/phlibwebp.build/Objects-normal/arm64/muxedit.d --serialize-diagnostics /Users/colbycorcoran/Library/Developer/Xcode/DerivedData/Fiz-fiflxcjvlfosoebhvlytfgwprkxo/Build/Intermediates.noindex/PostHog.build/Debug-iphoneos/phlibwebp.build/Objects-normal/arm64/muxedit.dia -c /Users/colbycorcoran/Library/Developer/Xcode/DerivedData/Fiz-fiflxcjvlfosoebhvlytfgwprkxo/SourcePackages/checkouts/posthog-ios/vendor/libwebp/muxedit.c -o /Users/colbycorcoran/Library/Developer/Xcode/DerivedData/Fiz-fiflxcjvlfosoebhvlytfgwprkxo/Build/Intermediates.noindex/PostHog.build/Debug-iphoneos/phlibwebp.build/Objects-normal/arm64/muxedit.o -index-unit-output-path /PostHog.build/Debug-iphoneos/phlibwebp.build/Objects-normal/arm64/muxedit.o

CompileC /Users/colbycorcoran/Library/Developer/Xcode/DerivedData/Fiz-fiflxcjvlfosoebhvlytfgwprkxo/Build/Intermediates.noindex/PostHog.build/Debug-iphoneos/phlibwebp.build/Objects-normal/arm64/lossless_sse41.o /Users/colbycorcoran/Library/Developer/Xcode/DerivedData/Fiz-fiflxcjvlfosoebhvlytfgwprkxo/SourcePackages/checkouts/posthog-ios/vendor/libwebp/lossless_sse41.c normal arm64 c com.apple.compilers.llvm.clang.1_0.compiler (in target 'phlibwebp' from project 'PostHog')
    cd /Users/colbycorcoran/Documents/App\ Development/Fiz/Fiz.xcodeproj
    
    Using response file: /Users/colbycorcoran/Library/Developer/Xcode/DerivedData/Fiz-fiflxcjvlfosoebhvlytfgwprkxo/Build/Intermediates.noindex/PostHog.build/Debug-iphoneos/phlibwebp.build/Objects-normal/arm64/7187679823f38a2a940e0043cdf9d637-common-args.resp
    
    /Applications/Xcode.app/Contents/Developer/Toolchains/XcodeDefault.xctoolchain/usr/bin/clang -x c -ivfsstatcache /Users/colbycorcoran/Library/Developer/Xcode/DerivedData/SDKStatCaches.noindex/iphoneos26.2-23C53-3794476bd08197c3e2abd9bb477ef7f7.sdkstatcache -fmessage-length\=0 -fdiagnostics-show-note-include-stack -fmacro-backtrace-limit\=0 -fno-color-diagnostics -fmodules-prune-interval\=86400 -fmodules-prune-after\=345600 -fbuild-session-file\=/Users/colbycorcoran/Library/Developer/Xcode/DerivedData/ModuleCache.noindex/Session.modulevalidation -fmodules-validate-once-per-build-session -Wnon-modular-include-in-framework-module -Werror\=non-modular-include-in-framework-module -Wno-trigraphs -Wno-missing-field-initializers -Wno-missing-prototypes -Wno-return-type -Wno-missing-braces -Wparentheses -Wswitch -Wno-unused-function -Wno-unused-label -Wno-unused-parameter -Wno-unused-variable -Wunused-value -Wno-empty-body -Wno-uninitialized -Wno-unknown-pragmas -w -Wno-shadow -Wno-four-char-constants -Wno-conversion -Wno-constant-conversion -Wno-int-conversion -Wno-bool-conversion -Wno-enum-conversion -Wno-float-conversion -Wno-non-literal-null-conversion -Wno-objc-literal-conversion -Wshorten-64-to-32 -Wpointer-sign -Wno-newline-eof -Wno-implicit-fallthrough -fstrict-aliasing -Wdeprecated-declarations -Wno-sign-conversion -Wno-infinite-recursion -Wno-comma -Wno-block-capture-autoreleasing -Wno-strict-prototypes -Wno-semicolon-before-method-body -index-store-path /Users/colbycorcoran/Library/Developer/Xcode/DerivedData/Fiz-fiflxcjvlfosoebhvlytfgwprkxo/Index.noindex/DataStore @/Users/colbycorcoran/Library/Developer/Xcode/DerivedData/Fiz-fiflxcjvlfosoebhvlytfgwprkxo/Build/Intermediates.noindex/PostHog.build/Debug-iphoneos/phlibwebp.build/Objects-normal/arm64/7187679823f38a2a940e0043cdf9d637-common-args.resp -MMD -MT dependencies -MF /Users/colbycorcoran/Library/Developer/Xcode/DerivedData/Fiz-fiflxcjvlfosoebhvlytfgwprkxo/Build/Intermediates.noindex/PostHog.build/Debug-iphoneos/phlibwebp.build/Objects-normal/arm64/lossless_sse41.d --serialize-diagnostics /Users/colbycorcoran/Library/Developer/Xcode/DerivedData/Fiz-fiflxcjvlfosoebhvlytfgwprkxo/Build/Intermediates.noindex/PostHog.build/Debug-iphoneos/phlibwebp.build/Objects-normal/arm64/lossless_sse41.dia -c /Users/colbycorcoran/Library/Developer/Xcode/DerivedData/Fiz-fiflxcjvlfosoebhvlytfgwprkxo/SourcePackages/checkouts/posthog-ios/vendor/libwebp/lossless_sse41.c -o /Users/colbycorcoran/Library/Developer/Xcode/DerivedData/Fiz-fiflxcjvlfosoebhvlytfgwprkxo/Build/Intermediates.noindex/PostHog.build/Debug-iphoneos/phlibwebp.build/Objects-normal/arm64/lossless_sse41.o -index-unit-output-path /PostHog.build/Debug-iphoneos/phlibwebp.build/Objects-normal/arm64/lossless_sse41.o

CompileC /Users/colbycorcoran/Library/Developer/Xcode/DerivedData/Fiz-fiflxcjvlfosoebhvlytfgwprkxo/Build/Intermediates.noindex/PostHog.build/Debug-iphoneos/phlibwebp.build/Objects-normal/arm64/lossless_sse2.o /Users/colbycorcoran/Library/Developer/Xcode/DerivedData/Fiz-fiflxcjvlfosoebhvlytfgwprkxo/SourcePackages/checkouts/posthog-ios/vendor/libwebp/lossless_sse2.c normal arm64 c com.apple.compilers.llvm.clang.1_0.compiler (in target 'phlibwebp' from project 'PostHog')
    cd /Users/colbycorcoran/Documents/App\ Development/Fiz/Fiz.xcodeproj
    
    Using response file: /Users/colbycorcoran/Library/Developer/Xcode/DerivedData/Fiz-fiflxcjvlfosoebhvlytfgwprkxo/Build/Intermediates.noindex/PostHog.build/Debug-iphoneos/phlibwebp.build/Objects-normal/arm64/7187679823f38a2a940e0043cdf9d637-common-args.resp
    
    /Applications/Xcode.app/Contents/Developer/Toolchains/XcodeDefault.xctoolchain/usr/bin/clang -x c -ivfsstatcache /Users/colbycorcoran/Library/Developer/Xcode/DerivedData/SDKStatCaches.noindex/iphoneos26.2-23C53-3794476bd08197c3e2abd9bb477ef7f7.sdkstatcache -fmessage-length\=0 -fdiagnostics-show-note-include-stack -fmacro-backtrace-limit\=0 -fno-color-diagnostics -fmodules-prune-interval\=86400 -fmodules-prune-after\=345600 -fbuild-session-file\=/Users/colbycorcoran/Library/Developer/Xcode/DerivedData/ModuleCache.noindex/Session.modulevalidation -fmodules-validate-once-per-build-session -Wnon-modular-include-in-framework-module -Werror\=non-modular-include-in-framework-module -Wno-trigraphs -Wno-missing-field-initializers -Wno-missing-prototypes -Wno-return-type -Wno-missing-braces -Wparentheses -Wswitch -Wno-unused-function -Wno-unused-label -Wno-unused-parameter -Wno-unused-variable -Wunused-value -Wno-empty-body -Wno-uninitialized -Wno-unknown-pragmas -w -Wno-shadow -Wno-four-char-constants -Wno-conversion -Wno-constant-conversion -Wno-int-conversion -Wno-bool-conversion -Wno-enum-conversion -Wno-float-conversion -Wno-non-literal-null-conversion -Wno-objc-literal-conversion -Wshorten-64-to-32 -Wpointer-sign -Wno-newline-eof -Wno-implicit-fallthrough -fstrict-aliasing -Wdeprecated-declarations -Wno-sign-conversion -Wno-infinite-recursion -Wno-comma -Wno-block-capture-autoreleasing -Wno-strict-prototypes -Wno-semicolon-before-method-body -index-store-path /Users/colbycorcoran/Library/Developer/Xcode/DerivedData/Fiz-fiflxcjvlfosoebhvlytfgwprkxo/Index.noindex/DataStore @/Users/colbycorcoran/Library/Developer/Xcode/DerivedData/Fiz-fiflxcjvlfosoebhvlytfgwprkxo/Build/Intermediates.noindex/PostHog.build/Debug-iphoneos/phlibwebp.build/Objects-normal/arm64/7187679823f38a2a940e0043cdf9d637-common-args.resp -MMD -MT dependencies -MF /Users/colbycorcoran/Library/Developer/Xcode/DerivedData/Fiz-fiflxcjvlfosoebhvlytfgwprkxo/Build/Intermediates.noindex/PostHog.build/Debug-iphoneos/phlibwebp.build/Objects-normal/arm64/lossless_sse2.d --serialize-diagnostics /Users/colbycorcoran/Library/Developer/Xcode/DerivedData/Fiz-fiflxcjvlfosoebhvlytfgwprkxo/Build/Intermediates.noindex/PostHog.build/Debug-iphoneos/phlibwebp.build/Objects-normal/arm64/lossless_sse2.dia -c /Users/colbycorcoran/Library/Developer/Xcode/DerivedData/Fiz-fiflxcjvlfosoebhvlytfgwprkxo/SourcePackages/checkouts/posthog-ios/vendor/libwebp/lossless_sse2.c -o /Users/colbycorcoran/Library/Developer/Xcode/DerivedData/Fiz-fiflxcjvlfosoebhvlytfgwprkxo/Build/Intermediates.noindex/PostHog.build/Debug-iphoneos/phlibwebp.build/Objects-normal/arm64/lossless_sse2.o -index-unit-output-path /PostHog.build/Debug-iphoneos/phlibwebp.build/Objects-normal/arm64/lossless_sse2.o

CompileC /Users/colbycorcoran/Library/Developer/Xcode/DerivedData/Fiz-fiflxcjvlfosoebhvlytfgwprkxo/Build/Intermediates.noindex/PostHog.build/Debug-iphoneos/phlibwebp.build/Objects-normal/arm64/lossless_neon.o /Users/colbycorcoran/Library/Developer/Xcode/DerivedData/Fiz-fiflxcjvlfosoebhvlytfgwprkxo/SourcePackages/checkouts/posthog-ios/vendor/libwebp/lossless_neon.c normal arm64 c com.apple.compilers.llvm.clang.1_0.compiler (in target 'phlibwebp' from project 'PostHog')
    cd /Users/colbycorcoran/Documents/App\ Development/Fiz/Fiz.xcodeproj
    
    Using response file: /Users/colbycorcoran/Library/Developer/Xcode/DerivedData/Fiz-fiflxcjvlfosoebhvlytfgwprkxo/Build/Intermediates.noindex/PostHog.build/Debug-iphoneos/phlibwebp.build/Objects-normal/arm64/7187679823f38a2a940e0043cdf9d637-common-args.resp
    
    /Applications/Xcode.app/Contents/Developer/Toolchains/XcodeDefault.xctoolchain/usr/bin/clang -x c -ivfsstatcache /Users/colbycorcoran/Library/Developer/Xcode/DerivedData/SDKStatCaches.noindex/iphoneos26.2-23C53-3794476bd08197c3e2abd9bb477ef7f7.sdkstatcache -fmessage-length\=0 -fdiagnostics-show-note-include-stack -fmacro-backtrace-limit\=0 -fno-color-diagnostics -fmodules-prune-interval\=86400 -fmodules-prune-after\=345600 -fbuild-session-file\=/Users/colbycorcoran/Library/Developer/Xcode/DerivedData/ModuleCache.noindex/Session.modulevalidation -fmodules-validate-once-per-build-session -Wnon-modular-include-in-framework-module -Werror\=non-modular-include-in-framework-module -Wno-trigraphs -Wno-missing-field-initializers -Wno-missing-prototypes -Wno-return-type -Wno-missing-braces -Wparentheses -Wswitch -Wno-unused-function -Wno-unused-label -Wno-unused-parameter -Wno-unused-variable -Wunused-value -Wno-empty-body -Wno-uninitialized -Wno-unknown-pragmas -w -Wno-shadow -Wno-four-char-constants -Wno-conversion -Wno-constant-conversion -Wno-int-conversion -Wno-bool-conversion -Wno-enum-conversion -Wno-float-conversion -Wno-non-literal-null-conversion -Wno-objc-literal-conversion -Wshorten-64-to-32 -Wpointer-sign -Wno-newline-eof -Wno-implicit-fallthrough -fstrict-aliasing -Wdeprecated-declarations -Wno-sign-conversion -Wno-infinite-recursion -Wno-comma -Wno-block-capture-autoreleasing -Wno-strict-prototypes -Wno-semicolon-before-method-body -index-store-path /Users/colbycorcoran/Library/Developer/Xcode/DerivedData/Fiz-fiflxcjvlfosoebhvlytfgwprkxo/Index.noindex/DataStore @/Users/colbycorcoran/Library/Developer/Xcode/DerivedData/Fiz-fiflxcjvlfosoebhvlytfgwprkxo/Build/Intermediates.noindex/PostHog.build/Debug-iphoneos/phlibwebp.build/Objects-normal/arm64/7187679823f38a2a940e0043cdf9d637-common-args.resp -MMD -MT dependencies -MF /Users/colbycorcoran/Library/Developer/Xcode/DerivedData/Fiz-fiflxcjvlfosoebhvlytfgwprkxo/Build/Intermediates.noindex/PostHog.build/Debug-iphoneos/phlibwebp.build/Objects-normal/arm64/lossless_neon.d --serialize-diagnostics /Users/colbycorcoran/Library/Developer/Xcode/DerivedData/Fiz-fiflxcjvlfosoebhvlytfgwprkxo/Build/Intermediates.noindex/PostHog.build/Debug-iphoneos/phlibwebp.build/Objects-normal/arm64/lossless_neon.dia -c /Users/colbycorcoran/Library/Developer/Xcode/DerivedData/Fiz-fiflxcjvlfosoebhvlytfgwprkxo/SourcePackages/checkouts/posthog-ios/vendor/libwebp/lossless_neon.c -o /Users/colbycorcoran/Library/Developer/Xcode/DerivedData/Fiz-fiflxcjvlfosoebhvlytfgwprkxo/Build/Intermediates.noindex/PostHog.build/Debug-iphoneos/phlibwebp.build/Objects-normal/arm64/lossless_neon.o -index-unit-output-path /PostHog.build/Debug-iphoneos/phlibwebp.build/Objects-normal/arm64/lossless_neon.o

CompileC /Users/colbycorcoran/Library/Developer/Xcode/DerivedData/Fiz-fiflxcjvlfosoebhvlytfgwprkxo/Build/Intermediates.noindex/PostHog.build/Debug-iphoneos/phlibwebp.build/Objects-normal/arm64/lossless_enc_sse41.o /Users/colbycorcoran/Library/Developer/Xcode/DerivedData/Fiz-fiflxcjvlfosoebhvlytfgwprkxo/SourcePackages/checkouts/posthog-ios/vendor/libwebp/lossless_enc_sse41.c normal arm64 c com.apple.compilers.llvm.clang.1_0.compiler (in target 'phlibwebp' from project 'PostHog')
    cd /Users/colbycorcoran/Documents/App\ Development/Fiz/Fiz.xcodeproj
    
    Using response file: /Users/colbycorcoran/Library/Developer/Xcode/DerivedData/Fiz-fiflxcjvlfosoebhvlytfgwprkxo/Build/Intermediates.noindex/PostHog.build/Debug-iphoneos/phlibwebp.build/Objects-normal/arm64/7187679823f38a2a940e0043cdf9d637-common-args.resp
    
    /Applications/Xcode.app/Contents/Developer/Toolchains/XcodeDefault.xctoolchain/usr/bin/clang -x c -ivfsstatcache /Users/colbycorcoran/Library/Developer/Xcode/DerivedData/SDKStatCaches.noindex/iphoneos26.2-23C53-3794476bd08197c3e2abd9bb477ef7f7.sdkstatcache -fmessage-length\=0 -fdiagnostics-show-note-include-stack -fmacro-backtrace-limit\=0 -fno-color-diagnostics -fmodules-prune-interval\=86400 -fmodules-prune-after\=345600 -fbuild-session-file\=/Users/colbycorcoran/Library/Developer/Xcode/DerivedData/ModuleCache.noindex/Session.modulevalidation -fmodules-validate-once-per-build-session -Wnon-modular-include-in-framework-module -Werror\=non-modular-include-in-framework-module -Wno-trigraphs -Wno-missing-field-initializers -Wno-missing-prototypes -Wno-return-type -Wno-missing-braces -Wparentheses -Wswitch -Wno-unused-function -Wno-unused-label -Wno-unused-parameter -Wno-unused-variable -Wunused-value -Wno-empty-body -Wno-uninitialized -Wno-unknown-pragmas -w -Wno-shadow -Wno-four-char-constants -Wno-conversion -Wno-constant-conversion -Wno-int-conversion -Wno-bool-conversion -Wno-enum-conversion -Wno-float-conversion -Wno-non-literal-null-conversion -Wno-objc-literal-conversion -Wshorten-64-to-32 -Wpointer-sign -Wno-newline-eof -Wno-implicit-fallthrough -fstrict-aliasing -Wdeprecated-declarations -Wno-sign-conversion -Wno-infinite-recursion -Wno-comma -Wno-block-capture-autoreleasing -Wno-strict-prototypes -Wno-semicolon-before-method-body -index-store-path /Users/colbycorcoran/Library/Developer/Xcode/DerivedData/Fiz-fiflxcjvlfosoebhvlytfgwprkxo/Index.noindex/DataStore @/Users/colbycorcoran/Library/Developer/Xcode/DerivedData/Fiz-fiflxcjvlfosoebhvlytfgwprkxo/Build/Intermediates.noindex/PostHog.build/Debug-iphoneos/phlibwebp.build/Objects-normal/arm64/7187679823f38a2a940e0043cdf9d637-common-args.resp -MMD -MT dependencies -MF /Users/colbycorcoran/Library/Developer/Xcode/DerivedData/Fiz-fiflxcjvlfosoebhvlytfgwprkxo/Build/Intermediates.noindex/PostHog.build/Debug-iphoneos/phlibwebp.build/Objects-normal/arm64/lossless_enc_sse41.d --serialize-diagnostics /Users/colbycorcoran/Library/Developer/Xcode/DerivedData/Fiz-fiflxcjvlfosoebhvlytfgwprkxo/Build/Intermediates.noindex/PostHog.build/Debug-iphoneos/phlibwebp.build/Objects-normal/arm64/lossless_enc_sse41.dia -c /Users/colbycorcoran/Library/Developer/Xcode/DerivedData/Fiz-fiflxcjvlfosoebhvlytfgwprkxo/SourcePackages/checkouts/posthog-ios/vendor/libwebp/lossless_enc_sse41.c -o /Users/colbycorcoran/Library/Developer/Xcode/DerivedData/Fiz-fiflxcjvlfosoebhvlytfgwprkxo/Build/Intermediates.noindex/PostHog.build/Debug-iphoneos/phlibwebp.build/Objects-normal/arm64/lossless_enc_sse41.o -index-unit-output-path /PostHog.build/Debug-iphoneos/phlibwebp.build/Objects-normal/arm64/lossless_enc_sse41.o

CompileC /Users/colbycorcoran/Library/Developer/Xcode/DerivedData/Fiz-fiflxcjvlfosoebhvlytfgwprkxo/Build/Intermediates.noindex/PostHog.build/Debug-iphoneos/phlibwebp.build/Objects-normal/arm64/lossless_enc_sse2.o /Users/colbycorcoran/Library/Developer/Xcode/DerivedData/Fiz-fiflxcjvlfosoebhvlytfgwprkxo/SourcePackages/checkouts/posthog-ios/vendor/libwebp/lossless_enc_sse2.c normal arm64 c com.apple.compilers.llvm.clang.1_0.compiler (in target 'phlibwebp' from project 'PostHog')
    cd /Users/colbycorcoran/Documents/App\ Development/Fiz/Fiz.xcodeproj
    
    Using response file: /Users/colbycorcoran/Library/Developer/Xcode/DerivedData/Fiz-fiflxcjvlfosoebhvlytfgwprkxo/Build/Intermediates.noindex/PostHog.build/Debug-iphoneos/phlibwebp.build/Objects-normal/arm64/7187679823f38a2a940e0043cdf9d637-common-args.resp
    
    /Applications/Xcode.app/Contents/Developer/Toolchains/XcodeDefault.xctoolchain/usr/bin/clang -x c -ivfsstatcache /Users/colbycorcoran/Library/Developer/Xcode/DerivedData/SDKStatCaches.noindex/iphoneos26.2-23C53-3794476bd08197c3e2abd9bb477ef7f7.sdkstatcache -fmessage-length\=0 -fdiagnostics-show-note-include-stack -fmacro-backtrace-limit\=0 -fno-color-diagnostics -fmodules-prune-interval\=86400 -fmodules-prune-after\=345600 -fbuild-session-file\=/Users/colbycorcoran/Library/Developer/Xcode/DerivedData/ModuleCache.noindex/Session.modulevalidation -fmodules-validate-once-per-build-session -Wnon-modular-include-in-framework-module -Werror\=non-modular-include-in-framework-module -Wno-trigraphs -Wno-missing-field-initializers -Wno-missing-prototypes -Wno-return-type -Wno-missing-braces -Wparentheses -Wswitch -Wno-unused-function -Wno-unused-label -Wno-unused-parameter -Wno-unused-variable -Wunused-value -Wno-empty-body -Wno-uninitialized -Wno-unknown-pragmas -w -Wno-shadow -Wno-four-char-constants -Wno-conversion -Wno-constant-conversion -Wno-int-conversion -Wno-bool-conversion -Wno-enum-conversion -Wno-float-conversion -Wno-non-literal-null-conversion -Wno-objc-literal-conversion -Wshorten-64-to-32 -Wpointer-sign -Wno-newline-eof -Wno-implicit-fallthrough -fstrict-aliasing -Wdeprecated-declarations -Wno-sign-conversion -Wno-infinite-recursion -Wno-comma -Wno-block-capture-autoreleasing -Wno-strict-prototypes -Wno-semicolon-before-method-body -index-store-path /Users/colbycorcoran/Library/Developer/Xcode/DerivedData/Fiz-fiflxcjvlfosoebhvlytfgwprkxo/Index.noindex/DataStore @/Users/colbycorcoran/Library/Developer/Xcode/DerivedData/Fiz-fiflxcjvlfosoebhvlytfgwprkxo/Build/Intermediates.noindex/PostHog.build/Debug-iphoneos/phlibwebp.build/Objects-normal/arm64/7187679823f38a2a940e0043cdf9d637-common-args.resp -MMD -MT dependencies -MF /Users/colbycorcoran/Library/Developer/Xcode/DerivedData/Fiz-fiflxcjvlfosoebhvlytfgwprkxo/Build/Intermediates.noindex/PostHog.build/Debug-iphoneos/phlibwebp.build/Objects-normal/arm64/lossless_enc_sse2.d --serialize-diagnostics /Users/colbycorcoran/Library/Developer/Xcode/DerivedData/Fiz-fiflxcjvlfosoebhvlytfgwprkxo/Build/Intermediates.noindex/PostHog.build/Debug-iphoneos/phlibwebp.build/Objects-normal/arm64/lossless_enc_sse2.dia -c /Users/colbycorcoran/Library/Developer/Xcode/DerivedData/Fiz-fiflxcjvlfosoebhvlytfgwprkxo/SourcePackages/checkouts/posthog-ios/vendor/libwebp/lossless_enc_sse2.c -o /Users/colbycorcoran/Library/Developer/Xcode/DerivedData/Fiz-fiflxcjvlfosoebhvlytfgwprkxo/Build/Intermediates.noindex/PostHog.build/Debug-iphoneos/phlibwebp.build/Objects-normal/arm64/lossless_enc_sse2.o -index-unit-output-path /PostHog.build/Debug-iphoneos/phlibwebp.build/Objects-normal/arm64/lossless_enc_sse2.o

CompileC /Users/colbycorcoran/Library/Developer/Xcode/DerivedData/Fiz-fiflxcjvlfosoebhvlytfgwprkxo/Build/Intermediates.noindex/PostHog.build/Debug-iphoneos/phlibwebp.build/Objects-normal/arm64/lossless_enc_neon.o /Users/colbycorcoran/Library/Developer/Xcode/DerivedData/Fiz-fiflxcjvlfosoebhvlytfgwprkxo/SourcePackages/checkouts/posthog-ios/vendor/libwebp/lossless_enc_neon.c normal arm64 c com.apple.compilers.llvm.clang.1_0.compiler (in target 'phlibwebp' from project 'PostHog')
    cd /Users/colbycorcoran/Documents/App\ Development/Fiz/Fiz.xcodeproj
    
    Using response file: /Users/colbycorcoran/Library/Developer/Xcode/DerivedData/Fiz-fiflxcjvlfosoebhvlytfgwprkxo/Build/Intermediates.noindex/PostHog.build/Debug-iphoneos/phlibwebp.build/Objects-normal/arm64/7187679823f38a2a940e0043cdf9d637-common-args.resp
    
    /Applications/Xcode.app/Contents/Developer/Toolchains/XcodeDefault.xctoolchain/usr/bin/clang -x c -ivfsstatcache /Users/colbycorcoran/Library/Developer/Xcode/DerivedData/SDKStatCaches.noindex/iphoneos26.2-23C53-3794476bd08197c3e2abd9bb477ef7f7.sdkstatcache -fmessage-length\=0 -fdiagnostics-show-note-include-stack -fmacro-backtrace-limit\=0 -fno-color-diagnostics -fmodules-prune-interval\=86400 -fmodules-prune-after\=345600 -fbuild-session-file\=/Users/colbycorcoran/Library/Developer/Xcode/DerivedData/ModuleCache.noindex/Session.modulevalidation -fmodules-validate-once-per-build-session -Wnon-modular-include-in-framework-module -Werror\=non-modular-include-in-framework-module -Wno-trigraphs -Wno-missing-field-initializers -Wno-missing-prototypes -Wno-return-type -Wno-missing-braces -Wparentheses -Wswitch -Wno-unused-function -Wno-unused-label -Wno-unused-parameter -Wno-unused-variable -Wunused-value -Wno-empty-body -Wno-uninitialized -Wno-unknown-pragmas -w -Wno-shadow -Wno-four-char-constants -Wno-conversion -Wno-constant-conversion -Wno-int-conversion -Wno-bool-conversion -Wno-enum-conversion -Wno-float-conversion -Wno-non-literal-null-conversion -Wno-objc-literal-conversion -Wshorten-64-to-32 -Wpointer-sign -Wno-newline-eof -Wno-implicit-fallthrough -fstrict-aliasing -Wdeprecated-declarations -Wno-sign-conversion -Wno-infinite-recursion -Wno-comma -Wno-block-capture-autoreleasing -Wno-strict-prototypes -Wno-semicolon-before-method-body -index-store-path /Users/colbycorcoran/Library/Developer/Xcode/DerivedData/Fiz-fiflxcjvlfosoebhvlytfgwprkxo/Index.noindex/DataStore @/Users/colbycorcoran/Library/Developer/Xcode/DerivedData/Fiz-fiflxcjvlfosoebhvlytfgwprkxo/Build/Intermediates.noindex/PostHog.build/Debug-iphoneos/phlibwebp.build/Objects-normal/arm64/7187679823f38a2a940e0043cdf9d637-common-args.resp -MMD -MT dependencies -MF /Users/colbycorcoran/Library/Developer/Xcode/DerivedData/Fiz-fiflxcjvlfosoebhvlytfgwprkxo/Build/Intermediates.noindex/PostHog.build/Debug-iphoneos/phlibwebp.build/Objects-normal/arm64/lossless_enc_neon.d --serialize-diagnostics /Users/colbycorcoran/Library/Developer/Xcode/DerivedData/Fiz-fiflxcjvlfosoebhvlytfgwprkxo/Build/Intermediates.noindex/PostHog.build/Debug-iphoneos/phlibwebp.build/Objects-normal/arm64/lossless_enc_neon.dia -c /Users/colbycorcoran/Library/Developer/Xcode/DerivedData/Fiz-fiflxcjvlfosoebhvlytfgwprkxo/SourcePackages/checkouts/posthog-ios/vendor/libwebp/lossless_enc_neon.c -o /Users/colbycorcoran/Library/Developer/Xcode/DerivedData/Fiz-fiflxcjvlfosoebhvlytfgwprkxo/Build/Intermediates.noindex/PostHog.build/Debug-iphoneos/phlibwebp.build/Objects-normal/arm64/lossless_enc_neon.o -index-unit-output-path /PostHog.build/Debug-iphoneos/phlibwebp.build/Objects-normal/arm64/lossless_enc_neon.o

CompileC /Users/colbycorcoran/Library/Developer/Xcode/DerivedData/Fiz-fiflxcjvlfosoebhvlytfgwprkxo/Build/Intermediates.noindex/PostHog.build/Debug-iphoneos/phlibwebp.build/Objects-normal/arm64/lossless_enc.o /Users/colbycorcoran/Library/Developer/Xcode/DerivedData/Fiz-fiflxcjvlfosoebhvlytfgwprkxo/SourcePackages/checkouts/posthog-ios/vendor/libwebp/lossless_enc.c normal arm64 c com.apple.compilers.llvm.clang.1_0.compiler (in target 'phlibwebp' from project 'PostHog')
    cd /Users/colbycorcoran/Documents/App\ Development/Fiz/Fiz.xcodeproj
    
    Using response file: /Users/colbycorcoran/Library/Developer/Xcode/DerivedData/Fiz-fiflxcjvlfosoebhvlytfgwprkxo/Build/Intermediates.noindex/PostHog.build/Debug-iphoneos/phlibwebp.build/Objects-normal/arm64/7187679823f38a2a940e0043cdf9d637-common-args.resp
    
    /Applications/Xcode.app/Contents/Developer/Toolchains/XcodeDefault.xctoolchain/usr/bin/clang -x c -ivfsstatcache /Users/colbycorcoran/Library/Developer/Xcode/DerivedData/SDKStatCaches.noindex/iphoneos26.2-23C53-3794476bd08197c3e2abd9bb477ef7f7.sdkstatcache -fmessage-length\=0 -fdiagnostics-show-note-include-stack -fmacro-backtrace-limit\=0 -fno-color-diagnostics -fmodules-prune-interval\=86400 -fmodules-prune-after\=345600 -fbuild-session-file\=/Users/colbycorcoran/Library/Developer/Xcode/DerivedData/ModuleCache.noindex/Session.modulevalidation -fmodules-validate-once-per-build-session -Wnon-modular-include-in-framework-module -Werror\=non-modular-include-in-framework-module -Wno-trigraphs -Wno-missing-field-initializers -Wno-missing-prototypes -Wno-return-type -Wno-missing-braces -Wparentheses -Wswitch -Wno-unused-function -Wno-unused-label -Wno-unused-parameter -Wno-unused-variable -Wunused-value -Wno-empty-body -Wno-uninitialized -Wno-unknown-pragmas -w -Wno-shadow -Wno-four-char-constants -Wno-conversion -Wno-constant-conversion -Wno-int-conversion -Wno-bool-conversion -Wno-enum-conversion -Wno-float-conversion -Wno-non-literal-null-conversion -Wno-objc-literal-conversion -Wshorten-64-to-32 -Wpointer-sign -Wno-newline-eof -Wno-implicit-fallthrough -fstrict-aliasing -Wdeprecated-declarations -Wno-sign-conversion -Wno-infinite-recursion -Wno-comma -Wno-block-capture-autoreleasing -Wno-strict-prototypes -Wno-semicolon-before-method-body -index-store-path /Users/colbycorcoran/Library/Developer/Xcode/DerivedData/Fiz-fiflxcjvlfosoebhvlytfgwprkxo/Index.noindex/DataStore @/Users/colbycorcoran/Library/Developer/Xcode/DerivedData/Fiz-fiflxcjvlfosoebhvlytfgwprkxo/Build/Intermediates.noindex/PostHog.build/Debug-iphoneos/phlibwebp.build/Objects-normal/arm64/7187679823f38a2a940e0043cdf9d637-common-args.resp -MMD -MT dependencies -MF /Users/colbycorcoran/Library/Developer/Xcode/DerivedData/Fiz-fiflxcjvlfosoebhvlytfgwprkxo/Build/Intermediates.noindex/PostHog.build/Debug-iphoneos/phlibwebp.build/Objects-normal/arm64/lossless_enc.d --serialize-diagnostics /Users/colbycorcoran/Library/Developer/Xcode/DerivedData/Fiz-fiflxcjvlfosoebhvlytfgwprkxo/Build/Intermediates.noindex/PostHog.build/Debug-iphoneos/phlibwebp.build/Objects-normal/arm64/lossless_enc.dia -c /Users/colbycorcoran/Library/Developer/Xcode/DerivedData/Fiz-fiflxcjvlfosoebhvlytfgwprkxo/SourcePackages/checkouts/posthog-ios/vendor/libwebp/lossless_enc.c -o /Users/colbycorcoran/Library/Developer/Xcode/DerivedData/Fiz-fiflxcjvlfosoebhvlytfgwprkxo/Build/Intermediates.noindex/PostHog.build/Debug-iphoneos/phlibwebp.build/Objects-normal/arm64/lossless_enc.o -index-unit-output-path /PostHog.build/Debug-iphoneos/phlibwebp.build/Objects-normal/arm64/lossless_enc.o

CompileC /Users/colbycorcoran/Library/Developer/Xcode/DerivedData/Fiz-fiflxcjvlfosoebhvlytfgwprkxo/Build/Intermediates.noindex/PostHog.build/Debug-iphoneos/phlibwebp.build/Objects-normal/arm64/lossless.o /Users/colbycorcoran/Library/Developer/Xcode/DerivedData/Fiz-fiflxcjvlfosoebhvlytfgwprkxo/SourcePackages/checkouts/posthog-ios/vendor/libwebp/lossless.c normal arm64 c com.apple.compilers.llvm.clang.1_0.compiler (in target 'phlibwebp' from project 'PostHog')
    cd /Users/colbycorcoran/Documents/App\ Development/Fiz/Fiz.xcodeproj
    
    Using response file: /Users/colbycorcoran/Library/Developer/Xcode/DerivedData/Fiz-fiflxcjvlfosoebhvlytfgwprkxo/Build/Intermediates.noindex/PostHog.build/Debug-iphoneos/phlibwebp.build/Objects-normal/arm64/7187679823f38a2a940e0043cdf9d637-common-args.resp
    
    /Applications/Xcode.app/Contents/Developer/Toolchains/XcodeDefault.xctoolchain/usr/bin/clang -x c -ivfsstatcache /Users/colbycorcoran/Library/Developer/Xcode/DerivedData/SDKStatCaches.noindex/iphoneos26.2-23C53-3794476bd08197c3e2abd9bb477ef7f7.sdkstatcache -fmessage-length\=0 -fdiagnostics-show-note-include-stack -fmacro-backtrace-limit\=0 -fno-color-diagnostics -fmodules-prune-interval\=86400 -fmodules-prune-after\=345600 -fbuild-session-file\=/Users/colbycorcoran/Library/Developer/Xcode/DerivedData/ModuleCache.noindex/Session.modulevalidation -fmodules-validate-once-per-build-session -Wnon-modular-include-in-framework-module -Werror\=non-modular-include-in-framework-module -Wno-trigraphs -Wno-missing-field-initializers -Wno-missing-prototypes -Wno-return-type -Wno-missing-braces -Wparentheses -Wswitch -Wno-unused-function -Wno-unused-label -Wno-unused-parameter -Wno-unused-variable -Wunused-value -Wno-empty-body -Wno-uninitialized -Wno-unknown-pragmas -w -Wno-shadow -Wno-four-char-constants -Wno-conversion -Wno-constant-conversion -Wno-int-conversion -Wno-bool-conversion -Wno-enum-conversion -Wno-float-conversion -Wno-non-literal-null-conversion -Wno-objc-literal-conversion -Wshorten-64-to-32 -Wpointer-sign -Wno-newline-eof -Wno-implicit-fallthrough -fstrict-aliasing -Wdeprecated-declarations -Wno-sign-conversion -Wno-infinite-recursion -Wno-comma -Wno-block-capture-autoreleasing -Wno-strict-prototypes -Wno-semicolon-before-method-body -index-store-path /Users/colbycorcoran/Library/Developer/Xcode/DerivedData/Fiz-fiflxcjvlfosoebhvlytfgwprkxo/Index.noindex/DataStore @/Users/colbycorcoran/Library/Developer/Xcode/DerivedData/Fiz-fiflxcjvlfosoebhvlytfgwprkxo/Build/Intermediates.noindex/PostHog.build/Debug-iphoneos/phlibwebp.build/Objects-normal/arm64/7187679823f38a2a940e0043cdf9d637-common-args.resp -MMD -MT dependencies -MF /Users/colbycorcoran/Library/Developer/Xcode/DerivedData/Fiz-fiflxcjvlfosoebhvlytfgwprkxo/Build/Intermediates.noindex/PostHog.build/Debug-iphoneos/phlibwebp.build/Objects-normal/arm64/lossless.d --serialize-diagnostics /Users/colbycorcoran/Library/Developer/Xcode/DerivedData/Fiz-fiflxcjvlfosoebhvlytfgwprkxo/Build/Intermediates.noindex/PostHog.build/Debug-iphoneos/phlibwebp.build/Objects-normal/arm64/lossless.dia -c /Users/colbycorcoran/Library/Developer/Xcode/DerivedData/Fiz-fiflxcjvlfosoebhvlytfgwprkxo/SourcePackages/checkouts/posthog-ios/vendor/libwebp/lossless.c -o /Users/colbycorcoran/Library/Developer/Xcode/DerivedData/Fiz-fiflxcjvlfosoebhvlytfgwprkxo/Build/Intermediates.noindex/PostHog.build/Debug-iphoneos/phlibwebp.build/Objects-normal/arm64/lossless.o -index-unit-output-path /PostHog.build/Debug-iphoneos/phlibwebp.build/Objects-normal/arm64/lossless.o

CompileC /Users/colbycorcoran/Library/Developer/Xcode/DerivedData/Fiz-fiflxcjvlfosoebhvlytfgwprkxo/Build/Intermediates.noindex/PostHog.build/Debug-iphoneos/phlibwebp.build/Objects-normal/arm64/iterator_enc.o /Users/colbycorcoran/Library/Developer/Xcode/DerivedData/Fiz-fiflxcjvlfosoebhvlytfgwprkxo/SourcePackages/checkouts/posthog-ios/vendor/libwebp/iterator_enc.c normal arm64 c com.apple.compilers.llvm.clang.1_0.compiler (in target 'phlibwebp' from project 'PostHog')
    cd /Users/colbycorcoran/Documents/App\ Development/Fiz/Fiz.xcodeproj
    
    Using response file: /Users/colbycorcoran/Library/Developer/Xcode/DerivedData/Fiz-fiflxcjvlfosoebhvlytfgwprkxo/Build/Intermediates.noindex/PostHog.build/Debug-iphoneos/phlibwebp.build/Objects-normal/arm64/7187679823f38a2a940e0043cdf9d637-common-args.resp
    
    /Applications/Xcode.app/Contents/Developer/Toolchains/XcodeDefault.xctoolchain/usr/bin/clang -x c -ivfsstatcache /Users/colbycorcoran/Library/Developer/Xcode/DerivedData/SDKStatCaches.noindex/iphoneos26.2-23C53-3794476bd08197c3e2abd9bb477ef7f7.sdkstatcache -fmessage-length\=0 -fdiagnostics-show-note-include-stack -fmacro-backtrace-limit\=0 -fno-color-diagnostics -fmodules-prune-interval\=86400 -fmodules-prune-after\=345600 -fbuild-session-file\=/Users/colbycorcoran/Library/Developer/Xcode/DerivedData/ModuleCache.noindex/Session.modulevalidation -fmodules-validate-once-per-build-session -Wnon-modular-include-in-framework-module -Werror\=non-modular-include-in-framework-module -Wno-trigraphs -Wno-missing-field-initializers -Wno-missing-prototypes -Wno-return-type -Wno-missing-braces -Wparentheses -Wswitch -Wno-unused-function -Wno-unused-label -Wno-unused-parameter -Wno-unused-variable -Wunused-value -Wno-empty-body -Wno-uninitialized -Wno-unknown-pragmas -w -Wno-shadow -Wno-four-char-constants -Wno-conversion -Wno-constant-conversion -Wno-int-conversion -Wno-bool-conversion -Wno-enum-conversion -Wno-float-conversion -Wno-non-literal-null-conversion -Wno-objc-literal-conversion -Wshorten-64-to-32 -Wpointer-sign -Wno-newline-eof -Wno-implicit-fallthrough -fstrict-aliasing -Wdeprecated-declarations -Wno-sign-conversion -Wno-infinite-recursion -Wno-comma -Wno-block-capture-autoreleasing -Wno-strict-prototypes -Wno-semicolon-before-method-body -index-store-path /Users/colbycorcoran/Library/Developer/Xcode/DerivedData/Fiz-fiflxcjvlfosoebhvlytfgwprkxo/Index.noindex/DataStore @/Users/colbycorcoran/Library/Developer/Xcode/DerivedData/Fiz-fiflxcjvlfosoebhvlytfgwprkxo/Build/Intermediates.noindex/PostHog.build/Debug-iphoneos/phlibwebp.build/Objects-normal/arm64/7187679823f38a2a940e0043cdf9d637-common-args.resp -MMD -MT dependencies -MF /Users/colbycorcoran/Library/Developer/Xcode/DerivedData/Fiz-fiflxcjvlfosoebhvlytfgwprkxo/Build/Intermediates.noindex/PostHog.build/Debug-iphoneos/phlibwebp.build/Objects-normal/arm64/iterator_enc.d --serialize-diagnostics /Users/colbycorcoran/Library/Developer/Xcode/DerivedData/Fiz-fiflxcjvlfosoebhvlytfgwprkxo/Build/Intermediates.noindex/PostHog.build/Debug-iphoneos/phlibwebp.build/Objects-normal/arm64/iterator_enc.dia -c /Users/colbycorcoran/Library/Developer/Xcode/DerivedData/Fiz-fiflxcjvlfosoebhvlytfgwprkxo/SourcePackages/checkouts/posthog-ios/vendor/libwebp/iterator_enc.c -o /Users/colbycorcoran/Library/Developer/Xcode/DerivedData/Fiz-fiflxcjvlfosoebhvlytfgwprkxo/Build/Intermediates.noindex/PostHog.build/Debug-iphoneos/phlibwebp.build/Objects-normal/arm64/iterator_enc.o -index-unit-output-path /PostHog.build/Debug-iphoneos/phlibwebp.build/Objects-normal/arm64/iterator_enc.o

CompileC /Users/colbycorcoran/Library/Developer/Xcode/DerivedData/Fiz-fiflxcjvlfosoebhvlytfgwprkxo/Build/Intermediates.noindex/PostHog.build/Debug-iphoneos/phlibwebp.build/Objects-normal/arm64/huffman_utils.o /Users/colbycorcoran/Library/Developer/Xcode/DerivedData/Fiz-fiflxcjvlfosoebhvlytfgwprkxo/SourcePackages/checkouts/posthog-ios/vendor/libwebp/huffman_utils.c normal arm64 c com.apple.compilers.llvm.clang.1_0.compiler (in target 'phlibwebp' from project 'PostHog')
    cd /Users/colbycorcoran/Documents/App\ Development/Fiz/Fiz.xcodeproj
    
    Using response file: /Users/colbycorcoran/Library/Developer/Xcode/DerivedData/Fiz-fiflxcjvlfosoebhvlytfgwprkxo/Build/Intermediates.noindex/PostHog.build/Debug-iphoneos/phlibwebp.build/Objects-normal/arm64/7187679823f38a2a940e0043cdf9d637-common-args.resp
    
    /Applications/Xcode.app/Contents/Developer/Toolchains/XcodeDefault.xctoolchain/usr/bin/clang -x c -ivfsstatcache /Users/colbycorcoran/Library/Developer/Xcode/DerivedData/SDKStatCaches.noindex/iphoneos26.2-23C53-3794476bd08197c3e2abd9bb477ef7f7.sdkstatcache -fmessage-length\=0 -fdiagnostics-show-note-include-stack -fmacro-backtrace-limit\=0 -fno-color-diagnostics -fmodules-prune-interval\=86400 -fmodules-prune-after\=345600 -fbuild-session-file\=/Users/colbycorcoran/Library/Developer/Xcode/DerivedData/ModuleCache.noindex/Session.modulevalidation -fmodules-validate-once-per-build-session -Wnon-modular-include-in-framework-module -Werror\=non-modular-include-in-framework-module -Wno-trigraphs -Wno-missing-field-initializers -Wno-missing-prototypes -Wno-return-type -Wno-missing-braces -Wparentheses -Wswitch -Wno-unused-function -Wno-unused-label -Wno-unused-parameter -Wno-unused-variable -Wunused-value -Wno-empty-body -Wno-uninitialized -Wno-unknown-pragmas -w -Wno-shadow -Wno-four-char-constants -Wno-conversion -Wno-constant-conversion -Wno-int-conversion -Wno-bool-conversion -Wno-enum-conversion -Wno-float-conversion -Wno-non-literal-null-conversion -Wno-objc-literal-conversion -Wshorten-64-to-32 -Wpointer-sign -Wno-newline-eof -Wno-implicit-fallthrough -fstrict-aliasing -Wdeprecated-declarations -Wno-sign-conversion -Wno-infinite-recursion -Wno-comma -Wno-block-capture-autoreleasing -Wno-strict-prototypes -Wno-semicolon-before-method-body -index-store-path /Users/colbycorcoran/Library/Developer/Xcode/DerivedData/Fiz-fiflxcjvlfosoebhvlytfgwprkxo/Index.noindex/DataStore @/Users/colbycorcoran/Library/Developer/Xcode/DerivedData/Fiz-fiflxcjvlfosoebhvlytfgwprkxo/Build/Intermediates.noindex/PostHog.build/Debug-iphoneos/phlibwebp.build/Objects-normal/arm64/7187679823f38a2a940e0043cdf9d637-common-args.resp -MMD -MT dependencies -MF /Users/colbycorcoran/Library/Developer/Xcode/DerivedData/Fiz-fiflxcjvlfosoebhvlytfgwprkxo/Build/Intermediates.noindex/PostHog.build/Debug-iphoneos/phlibwebp.build/Objects-normal/arm64/huffman_utils.d --serialize-diagnostics /Users/colbycorcoran/Library/Developer/Xcode/DerivedData/Fiz-fiflxcjvlfosoebhvlytfgwprkxo/Build/Intermediates.noindex/PostHog.build/Debug-iphoneos/phlibwebp.build/Objects-normal/arm64/huffman_utils.dia -c /Users/colbycorcoran/Library/Developer/Xcode/DerivedData/Fiz-fiflxcjvlfosoebhvlytfgwprkxo/SourcePackages/checkouts/posthog-ios/vendor/libwebp/huffman_utils.c -o /Users/colbycorcoran/Library/Developer/Xcode/DerivedData/Fiz-fiflxcjvlfosoebhvlytfgwprkxo/Build/Intermediates.noindex/PostHog.build/Debug-iphoneos/phlibwebp.build/Objects-normal/arm64/huffman_utils.o -index-unit-output-path /PostHog.build/Debug-iphoneos/phlibwebp.build/Objects-normal/arm64/huffman_utils.o

CompileC /Users/colbycorcoran/Library/Developer/Xcode/DerivedData/Fiz-fiflxcjvlfosoebhvlytfgwprkxo/Build/Intermediates.noindex/PostHog.build/Debug-iphoneos/phlibwebp.build/Objects-normal/arm64/huffman_encode_utils.o /Users/colbycorcoran/Library/Developer/Xcode/DerivedData/Fiz-fiflxcjvlfosoebhvlytfgwprkxo/SourcePackages/checkouts/posthog-ios/vendor/libwebp/huffman_encode_utils.c normal arm64 c com.apple.compilers.llvm.clang.1_0.compiler (in target 'phlibwebp' from project 'PostHog')
    cd /Users/colbycorcoran/Documents/App\ Development/Fiz/Fiz.xcodeproj
    
    Using response file: /Users/colbycorcoran/Library/Developer/Xcode/DerivedData/Fiz-fiflxcjvlfosoebhvlytfgwprkxo/Build/Intermediates.noindex/PostHog.build/Debug-iphoneos/phlibwebp.build/Objects-normal/arm64/7187679823f38a2a940e0043cdf9d637-common-args.resp
    
    /Applications/Xcode.app/Contents/Developer/Toolchains/XcodeDefault.xctoolchain/usr/bin/clang -x c -ivfsstatcache /Users/colbycorcoran/Library/Developer/Xcode/DerivedData/SDKStatCaches.noindex/iphoneos26.2-23C53-3794476bd08197c3e2abd9bb477ef7f7.sdkstatcache -fmessage-length\=0 -fdiagnostics-show-note-include-stack -fmacro-backtrace-limit\=0 -fno-color-diagnostics -fmodules-prune-interval\=86400 -fmodules-prune-after\=345600 -fbuild-session-file\=/Users/colbycorcoran/Library/Developer/Xcode/DerivedData/ModuleCache.noindex/Session.modulevalidation -fmodules-validate-once-per-build-session -Wnon-modular-include-in-framework-module -Werror\=non-modular-include-in-framework-module -Wno-trigraphs -Wno-missing-field-initializers -Wno-missing-prototypes -Wno-return-type -Wno-missing-braces -Wparentheses -Wswitch -Wno-unused-function -Wno-unused-label -Wno-unused-parameter -Wno-unused-variable -Wunused-value -Wno-empty-body -Wno-uninitialized -Wno-unknown-pragmas -w -Wno-shadow -Wno-four-char-constants -Wno-conversion -Wno-constant-conversion -Wno-int-conversion -Wno-bool-conversion -Wno-enum-conversion -Wno-float-conversion -Wno-non-literal-null-conversion -Wno-objc-literal-conversion -Wshorten-64-to-32 -Wpointer-sign -Wno-newline-eof -Wno-implicit-fallthrough -fstrict-aliasing -Wdeprecated-declarations -Wno-sign-conversion -Wno-infinite-recursion -Wno-comma -Wno-block-capture-autoreleasing -Wno-strict-prototypes -Wno-semicolon-before-method-body -index-store-path /Users/colbycorcoran/Library/Developer/Xcode/DerivedData/Fiz-fiflxcjvlfosoebhvlytfgwprkxo/Index.noindex/DataStore @/Users/colbycorcoran/Library/Developer/Xcode/DerivedData/Fiz-fiflxcjvlfosoebhvlytfgwprkxo/Build/Intermediates.noindex/PostHog.build/Debug-iphoneos/phlibwebp.build/Objects-normal/arm64/7187679823f38a2a940e0043cdf9d637-common-args.resp -MMD -MT dependencies -MF /Users/colbycorcoran/Library/Developer/Xcode/DerivedData/Fiz-fiflxcjvlfosoebhvlytfgwprkxo/Build/Intermediates.noindex/PostHog.build/Debug-iphoneos/phlibwebp.build/Objects-normal/arm64/huffman_encode_utils.d --serialize-diagnostics /Users/colbycorcoran/Library/Developer/Xcode/DerivedData/Fiz-fiflxcjvlfosoebhvlytfgwprkxo/Build/Intermediates.noindex/PostHog.build/Debug-iphoneos/phlibwebp.build/Objects-normal/arm64/huffman_encode_utils.dia -c /Users/colbycorcoran/Library/Developer/Xcode/DerivedData/Fiz-fiflxcjvlfosoebhvlytfgwprkxo/SourcePackages/checkouts/posthog-ios/vendor/libwebp/huffman_encode_utils.c -o /Users/colbycorcoran/Library/Developer/Xcode/DerivedData/Fiz-fiflxcjvlfosoebhvlytfgwprkxo/Build/Intermediates.noindex/PostHog.build/Debug-iphoneos/phlibwebp.build/Objects-normal/arm64/huffman_encode_utils.o -index-unit-output-path /PostHog.build/Debug-iphoneos/phlibwebp.build/Objects-normal/arm64/huffman_encode_utils.o

CompileC /Users/colbycorcoran/Library/Developer/Xcode/DerivedData/Fiz-fiflxcjvlfosoebhvlytfgwprkxo/Build/Intermediates.noindex/PostHog.build/Debug-iphoneos/phlibwebp.build/Objects-normal/arm64/histogram_enc.o /Users/colbycorcoran/Library/Developer/Xcode/DerivedData/Fiz-fiflxcjvlfosoebhvlytfgwprkxo/SourcePackages/checkouts/posthog-ios/vendor/libwebp/histogram_enc.c normal arm64 c com.apple.compilers.llvm.clang.1_0.compiler (in target 'phlibwebp' from project 'PostHog')
    cd /Users/colbycorcoran/Documents/App\ Development/Fiz/Fiz.xcodeproj
    
    Using response file: /Users/colbycorcoran/Library/Developer/Xcode/DerivedData/Fiz-fiflxcjvlfosoebhvlytfgwprkxo/Build/Intermediates.noindex/PostHog.build/Debug-iphoneos/phlibwebp.build/Objects-normal/arm64/7187679823f38a2a940e0043cdf9d637-common-args.resp
    
    /Applications/Xcode.app/Contents/Developer/Toolchains/XcodeDefault.xctoolchain/usr/bin/clang -x c -ivfsstatcache /Users/colbycorcoran/Library/Developer/Xcode/DerivedData/SDKStatCaches.noindex/iphoneos26.2-23C53-3794476bd08197c3e2abd9bb477ef7f7.sdkstatcache -fmessage-length\=0 -fdiagnostics-show-note-include-stack -fmacro-backtrace-limit\=0 -fno-color-diagnostics -fmodules-prune-interval\=86400 -fmodules-prune-after\=345600 -fbuild-session-file\=/Users/colbycorcoran/Library/Developer/Xcode/DerivedData/ModuleCache.noindex/Session.modulevalidation -fmodules-validate-once-per-build-session -Wnon-modular-include-in-framework-module -Werror\=non-modular-include-in-framework-module -Wno-trigraphs -Wno-missing-field-initializers -Wno-missing-prototypes -Wno-return-type -Wno-missing-braces -Wparentheses -Wswitch -Wno-unused-function -Wno-unused-label -Wno-unused-parameter -Wno-unused-variable -Wunused-value -Wno-empty-body -Wno-uninitialized -Wno-unknown-pragmas -w -Wno-shadow -Wno-four-char-constants -Wno-conversion -Wno-constant-conversion -Wno-int-conversion -Wno-bool-conversion -Wno-enum-conversion -Wno-float-conversion -Wno-non-literal-null-conversion -Wno-objc-literal-conversion -Wshorten-64-to-32 -Wpointer-sign -Wno-newline-eof -Wno-implicit-fallthrough -fstrict-aliasing -Wdeprecated-declarations -Wno-sign-conversion -Wno-infinite-recursion -Wno-comma -Wno-block-capture-autoreleasing -Wno-strict-prototypes -Wno-semicolon-before-method-body -index-store-path /Users/colbycorcoran/Library/Developer/Xcode/DerivedData/Fiz-fiflxcjvlfosoebhvlytfgwprkxo/Index.noindex/DataStore @/Users/colbycorcoran/Library/Developer/Xcode/DerivedData/Fiz-fiflxcjvlfosoebhvlytfgwprkxo/Build/Intermediates.noindex/PostHog.build/Debug-iphoneos/phlibwebp.build/Objects-normal/arm64/7187679823f38a2a940e0043cdf9d637-common-args.resp -MMD -MT dependencies -MF /Users/colbycorcoran/Library/Developer/Xcode/DerivedData/Fiz-fiflxcjvlfosoebhvlytfgwprkxo/Build/Intermediates.noindex/PostHog.build/Debug-iphoneos/phlibwebp.build/Objects-normal/arm64/histogram_enc.d --serialize-diagnostics /Users/colbycorcoran/Library/Developer/Xcode/DerivedData/Fiz-fiflxcjvlfosoebhvlytfgwprkxo/Build/Intermediates.noindex/PostHog.build/Debug-iphoneos/phlibwebp.build/Objects-normal/arm64/histogram_enc.dia -c /Users/colbycorcoran/Library/Developer/Xcode/DerivedData/Fiz-fiflxcjvlfosoebhvlytfgwprkxo/SourcePackages/checkouts/posthog-ios/vendor/libwebp/histogram_enc.c -o /Users/colbycorcoran/Library/Developer/Xcode/DerivedData/Fiz-fiflxcjvlfosoebhvlytfgwprkxo/Build/Intermediates.noindex/PostHog.build/Debug-iphoneos/phlibwebp.build/Objects-normal/arm64/histogram_enc.o -index-unit-output-path /PostHog.build/Debug-iphoneos/phlibwebp.build/Objects-normal/arm64/histogram_enc.o

CompileC /Users/colbycorcoran/Library/Developer/Xcode/DerivedData/Fiz-fiflxcjvlfosoebhvlytfgwprkxo/Build/Intermediates.noindex/PostHog.build/Debug-iphoneos/phlibwebp.build/Objects-normal/arm64/frame_enc.o /Users/colbycorcoran/Library/Developer/Xcode/DerivedData/Fiz-fiflxcjvlfosoebhvlytfgwprkxo/SourcePackages/checkouts/posthog-ios/vendor/libwebp/frame_enc.c normal arm64 c com.apple.compilers.llvm.clang.1_0.compiler (in target 'phlibwebp' from project 'PostHog')
    cd /Users/colbycorcoran/Documents/App\ Development/Fiz/Fiz.xcodeproj
    
    Using response file: /Users/colbycorcoran/Library/Developer/Xcode/DerivedData/Fiz-fiflxcjvlfosoebhvlytfgwprkxo/Build/Intermediates.noindex/PostHog.build/Debug-iphoneos/phlibwebp.build/Objects-normal/arm64/7187679823f38a2a940e0043cdf9d637-common-args.resp
    
    /Applications/Xcode.app/Contents/Developer/Toolchains/XcodeDefault.xctoolchain/usr/bin/clang -x c -ivfsstatcache /Users/colbycorcoran/Library/Developer/Xcode/DerivedData/SDKStatCaches.noindex/iphoneos26.2-23C53-3794476bd08197c3e2abd9bb477ef7f7.sdkstatcache -fmessage-length\=0 -fdiagnostics-show-note-include-stack -fmacro-backtrace-limit\=0 -fno-color-diagnostics -fmodules-prune-interval\=86400 -fmodules-prune-after\=345600 -fbuild-session-file\=/Users/colbycorcoran/Library/Developer/Xcode/DerivedData/ModuleCache.noindex/Session.modulevalidation -fmodules-validate-once-per-build-session -Wnon-modular-include-in-framework-module -Werror\=non-modular-include-in-framework-module -Wno-trigraphs -Wno-missing-field-initializers -Wno-missing-prototypes -Wno-return-type -Wno-missing-braces -Wparentheses -Wswitch -Wno-unused-function -Wno-unused-label -Wno-unused-parameter -Wno-unused-variable -Wunused-value -Wno-empty-body -Wno-uninitialized -Wno-unknown-pragmas -w -Wno-shadow -Wno-four-char-constants -Wno-conversion -Wno-constant-conversion -Wno-int-conversion -Wno-bool-conversion -Wno-enum-conversion -Wno-float-conversion -Wno-non-literal-null-conversion -Wno-objc-literal-conversion -Wshorten-64-to-32 -Wpointer-sign -Wno-newline-eof -Wno-implicit-fallthrough -fstrict-aliasing -Wdeprecated-declarations -Wno-sign-conversion -Wno-infinite-recursion -Wno-comma -Wno-block-capture-autoreleasing -Wno-strict-prototypes -Wno-semicolon-before-method-body -index-store-path /Users/colbycorcoran/Library/Developer/Xcode/DerivedData/Fiz-fiflxcjvlfosoebhvlytfgwprkxo/Index.noindex/DataStore @/Users/colbycorcoran/Library/Developer/Xcode/DerivedData/Fiz-fiflxcjvlfosoebhvlytfgwprkxo/Build/Intermediates.noindex/PostHog.build/Debug-iphoneos/phlibwebp.build/Objects-normal/arm64/7187679823f38a2a940e0043cdf9d637-common-args.resp -MMD -MT dependencies -MF /Users/colbycorcoran/Library/Developer/Xcode/DerivedData/Fiz-fiflxcjvlfosoebhvlytfgwprkxo/Build/Intermediates.noindex/PostHog.build/Debug-iphoneos/phlibwebp.build/Objects-normal/arm64/frame_enc.d --serialize-diagnostics /Users/colbycorcoran/Library/Developer/Xcode/DerivedData/Fiz-fiflxcjvlfosoebhvlytfgwprkxo/Build/Intermediates.noindex/PostHog.build/Debug-iphoneos/phlibwebp.build/Objects-normal/arm64/frame_enc.dia -c /Users/colbycorcoran/Library/Developer/Xcode/DerivedData/Fiz-fiflxcjvlfosoebhvlytfgwprkxo/SourcePackages/checkouts/posthog-ios/vendor/libwebp/frame_enc.c -o /Users/colbycorcoran/Library/Developer/Xcode/DerivedData/Fiz-fiflxcjvlfosoebhvlytfgwprkxo/Build/Intermediates.noindex/PostHog.build/Debug-iphoneos/phlibwebp.build/Objects-normal/arm64/frame_enc.o -index-unit-output-path /PostHog.build/Debug-iphoneos/phlibwebp.build/Objects-normal/arm64/frame_enc.o

CompileC /Users/colbycorcoran/Library/Developer/Xcode/DerivedData/Fiz-fiflxcjvlfosoebhvlytfgwprkxo/Build/Intermediates.noindex/PostHog.build/Debug-iphoneos/phlibwebp.build/Objects-normal/arm64/filters_utils.o /Users/colbycorcoran/Library/Developer/Xcode/DerivedData/Fiz-fiflxcjvlfosoebhvlytfgwprkxo/SourcePackages/checkouts/posthog-ios/vendor/libwebp/filters_utils.c normal arm64 c com.apple.compilers.llvm.clang.1_0.compiler (in target 'phlibwebp' from project 'PostHog')
    cd /Users/colbycorcoran/Documents/App\ Development/Fiz/Fiz.xcodeproj
    
    Using response file: /Users/colbycorcoran/Library/Developer/Xcode/DerivedData/Fiz-fiflxcjvlfosoebhvlytfgwprkxo/Build/Intermediates.noindex/PostHog.build/Debug-iphoneos/phlibwebp.build/Objects-normal/arm64/7187679823f38a2a940e0043cdf9d637-common-args.resp
    
    /Applications/Xcode.app/Contents/Developer/Toolchains/XcodeDefault.xctoolchain/usr/bin/clang -x c -ivfsstatcache /Users/colbycorcoran/Library/Developer/Xcode/DerivedData/SDKStatCaches.noindex/iphoneos26.2-23C53-3794476bd08197c3e2abd9bb477ef7f7.sdkstatcache -fmessage-length\=0 -fdiagnostics-show-note-include-stack -fmacro-backtrace-limit\=0 -fno-color-diagnostics -fmodules-prune-interval\=86400 -fmodules-prune-after\=345600 -fbuild-session-file\=/Users/colbycorcoran/Library/Developer/Xcode/DerivedData/ModuleCache.noindex/Session.modulevalidation -fmodules-validate-once-per-build-session -Wnon-modular-include-in-framework-module -Werror\=non-modular-include-in-framework-module -Wno-trigraphs -Wno-missing-field-initializers -Wno-missing-prototypes -Wno-return-type -Wno-missing-braces -Wparentheses -Wswitch -Wno-unused-function -Wno-unused-label -Wno-unused-parameter -Wno-unused-variable -Wunused-value -Wno-empty-body -Wno-uninitialized -Wno-unknown-pragmas -w -Wno-shadow -Wno-four-char-constants -Wno-conversion -Wno-constant-conversion -Wno-int-conversion -Wno-bool-conversion -Wno-enum-conversion -Wno-float-conversion -Wno-non-literal-null-conversion -Wno-objc-literal-conversion -Wshorten-64-to-32 -Wpointer-sign -Wno-newline-eof -Wno-implicit-fallthrough -fstrict-aliasing -Wdeprecated-declarations -Wno-sign-conversion -Wno-infinite-recursion -Wno-comma -Wno-block-capture-autoreleasing -Wno-strict-prototypes -Wno-semicolon-before-method-body -index-store-path /Users/colbycorcoran/Library/Developer/Xcode/DerivedData/Fiz-fiflxcjvlfosoebhvlytfgwprkxo/Index.noindex/DataStore @/Users/colbycorcoran/Library/Developer/Xcode/DerivedData/Fiz-fiflxcjvlfosoebhvlytfgwprkxo/Build/Intermediates.noindex/PostHog.build/Debug-iphoneos/phlibwebp.build/Objects-normal/arm64/7187679823f38a2a940e0043cdf9d637-common-args.resp -MMD -MT dependencies -MF /Users/colbycorcoran/Library/Developer/Xcode/DerivedData/Fiz-fiflxcjvlfosoebhvlytfgwprkxo/Build/Intermediates.noindex/PostHog.build/Debug-iphoneos/phlibwebp.build/Objects-normal/arm64/filters_utils.d --serialize-diagnostics /Users/colbycorcoran/Library/Developer/Xcode/DerivedData/Fiz-fiflxcjvlfosoebhvlytfgwprkxo/Build/Intermediates.noindex/PostHog.build/Debug-iphoneos/phlibwebp.build/Objects-normal/arm64/filters_utils.dia -c /Users/colbycorcoran/Library/Developer/Xcode/DerivedData/Fiz-fiflxcjvlfosoebhvlytfgwprkxo/SourcePackages/checkouts/posthog-ios/vendor/libwebp/filters_utils.c -o /Users/colbycorcoran/Library/Developer/Xcode/DerivedData/Fiz-fiflxcjvlfosoebhvlytfgwprkxo/Build/Intermediates.noindex/PostHog.build/Debug-iphoneos/phlibwebp.build/Objects-normal/arm64/filters_utils.o -index-unit-output-path /PostHog.build/Debug-iphoneos/phlibwebp.build/Objects-normal/arm64/filters_utils.o

CompileC /Users/colbycorcoran/Library/Developer/Xcode/DerivedData/Fiz-fiflxcjvlfosoebhvlytfgwprkxo/Build/Intermediates.noindex/PostHog.build/Debug-iphoneos/phlibwebp.build/Objects-normal/arm64/filters_sse2.o /Users/colbycorcoran/Library/Developer/Xcode/DerivedData/Fiz-fiflxcjvlfosoebhvlytfgwprkxo/SourcePackages/checkouts/posthog-ios/vendor/libwebp/filters_sse2.c normal arm64 c com.apple.compilers.llvm.clang.1_0.compiler (in target 'phlibwebp' from project 'PostHog')
    cd /Users/colbycorcoran/Documents/App\ Development/Fiz/Fiz.xcodeproj
    
    Using response file: /Users/colbycorcoran/Library/Developer/Xcode/DerivedData/Fiz-fiflxcjvlfosoebhvlytfgwprkxo/Build/Intermediates.noindex/PostHog.build/Debug-iphoneos/phlibwebp.build/Objects-normal/arm64/7187679823f38a2a940e0043cdf9d637-common-args.resp
    
    /Applications/Xcode.app/Contents/Developer/Toolchains/XcodeDefault.xctoolchain/usr/bin/clang -x c -ivfsstatcache /Users/colbycorcoran/Library/Developer/Xcode/DerivedData/SDKStatCaches.noindex/iphoneos26.2-23C53-3794476bd08197c3e2abd9bb477ef7f7.sdkstatcache -fmessage-length\=0 -fdiagnostics-show-note-include-stack -fmacro-backtrace-limit\=0 -fno-color-diagnostics -fmodules-prune-interval\=86400 -fmodules-prune-after\=345600 -fbuild-session-file\=/Users/colbycorcoran/Library/Developer/Xcode/DerivedData/ModuleCache.noindex/Session.modulevalidation -fmodules-validate-once-per-build-session -Wnon-modular-include-in-framework-module -Werror\=non-modular-include-in-framework-module -Wno-trigraphs -Wno-missing-field-initializers -Wno-missing-prototypes -Wno-return-type -Wno-missing-braces -Wparentheses -Wswitch -Wno-unused-function -Wno-unused-label -Wno-unused-parameter -Wno-unused-variable -Wunused-value -Wno-empty-body -Wno-uninitialized -Wno-unknown-pragmas -w -Wno-shadow -Wno-four-char-constants -Wno-conversion -Wno-constant-conversion -Wno-int-conversion -Wno-bool-conversion -Wno-enum-conversion -Wno-float-conversion -Wno-non-literal-null-conversion -Wno-objc-literal-conversion -Wshorten-64-to-32 -Wpointer-sign -Wno-newline-eof -Wno-implicit-fallthrough -fstrict-aliasing -Wdeprecated-declarations -Wno-sign-conversion -Wno-infinite-recursion -Wno-comma -Wno-block-capture-autoreleasing -Wno-strict-prototypes -Wno-semicolon-before-method-body -index-store-path /Users/colbycorcoran/Library/Developer/Xcode/DerivedData/Fiz-fiflxcjvlfosoebhvlytfgwprkxo/Index.noindex/DataStore @/Users/colbycorcoran/Library/Developer/Xcode/DerivedData/Fiz-fiflxcjvlfosoebhvlytfgwprkxo/Build/Intermediates.noindex/PostHog.build/Debug-iphoneos/phlibwebp.build/Objects-normal/arm64/7187679823f38a2a940e0043cdf9d637-common-args.resp -MMD -MT dependencies -MF /Users/colbycorcoran/Library/Developer/Xcode/DerivedData/Fiz-fiflxcjvlfosoebhvlytfgwprkxo/Build/Intermediates.noindex/PostHog.build/Debug-iphoneos/phlibwebp.build/Objects-normal/arm64/filters_sse2.d --serialize-diagnostics /Users/colbycorcoran/Library/Developer/Xcode/DerivedData/Fiz-fiflxcjvlfosoebhvlytfgwprkxo/Build/Intermediates.noindex/PostHog.build/Debug-iphoneos/phlibwebp.build/Objects-normal/arm64/filters_sse2.dia -c /Users/colbycorcoran/Library/Developer/Xcode/DerivedData/Fiz-fiflxcjvlfosoebhvlytfgwprkxo/SourcePackages/checkouts/posthog-ios/vendor/libwebp/filters_sse2.c -o /Users/colbycorcoran/Library/Developer/Xcode/DerivedData/Fiz-fiflxcjvlfosoebhvlytfgwprkxo/Build/Intermediates.noindex/PostHog.build/Debug-iphoneos/phlibwebp.build/Objects-normal/arm64/filters_sse2.o -index-unit-output-path /PostHog.build/Debug-iphoneos/phlibwebp.build/Objects-normal/arm64/filters_sse2.o

CompileC /Users/colbycorcoran/Library/Developer/Xcode/DerivedData/Fiz-fiflxcjvlfosoebhvlytfgwprkxo/Build/Intermediates.noindex/PostHog.build/Debug-iphoneos/phlibwebp.build/Objects-normal/arm64/filters_neon.o /Users/colbycorcoran/Library/Developer/Xcode/DerivedData/Fiz-fiflxcjvlfosoebhvlytfgwprkxo/SourcePackages/checkouts/posthog-ios/vendor/libwebp/filters_neon.c normal arm64 c com.apple.compilers.llvm.clang.1_0.compiler (in target 'phlibwebp' from project 'PostHog')
    cd /Users/colbycorcoran/Documents/App\ Development/Fiz/Fiz.xcodeproj
    
    Using response file: /Users/colbycorcoran/Library/Developer/Xcode/DerivedData/Fiz-fiflxcjvlfosoebhvlytfgwprkxo/Build/Intermediates.noindex/PostHog.build/Debug-iphoneos/phlibwebp.build/Objects-normal/arm64/7187679823f38a2a940e0043cdf9d637-common-args.resp
    
    /Applications/Xcode.app/Contents/Developer/Toolchains/XcodeDefault.xctoolchain/usr/bin/clang -x c -ivfsstatcache /Users/colbycorcoran/Library/Developer/Xcode/DerivedData/SDKStatCaches.noindex/iphoneos26.2-23C53-3794476bd08197c3e2abd9bb477ef7f7.sdkstatcache -fmessage-length\=0 -fdiagnostics-show-note-include-stack -fmacro-backtrace-limit\=0 -fno-color-diagnostics -fmodules-prune-interval\=86400 -fmodules-prune-after\=345600 -fbuild-session-file\=/Users/colbycorcoran/Library/Developer/Xcode/DerivedData/ModuleCache.noindex/Session.modulevalidation -fmodules-validate-once-per-build-session -Wnon-modular-include-in-framework-module -Werror\=non-modular-include-in-framework-module -Wno-trigraphs -Wno-missing-field-initializers -Wno-missing-prototypes -Wno-return-type -Wno-missing-braces -Wparentheses -Wswitch -Wno-unused-function -Wno-unused-label -Wno-unused-parameter -Wno-unused-variable -Wunused-value -Wno-empty-body -Wno-uninitialized -Wno-unknown-pragmas -w -Wno-shadow -Wno-four-char-constants -Wno-conversion -Wno-constant-conversion -Wno-int-conversion -Wno-bool-conversion -Wno-enum-conversion -Wno-float-conversion -Wno-non-literal-null-conversion -Wno-objc-literal-conversion -Wshorten-64-to-32 -Wpointer-sign -Wno-newline-eof -Wno-implicit-fallthrough -fstrict-aliasing -Wdeprecated-declarations -Wno-sign-conversion -Wno-infinite-recursion -Wno-comma -Wno-block-capture-autoreleasing -Wno-strict-prototypes -Wno-semicolon-before-method-body -index-store-path /Users/colbycorcoran/Library/Developer/Xcode/DerivedData/Fiz-fiflxcjvlfosoebhvlytfgwprkxo/Index.noindex/DataStore @/Users/colbycorcoran/Library/Developer/Xcode/DerivedData/Fiz-fiflxcjvlfosoebhvlytfgwprkxo/Build/Intermediates.noindex/PostHog.build/Debug-iphoneos/phlibwebp.build/Objects-normal/arm64/7187679823f38a2a940e0043cdf9d637-common-args.resp -MMD -MT dependencies -MF /Users/colbycorcoran/Library/Developer/Xcode/DerivedData/Fiz-fiflxcjvlfosoebhvlytfgwprkxo/Build/Intermediates.noindex/PostHog.build/Debug-iphoneos/phlibwebp.build/Objects-normal/arm64/filters_neon.d --serialize-diagnostics /Users/colbycorcoran/Library/Developer/Xcode/DerivedData/Fiz-fiflxcjvlfosoebhvlytfgwprkxo/Build/Intermediates.noindex/PostHog.build/Debug-iphoneos/phlibwebp.build/Objects-normal/arm64/filters_neon.dia -c /Users/colbycorcoran/Library/Developer/Xcode/DerivedData/Fiz-fiflxcjvlfosoebhvlytfgwprkxo/SourcePackages/checkouts/posthog-ios/vendor/libwebp/filters_neon.c -o /Users/colbycorcoran/Library/Developer/Xcode/DerivedData/Fiz-fiflxcjvlfosoebhvlytfgwprkxo/Build/Intermediates.noindex/PostHog.build/Debug-iphoneos/phlibwebp.build/Objects-normal/arm64/filters_neon.o -index-unit-output-path /PostHog.build/Debug-iphoneos/phlibwebp.build/Objects-normal/arm64/filters_neon.o

CompileC /Users/colbycorcoran/Library/Developer/Xcode/DerivedData/Fiz-fiflxcjvlfosoebhvlytfgwprkxo/Build/Intermediates.noindex/PostHog.build/Debug-iphoneos/phlibwebp.build/Objects-normal/arm64/filters.o /Users/colbycorcoran/Library/Developer/Xcode/DerivedData/Fiz-fiflxcjvlfosoebhvlytfgwprkxo/SourcePackages/checkouts/posthog-ios/vendor/libwebp/filters.c normal arm64 c com.apple.compilers.llvm.clang.1_0.compiler (in target 'phlibwebp' from project 'PostHog')
    cd /Users/colbycorcoran/Documents/App\ Development/Fiz/Fiz.xcodeproj
    
    Using response file: /Users/colbycorcoran/Library/Developer/Xcode/DerivedData/Fiz-fiflxcjvlfosoebhvlytfgwprkxo/Build/Intermediates.noindex/PostHog.build/Debug-iphoneos/phlibwebp.build/Objects-normal/arm64/7187679823f38a2a940e0043cdf9d637-common-args.resp
    
    /Applications/Xcode.app/Contents/Developer/Toolchains/XcodeDefault.xctoolchain/usr/bin/clang -x c -ivfsstatcache /Users/colbycorcoran/Library/Developer/Xcode/DerivedData/SDKStatCaches.noindex/iphoneos26.2-23C53-3794476bd08197c3e2abd9bb477ef7f7.sdkstatcache -fmessage-length\=0 -fdiagnostics-show-note-include-stack -fmacro-backtrace-limit\=0 -fno-color-diagnostics -fmodules-prune-interval\=86400 -fmodules-prune-after\=345600 -fbuild-session-file\=/Users/colbycorcoran/Library/Developer/Xcode/DerivedData/ModuleCache.noindex/Session.modulevalidation -fmodules-validate-once-per-build-session -Wnon-modular-include-in-framework-module -Werror\=non-modular-include-in-framework-module -Wno-trigraphs -Wno-missing-field-initializers -Wno-missing-prototypes -Wno-return-type -Wno-missing-braces -Wparentheses -Wswitch -Wno-unused-function -Wno-unused-label -Wno-unused-parameter -Wno-unused-variable -Wunused-value -Wno-empty-body -Wno-uninitialized -Wno-unknown-pragmas -w -Wno-shadow -Wno-four-char-constants -Wno-conversion -Wno-constant-conversion -Wno-int-conversion -Wno-bool-conversion -Wno-enum-conversion -Wno-float-conversion -Wno-non-literal-null-conversion -Wno-objc-literal-conversion -Wshorten-64-to-32 -Wpointer-sign -Wno-newline-eof -Wno-implicit-fallthrough -fstrict-aliasing -Wdeprecated-declarations -Wno-sign-conversion -Wno-infinite-recursion -Wno-comma -Wno-block-capture-autoreleasing -Wno-strict-prototypes -Wno-semicolon-before-method-body -index-store-path /Users/colbycorcoran/Library/Developer/Xcode/DerivedData/Fiz-fiflxcjvlfosoebhvlytfgwprkxo/Index.noindex/DataStore @/Users/colbycorcoran/Library/Developer/Xcode/DerivedData/Fiz-fiflxcjvlfosoebhvlytfgwprkxo/Build/Intermediates.noindex/PostHog.build/Debug-iphoneos/phlibwebp.build/Objects-normal/arm64/7187679823f38a2a940e0043cdf9d637-common-args.resp -MMD -MT dependencies -MF /Users/colbycorcoran/Library/Developer/Xcode/DerivedData/Fiz-fiflxcjvlfosoebhvlytfgwprkxo/Build/Intermediates.noindex/PostHog.build/Debug-iphoneos/phlibwebp.build/Objects-normal/arm64/filters.d --serialize-diagnostics /Users/colbycorcoran/Library/Developer/Xcode/DerivedData/Fiz-fiflxcjvlfosoebhvlytfgwprkxo/Build/Intermediates.noindex/PostHog.build/Debug-iphoneos/phlibwebp.build/Objects-normal/arm64/filters.dia -c /Users/colbycorcoran/Library/Developer/Xcode/DerivedData/Fiz-fiflxcjvlfosoebhvlytfgwprkxo/SourcePackages/checkouts/posthog-ios/vendor/libwebp/filters.c -o /Users/colbycorcoran/Library/Developer/Xcode/DerivedData/Fiz-fiflxcjvlfosoebhvlytfgwprkxo/Build/Intermediates.noindex/PostHog.build/Debug-iphoneos/phlibwebp.build/Objects-normal/arm64/filters.o -index-unit-output-path /PostHog.build/Debug-iphoneos/phlibwebp.build/Objects-normal/arm64/filters.o

CompileC /Users/colbycorcoran/Library/Developer/Xcode/DerivedData/Fiz-fiflxcjvlfosoebhvlytfgwprkxo/Build/Intermediates.noindex/PostHog.build/Debug-iphoneos/phlibwebp.build/Objects-normal/arm64/filter_enc.o /Users/colbycorcoran/Library/Developer/Xcode/DerivedData/Fiz-fiflxcjvlfosoebhvlytfgwprkxo/SourcePackages/checkouts/posthog-ios/vendor/libwebp/filter_enc.c normal arm64 c com.apple.compilers.llvm.clang.1_0.compiler (in target 'phlibwebp' from project 'PostHog')
    cd /Users/colbycorcoran/Documents/App\ Development/Fiz/Fiz.xcodeproj
    
    Using response file: /Users/colbycorcoran/Library/Developer/Xcode/DerivedData/Fiz-fiflxcjvlfosoebhvlytfgwprkxo/Build/Intermediates.noindex/PostHog.build/Debug-iphoneos/phlibwebp.build/Objects-normal/arm64/7187679823f38a2a940e0043cdf9d637-common-args.resp
    
    /Applications/Xcode.app/Contents/Developer/Toolchains/XcodeDefault.xctoolchain/usr/bin/clang -x c -ivfsstatcache /Users/colbycorcoran/Library/Developer/Xcode/DerivedData/SDKStatCaches.noindex/iphoneos26.2-23C53-3794476bd08197c3e2abd9bb477ef7f7.sdkstatcache -fmessage-length\=0 -fdiagnostics-show-note-include-stack -fmacro-backtrace-limit\=0 -fno-color-diagnostics -fmodules-prune-interval\=86400 -fmodules-prune-after\=345600 -fbuild-session-file\=/Users/colbycorcoran/Library/Developer/Xcode/DerivedData/ModuleCache.noindex/Session.modulevalidation -fmodules-validate-once-per-build-session -Wnon-modular-include-in-framework-module -Werror\=non-modular-include-in-framework-module -Wno-trigraphs -Wno-missing-field-initializers -Wno-missing-prototypes -Wno-return-type -Wno-missing-braces -Wparentheses -Wswitch -Wno-unused-function -Wno-unused-label -Wno-unused-parameter -Wno-unused-variable -Wunused-value -Wno-empty-body -Wno-uninitialized -Wno-unknown-pragmas -w -Wno-shadow -Wno-four-char-constants -Wno-conversion -Wno-constant-conversion -Wno-int-conversion -Wno-bool-conversion -Wno-enum-conversion -Wno-float-conversion -Wno-non-literal-null-conversion -Wno-objc-literal-conversion -Wshorten-64-to-32 -Wpointer-sign -Wno-newline-eof -Wno-implicit-fallthrough -fstrict-aliasing -Wdeprecated-declarations -Wno-sign-conversion -Wno-infinite-recursion -Wno-comma -Wno-block-capture-autoreleasing -Wno-strict-prototypes -Wno-semicolon-before-method-body -index-store-path /Users/colbycorcoran/Library/Developer/Xcode/DerivedData/Fiz-fiflxcjvlfosoebhvlytfgwprkxo/Index.noindex/DataStore @/Users/colbycorcoran/Library/Developer/Xcode/DerivedData/Fiz-fiflxcjvlfosoebhvlytfgwprkxo/Build/Intermediates.noindex/PostHog.build/Debug-iphoneos/phlibwebp.build/Objects-normal/arm64/7187679823f38a2a940e0043cdf9d637-common-args.resp -MMD -MT dependencies -MF /Users/colbycorcoran/Library/Developer/Xcode/DerivedData/Fiz-fiflxcjvlfosoebhvlytfgwprkxo/Build/Intermediates.noindex/PostHog.build/Debug-iphoneos/phlibwebp.build/Objects-normal/arm64/filter_enc.d --serialize-diagnostics /Users/colbycorcoran/Library/Developer/Xcode/DerivedData/Fiz-fiflxcjvlfosoebhvlytfgwprkxo/Build/Intermediates.noindex/PostHog.build/Debug-iphoneos/phlibwebp.build/Objects-normal/arm64/filter_enc.dia -c /Users/colbycorcoran/Library/Developer/Xcode/DerivedData/Fiz-fiflxcjvlfosoebhvlytfgwprkxo/SourcePackages/checkouts/posthog-ios/vendor/libwebp/filter_enc.c -o /Users/colbycorcoran/Library/Developer/Xcode/DerivedData/Fiz-fiflxcjvlfosoebhvlytfgwprkxo/Build/Intermediates.noindex/PostHog.build/Debug-iphoneos/phlibwebp.build/Objects-normal/arm64/filter_enc.o -index-unit-output-path /PostHog.build/Debug-iphoneos/phlibwebp.build/Objects-normal/arm64/filter_enc.o

CompileC /Users/colbycorcoran/Library/Developer/Xcode/DerivedData/Fiz-fiflxcjvlfosoebhvlytfgwprkxo/Build/Intermediates.noindex/PostHog.build/Debug-iphoneos/phlibwebp.build/Objects-normal/arm64/enc_sse41.o /Users/colbycorcoran/Library/Developer/Xcode/DerivedData/Fiz-fiflxcjvlfosoebhvlytfgwprkxo/SourcePackages/checkouts/posthog-ios/vendor/libwebp/enc_sse41.c normal arm64 c com.apple.compilers.llvm.clang.1_0.compiler (in target 'phlibwebp' from project 'PostHog')
    cd /Users/colbycorcoran/Documents/App\ Development/Fiz/Fiz.xcodeproj
    
    Using response file: /Users/colbycorcoran/Library/Developer/Xcode/DerivedData/Fiz-fiflxcjvlfosoebhvlytfgwprkxo/Build/Intermediates.noindex/PostHog.build/Debug-iphoneos/phlibwebp.build/Objects-normal/arm64/7187679823f38a2a940e0043cdf9d637-common-args.resp
    
    /Applications/Xcode.app/Contents/Developer/Toolchains/XcodeDefault.xctoolchain/usr/bin/clang -x c -ivfsstatcache /Users/colbycorcoran/Library/Developer/Xcode/DerivedData/SDKStatCaches.noindex/iphoneos26.2-23C53-3794476bd08197c3e2abd9bb477ef7f7.sdkstatcache -fmessage-length\=0 -fdiagnostics-show-note-include-stack -fmacro-backtrace-limit\=0 -fno-color-diagnostics -fmodules-prune-interval\=86400 -fmodules-prune-after\=345600 -fbuild-session-file\=/Users/colbycorcoran/Library/Developer/Xcode/DerivedData/ModuleCache.noindex/Session.modulevalidation -fmodules-validate-once-per-build-session -Wnon-modular-include-in-framework-module -Werror\=non-modular-include-in-framework-module -Wno-trigraphs -Wno-missing-field-initializers -Wno-missing-prototypes -Wno-return-type -Wno-missing-braces -Wparentheses -Wswitch -Wno-unused-function -Wno-unused-label -Wno-unused-parameter -Wno-unused-variable -Wunused-value -Wno-empty-body -Wno-uninitialized -Wno-unknown-pragmas -w -Wno-shadow -Wno-four-char-constants -Wno-conversion -Wno-constant-conversion -Wno-int-conversion -Wno-bool-conversion -Wno-enum-conversion -Wno-float-conversion -Wno-non-literal-null-conversion -Wno-objc-literal-conversion -Wshorten-64-to-32 -Wpointer-sign -Wno-newline-eof -Wno-implicit-fallthrough -fstrict-aliasing -Wdeprecated-declarations -Wno-sign-conversion -Wno-infinite-recursion -Wno-comma -Wno-block-capture-autoreleasing -Wno-strict-prototypes -Wno-semicolon-before-method-body -index-store-path /Users/colbycorcoran/Library/Developer/Xcode/DerivedData/Fiz-fiflxcjvlfosoebhvlytfgwprkxo/Index.noindex/DataStore @/Users/colbycorcoran/Library/Developer/Xcode/DerivedData/Fiz-fiflxcjvlfosoebhvlytfgwprkxo/Build/Intermediates.noindex/PostHog.build/Debug-iphoneos/phlibwebp.build/Objects-normal/arm64/7187679823f38a2a940e0043cdf9d637-common-args.resp -MMD -MT dependencies -MF /Users/colbycorcoran/Library/Developer/Xcode/DerivedData/Fiz-fiflxcjvlfosoebhvlytfgwprkxo/Build/Intermediates.noindex/PostHog.build/Debug-iphoneos/phlibwebp.build/Objects-normal/arm64/enc_sse41.d --serialize-diagnostics /Users/colbycorcoran/Library/Developer/Xcode/DerivedData/Fiz-fiflxcjvlfosoebhvlytfgwprkxo/Build/Intermediates.noindex/PostHog.build/Debug-iphoneos/phlibwebp.build/Objects-normal/arm64/enc_sse41.dia -c /Users/colbycorcoran/Library/Developer/Xcode/DerivedData/Fiz-fiflxcjvlfosoebhvlytfgwprkxo/SourcePackages/checkouts/posthog-ios/vendor/libwebp/enc_sse41.c -o /Users/colbycorcoran/Library/Developer/Xcode/DerivedData/Fiz-fiflxcjvlfosoebhvlytfgwprkxo/Build/Intermediates.noindex/PostHog.build/Debug-iphoneos/phlibwebp.build/Objects-normal/arm64/enc_sse41.o -index-unit-output-path /PostHog.build/Debug-iphoneos/phlibwebp.build/Objects-normal/arm64/enc_sse41.o

CompileC /Users/colbycorcoran/Library/Developer/Xcode/DerivedData/Fiz-fiflxcjvlfosoebhvlytfgwprkxo/Build/Intermediates.noindex/PostHog.build/Debug-iphoneos/phlibwebp.build/Objects-normal/arm64/enc_sse2.o /Users/colbycorcoran/Library/Developer/Xcode/DerivedData/Fiz-fiflxcjvlfosoebhvlytfgwprkxo/SourcePackages/checkouts/posthog-ios/vendor/libwebp/enc_sse2.c normal arm64 c com.apple.compilers.llvm.clang.1_0.compiler (in target 'phlibwebp' from project 'PostHog')
    cd /Users/colbycorcoran/Documents/App\ Development/Fiz/Fiz.xcodeproj
    
    Using response file: /Users/colbycorcoran/Library/Developer/Xcode/DerivedData/Fiz-fiflxcjvlfosoebhvlytfgwprkxo/Build/Intermediates.noindex/PostHog.build/Debug-iphoneos/phlibwebp.build/Objects-normal/arm64/7187679823f38a2a940e0043cdf9d637-common-args.resp
    
    /Applications/Xcode.app/Contents/Developer/Toolchains/XcodeDefault.xctoolchain/usr/bin/clang -x c -ivfsstatcache /Users/colbycorcoran/Library/Developer/Xcode/DerivedData/SDKStatCaches.noindex/iphoneos26.2-23C53-3794476bd08197c3e2abd9bb477ef7f7.sdkstatcache -fmessage-length\=0 -fdiagnostics-show-note-include-stack -fmacro-backtrace-limit\=0 -fno-color-diagnostics -fmodules-prune-interval\=86400 -fmodules-prune-after\=345600 -fbuild-session-file\=/Users/colbycorcoran/Library/Developer/Xcode/DerivedData/ModuleCache.noindex/Session.modulevalidation -fmodules-validate-once-per-build-session -Wnon-modular-include-in-framework-module -Werror\=non-modular-include-in-framework-module -Wno-trigraphs -Wno-missing-field-initializers -Wno-missing-prototypes -Wno-return-type -Wno-missing-braces -Wparentheses -Wswitch -Wno-unused-function -Wno-unused-label -Wno-unused-parameter -Wno-unused-variable -Wunused-value -Wno-empty-body -Wno-uninitialized -Wno-unknown-pragmas -w -Wno-shadow -Wno-four-char-constants -Wno-conversion -Wno-constant-conversion -Wno-int-conversion -Wno-bool-conversion -Wno-enum-conversion -Wno-float-conversion -Wno-non-literal-null-conversion -Wno-objc-literal-conversion -Wshorten-64-to-32 -Wpointer-sign -Wno-newline-eof -Wno-implicit-fallthrough -fstrict-aliasing -Wdeprecated-declarations -Wno-sign-conversion -Wno-infinite-recursion -Wno-comma -Wno-block-capture-autoreleasing -Wno-strict-prototypes -Wno-semicolon-before-method-body -index-store-path /Users/colbycorcoran/Library/Developer/Xcode/DerivedData/Fiz-fiflxcjvlfosoebhvlytfgwprkxo/Index.noindex/DataStore @/Users/colbycorcoran/Library/Developer/Xcode/DerivedData/Fiz-fiflxcjvlfosoebhvlytfgwprkxo/Build/Intermediates.noindex/PostHog.build/Debug-iphoneos/phlibwebp.build/Objects-normal/arm64/7187679823f38a2a940e0043cdf9d637-common-args.resp -MMD -MT dependencies -MF /Users/colbycorcoran/Library/Developer/Xcode/DerivedData/Fiz-fiflxcjvlfosoebhvlytfgwprkxo/Build/Intermediates.noindex/PostHog.build/Debug-iphoneos/phlibwebp.build/Objects-normal/arm64/enc_sse2.d --serialize-diagnostics /Users/colbycorcoran/Library/Developer/Xcode/DerivedData/Fiz-fiflxcjvlfosoebhvlytfgwprkxo/Build/Intermediates.noindex/PostHog.build/Debug-iphoneos/phlibwebp.build/Objects-normal/arm64/enc_sse2.dia -c /Users/colbycorcoran/Library/Developer/Xcode/DerivedData/Fiz-fiflxcjvlfosoebhvlytfgwprkxo/SourcePackages/checkouts/posthog-ios/vendor/libwebp/enc_sse2.c -o /Users/colbycorcoran/Library/Developer/Xcode/DerivedData/Fiz-fiflxcjvlfosoebhvlytfgwprkxo/Build/Intermediates.noindex/PostHog.build/Debug-iphoneos/phlibwebp.build/Objects-normal/arm64/enc_sse2.o -index-unit-output-path /PostHog.build/Debug-iphoneos/phlibwebp.build/Objects-normal/arm64/enc_sse2.o

CompileC /Users/colbycorcoran/Library/Developer/Xcode/DerivedData/Fiz-fiflxcjvlfosoebhvlytfgwprkxo/Build/Intermediates.noindex/PostHog.build/Debug-iphoneos/phlibwebp.build/Objects-normal/arm64/enc_neon.o /Users/colbycorcoran/Library/Developer/Xcode/DerivedData/Fiz-fiflxcjvlfosoebhvlytfgwprkxo/SourcePackages/checkouts/posthog-ios/vendor/libwebp/enc_neon.c normal arm64 c com.apple.compilers.llvm.clang.1_0.compiler (in target 'phlibwebp' from project 'PostHog')
    cd /Users/colbycorcoran/Documents/App\ Development/Fiz/Fiz.xcodeproj
    
    Using response file: /Users/colbycorcoran/Library/Developer/Xcode/DerivedData/Fiz-fiflxcjvlfosoebhvlytfgwprkxo/Build/Intermediates.noindex/PostHog.build/Debug-iphoneos/phlibwebp.build/Objects-normal/arm64/7187679823f38a2a940e0043cdf9d637-common-args.resp
    
    /Applications/Xcode.app/Contents/Developer/Toolchains/XcodeDefault.xctoolchain/usr/bin/clang -x c -ivfsstatcache /Users/colbycorcoran/Library/Developer/Xcode/DerivedData/SDKStatCaches.noindex/iphoneos26.2-23C53-3794476bd08197c3e2abd9bb477ef7f7.sdkstatcache -fmessage-length\=0 -fdiagnostics-show-note-include-stack -fmacro-backtrace-limit\=0 -fno-color-diagnostics -fmodules-prune-interval\=86400 -fmodules-prune-after\=345600 -fbuild-session-file\=/Users/colbycorcoran/Library/Developer/Xcode/DerivedData/ModuleCache.noindex/Session.modulevalidation -fmodules-validate-once-per-build-session -Wnon-modular-include-in-framework-module -Werror\=non-modular-include-in-framework-module -Wno-trigraphs -Wno-missing-field-initializers -Wno-missing-prototypes -Wno-return-type -Wno-missing-braces -Wparentheses -Wswitch -Wno-unused-function -Wno-unused-label -Wno-unused-parameter -Wno-unused-variable -Wunused-value -Wno-empty-body -Wno-uninitialized -Wno-unknown-pragmas -w -Wno-shadow -Wno-four-char-constants -Wno-conversion -Wno-constant-conversion -Wno-int-conversion -Wno-bool-conversion -Wno-enum-conversion -Wno-float-conversion -Wno-non-literal-null-conversion -Wno-objc-literal-conversion -Wshorten-64-to-32 -Wpointer-sign -Wno-newline-eof -Wno-implicit-fallthrough -fstrict-aliasing -Wdeprecated-declarations -Wno-sign-conversion -Wno-infinite-recursion -Wno-comma -Wno-block-capture-autoreleasing -Wno-strict-prototypes -Wno-semicolon-before-method-body -index-store-path /Users/colbycorcoran/Library/Developer/Xcode/DerivedData/Fiz-fiflxcjvlfosoebhvlytfgwprkxo/Index.noindex/DataStore @/Users/colbycorcoran/Library/Developer/Xcode/DerivedData/Fiz-fiflxcjvlfosoebhvlytfgwprkxo/Build/Intermediates.noindex/PostHog.build/Debug-iphoneos/phlibwebp.build/Objects-normal/arm64/7187679823f38a2a940e0043cdf9d637-common-args.resp -MMD -MT dependencies -MF /Users/colbycorcoran/Library/Developer/Xcode/DerivedData/Fiz-fiflxcjvlfosoebhvlytfgwprkxo/Build/Intermediates.noindex/PostHog.build/Debug-iphoneos/phlibwebp.build/Objects-normal/arm64/enc_neon.d --serialize-diagnostics /Users/colbycorcoran/Library/Developer/Xcode/DerivedData/Fiz-fiflxcjvlfosoebhvlytfgwprkxo/Build/Intermediates.noindex/PostHog.build/Debug-iphoneos/phlibwebp.build/Objects-normal/arm64/enc_neon.dia -c /Users/colbycorcoran/Library/Developer/Xcode/DerivedData/Fiz-fiflxcjvlfosoebhvlytfgwprkxo/SourcePackages/checkouts/posthog-ios/vendor/libwebp/enc_neon.c -o /Users/colbycorcoran/Library/Developer/Xcode/DerivedData/Fiz-fiflxcjvlfosoebhvlytfgwprkxo/Build/Intermediates.noindex/PostHog.build/Debug-iphoneos/phlibwebp.build/Objects-normal/arm64/enc_neon.o -index-unit-output-path /PostHog.build/Debug-iphoneos/phlibwebp.build/Objects-normal/arm64/enc_neon.o

CompileC /Users/colbycorcoran/Library/Developer/Xcode/DerivedData/Fiz-fiflxcjvlfosoebhvlytfgwprkxo/Build/Intermediates.noindex/PostHog.build/Debug-iphoneos/phlibwebp.build/Objects-normal/arm64/enc.o /Users/colbycorcoran/Library/Developer/Xcode/DerivedData/Fiz-fiflxcjvlfosoebhvlytfgwprkxo/SourcePackages/checkouts/posthog-ios/vendor/libwebp/enc.c normal arm64 c com.apple.compilers.llvm.clang.1_0.compiler (in target 'phlibwebp' from project 'PostHog')
    cd /Users/colbycorcoran/Documents/App\ Development/Fiz/Fiz.xcodeproj
    
    Using response file: /Users/colbycorcoran/Library/Developer/Xcode/DerivedData/Fiz-fiflxcjvlfosoebhvlytfgwprkxo/Build/Intermediates.noindex/PostHog.build/Debug-iphoneos/phlibwebp.build/Objects-normal/arm64/7187679823f38a2a940e0043cdf9d637-common-args.resp
    
    /Applications/Xcode.app/Contents/Developer/Toolchains/XcodeDefault.xctoolchain/usr/bin/clang -x c -ivfsstatcache /Users/colbycorcoran/Library/Developer/Xcode/DerivedData/SDKStatCaches.noindex/iphoneos26.2-23C53-3794476bd08197c3e2abd9bb477ef7f7.sdkstatcache -fmessage-length\=0 -fdiagnostics-show-note-include-stack -fmacro-backtrace-limit\=0 -fno-color-diagnostics -fmodules-prune-interval\=86400 -fmodules-prune-after\=345600 -fbuild-session-file\=/Users/colbycorcoran/Library/Developer/Xcode/DerivedData/ModuleCache.noindex/Session.modulevalidation -fmodules-validate-once-per-build-session -Wnon-modular-include-in-framework-module -Werror\=non-modular-include-in-framework-module -Wno-trigraphs -Wno-missing-field-initializers -Wno-missing-prototypes -Wno-return-type -Wno-missing-braces -Wparentheses -Wswitch -Wno-unused-function -Wno-unused-label -Wno-unused-parameter -Wno-unused-variable -Wunused-value -Wno-empty-body -Wno-uninitialized -Wno-unknown-pragmas -w -Wno-shadow -Wno-four-char-constants -Wno-conversion -Wno-constant-conversion -Wno-int-conversion -Wno-bool-conversion -Wno-enum-conversion -Wno-float-conversion -Wno-non-literal-null-conversion -Wno-objc-literal-conversion -Wshorten-64-to-32 -Wpointer-sign -Wno-newline-eof -Wno-implicit-fallthrough -fstrict-aliasing -Wdeprecated-declarations -Wno-sign-conversion -Wno-infinite-recursion -Wno-comma -Wno-block-capture-autoreleasing -Wno-strict-prototypes -Wno-semicolon-before-method-body -index-store-path /Users/colbycorcoran/Library/Developer/Xcode/DerivedData/Fiz-fiflxcjvlfosoebhvlytfgwprkxo/Index.noindex/DataStore @/Users/colbycorcoran/Library/Developer/Xcode/DerivedData/Fiz-fiflxcjvlfosoebhvlytfgwprkxo/Build/Intermediates.noindex/PostHog.build/Debug-iphoneos/phlibwebp.build/Objects-normal/arm64/7187679823f38a2a940e0043cdf9d637-common-args.resp -MMD -MT dependencies -MF /Users/colbycorcoran/Library/Developer/Xcode/DerivedData/Fiz-fiflxcjvlfosoebhvlytfgwprkxo/Build/Intermediates.noindex/PostHog.build/Debug-iphoneos/phlibwebp.build/Objects-normal/arm64/enc.d --serialize-diagnostics /Users/colbycorcoran/Library/Developer/Xcode/DerivedData/Fiz-fiflxcjvlfosoebhvlytfgwprkxo/Build/Intermediates.noindex/PostHog.build/Debug-iphoneos/phlibwebp.build/Objects-normal/arm64/enc.dia -c /Users/colbycorcoran/Library/Developer/Xcode/DerivedData/Fiz-fiflxcjvlfosoebhvlytfgwprkxo/SourcePackages/checkouts/posthog-ios/vendor/libwebp/enc.c -o /Users/colbycorcoran/Library/Developer/Xcode/DerivedData/Fiz-fiflxcjvlfosoebhvlytfgwprkxo/Build/Intermediates.noindex/PostHog.build/Debug-iphoneos/phlibwebp.build/Objects-normal/arm64/enc.o -index-unit-output-path /PostHog.build/Debug-iphoneos/phlibwebp.build/Objects-normal/arm64/enc.o

CompileC /Users/colbycorcoran/Library/Developer/Xcode/DerivedData/Fiz-fiflxcjvlfosoebhvlytfgwprkxo/Build/Intermediates.noindex/PostHog.build/Debug-iphoneos/phlibwebp.build/Objects-normal/arm64/dec_sse41.o /Users/colbycorcoran/Library/Developer/Xcode/DerivedData/Fiz-fiflxcjvlfosoebhvlytfgwprkxo/SourcePackages/checkouts/posthog-ios/vendor/libwebp/dec_sse41.c normal arm64 c com.apple.compilers.llvm.clang.1_0.compiler (in target 'phlibwebp' from project 'PostHog')
    cd /Users/colbycorcoran/Documents/App\ Development/Fiz/Fiz.xcodeproj
    
    Using response file: /Users/colbycorcoran/Library/Developer/Xcode/DerivedData/Fiz-fiflxcjvlfosoebhvlytfgwprkxo/Build/Intermediates.noindex/PostHog.build/Debug-iphoneos/phlibwebp.build/Objects-normal/arm64/7187679823f38a2a940e0043cdf9d637-common-args.resp
    
    /Applications/Xcode.app/Contents/Developer/Toolchains/XcodeDefault.xctoolchain/usr/bin/clang -x c -ivfsstatcache /Users/colbycorcoran/Library/Developer/Xcode/DerivedData/SDKStatCaches.noindex/iphoneos26.2-23C53-3794476bd08197c3e2abd9bb477ef7f7.sdkstatcache -fmessage-length\=0 -fdiagnostics-show-note-include-stack -fmacro-backtrace-limit\=0 -fno-color-diagnostics -fmodules-prune-interval\=86400 -fmodules-prune-after\=345600 -fbuild-session-file\=/Users/colbycorcoran/Library/Developer/Xcode/DerivedData/ModuleCache.noindex/Session.modulevalidation -fmodules-validate-once-per-build-session -Wnon-modular-include-in-framework-module -Werror\=non-modular-include-in-framework-module -Wno-trigraphs -Wno-missing-field-initializers -Wno-missing-prototypes -Wno-return-type -Wno-missing-braces -Wparentheses -Wswitch -Wno-unused-function -Wno-unused-label -Wno-unused-parameter -Wno-unused-variable -Wunused-value -Wno-empty-body -Wno-uninitialized -Wno-unknown-pragmas -w -Wno-shadow -Wno-four-char-constants -Wno-conversion -Wno-constant-conversion -Wno-int-conversion -Wno-bool-conversion -Wno-enum-conversion -Wno-float-conversion -Wno-non-literal-null-conversion -Wno-objc-literal-conversion -Wshorten-64-to-32 -Wpointer-sign -Wno-newline-eof -Wno-implicit-fallthrough -fstrict-aliasing -Wdeprecated-declarations -Wno-sign-conversion -Wno-infinite-recursion -Wno-comma -Wno-block-capture-autoreleasing -Wno-strict-prototypes -Wno-semicolon-before-method-body -index-store-path /Users/colbycorcoran/Library/Developer/Xcode/DerivedData/Fiz-fiflxcjvlfosoebhvlytfgwprkxo/Index.noindex/DataStore @/Users/colbycorcoran/Library/Developer/Xcode/DerivedData/Fiz-fiflxcjvlfosoebhvlytfgwprkxo/Build/Intermediates.noindex/PostHog.build/Debug-iphoneos/phlibwebp.build/Objects-normal/arm64/7187679823f38a2a940e0043cdf9d637-common-args.resp -MMD -MT dependencies -MF /Users/colbycorcoran/Library/Developer/Xcode/DerivedData/Fiz-fiflxcjvlfosoebhvlytfgwprkxo/Build/Intermediates.noindex/PostHog.build/Debug-iphoneos/phlibwebp.build/Objects-normal/arm64/dec_sse41.d --serialize-diagnostics /Users/colbycorcoran/Library/Developer/Xcode/DerivedData/Fiz-fiflxcjvlfosoebhvlytfgwprkxo/Build/Intermediates.noindex/PostHog.build/Debug-iphoneos/phlibwebp.build/Objects-normal/arm64/dec_sse41.dia -c /Users/colbycorcoran/Library/Developer/Xcode/DerivedData/Fiz-fiflxcjvlfosoebhvlytfgwprkxo/SourcePackages/checkouts/posthog-ios/vendor/libwebp/dec_sse41.c -o /Users/colbycorcoran/Library/Developer/Xcode/DerivedData/Fiz-fiflxcjvlfosoebhvlytfgwprkxo/Build/Intermediates.noindex/PostHog.build/Debug-iphoneos/phlibwebp.build/Objects-normal/arm64/dec_sse41.o -index-unit-output-path /PostHog.build/Debug-iphoneos/phlibwebp.build/Objects-normal/arm64/dec_sse41.o

CompileC /Users/colbycorcoran/Library/Developer/Xcode/DerivedData/Fiz-fiflxcjvlfosoebhvlytfgwprkxo/Build/Intermediates.noindex/PostHog.build/Debug-iphoneos/phlibwebp.build/Objects-normal/arm64/dec_sse2.o /Users/colbycorcoran/Library/Developer/Xcode/DerivedData/Fiz-fiflxcjvlfosoebhvlytfgwprkxo/SourcePackages/checkouts/posthog-ios/vendor/libwebp/dec_sse2.c normal arm64 c com.apple.compilers.llvm.clang.1_0.compiler (in target 'phlibwebp' from project 'PostHog')
    cd /Users/colbycorcoran/Documents/App\ Development/Fiz/Fiz.xcodeproj
    
    Using response file: /Users/colbycorcoran/Library/Developer/Xcode/DerivedData/Fiz-fiflxcjvlfosoebhvlytfgwprkxo/Build/Intermediates.noindex/PostHog.build/Debug-iphoneos/phlibwebp.build/Objects-normal/arm64/7187679823f38a2a940e0043cdf9d637-common-args.resp
    
    /Applications/Xcode.app/Contents/Developer/Toolchains/XcodeDefault.xctoolchain/usr/bin/clang -x c -ivfsstatcache /Users/colbycorcoran/Library/Developer/Xcode/DerivedData/SDKStatCaches.noindex/iphoneos26.2-23C53-3794476bd08197c3e2abd9bb477ef7f7.sdkstatcache -fmessage-length\=0 -fdiagnostics-show-note-include-stack -fmacro-backtrace-limit\=0 -fno-color-diagnostics -fmodules-prune-interval\=86400 -fmodules-prune-after\=345600 -fbuild-session-file\=/Users/colbycorcoran/Library/Developer/Xcode/DerivedData/ModuleCache.noindex/Session.modulevalidation -fmodules-validate-once-per-build-session -Wnon-modular-include-in-framework-module -Werror\=non-modular-include-in-framework-module -Wno-trigraphs -Wno-missing-field-initializers -Wno-missing-prototypes -Wno-return-type -Wno-missing-braces -Wparentheses -Wswitch -Wno-unused-function -Wno-unused-label -Wno-unused-parameter -Wno-unused-variable -Wunused-value -Wno-empty-body -Wno-uninitialized -Wno-unknown-pragmas -w -Wno-shadow -Wno-four-char-constants -Wno-conversion -Wno-constant-conversion -Wno-int-conversion -Wno-bool-conversion -Wno-enum-conversion -Wno-float-conversion -Wno-non-literal-null-conversion -Wno-objc-literal-conversion -Wshorten-64-to-32 -Wpointer-sign -Wno-newline-eof -Wno-implicit-fallthrough -fstrict-aliasing -Wdeprecated-declarations -Wno-sign-conversion -Wno-infinite-recursion -Wno-comma -Wno-block-capture-autoreleasing -Wno-strict-prototypes -Wno-semicolon-before-method-body -index-store-path /Users/colbycorcoran/Library/Developer/Xcode/DerivedData/Fiz-fiflxcjvlfosoebhvlytfgwprkxo/Index.noindex/DataStore @/Users/colbycorcoran/Library/Developer/Xcode/DerivedData/Fiz-fiflxcjvlfosoebhvlytfgwprkxo/Build/Intermediates.noindex/PostHog.build/Debug-iphoneos/phlibwebp.build/Objects-normal/arm64/7187679823f38a2a940e0043cdf9d637-common-args.resp -MMD -MT dependencies -MF /Users/colbycorcoran/Library/Developer/Xcode/DerivedData/Fiz-fiflxcjvlfosoebhvlytfgwprkxo/Build/Intermediates.noindex/PostHog.build/Debug-iphoneos/phlibwebp.build/Objects-normal/arm64/dec_sse2.d --serialize-diagnostics /Users/colbycorcoran/Library/Developer/Xcode/DerivedData/Fiz-fiflxcjvlfosoebhvlytfgwprkxo/Build/Intermediates.noindex/PostHog.build/Debug-iphoneos/phlibwebp.build/Objects-normal/arm64/dec_sse2.dia -c /Users/colbycorcoran/Library/Developer/Xcode/DerivedData/Fiz-fiflxcjvlfosoebhvlytfgwprkxo/SourcePackages/checkouts/posthog-ios/vendor/libwebp/dec_sse2.c -o /Users/colbycorcoran/Library/Developer/Xcode/DerivedData/Fiz-fiflxcjvlfosoebhvlytfgwprkxo/Build/Intermediates.noindex/PostHog.build/Debug-iphoneos/phlibwebp.build/Objects-normal/arm64/dec_sse2.o -index-unit-output-path /PostHog.build/Debug-iphoneos/phlibwebp.build/Objects-normal/arm64/dec_sse2.o

CompileC /Users/colbycorcoran/Library/Developer/Xcode/DerivedData/Fiz-fiflxcjvlfosoebhvlytfgwprkxo/Build/Intermediates.noindex/PostHog.build/Debug-iphoneos/phlibwebp.build/Objects-normal/arm64/dec_neon.o /Users/colbycorcoran/Library/Developer/Xcode/DerivedData/Fiz-fiflxcjvlfosoebhvlytfgwprkxo/SourcePackages/checkouts/posthog-ios/vendor/libwebp/dec_neon.c normal arm64 c com.apple.compilers.llvm.clang.1_0.compiler (in target 'phlibwebp' from project 'PostHog')
    cd /Users/colbycorcoran/Documents/App\ Development/Fiz/Fiz.xcodeproj
    
    Using response file: /Users/colbycorcoran/Library/Developer/Xcode/DerivedData/Fiz-fiflxcjvlfosoebhvlytfgwprkxo/Build/Intermediates.noindex/PostHog.build/Debug-iphoneos/phlibwebp.build/Objects-normal/arm64/7187679823f38a2a940e0043cdf9d637-common-args.resp
    
    /Applications/Xcode.app/Contents/Developer/Toolchains/XcodeDefault.xctoolchain/usr/bin/clang -x c -ivfsstatcache /Users/colbycorcoran/Library/Developer/Xcode/DerivedData/SDKStatCaches.noindex/iphoneos26.2-23C53-3794476bd08197c3e2abd9bb477ef7f7.sdkstatcache -fmessage-length\=0 -fdiagnostics-show-note-include-stack -fmacro-backtrace-limit\=0 -fno-color-diagnostics -fmodules-prune-interval\=86400 -fmodules-prune-after\=345600 -fbuild-session-file\=/Users/colbycorcoran/Library/Developer/Xcode/DerivedData/ModuleCache.noindex/Session.modulevalidation -fmodules-validate-once-per-build-session -Wnon-modular-include-in-framework-module -Werror\=non-modular-include-in-framework-module -Wno-trigraphs -Wno-missing-field-initializers -Wno-missing-prototypes -Wno-return-type -Wno-missing-braces -Wparentheses -Wswitch -Wno-unused-function -Wno-unused-label -Wno-unused-parameter -Wno-unused-variable -Wunused-value -Wno-empty-body -Wno-uninitialized -Wno-unknown-pragmas -w -Wno-shadow -Wno-four-char-constants -Wno-conversion -Wno-constant-conversion -Wno-int-conversion -Wno-bool-conversion -Wno-enum-conversion -Wno-float-conversion -Wno-non-literal-null-conversion -Wno-objc-literal-conversion -Wshorten-64-to-32 -Wpointer-sign -Wno-newline-eof -Wno-implicit-fallthrough -fstrict-aliasing -Wdeprecated-declarations -Wno-sign-conversion -Wno-infinite-recursion -Wno-comma -Wno-block-capture-autoreleasing -Wno-strict-prototypes -Wno-semicolon-before-method-body -index-store-path /Users/colbycorcoran/Library/Developer/Xcode/DerivedData/Fiz-fiflxcjvlfosoebhvlytfgwprkxo/Index.noindex/DataStore @/Users/colbycorcoran/Library/Developer/Xcode/DerivedData/Fiz-fiflxcjvlfosoebhvlytfgwprkxo/Build/Intermediates.noindex/PostHog.build/Debug-iphoneos/phlibwebp.build/Objects-normal/arm64/7187679823f38a2a940e0043cdf9d637-common-args.resp -MMD -MT dependencies -MF /Users/colbycorcoran/Library/Developer/Xcode/DerivedData/Fiz-fiflxcjvlfosoebhvlytfgwprkxo/Build/Intermediates.noindex/PostHog.build/Debug-iphoneos/phlibwebp.build/Objects-normal/arm64/dec_neon.d --serialize-diagnostics /Users/colbycorcoran/Library/Developer/Xcode/DerivedData/Fiz-fiflxcjvlfosoebhvlytfgwprkxo/Build/Intermediates.noindex/PostHog.build/Debug-iphoneos/phlibwebp.build/Objects-normal/arm64/dec_neon.dia -c /Users/colbycorcoran/Library/Developer/Xcode/DerivedData/Fiz-fiflxcjvlfosoebhvlytfgwprkxo/SourcePackages/checkouts/posthog-ios/vendor/libwebp/dec_neon.c -o /Users/colbycorcoran/Library/Developer/Xcode/DerivedData/Fiz-fiflxcjvlfosoebhvlytfgwprkxo/Build/Intermediates.noindex/PostHog.build/Debug-iphoneos/phlibwebp.build/Objects-normal/arm64/dec_neon.o -index-unit-output-path /PostHog.build/Debug-iphoneos/phlibwebp.build/Objects-normal/arm64/dec_neon.o

CompileC /Users/colbycorcoran/Library/Developer/Xcode/DerivedData/Fiz-fiflxcjvlfosoebhvlytfgwprkxo/Build/Intermediates.noindex/PostHog.build/Debug-iphoneos/phlibwebp.build/Objects-normal/arm64/dec_clip_tables.o /Users/colbycorcoran/Library/Developer/Xcode/DerivedData/Fiz-fiflxcjvlfosoebhvlytfgwprkxo/SourcePackages/checkouts/posthog-ios/vendor/libwebp/dec_clip_tables.c normal arm64 c com.apple.compilers.llvm.clang.1_0.compiler (in target 'phlibwebp' from project 'PostHog')
    cd /Users/colbycorcoran/Documents/App\ Development/Fiz/Fiz.xcodeproj
    
    Using response file: /Users/colbycorcoran/Library/Developer/Xcode/DerivedData/Fiz-fiflxcjvlfosoebhvlytfgwprkxo/Build/Intermediates.noindex/PostHog.build/Debug-iphoneos/phlibwebp.build/Objects-normal/arm64/7187679823f38a2a940e0043cdf9d637-common-args.resp
    
    /Applications/Xcode.app/Contents/Developer/Toolchains/XcodeDefault.xctoolchain/usr/bin/clang -x c -ivfsstatcache /Users/colbycorcoran/Library/Developer/Xcode/DerivedData/SDKStatCaches.noindex/iphoneos26.2-23C53-3794476bd08197c3e2abd9bb477ef7f7.sdkstatcache -fmessage-length\=0 -fdiagnostics-show-note-include-stack -fmacro-backtrace-limit\=0 -fno-color-diagnostics -fmodules-prune-interval\=86400 -fmodules-prune-after\=345600 -fbuild-session-file\=/Users/colbycorcoran/Library/Developer/Xcode/DerivedData/ModuleCache.noindex/Session.modulevalidation -fmodules-validate-once-per-build-session -Wnon-modular-include-in-framework-module -Werror\=non-modular-include-in-framework-module -Wno-trigraphs -Wno-missing-field-initializers -Wno-missing-prototypes -Wno-return-type -Wno-missing-braces -Wparentheses -Wswitch -Wno-unused-function -Wno-unused-label -Wno-unused-parameter -Wno-unused-variable -Wunused-value -Wno-empty-body -Wno-uninitialized -Wno-unknown-pragmas -w -Wno-shadow -Wno-four-char-constants -Wno-conversion -Wno-constant-conversion -Wno-int-conversion -Wno-bool-conversion -Wno-enum-conversion -Wno-float-conversion -Wno-non-literal-null-conversion -Wno-objc-literal-conversion -Wshorten-64-to-32 -Wpointer-sign -Wno-newline-eof -Wno-implicit-fallthrough -fstrict-aliasing -Wdeprecated-declarations -Wno-sign-conversion -Wno-infinite-recursion -Wno-comma -Wno-block-capture-autoreleasing -Wno-strict-prototypes -Wno-semicolon-before-method-body -index-store-path /Users/colbycorcoran/Library/Developer/Xcode/DerivedData/Fiz-fiflxcjvlfosoebhvlytfgwprkxo/Index.noindex/DataStore @/Users/colbycorcoran/Library/Developer/Xcode/DerivedData/Fiz-fiflxcjvlfosoebhvlytfgwprkxo/Build/Intermediates.noindex/PostHog.build/Debug-iphoneos/phlibwebp.build/Objects-normal/arm64/7187679823f38a2a940e0043cdf9d637-common-args.resp -MMD -MT dependencies -MF /Users/colbycorcoran/Library/Developer/Xcode/DerivedData/Fiz-fiflxcjvlfosoebhvlytfgwprkxo/Build/Intermediates.noindex/PostHog.build/Debug-iphoneos/phlibwebp.build/Objects-normal/arm64/dec_clip_tables.d --serialize-diagnostics /Users/colbycorcoran/Library/Developer/Xcode/DerivedData/Fiz-fiflxcjvlfosoebhvlytfgwprkxo/Build/Intermediates.noindex/PostHog.build/Debug-iphoneos/phlibwebp.build/Objects-normal/arm64/dec_clip_tables.dia -c /Users/colbycorcoran/Library/Developer/Xcode/DerivedData/Fiz-fiflxcjvlfosoebhvlytfgwprkxo/SourcePackages/checkouts/posthog-ios/vendor/libwebp/dec_clip_tables.c -o /Users/colbycorcoran/Library/Developer/Xcode/DerivedData/Fiz-fiflxcjvlfosoebhvlytfgwprkxo/Build/Intermediates.noindex/PostHog.build/Debug-iphoneos/phlibwebp.build/Objects-normal/arm64/dec_clip_tables.o -index-unit-output-path /PostHog.build/Debug-iphoneos/phlibwebp.build/Objects-normal/arm64/dec_clip_tables.o

CompileC /Users/colbycorcoran/Library/Developer/Xcode/DerivedData/Fiz-fiflxcjvlfosoebhvlytfgwprkxo/Build/Intermediates.noindex/PostHog.build/Debug-iphoneos/phlibwebp.build/Objects-normal/arm64/dec.o /Users/colbycorcoran/Library/Developer/Xcode/DerivedData/Fiz-fiflxcjvlfosoebhvlytfgwprkxo/SourcePackages/checkouts/posthog-ios/vendor/libwebp/dec.c normal arm64 c com.apple.compilers.llvm.clang.1_0.compiler (in target 'phlibwebp' from project 'PostHog')
    cd /Users/colbycorcoran/Documents/App\ Development/Fiz/Fiz.xcodeproj
    
    Using response file: /Users/colbycorcoran/Library/Developer/Xcode/DerivedData/Fiz-fiflxcjvlfosoebhvlytfgwprkxo/Build/Intermediates.noindex/PostHog.build/Debug-iphoneos/phlibwebp.build/Objects-normal/arm64/7187679823f38a2a940e0043cdf9d637-common-args.resp
    
    /Applications/Xcode.app/Contents/Developer/Toolchains/XcodeDefault.xctoolchain/usr/bin/clang -x c -ivfsstatcache /Users/colbycorcoran/Library/Developer/Xcode/DerivedData/SDKStatCaches.noindex/iphoneos26.2-23C53-3794476bd08197c3e2abd9bb477ef7f7.sdkstatcache -fmessage-length\=0 -fdiagnostics-show-note-include-stack -fmacro-backtrace-limit\=0 -fno-color-diagnostics -fmodules-prune-interval\=86400 -fmodules-prune-after\=345600 -fbuild-session-file\=/Users/colbycorcoran/Library/Developer/Xcode/DerivedData/ModuleCache.noindex/Session.modulevalidation -fmodules-validate-once-per-build-session -Wnon-modular-include-in-framework-module -Werror\=non-modular-include-in-framework-module -Wno-trigraphs -Wno-missing-field-initializers -Wno-missing-prototypes -Wno-return-type -Wno-missing-braces -Wparentheses -Wswitch -Wno-unused-function -Wno-unused-label -Wno-unused-parameter -Wno-unused-variable -Wunused-value -Wno-empty-body -Wno-uninitialized -Wno-unknown-pragmas -w -Wno-shadow -Wno-four-char-constants -Wno-conversion -Wno-constant-conversion -Wno-int-conversion -Wno-bool-conversion -Wno-enum-conversion -Wno-float-conversion -Wno-non-literal-null-conversion -Wno-objc-literal-conversion -Wshorten-64-to-32 -Wpointer-sign -Wno-newline-eof -Wno-implicit-fallthrough -fstrict-aliasing -Wdeprecated-declarations -Wno-sign-conversion -Wno-infinite-recursion -Wno-comma -Wno-block-capture-autoreleasing -Wno-strict-prototypes -Wno-semicolon-before-method-body -index-store-path /Users/colbycorcoran/Library/Developer/Xcode/DerivedData/Fiz-fiflxcjvlfosoebhvlytfgwprkxo/Index.noindex/DataStore @/Users/colbycorcoran/Library/Developer/Xcode/DerivedData/Fiz-fiflxcjvlfosoebhvlytfgwprkxo/Build/Intermediates.noindex/PostHog.build/Debug-iphoneos/phlibwebp.build/Objects-normal/arm64/7187679823f38a2a940e0043cdf9d637-common-args.resp -MMD -MT dependencies -MF /Users/colbycorcoran/Library/Developer/Xcode/DerivedData/Fiz-fiflxcjvlfosoebhvlytfgwprkxo/Build/Intermediates.noindex/PostHog.build/Debug-iphoneos/phlibwebp.build/Objects-normal/arm64/dec.d --serialize-diagnostics /Users/colbycorcoran/Library/Developer/Xcode/DerivedData/Fiz-fiflxcjvlfosoebhvlytfgwprkxo/Build/Intermediates.noindex/PostHog.build/Debug-iphoneos/phlibwebp.build/Objects-normal/arm64/dec.dia -c /Users/colbycorcoran/Library/Developer/Xcode/DerivedData/Fiz-fiflxcjvlfosoebhvlytfgwprkxo/SourcePackages/checkouts/posthog-ios/vendor/libwebp/dec.c -o /Users/colbycorcoran/Library/Developer/Xcode/DerivedData/Fiz-fiflxcjvlfosoebhvlytfgwprkxo/Build/Intermediates.noindex/PostHog.build/Debug-iphoneos/phlibwebp.build/Objects-normal/arm64/dec.o -index-unit-output-path /PostHog.build/Debug-iphoneos/phlibwebp.build/Objects-normal/arm64/dec.o

CompileC /Users/colbycorcoran/Library/Developer/Xcode/DerivedData/Fiz-fiflxcjvlfosoebhvlytfgwprkxo/Build/Intermediates.noindex/PostHog.build/Debug-iphoneos/phlibwebp.build/Objects-normal/arm64/cpu.o /Users/colbycorcoran/Library/Developer/Xcode/DerivedData/Fiz-fiflxcjvlfosoebhvlytfgwprkxo/SourcePackages/checkouts/posthog-ios/vendor/libwebp/cpu.c normal arm64 c com.apple.compilers.llvm.clang.1_0.compiler (in target 'phlibwebp' from project 'PostHog')
    cd /Users/colbycorcoran/Documents/App\ Development/Fiz/Fiz.xcodeproj
    
    Using response file: /Users/colbycorcoran/Library/Developer/Xcode/DerivedData/Fiz-fiflxcjvlfosoebhvlytfgwprkxo/Build/Intermediates.noindex/PostHog.build/Debug-iphoneos/phlibwebp.build/Objects-normal/arm64/7187679823f38a2a940e0043cdf9d637-common-args.resp
    
    /Applications/Xcode.app/Contents/Developer/Toolchains/XcodeDefault.xctoolchain/usr/bin/clang -x c -ivfsstatcache /Users/colbycorcoran/Library/Developer/Xcode/DerivedData/SDKStatCaches.noindex/iphoneos26.2-23C53-3794476bd08197c3e2abd9bb477ef7f7.sdkstatcache -fmessage-length\=0 -fdiagnostics-show-note-include-stack -fmacro-backtrace-limit\=0 -fno-color-diagnostics -fmodules-prune-interval\=86400 -fmodules-prune-after\=345600 -fbuild-session-file\=/Users/colbycorcoran/Library/Developer/Xcode/DerivedData/ModuleCache.noindex/Session.modulevalidation -fmodules-validate-once-per-build-session -Wnon-modular-include-in-framework-module -Werror\=non-modular-include-in-framework-module -Wno-trigraphs -Wno-missing-field-initializers -Wno-missing-prototypes -Wno-return-type -Wno-missing-braces -Wparentheses -Wswitch -Wno-unused-function -Wno-unused-label -Wno-unused-parameter -Wno-unused-variable -Wunused-value -Wno-empty-body -Wno-uninitialized -Wno-unknown-pragmas -w -Wno-shadow -Wno-four-char-constants -Wno-conversion -Wno-constant-conversion -Wno-int-conversion -Wno-bool-conversion -Wno-enum-conversion -Wno-float-conversion -Wno-non-literal-null-conversion -Wno-objc-literal-conversion -Wshorten-64-to-32 -Wpointer-sign -Wno-newline-eof -Wno-implicit-fallthrough -fstrict-aliasing -Wdeprecated-declarations -Wno-sign-conversion -Wno-infinite-recursion -Wno-comma -Wno-block-capture-autoreleasing -Wno-strict-prototypes -Wno-semicolon-before-method-body -index-store-path /Users/colbycorcoran/Library/Developer/Xcode/DerivedData/Fiz-fiflxcjvlfosoebhvlytfgwprkxo/Index.noindex/DataStore @/Users/colbycorcoran/Library/Developer/Xcode/DerivedData/Fiz-fiflxcjvlfosoebhvlytfgwprkxo/Build/Intermediates.noindex/PostHog.build/Debug-iphoneos/phlibwebp.build/Objects-normal/arm64/7187679823f38a2a940e0043cdf9d637-common-args.resp -MMD -MT dependencies -MF /Users/colbycorcoran/Library/Developer/Xcode/DerivedData/Fiz-fiflxcjvlfosoebhvlytfgwprkxo/Build/Intermediates.noindex/PostHog.build/Debug-iphoneos/phlibwebp.build/Objects-normal/arm64/cpu.d --serialize-diagnostics /Users/colbycorcoran/Library/Developer/Xcode/DerivedData/Fiz-fiflxcjvlfosoebhvlytfgwprkxo/Build/Intermediates.noindex/PostHog.build/Debug-iphoneos/phlibwebp.build/Objects-normal/arm64/cpu.dia -c /Users/colbycorcoran/Library/Developer/Xcode/DerivedData/Fiz-fiflxcjvlfosoebhvlytfgwprkxo/SourcePackages/checkouts/posthog-ios/vendor/libwebp/cpu.c -o /Users/colbycorcoran/Library/Developer/Xcode/DerivedData/Fiz-fiflxcjvlfosoebhvlytfgwprkxo/Build/Intermediates.noindex/PostHog.build/Debug-iphoneos/phlibwebp.build/Objects-normal/arm64/cpu.o -index-unit-output-path /PostHog.build/Debug-iphoneos/phlibwebp.build/Objects-normal/arm64/cpu.o

CompileC /Users/colbycorcoran/Library/Developer/Xcode/DerivedData/Fiz-fiflxcjvlfosoebhvlytfgwprkxo/Build/Intermediates.noindex/PostHog.build/Debug-iphoneos/phlibwebp.build/Objects-normal/arm64/cost_sse2.o /Users/colbycorcoran/Library/Developer/Xcode/DerivedData/Fiz-fiflxcjvlfosoebhvlytfgwprkxo/SourcePackages/checkouts/posthog-ios/vendor/libwebp/cost_sse2.c normal arm64 c com.apple.compilers.llvm.clang.1_0.compiler (in target 'phlibwebp' from project 'PostHog')
    cd /Users/colbycorcoran/Documents/App\ Development/Fiz/Fiz.xcodeproj
    
    Using response file: /Users/colbycorcoran/Library/Developer/Xcode/DerivedData/Fiz-fiflxcjvlfosoebhvlytfgwprkxo/Build/Intermediates.noindex/PostHog.build/Debug-iphoneos/phlibwebp.build/Objects-normal/arm64/7187679823f38a2a940e0043cdf9d637-common-args.resp
    
    /Applications/Xcode.app/Contents/Developer/Toolchains/XcodeDefault.xctoolchain/usr/bin/clang -x c -ivfsstatcache /Users/colbycorcoran/Library/Developer/Xcode/DerivedData/SDKStatCaches.noindex/iphoneos26.2-23C53-3794476bd08197c3e2abd9bb477ef7f7.sdkstatcache -fmessage-length\=0 -fdiagnostics-show-note-include-stack -fmacro-backtrace-limit\=0 -fno-color-diagnostics -fmodules-prune-interval\=86400 -fmodules-prune-after\=345600 -fbuild-session-file\=/Users/colbycorcoran/Library/Developer/Xcode/DerivedData/ModuleCache.noindex/Session.modulevalidation -fmodules-validate-once-per-build-session -Wnon-modular-include-in-framework-module -Werror\=non-modular-include-in-framework-module -Wno-trigraphs -Wno-missing-field-initializers -Wno-missing-prototypes -Wno-return-type -Wno-missing-braces -Wparentheses -Wswitch -Wno-unused-function -Wno-unused-label -Wno-unused-parameter -Wno-unused-variable -Wunused-value -Wno-empty-body -Wno-uninitialized -Wno-unknown-pragmas -w -Wno-shadow -Wno-four-char-constants -Wno-conversion -Wno-constant-conversion -Wno-int-conversion -Wno-bool-conversion -Wno-enum-conversion -Wno-float-conversion -Wno-non-literal-null-conversion -Wno-objc-literal-conversion -Wshorten-64-to-32 -Wpointer-sign -Wno-newline-eof -Wno-implicit-fallthrough -fstrict-aliasing -Wdeprecated-declarations -Wno-sign-conversion -Wno-infinite-recursion -Wno-comma -Wno-block-capture-autoreleasing -Wno-strict-prototypes -Wno-semicolon-before-method-body -index-store-path /Users/colbycorcoran/Library/Developer/Xcode/DerivedData/Fiz-fiflxcjvlfosoebhvlytfgwprkxo/Index.noindex/DataStore @/Users/colbycorcoran/Library/Developer/Xcode/DerivedData/Fiz-fiflxcjvlfosoebhvlytfgwprkxo/Build/Intermediates.noindex/PostHog.build/Debug-iphoneos/phlibwebp.build/Objects-normal/arm64/7187679823f38a2a940e0043cdf9d637-common-args.resp -MMD -MT dependencies -MF /Users/colbycorcoran/Library/Developer/Xcode/DerivedData/Fiz-fiflxcjvlfosoebhvlytfgwprkxo/Build/Intermediates.noindex/PostHog.build/Debug-iphoneos/phlibwebp.build/Objects-normal/arm64/cost_sse2.d --serialize-diagnostics /Users/colbycorcoran/Library/Developer/Xcode/DerivedData/Fiz-fiflxcjvlfosoebhvlytfgwprkxo/Build/Intermediates.noindex/PostHog.build/Debug-iphoneos/phlibwebp.build/Objects-normal/arm64/cost_sse2.dia -c /Users/colbycorcoran/Library/Developer/Xcode/DerivedData/Fiz-fiflxcjvlfosoebhvlytfgwprkxo/SourcePackages/checkouts/posthog-ios/vendor/libwebp/cost_sse2.c -o /Users/colbycorcoran/Library/Developer/Xcode/DerivedData/Fiz-fiflxcjvlfosoebhvlytfgwprkxo/Build/Intermediates.noindex/PostHog.build/Debug-iphoneos/phlibwebp.build/Objects-normal/arm64/cost_sse2.o -index-unit-output-path /PostHog.build/Debug-iphoneos/phlibwebp.build/Objects-normal/arm64/cost_sse2.o

CompileC /Users/colbycorcoran/Library/Developer/Xcode/DerivedData/Fiz-fiflxcjvlfosoebhvlytfgwprkxo/Build/Intermediates.noindex/PostHog.build/Debug-iphoneos/phlibwebp.build/Objects-normal/arm64/cost_neon.o /Users/colbycorcoran/Library/Developer/Xcode/DerivedData/Fiz-fiflxcjvlfosoebhvlytfgwprkxo/SourcePackages/checkouts/posthog-ios/vendor/libwebp/cost_neon.c normal arm64 c com.apple.compilers.llvm.clang.1_0.compiler (in target 'phlibwebp' from project 'PostHog')
    cd /Users/colbycorcoran/Documents/App\ Development/Fiz/Fiz.xcodeproj
    
    Using response file: /Users/colbycorcoran/Library/Developer/Xcode/DerivedData/Fiz-fiflxcjvlfosoebhvlytfgwprkxo/Build/Intermediates.noindex/PostHog.build/Debug-iphoneos/phlibwebp.build/Objects-normal/arm64/7187679823f38a2a940e0043cdf9d637-common-args.resp
    
    /Applications/Xcode.app/Contents/Developer/Toolchains/XcodeDefault.xctoolchain/usr/bin/clang -x c -ivfsstatcache /Users/colbycorcoran/Library/Developer/Xcode/DerivedData/SDKStatCaches.noindex/iphoneos26.2-23C53-3794476bd08197c3e2abd9bb477ef7f7.sdkstatcache -fmessage-length\=0 -fdiagnostics-show-note-include-stack -fmacro-backtrace-limit\=0 -fno-color-diagnostics -fmodules-prune-interval\=86400 -fmodules-prune-after\=345600 -fbuild-session-file\=/Users/colbycorcoran/Library/Developer/Xcode/DerivedData/ModuleCache.noindex/Session.modulevalidation -fmodules-validate-once-per-build-session -Wnon-modular-include-in-framework-module -Werror\=non-modular-include-in-framework-module -Wno-trigraphs -Wno-missing-field-initializers -Wno-missing-prototypes -Wno-return-type -Wno-missing-braces -Wparentheses -Wswitch -Wno-unused-function -Wno-unused-label -Wno-unused-parameter -Wno-unused-variable -Wunused-value -Wno-empty-body -Wno-uninitialized -Wno-unknown-pragmas -w -Wno-shadow -Wno-four-char-constants -Wno-conversion -Wno-constant-conversion -Wno-int-conversion -Wno-bool-conversion -Wno-enum-conversion -Wno-float-conversion -Wno-non-literal-null-conversion -Wno-objc-literal-conversion -Wshorten-64-to-32 -Wpointer-sign -Wno-newline-eof -Wno-implicit-fallthrough -fstrict-aliasing -Wdeprecated-declarations -Wno-sign-conversion -Wno-infinite-recursion -Wno-comma -Wno-block-capture-autoreleasing -Wno-strict-prototypes -Wno-semicolon-before-method-body -index-store-path /Users/colbycorcoran/Library/Developer/Xcode/DerivedData/Fiz-fiflxcjvlfosoebhvlytfgwprkxo/Index.noindex/DataStore @/Users/colbycorcoran/Library/Developer/Xcode/DerivedData/Fiz-fiflxcjvlfosoebhvlytfgwprkxo/Build/Intermediates.noindex/PostHog.build/Debug-iphoneos/phlibwebp.build/Objects-normal/arm64/7187679823f38a2a940e0043cdf9d637-common-args.resp -MMD -MT dependencies -MF /Users/colbycorcoran/Library/Developer/Xcode/DerivedData/Fiz-fiflxcjvlfosoebhvlytfgwprkxo/Build/Intermediates.noindex/PostHog.build/Debug-iphoneos/phlibwebp.build/Objects-normal/arm64/cost_neon.d --serialize-diagnostics /Users/colbycorcoran/Library/Developer/Xcode/DerivedData/Fiz-fiflxcjvlfosoebhvlytfgwprkxo/Build/Intermediates.noindex/PostHog.build/Debug-iphoneos/phlibwebp.build/Objects-normal/arm64/cost_neon.dia -c /Users/colbycorcoran/Library/Developer/Xcode/DerivedData/Fiz-fiflxcjvlfosoebhvlytfgwprkxo/SourcePackages/checkouts/posthog-ios/vendor/libwebp/cost_neon.c -o /Users/colbycorcoran/Library/Developer/Xcode/DerivedData/Fiz-fiflxcjvlfosoebhvlytfgwprkxo/Build/Intermediates.noindex/PostHog.build/Debug-iphoneos/phlibwebp.build/Objects-normal/arm64/cost_neon.o -index-unit-output-path /PostHog.build/Debug-iphoneos/phlibwebp.build/Objects-normal/arm64/cost_neon.o

CompileC /Users/colbycorcoran/Library/Developer/Xcode/DerivedData/Fiz-fiflxcjvlfosoebhvlytfgwprkxo/Build/Intermediates.noindex/PostHog.build/Debug-iphoneos/phlibwebp.build/Objects-normal/arm64/cost_enc.o /Users/colbycorcoran/Library/Developer/Xcode/DerivedData/Fiz-fiflxcjvlfosoebhvlytfgwprkxo/SourcePackages/checkouts/posthog-ios/vendor/libwebp/cost_enc.c normal arm64 c com.apple.compilers.llvm.clang.1_0.compiler (in target 'phlibwebp' from project 'PostHog')
    cd /Users/colbycorcoran/Documents/App\ Development/Fiz/Fiz.xcodeproj
    
    Using response file: /Users/colbycorcoran/Library/Developer/Xcode/DerivedData/Fiz-fiflxcjvlfosoebhvlytfgwprkxo/Build/Intermediates.noindex/PostHog.build/Debug-iphoneos/phlibwebp.build/Objects-normal/arm64/7187679823f38a2a940e0043cdf9d637-common-args.resp
    
    /Applications/Xcode.app/Contents/Developer/Toolchains/XcodeDefault.xctoolchain/usr/bin/clang -x c -ivfsstatcache /Users/colbycorcoran/Library/Developer/Xcode/DerivedData/SDKStatCaches.noindex/iphoneos26.2-23C53-3794476bd08197c3e2abd9bb477ef7f7.sdkstatcache -fmessage-length\=0 -fdiagnostics-show-note-include-stack -fmacro-backtrace-limit\=0 -fno-color-diagnostics -fmodules-prune-interval\=86400 -fmodules-prune-after\=345600 -fbuild-session-file\=/Users/colbycorcoran/Library/Developer/Xcode/DerivedData/ModuleCache.noindex/Session.modulevalidation -fmodules-validate-once-per-build-session -Wnon-modular-include-in-framework-module -Werror\=non-modular-include-in-framework-module -Wno-trigraphs -Wno-missing-field-initializers -Wno-missing-prototypes -Wno-return-type -Wno-missing-braces -Wparentheses -Wswitch -Wno-unused-function -Wno-unused-label -Wno-unused-parameter -Wno-unused-variable -Wunused-value -Wno-empty-body -Wno-uninitialized -Wno-unknown-pragmas -w -Wno-shadow -Wno-four-char-constants -Wno-conversion -Wno-constant-conversion -Wno-int-conversion -Wno-bool-conversion -Wno-enum-conversion -Wno-float-conversion -Wno-non-literal-null-conversion -Wno-objc-literal-conversion -Wshorten-64-to-32 -Wpointer-sign -Wno-newline-eof -Wno-implicit-fallthrough -fstrict-aliasing -Wdeprecated-declarations -Wno-sign-conversion -Wno-infinite-recursion -Wno-comma -Wno-block-capture-autoreleasing -Wno-strict-prototypes -Wno-semicolon-before-method-body -index-store-path /Users/colbycorcoran/Library/Developer/Xcode/DerivedData/Fiz-fiflxcjvlfosoebhvlytfgwprkxo/Index.noindex/DataStore @/Users/colbycorcoran/Library/Developer/Xcode/DerivedData/Fiz-fiflxcjvlfosoebhvlytfgwprkxo/Build/Intermediates.noindex/PostHog.build/Debug-iphoneos/phlibwebp.build/Objects-normal/arm64/7187679823f38a2a940e0043cdf9d637-common-args.resp -MMD -MT dependencies -MF /Users/colbycorcoran/Library/Developer/Xcode/DerivedData/Fiz-fiflxcjvlfosoebhvlytfgwprkxo/Build/Intermediates.noindex/PostHog.build/Debug-iphoneos/phlibwebp.build/Objects-normal/arm64/cost_enc.d --serialize-diagnostics /Users/colbycorcoran/Library/Developer/Xcode/DerivedData/Fiz-fiflxcjvlfosoebhvlytfgwprkxo/Build/Intermediates.noindex/PostHog.build/Debug-iphoneos/phlibwebp.build/Objects-normal/arm64/cost_enc.dia -c /Users/colbycorcoran/Library/Developer/Xcode/DerivedData/Fiz-fiflxcjvlfosoebhvlytfgwprkxo/SourcePackages/checkouts/posthog-ios/vendor/libwebp/cost_enc.c -o /Users/colbycorcoran/Library/Developer/Xcode/DerivedData/Fiz-fiflxcjvlfosoebhvlytfgwprkxo/Build/Intermediates.noindex/PostHog.build/Debug-iphoneos/phlibwebp.build/Objects-normal/arm64/cost_enc.o -index-unit-output-path /PostHog.build/Debug-iphoneos/phlibwebp.build/Objects-normal/arm64/cost_enc.o

CompileC /Users/colbycorcoran/Library/Developer/Xcode/DerivedData/Fiz-fiflxcjvlfosoebhvlytfgwprkxo/Build/Intermediates.noindex/PostHog.build/Debug-iphoneos/phlibwebp.build/Objects-normal/arm64/cost.o /Users/colbycorcoran/Library/Developer/Xcode/DerivedData/Fiz-fiflxcjvlfosoebhvlytfgwprkxo/SourcePackages/checkouts/posthog-ios/vendor/libwebp/cost.c normal arm64 c com.apple.compilers.llvm.clang.1_0.compiler (in target 'phlibwebp' from project 'PostHog')
    cd /Users/colbycorcoran/Documents/App\ Development/Fiz/Fiz.xcodeproj
    
    Using response file: /Users/colbycorcoran/Library/Developer/Xcode/DerivedData/Fiz-fiflxcjvlfosoebhvlytfgwprkxo/Build/Intermediates.noindex/PostHog.build/Debug-iphoneos/phlibwebp.build/Objects-normal/arm64/7187679823f38a2a940e0043cdf9d637-common-args.resp
    
    /Applications/Xcode.app/Contents/Developer/Toolchains/XcodeDefault.xctoolchain/usr/bin/clang -x c -ivfsstatcache /Users/colbycorcoran/Library/Developer/Xcode/DerivedData/SDKStatCaches.noindex/iphoneos26.2-23C53-3794476bd08197c3e2abd9bb477ef7f7.sdkstatcache -fmessage-length\=0 -fdiagnostics-show-note-include-stack -fmacro-backtrace-limit\=0 -fno-color-diagnostics -fmodules-prune-interval\=86400 -fmodules-prune-after\=345600 -fbuild-session-file\=/Users/colbycorcoran/Library/Developer/Xcode/DerivedData/ModuleCache.noindex/Session.modulevalidation -fmodules-validate-once-per-build-session -Wnon-modular-include-in-framework-module -Werror\=non-modular-include-in-framework-module -Wno-trigraphs -Wno-missing-field-initializers -Wno-missing-prototypes -Wno-return-type -Wno-missing-braces -Wparentheses -Wswitch -Wno-unused-function -Wno-unused-label -Wno-unused-parameter -Wno-unused-variable -Wunused-value -Wno-empty-body -Wno-uninitialized -Wno-unknown-pragmas -w -Wno-shadow -Wno-four-char-constants -Wno-conversion -Wno-constant-conversion -Wno-int-conversion -Wno-bool-conversion -Wno-enum-conversion -Wno-float-conversion -Wno-non-literal-null-conversion -Wno-objc-literal-conversion -Wshorten-64-to-32 -Wpointer-sign -Wno-newline-eof -Wno-implicit-fallthrough -fstrict-aliasing -Wdeprecated-declarations -Wno-sign-conversion -Wno-infinite-recursion -Wno-comma -Wno-block-capture-autoreleasing -Wno-strict-prototypes -Wno-semicolon-before-method-body -index-store-path /Users/colbycorcoran/Library/Developer/Xcode/DerivedData/Fiz-fiflxcjvlfosoebhvlytfgwprkxo/Index.noindex/DataStore @/Users/colbycorcoran/Library/Developer/Xcode/DerivedData/Fiz-fiflxcjvlfosoebhvlytfgwprkxo/Build/Intermediates.noindex/PostHog.build/Debug-iphoneos/phlibwebp.build/Objects-normal/arm64/7187679823f38a2a940e0043cdf9d637-common-args.resp -MMD -MT dependencies -MF /Users/colbycorcoran/Library/Developer/Xcode/DerivedData/Fiz-fiflxcjvlfosoebhvlytfgwprkxo/Build/Intermediates.noindex/PostHog.build/Debug-iphoneos/phlibwebp.build/Objects-normal/arm64/cost.d --serialize-diagnostics /Users/colbycorcoran/Library/Developer/Xcode/DerivedData/Fiz-fiflxcjvlfosoebhvlytfgwprkxo/Build/Intermediates.noindex/PostHog.build/Debug-iphoneos/phlibwebp.build/Objects-normal/arm64/cost.dia -c /Users/colbycorcoran/Library/Developer/Xcode/DerivedData/Fiz-fiflxcjvlfosoebhvlytfgwprkxo/SourcePackages/checkouts/posthog-ios/vendor/libwebp/cost.c -o /Users/colbycorcoran/Library/Developer/Xcode/DerivedData/Fiz-fiflxcjvlfosoebhvlytfgwprkxo/Build/Intermediates.noindex/PostHog.build/Debug-iphoneos/phlibwebp.build/Objects-normal/arm64/cost.o -index-unit-output-path /PostHog.build/Debug-iphoneos/phlibwebp.build/Objects-normal/arm64/cost.o

CompileC /Users/colbycorcoran/Library/Developer/Xcode/DerivedData/Fiz-fiflxcjvlfosoebhvlytfgwprkxo/Build/Intermediates.noindex/PostHog.build/Debug-iphoneos/phlibwebp.build/Objects-normal/arm64/config_enc.o /Users/colbycorcoran/Library/Developer/Xcode/DerivedData/Fiz-fiflxcjvlfosoebhvlytfgwprkxo/SourcePackages/checkouts/posthog-ios/vendor/libwebp/config_enc.c normal arm64 c com.apple.compilers.llvm.clang.1_0.compiler (in target 'phlibwebp' from project 'PostHog')
    cd /Users/colbycorcoran/Documents/App\ Development/Fiz/Fiz.xcodeproj
    
    Using response file: /Users/colbycorcoran/Library/Developer/Xcode/DerivedData/Fiz-fiflxcjvlfosoebhvlytfgwprkxo/Build/Intermediates.noindex/PostHog.build/Debug-iphoneos/phlibwebp.build/Objects-normal/arm64/7187679823f38a2a940e0043cdf9d637-common-args.resp
    
    /Applications/Xcode.app/Contents/Developer/Toolchains/XcodeDefault.xctoolchain/usr/bin/clang -x c -ivfsstatcache /Users/colbycorcoran/Library/Developer/Xcode/DerivedData/SDKStatCaches.noindex/iphoneos26.2-23C53-3794476bd08197c3e2abd9bb477ef7f7.sdkstatcache -fmessage-length\=0 -fdiagnostics-show-note-include-stack -fmacro-backtrace-limit\=0 -fno-color-diagnostics -fmodules-prune-interval\=86400 -fmodules-prune-after\=345600 -fbuild-session-file\=/Users/colbycorcoran/Library/Developer/Xcode/DerivedData/ModuleCache.noindex/Session.modulevalidation -fmodules-validate-once-per-build-session -Wnon-modular-include-in-framework-module -Werror\=non-modular-include-in-framework-module -Wno-trigraphs -Wno-missing-field-initializers -Wno-missing-prototypes -Wno-return-type -Wno-missing-braces -Wparentheses -Wswitch -Wno-unused-function -Wno-unused-label -Wno-unused-parameter -Wno-unused-variable -Wunused-value -Wno-empty-body -Wno-uninitialized -Wno-unknown-pragmas -w -Wno-shadow -Wno-four-char-constants -Wno-conversion -Wno-constant-conversion -Wno-int-conversion -Wno-bool-conversion -Wno-enum-conversion -Wno-float-conversion -Wno-non-literal-null-conversion -Wno-objc-literal-conversion -Wshorten-64-to-32 -Wpointer-sign -Wno-newline-eof -Wno-implicit-fallthrough -fstrict-aliasing -Wdeprecated-declarations -Wno-sign-conversion -Wno-infinite-recursion -Wno-comma -Wno-block-capture-autoreleasing -Wno-strict-prototypes -Wno-semicolon-before-method-body -index-store-path /Users/colbycorcoran/Library/Developer/Xcode/DerivedData/Fiz-fiflxcjvlfosoebhvlytfgwprkxo/Index.noindex/DataStore @/Users/colbycorcoran/Library/Developer/Xcode/DerivedData/Fiz-fiflxcjvlfosoebhvlytfgwprkxo/Build/Intermediates.noindex/PostHog.build/Debug-iphoneos/phlibwebp.build/Objects-normal/arm64/7187679823f38a2a940e0043cdf9d637-common-args.resp -MMD -MT dependencies -MF /Users/colbycorcoran/Library/Developer/Xcode/DerivedData/Fiz-fiflxcjvlfosoebhvlytfgwprkxo/Build/Intermediates.noindex/PostHog.build/Debug-iphoneos/phlibwebp.build/Objects-normal/arm64/config_enc.d --serialize-diagnostics /Users/colbycorcoran/Library/Developer/Xcode/DerivedData/Fiz-fiflxcjvlfosoebhvlytfgwprkxo/Build/Intermediates.noindex/PostHog.build/Debug-iphoneos/phlibwebp.build/Objects-normal/arm64/config_enc.dia -c /Users/colbycorcoran/Library/Developer/Xcode/DerivedData/Fiz-fiflxcjvlfosoebhvlytfgwprkxo/SourcePackages/checkouts/posthog-ios/vendor/libwebp/config_enc.c -o /Users/colbycorcoran/Library/Developer/Xcode/DerivedData/Fiz-fiflxcjvlfosoebhvlytfgwprkxo/Build/Intermediates.noindex/PostHog.build/Debug-iphoneos/phlibwebp.build/Objects-normal/arm64/config_enc.o -index-unit-output-path /PostHog.build/Debug-iphoneos/phlibwebp.build/Objects-normal/arm64/config_enc.o

CompileC /Users/colbycorcoran/Library/Developer/Xcode/DerivedData/Fiz-fiflxcjvlfosoebhvlytfgwprkxo/Build/Intermediates.noindex/PostHog.build/Debug-iphoneos/phlibwebp.build/Objects-normal/arm64/color_cache_utils.o /Users/colbycorcoran/Library/Developer/Xcode/DerivedData/Fiz-fiflxcjvlfosoebhvlytfgwprkxo/SourcePackages/checkouts/posthog-ios/vendor/libwebp/color_cache_utils.c normal arm64 c com.apple.compilers.llvm.clang.1_0.compiler (in target 'phlibwebp' from project 'PostHog')
    cd /Users/colbycorcoran/Documents/App\ Development/Fiz/Fiz.xcodeproj
    
    Using response file: /Users/colbycorcoran/Library/Developer/Xcode/DerivedData/Fiz-fiflxcjvlfosoebhvlytfgwprkxo/Build/Intermediates.noindex/PostHog.build/Debug-iphoneos/phlibwebp.build/Objects-normal/arm64/7187679823f38a2a940e0043cdf9d637-common-args.resp
    
    /Applications/Xcode.app/Contents/Developer/Toolchains/XcodeDefault.xctoolchain/usr/bin/clang -x c -ivfsstatcache /Users/colbycorcoran/Library/Developer/Xcode/DerivedData/SDKStatCaches.noindex/iphoneos26.2-23C53-3794476bd08197c3e2abd9bb477ef7f7.sdkstatcache -fmessage-length\=0 -fdiagnostics-show-note-include-stack -fmacro-backtrace-limit\=0 -fno-color-diagnostics -fmodules-prune-interval\=86400 -fmodules-prune-after\=345600 -fbuild-session-file\=/Users/colbycorcoran/Library/Developer/Xcode/DerivedData/ModuleCache.noindex/Session.modulevalidation -fmodules-validate-once-per-build-session -Wnon-modular-include-in-framework-module -Werror\=non-modular-include-in-framework-module -Wno-trigraphs -Wno-missing-field-initializers -Wno-missing-prototypes -Wno-return-type -Wno-missing-braces -Wparentheses -Wswitch -Wno-unused-function -Wno-unused-label -Wno-unused-parameter -Wno-unused-variable -Wunused-value -Wno-empty-body -Wno-uninitialized -Wno-unknown-pragmas -w -Wno-shadow -Wno-four-char-constants -Wno-conversion -Wno-constant-conversion -Wno-int-conversion -Wno-bool-conversion -Wno-enum-conversion -Wno-float-conversion -Wno-non-literal-null-conversion -Wno-objc-literal-conversion -Wshorten-64-to-32 -Wpointer-sign -Wno-newline-eof -Wno-implicit-fallthrough -fstrict-aliasing -Wdeprecated-declarations -Wno-sign-conversion -Wno-infinite-recursion -Wno-comma -Wno-block-capture-autoreleasing -Wno-strict-prototypes -Wno-semicolon-before-method-body -index-store-path /Users/colbycorcoran/Library/Developer/Xcode/DerivedData/Fiz-fiflxcjvlfosoebhvlytfgwprkxo/Index.noindex/DataStore @/Users/colbycorcoran/Library/Developer/Xcode/DerivedData/Fiz-fiflxcjvlfosoebhvlytfgwprkxo/Build/Intermediates.noindex/PostHog.build/Debug-iphoneos/phlibwebp.build/Objects-normal/arm64/7187679823f38a2a940e0043cdf9d637-common-args.resp -MMD -MT dependencies -MF /Users/colbycorcoran/Library/Developer/Xcode/DerivedData/Fiz-fiflxcjvlfosoebhvlytfgwprkxo/Build/Intermediates.noindex/PostHog.build/Debug-iphoneos/phlibwebp.build/Objects-normal/arm64/color_cache_utils.d --serialize-diagnostics /Users/colbycorcoran/Library/Developer/Xcode/DerivedData/Fiz-fiflxcjvlfosoebhvlytfgwprkxo/Build/Intermediates.noindex/PostHog.build/Debug-iphoneos/phlibwebp.build/Objects-normal/arm64/color_cache_utils.dia -c /Users/colbycorcoran/Library/Developer/Xcode/DerivedData/Fiz-fiflxcjvlfosoebhvlytfgwprkxo/SourcePackages/checkouts/posthog-ios/vendor/libwebp/color_cache_utils.c -o /Users/colbycorcoran/Library/Developer/Xcode/DerivedData/Fiz-fiflxcjvlfosoebhvlytfgwprkxo/Build/Intermediates.noindex/PostHog.build/Debug-iphoneos/phlibwebp.build/Objects-normal/arm64/color_cache_utils.o -index-unit-output-path /PostHog.build/Debug-iphoneos/phlibwebp.build/Objects-normal/arm64/color_cache_utils.o

CompileC /Users/colbycorcoran/Library/Developer/Xcode/DerivedData/Fiz-fiflxcjvlfosoebhvlytfgwprkxo/Build/Intermediates.noindex/PostHog.build/Debug-iphoneos/phlibwebp.build/Objects-normal/arm64/bit_writer_utils.o /Users/colbycorcoran/Library/Developer/Xcode/DerivedData/Fiz-fiflxcjvlfosoebhvlytfgwprkxo/SourcePackages/checkouts/posthog-ios/vendor/libwebp/bit_writer_utils.c normal arm64 c com.apple.compilers.llvm.clang.1_0.compiler (in target 'phlibwebp' from project 'PostHog')
    cd /Users/colbycorcoran/Documents/App\ Development/Fiz/Fiz.xcodeproj
    
    Using response file: /Users/colbycorcoran/Library/Developer/Xcode/DerivedData/Fiz-fiflxcjvlfosoebhvlytfgwprkxo/Build/Intermediates.noindex/PostHog.build/Debug-iphoneos/phlibwebp.build/Objects-normal/arm64/7187679823f38a2a940e0043cdf9d637-common-args.resp
    
    /Applications/Xcode.app/Contents/Developer/Toolchains/XcodeDefault.xctoolchain/usr/bin/clang -x c -ivfsstatcache /Users/colbycorcoran/Library/Developer/Xcode/DerivedData/SDKStatCaches.noindex/iphoneos26.2-23C53-3794476bd08197c3e2abd9bb477ef7f7.sdkstatcache -fmessage-length\=0 -fdiagnostics-show-note-include-stack -fmacro-backtrace-limit\=0 -fno-color-diagnostics -fmodules-prune-interval\=86400 -fmodules-prune-after\=345600 -fbuild-session-file\=/Users/colbycorcoran/Library/Developer/Xcode/DerivedData/ModuleCache.noindex/Session.modulevalidation -fmodules-validate-once-per-build-session -Wnon-modular-include-in-framework-module -Werror\=non-modular-include-in-framework-module -Wno-trigraphs -Wno-missing-field-initializers -Wno-missing-prototypes -Wno-return-type -Wno-missing-braces -Wparentheses -Wswitch -Wno-unused-function -Wno-unused-label -Wno-unused-parameter -Wno-unused-variable -Wunused-value -Wno-empty-body -Wno-uninitialized -Wno-unknown-pragmas -w -Wno-shadow -Wno-four-char-constants -Wno-conversion -Wno-constant-conversion -Wno-int-conversion -Wno-bool-conversion -Wno-enum-conversion -Wno-float-conversion -Wno-non-literal-null-conversion -Wno-objc-literal-conversion -Wshorten-64-to-32 -Wpointer-sign -Wno-newline-eof -Wno-implicit-fallthrough -fstrict-aliasing -Wdeprecated-declarations -Wno-sign-conversion -Wno-infinite-recursion -Wno-comma -Wno-block-capture-autoreleasing -Wno-strict-prototypes -Wno-semicolon-before-method-body -index-store-path /Users/colbycorcoran/Library/Developer/Xcode/DerivedData/Fiz-fiflxcjvlfosoebhvlytfgwprkxo/Index.noindex/DataStore @/Users/colbycorcoran/Library/Developer/Xcode/DerivedData/Fiz-fiflxcjvlfosoebhvlytfgwprkxo/Build/Intermediates.noindex/PostHog.build/Debug-iphoneos/phlibwebp.build/Objects-normal/arm64/7187679823f38a2a940e0043cdf9d637-common-args.resp -MMD -MT dependencies -MF /Users/colbycorcoran/Library/Developer/Xcode/DerivedData/Fiz-fiflxcjvlfosoebhvlytfgwprkxo/Build/Intermediates.noindex/PostHog.build/Debug-iphoneos/phlibwebp.build/Objects-normal/arm64/bit_writer_utils.d --serialize-diagnostics /Users/colbycorcoran/Library/Developer/Xcode/DerivedData/Fiz-fiflxcjvlfosoebhvlytfgwprkxo/Build/Intermediates.noindex/PostHog.build/Debug-iphoneos/phlibwebp.build/Objects-normal/arm64/bit_writer_utils.dia -c /Users/colbycorcoran/Library/Developer/Xcode/DerivedData/Fiz-fiflxcjvlfosoebhvlytfgwprkxo/SourcePackages/checkouts/posthog-ios/vendor/libwebp/bit_writer_utils.c -o /Users/colbycorcoran/Library/Developer/Xcode/DerivedData/Fiz-fiflxcjvlfosoebhvlytfgwprkxo/Build/Intermediates.noindex/PostHog.build/Debug-iphoneos/phlibwebp.build/Objects-normal/arm64/bit_writer_utils.o -index-unit-output-path /PostHog.build/Debug-iphoneos/phlibwebp.build/Objects-normal/arm64/bit_writer_utils.o

CompileC /Users/colbycorcoran/Library/Developer/Xcode/DerivedData/Fiz-fiflxcjvlfosoebhvlytfgwprkxo/Build/Intermediates.noindex/PostHog.build/Debug-iphoneos/phlibwebp.build/Objects-normal/arm64/bit_reader_utils.o /Users/colbycorcoran/Library/Developer/Xcode/DerivedData/Fiz-fiflxcjvlfosoebhvlytfgwprkxo/SourcePackages/checkouts/posthog-ios/vendor/libwebp/bit_reader_utils.c normal arm64 c com.apple.compilers.llvm.clang.1_0.compiler (in target 'phlibwebp' from project 'PostHog')
    cd /Users/colbycorcoran/Documents/App\ Development/Fiz/Fiz.xcodeproj
    
    Using response file: /Users/colbycorcoran/Library/Developer/Xcode/DerivedData/Fiz-fiflxcjvlfosoebhvlytfgwprkxo/Build/Intermediates.noindex/PostHog.build/Debug-iphoneos/phlibwebp.build/Objects-normal/arm64/7187679823f38a2a940e0043cdf9d637-common-args.resp
    
    /Applications/Xcode.app/Contents/Developer/Toolchains/XcodeDefault.xctoolchain/usr/bin/clang -x c -ivfsstatcache /Users/colbycorcoran/Library/Developer/Xcode/DerivedData/SDKStatCaches.noindex/iphoneos26.2-23C53-3794476bd08197c3e2abd9bb477ef7f7.sdkstatcache -fmessage-length\=0 -fdiagnostics-show-note-include-stack -fmacro-backtrace-limit\=0 -fno-color-diagnostics -fmodules-prune-interval\=86400 -fmodules-prune-after\=345600 -fbuild-session-file\=/Users/colbycorcoran/Library/Developer/Xcode/DerivedData/ModuleCache.noindex/Session.modulevalidation -fmodules-validate-once-per-build-session -Wnon-modular-include-in-framework-module -Werror\=non-modular-include-in-framework-module -Wno-trigraphs -Wno-missing-field-initializers -Wno-missing-prototypes -Wno-return-type -Wno-missing-braces -Wparentheses -Wswitch -Wno-unused-function -Wno-unused-label -Wno-unused-parameter -Wno-unused-variable -Wunused-value -Wno-empty-body -Wno-uninitialized -Wno-unknown-pragmas -w -Wno-shadow -Wno-four-char-constants -Wno-conversion -Wno-constant-conversion -Wno-int-conversion -Wno-bool-conversion -Wno-enum-conversion -Wno-float-conversion -Wno-non-literal-null-conversion -Wno-objc-literal-conversion -Wshorten-64-to-32 -Wpointer-sign -Wno-newline-eof -Wno-implicit-fallthrough -fstrict-aliasing -Wdeprecated-declarations -Wno-sign-conversion -Wno-infinite-recursion -Wno-comma -Wno-block-capture-autoreleasing -Wno-strict-prototypes -Wno-semicolon-before-method-body -index-store-path /Users/colbycorcoran/Library/Developer/Xcode/DerivedData/Fiz-fiflxcjvlfosoebhvlytfgwprkxo/Index.noindex/DataStore @/Users/colbycorcoran/Library/Developer/Xcode/DerivedData/Fiz-fiflxcjvlfosoebhvlytfgwprkxo/Build/Intermediates.noindex/PostHog.build/Debug-iphoneos/phlibwebp.build/Objects-normal/arm64/7187679823f38a2a940e0043cdf9d637-common-args.resp -MMD -MT dependencies -MF /Users/colbycorcoran/Library/Developer/Xcode/DerivedData/Fiz-fiflxcjvlfosoebhvlytfgwprkxo/Build/Intermediates.noindex/PostHog.build/Debug-iphoneos/phlibwebp.build/Objects-normal/arm64/bit_reader_utils.d --serialize-diagnostics /Users/colbycorcoran/Library/Developer/Xcode/DerivedData/Fiz-fiflxcjvlfosoebhvlytfgwprkxo/Build/Intermediates.noindex/PostHog.build/Debug-iphoneos/phlibwebp.build/Objects-normal/arm64/bit_reader_utils.dia -c /Users/colbycorcoran/Library/Developer/Xcode/DerivedData/Fiz-fiflxcjvlfosoebhvlytfgwprkxo/SourcePackages/checkouts/posthog-ios/vendor/libwebp/bit_reader_utils.c -o /Users/colbycorcoran/Library/Developer/Xcode/DerivedData/Fiz-fiflxcjvlfosoebhvlytfgwprkxo/Build/Intermediates.noindex/PostHog.build/Debug-iphoneos/phlibwebp.build/Objects-normal/arm64/bit_reader_utils.o -index-unit-output-path /PostHog.build/Debug-iphoneos/phlibwebp.build/Objects-normal/arm64/bit_reader_utils.o

CompileC /Users/colbycorcoran/Library/Developer/Xcode/DerivedData/Fiz-fiflxcjvlfosoebhvlytfgwprkxo/Build/Intermediates.noindex/PostHog.build/Debug-iphoneos/phlibwebp.build/Objects-normal/arm64/backward_references_cost_enc.o /Users/colbycorcoran/Library/Developer/Xcode/DerivedData/Fiz-fiflxcjvlfosoebhvlytfgwprkxo/SourcePackages/checkouts/posthog-ios/vendor/libwebp/backward_references_cost_enc.c normal arm64 c com.apple.compilers.llvm.clang.1_0.compiler (in target 'phlibwebp' from project 'PostHog')
    cd /Users/colbycorcoran/Documents/App\ Development/Fiz/Fiz.xcodeproj
    
    Using response file: /Users/colbycorcoran/Library/Developer/Xcode/DerivedData/Fiz-fiflxcjvlfosoebhvlytfgwprkxo/Build/Intermediates.noindex/PostHog.build/Debug-iphoneos/phlibwebp.build/Objects-normal/arm64/7187679823f38a2a940e0043cdf9d637-common-args.resp
    
    /Applications/Xcode.app/Contents/Developer/Toolchains/XcodeDefault.xctoolchain/usr/bin/clang -x c -ivfsstatcache /Users/colbycorcoran/Library/Developer/Xcode/DerivedData/SDKStatCaches.noindex/iphoneos26.2-23C53-3794476bd08197c3e2abd9bb477ef7f7.sdkstatcache -fmessage-length\=0 -fdiagnostics-show-note-include-stack -fmacro-backtrace-limit\=0 -fno-color-diagnostics -fmodules-prune-interval\=86400 -fmodules-prune-after\=345600 -fbuild-session-file\=/Users/colbycorcoran/Library/Developer/Xcode/DerivedData/ModuleCache.noindex/Session.modulevalidation -fmodules-validate-once-per-build-session -Wnon-modular-include-in-framework-module -Werror\=non-modular-include-in-framework-module -Wno-trigraphs -Wno-missing-field-initializers -Wno-missing-prototypes -Wno-return-type -Wno-missing-braces -Wparentheses -Wswitch -Wno-unused-function -Wno-unused-label -Wno-unused-parameter -Wno-unused-variable -Wunused-value -Wno-empty-body -Wno-uninitialized -Wno-unknown-pragmas -w -Wno-shadow -Wno-four-char-constants -Wno-conversion -Wno-constant-conversion -Wno-int-conversion -Wno-bool-conversion -Wno-enum-conversion -Wno-float-conversion -Wno-non-literal-null-conversion -Wno-objc-literal-conversion -Wshorten-64-to-32 -Wpointer-sign -Wno-newline-eof -Wno-implicit-fallthrough -fstrict-aliasing -Wdeprecated-declarations -Wno-sign-conversion -Wno-infinite-recursion -Wno-comma -Wno-block-capture-autoreleasing -Wno-strict-prototypes -Wno-semicolon-before-method-body -index-store-path /Users/colbycorcoran/Library/Developer/Xcode/DerivedData/Fiz-fiflxcjvlfosoebhvlytfgwprkxo/Index.noindex/DataStore @/Users/colbycorcoran/Library/Developer/Xcode/DerivedData/Fiz-fiflxcjvlfosoebhvlytfgwprkxo/Build/Intermediates.noindex/PostHog.build/Debug-iphoneos/phlibwebp.build/Objects-normal/arm64/7187679823f38a2a940e0043cdf9d637-common-args.resp -MMD -MT dependencies -MF /Users/colbycorcoran/Library/Developer/Xcode/DerivedData/Fiz-fiflxcjvlfosoebhvlytfgwprkxo/Build/Intermediates.noindex/PostHog.build/Debug-iphoneos/phlibwebp.build/Objects-normal/arm64/backward_references_cost_enc.d --serialize-diagnostics /Users/colbycorcoran/Library/Developer/Xcode/DerivedData/Fiz-fiflxcjvlfosoebhvlytfgwprkxo/Build/Intermediates.noindex/PostHog.build/Debug-iphoneos/phlibwebp.build/Objects-normal/arm64/backward_references_cost_enc.dia -c /Users/colbycorcoran/Library/Developer/Xcode/DerivedData/Fiz-fiflxcjvlfosoebhvlytfgwprkxo/SourcePackages/checkouts/posthog-ios/vendor/libwebp/backward_references_cost_enc.c -o /Users/colbycorcoran/Library/Developer/Xcode/DerivedData/Fiz-fiflxcjvlfosoebhvlytfgwprkxo/Build/Intermediates.noindex/PostHog.build/Debug-iphoneos/phlibwebp.build/Objects-normal/arm64/backward_references_cost_enc.o -index-unit-output-path /PostHog.build/Debug-iphoneos/phlibwebp.build/Objects-normal/arm64/backward_references_cost_enc.o

CompileC /Users/colbycorcoran/Library/Developer/Xcode/DerivedData/Fiz-fiflxcjvlfosoebhvlytfgwprkxo/Build/Intermediates.noindex/PostHog.build/Debug-iphoneos/phlibwebp.build/Objects-normal/arm64/alpha_processing_neon.o /Users/colbycorcoran/Library/Developer/Xcode/DerivedData/Fiz-fiflxcjvlfosoebhvlytfgwprkxo/SourcePackages/checkouts/posthog-ios/vendor/libwebp/alpha_processing_neon.c normal arm64 c com.apple.compilers.llvm.clang.1_0.compiler (in target 'phlibwebp' from project 'PostHog')
    cd /Users/colbycorcoran/Documents/App\ Development/Fiz/Fiz.xcodeproj
    
    Using response file: /Users/colbycorcoran/Library/Developer/Xcode/DerivedData/Fiz-fiflxcjvlfosoebhvlytfgwprkxo/Build/Intermediates.noindex/PostHog.build/Debug-iphoneos/phlibwebp.build/Objects-normal/arm64/7187679823f38a2a940e0043cdf9d637-common-args.resp
    
    /Applications/Xcode.app/Contents/Developer/Toolchains/XcodeDefault.xctoolchain/usr/bin/clang -x c -ivfsstatcache /Users/colbycorcoran/Library/Developer/Xcode/DerivedData/SDKStatCaches.noindex/iphoneos26.2-23C53-3794476bd08197c3e2abd9bb477ef7f7.sdkstatcache -fmessage-length\=0 -fdiagnostics-show-note-include-stack -fmacro-backtrace-limit\=0 -fno-color-diagnostics -fmodules-prune-interval\=86400 -fmodules-prune-after\=345600 -fbuild-session-file\=/Users/colbycorcoran/Library/Developer/Xcode/DerivedData/ModuleCache.noindex/Session.modulevalidation -fmodules-validate-once-per-build-session -Wnon-modular-include-in-framework-module -Werror\=non-modular-include-in-framework-module -Wno-trigraphs -Wno-missing-field-initializers -Wno-missing-prototypes -Wno-return-type -Wno-missing-braces -Wparentheses -Wswitch -Wno-unused-function -Wno-unused-label -Wno-unused-parameter -Wno-unused-variable -Wunused-value -Wno-empty-body -Wno-uninitialized -Wno-unknown-pragmas -w -Wno-shadow -Wno-four-char-constants -Wno-conversion -Wno-constant-conversion -Wno-int-conversion -Wno-bool-conversion -Wno-enum-conversion -Wno-float-conversion -Wno-non-literal-null-conversion -Wno-objc-literal-conversion -Wshorten-64-to-32 -Wpointer-sign -Wno-newline-eof -Wno-implicit-fallthrough -fstrict-aliasing -Wdeprecated-declarations -Wno-sign-conversion -Wno-infinite-recursion -Wno-comma -Wno-block-capture-autoreleasing -Wno-strict-prototypes -Wno-semicolon-before-method-body -index-store-path /Users/colbycorcoran/Library/Developer/Xcode/DerivedData/Fiz-fiflxcjvlfosoebhvlytfgwprkxo/Index.noindex/DataStore @/Users/colbycorcoran/Library/Developer/Xcode/DerivedData/Fiz-fiflxcjvlfosoebhvlytfgwprkxo/Build/Intermediates.noindex/PostHog.build/Debug-iphoneos/phlibwebp.build/Objects-normal/arm64/7187679823f38a2a940e0043cdf9d637-common-args.resp -MMD -MT dependencies -MF /Users/colbycorcoran/Library/Developer/Xcode/DerivedData/Fiz-fiflxcjvlfosoebhvlytfgwprkxo/Build/Intermediates.noindex/PostHog.build/Debug-iphoneos/phlibwebp.build/Objects-normal/arm64/alpha_processing_neon.d --serialize-diagnostics /Users/colbycorcoran/Library/Developer/Xcode/DerivedData/Fiz-fiflxcjvlfosoebhvlytfgwprkxo/Build/Intermediates.noindex/PostHog.build/Debug-iphoneos/phlibwebp.build/Objects-normal/arm64/alpha_processing_neon.dia -c /Users/colbycorcoran/Library/Developer/Xcode/DerivedData/Fiz-fiflxcjvlfosoebhvlytfgwprkxo/SourcePackages/checkouts/posthog-ios/vendor/libwebp/alpha_processing_neon.c -o /Users/colbycorcoran/Library/Developer/Xcode/DerivedData/Fiz-fiflxcjvlfosoebhvlytfgwprkxo/Build/Intermediates.noindex/PostHog.build/Debug-iphoneos/phlibwebp.build/Objects-normal/arm64/alpha_processing_neon.o -index-unit-output-path /PostHog.build/Debug-iphoneos/phlibwebp.build/Objects-normal/arm64/alpha_processing_neon.o

CompileC /Users/colbycorcoran/Library/Developer/Xcode/DerivedData/Fiz-fiflxcjvlfosoebhvlytfgwprkxo/Build/Intermediates.noindex/PostHog.build/Debug-iphoneos/phlibwebp.build/Objects-normal/arm64/alpha_enc.o /Users/colbycorcoran/Library/Developer/Xcode/DerivedData/Fiz-fiflxcjvlfosoebhvlytfgwprkxo/SourcePackages/checkouts/posthog-ios/vendor/libwebp/alpha_enc.c normal arm64 c com.apple.compilers.llvm.clang.1_0.compiler (in target 'phlibwebp' from project 'PostHog')
    cd /Users/colbycorcoran/Documents/App\ Development/Fiz/Fiz.xcodeproj
    
    Using response file: /Users/colbycorcoran/Library/Developer/Xcode/DerivedData/Fiz-fiflxcjvlfosoebhvlytfgwprkxo/Build/Intermediates.noindex/PostHog.build/Debug-iphoneos/phlibwebp.build/Objects-normal/arm64/7187679823f38a2a940e0043cdf9d637-common-args.resp
    
    /Applications/Xcode.app/Contents/Developer/Toolchains/XcodeDefault.xctoolchain/usr/bin/clang -x c -ivfsstatcache /Users/colbycorcoran/Library/Developer/Xcode/DerivedData/SDKStatCaches.noindex/iphoneos26.2-23C53-3794476bd08197c3e2abd9bb477ef7f7.sdkstatcache -fmessage-length\=0 -fdiagnostics-show-note-include-stack -fmacro-backtrace-limit\=0 -fno-color-diagnostics -fmodules-prune-interval\=86400 -fmodules-prune-after\=345600 -fbuild-session-file\=/Users/colbycorcoran/Library/Developer/Xcode/DerivedData/ModuleCache.noindex/Session.modulevalidation -fmodules-validate-once-per-build-session -Wnon-modular-include-in-framework-module -Werror\=non-modular-include-in-framework-module -Wno-trigraphs -Wno-missing-field-initializers -Wno-missing-prototypes -Wno-return-type -Wno-missing-braces -Wparentheses -Wswitch -Wno-unused-function -Wno-unused-label -Wno-unused-parameter -Wno-unused-variable -Wunused-value -Wno-empty-body -Wno-uninitialized -Wno-unknown-pragmas -w -Wno-shadow -Wno-four-char-constants -Wno-conversion -Wno-constant-conversion -Wno-int-conversion -Wno-bool-conversion -Wno-enum-conversion -Wno-float-conversion -Wno-non-literal-null-conversion -Wno-objc-literal-conversion -Wshorten-64-to-32 -Wpointer-sign -Wno-newline-eof -Wno-implicit-fallthrough -fstrict-aliasing -Wdeprecated-declarations -Wno-sign-conversion -Wno-infinite-recursion -Wno-comma -Wno-block-capture-autoreleasing -Wno-strict-prototypes -Wno-semicolon-before-method-body -index-store-path /Users/colbycorcoran/Library/Developer/Xcode/DerivedData/Fiz-fiflxcjvlfosoebhvlytfgwprkxo/Index.noindex/DataStore @/Users/colbycorcoran/Library/Developer/Xcode/DerivedData/Fiz-fiflxcjvlfosoebhvlytfgwprkxo/Build/Intermediates.noindex/PostHog.build/Debug-iphoneos/phlibwebp.build/Objects-normal/arm64/7187679823f38a2a940e0043cdf9d637-common-args.resp -MMD -MT dependencies -MF /Users/colbycorcoran/Library/Developer/Xcode/DerivedData/Fiz-fiflxcjvlfosoebhvlytfgwprkxo/Build/Intermediates.noindex/PostHog.build/Debug-iphoneos/phlibwebp.build/Objects-normal/arm64/alpha_enc.d --serialize-diagnostics /Users/colbycorcoran/Library/Developer/Xcode/DerivedData/Fiz-fiflxcjvlfosoebhvlytfgwprkxo/Build/Intermediates.noindex/PostHog.build/Debug-iphoneos/phlibwebp.build/Objects-normal/arm64/alpha_enc.dia -c /Users/colbycorcoran/Library/Developer/Xcode/DerivedData/Fiz-fiflxcjvlfosoebhvlytfgwprkxo/SourcePackages/checkouts/posthog-ios/vendor/libwebp/alpha_enc.c -o /Users/colbycorcoran/Library/Developer/Xcode/DerivedData/Fiz-fiflxcjvlfosoebhvlytfgwprkxo/Build/Intermediates.noindex/PostHog.build/Debug-iphoneos/phlibwebp.build/Objects-normal/arm64/alpha_enc.o -index-unit-output-path /PostHog.build/Debug-iphoneos/phlibwebp.build/Objects-normal/arm64/alpha_enc.o

Ld /Users/colbycorcoran/Library/Developer/Xcode/DerivedData/Fiz-fiflxcjvlfosoebhvlytfgwprkxo/Build/Products/Debug-iphoneos/phlibwebp.o normal (in target 'phlibwebp' from project 'PostHog')
    cd /Users/colbycorcoran/Library/Developer/Xcode/DerivedData/Fiz-fiflxcjvlfosoebhvlytfgwprkxo/SourcePackages/checkouts/posthog-ios
    /Applications/Xcode.app/Contents/Developer/Toolchains/XcodeDefault.xctoolchain/usr/bin/clang -Xlinker -reproducible -target arm64-apple-ios13.0 -r -isysroot /Applications/Xcode.app/Contents/Developer/Platforms/iPhoneOS.platform/Developer/SDKs/iPhoneOS26.2.sdk -O0 -w -L/Users/colbycorcoran/Library/Developer/Xcode/DerivedData/Fiz-fiflxcjvlfosoebhvlytfgwprkxo/Build/Intermediates.noindex/EagerLinkingTBDs/Debug-iphoneos -L/Users/colbycorcoran/Library/Developer/Xcode/DerivedData/Fiz-fiflxcjvlfosoebhvlytfgwprkxo/Build/Products/Debug-iphoneos -L/Applications/Xcode.app/Contents/Developer/Platforms/iPhoneOS.platform/Developer/usr/lib -F/Users/colbycorcoran/Library/Developer/Xcode/DerivedData/Fiz-fiflxcjvlfosoebhvlytfgwprkxo/Build/Intermediates.noindex/EagerLinkingTBDs/Debug-iphoneos -F/Users/colbycorcoran/Library/Developer/Xcode/DerivedData/Fiz-fiflxcjvlfosoebhvlytfgwprkxo/Build/Products/Debug-iphoneos -iframework /Applications/Xcode.app/Contents/Developer/Platforms/iPhoneOS.platform/Developer/Library/Frameworks -iframework /Applications/Xcode.app/Contents/Developer/Platforms/iPhoneOS.platform/Developer/SDKs/iPhoneOS26.2.sdk/Developer/Library/Frameworks -filelist /Users/colbycorcoran/Library/Developer/Xcode/DerivedData/Fiz-fiflxcjvlfosoebhvlytfgwprkxo/Build/Intermediates.noindex/PostHog.build/Debug-iphoneos/phlibwebp.build/Objects-normal/arm64/phlibwebp.LinkFileList -nostdlib -Xlinker -object_path_lto -Xlinker /Users/colbycorcoran/Library/Developer/Xcode/DerivedData/Fiz-fiflxcjvlfosoebhvlytfgwprkxo/Build/Intermediates.noindex/PostHog.build/Debug-iphoneos/phlibwebp.build/Objects-normal/arm64/phlibwebp_lto.o -rdynamic -Xlinker -no_deduplicate -Xlinker -debug_variant -Xlinker -dependency_info -Xlinker /Users/colbycorcoran/Library/Developer/Xcode/DerivedData/Fiz-fiflxcjvlfosoebhvlytfgwprkxo/Build/Intermediates.noindex/PostHog.build/Debug-iphoneos/phlibwebp.build/Objects-normal/arm64/phlibwebp_dependency_info.dat -o /Users/colbycorcoran/Library/Developer/Xcode/DerivedData/Fiz-fiflxcjvlfosoebhvlytfgwprkxo/Build/Products/Debug-iphoneos/phlibwebp.o

RegisterExecutionPolicyException /Users/colbycorcoran/Library/Developer/Xcode/DerivedData/Fiz-fiflxcjvlfosoebhvlytfgwprkxo/Build/Products/Debug-iphoneos/phlibwebp.o (in target 'phlibwebp' from project 'PostHog')
    cd /Users/colbycorcoran/Library/Developer/Xcode/DerivedData/Fiz-fiflxcjvlfosoebhvlytfgwprkxo/SourcePackages/checkouts/posthog-ios
    builtin-RegisterExecutionPolicyException /Users/colbycorcoran/Library/Developer/Xcode/DerivedData/Fiz-fiflxcjvlfosoebhvlytfgwprkxo/Build/Products/Debug-iphoneos/phlibwebp.o

SwiftExplicitDependencyGeneratePcm arm64 /Users/colbycorcoran/Library/Developer/Xcode/DerivedData/ModuleCache.noindex/_Builtin_stddef-8V7K2758MP7RGC1JIR3QOIGS5.pcm

SwiftExplicitDependencyGeneratePcm arm64 /Users/colbycorcoran/Library/Developer/Xcode/DerivedData/ModuleCache.noindex/_AvailabilityInternal-EWUAVZO72N9UPSTQ8VK28UKAM.pcm

SwiftExplicitDependencyGeneratePcm arm64 /Users/colbycorcoran/Library/Developer/Xcode/DerivedData/ModuleCache.noindex/_SwiftConcurrencyShims-5GE22BISLZBBZTSGK1EC1877M.pcm

SwiftExplicitDependencyGeneratePcm arm64 /Users/colbycorcoran/Library/Developer/Xcode/DerivedData/ModuleCache.noindex/SwiftShims-2JJ7WUJ5C28RGOROCA4WDYQUJ.pcm

SwiftExplicitDependencyGeneratePcm arm64 /Users/colbycorcoran/Library/Developer/Xcode/DerivedData/ModuleCache.noindex/_Builtin_stdarg-2B4IZQGNM6GB1LE8OQW741MB8.pcm

SwiftExplicitDependencyGeneratePcm arm64 /Users/colbycorcoran/Library/Developer/Xcode/DerivedData/ModuleCache.noindex/ptrcheck-EOBEUGMXHEDVXZD3TI2DP8JX1.pcm

SwiftExplicitDependencyGeneratePcm arm64 /Users/colbycorcoran/Library/Developer/Xcode/DerivedData/ModuleCache.noindex/_Builtin_stdbool-7AEERMJU7F60CR3KW1SI7G62E.pcm

SwiftExplicitDependencyGeneratePcm arm64 /Users/colbycorcoran/Library/Developer/Xcode/DerivedData/ModuleCache.noindex/ptrauth-7WV8P4X4S4ZWWU2YGESCT2H1B.pcm

SwiftExplicitDependencyGeneratePcm arm64 /Users/colbycorcoran/Library/Developer/Xcode/DerivedData/ModuleCache.noindex/DeveloperToolsSupport-CRFRORB5RA0KJUIY459LYCJ73.pcm

SwiftExplicitDependencyGeneratePcm arm64 /Users/colbycorcoran/Library/Developer/Xcode/DerivedData/ModuleCache.noindex/_Builtin_float-49ZSZ674OYM8P01XDUP90NUTK.pcm

SwiftExplicitDependencyGeneratePcm arm64 /Users/colbycorcoran/Library/Developer/Xcode/DerivedData/ModuleCache.noindex/_DarwinFoundation1-70MDZ9AVDVUGL8CQ0Y2XQUUF8.pcm

SwiftExplicitDependencyGeneratePcm arm64 /Users/colbycorcoran/Library/Developer/Xcode/DerivedData/ModuleCache.noindex/_Builtin_limits-4HRMC531F6685ZDUWPD3GTG25.pcm

SwiftExplicitDependencyGeneratePcm arm64 /Users/colbycorcoran/Library/Developer/Xcode/DerivedData/ModuleCache.noindex/_DarwinFoundation2-13GGGHU9PIAPYD418JDG73N11.pcm

SwiftExplicitDependencyGeneratePcm arm64 /Users/colbycorcoran/Library/Developer/Xcode/DerivedData/ModuleCache.noindex/ExtensionFoundation-51JW8NCI90OAWJMYVXKEXPN2K.pcm

SwiftExplicitDependencyGeneratePcm arm64 /Users/colbycorcoran/Library/Developer/Xcode/DerivedData/ModuleCache.noindex/_Builtin_stdint-3WS3S3C6QT0QUCMMKMWZZT6HW.pcm

SwiftExplicitDependencyGeneratePcm arm64 /Users/colbycorcoran/Library/Developer/Xcode/DerivedData/ModuleCache.noindex/sys_types-AAMVMV195PWRJDIP7KMRESEQG.pcm

SwiftExplicitDependencyGeneratePcm arm64 /Users/colbycorcoran/Library/Developer/Xcode/DerivedData/ModuleCache.noindex/_Builtin_tgmath-7BTM5MA20EPTB4WPE9PEQT5FI.pcm

SwiftExplicitDependencyGeneratePcm arm64 /Users/colbycorcoran/Library/Developer/Xcode/DerivedData/ModuleCache.noindex/_Builtin_intrinsics-9TQUU5KERP3Y66RYRCXQXGY9Y.pcm

SwiftExplicitDependencyGeneratePcm arm64 /Users/colbycorcoran/Library/Developer/Xcode/DerivedData/ModuleCache.noindex/_DarwinFoundation3-B0RHESHIY6MS99NQ5B17XJ8D0.pcm

SwiftExplicitDependencyGeneratePcm arm64 /Users/colbycorcoran/Library/Developer/Xcode/DerivedData/ModuleCache.noindex/_Builtin_stdatomic-D9MFK0KM15IFBYKQXKNJF00KE.pcm

SwiftExplicitDependencyGeneratePcm arm64 /Users/colbycorcoran/Library/Developer/Xcode/DerivedData/ModuleCache.noindex/_Builtin_inttypes-2MI1S867GBH4OLA7SLIOQKXYN.pcm

SwiftExplicitDependencyGeneratePcm arm64 /Users/colbycorcoran/Library/Developer/Xcode/DerivedData/ModuleCache.noindex/zlib-5E3KWDA0QNMUSM1224RUDZLSV.pcm

SwiftExplicitDependencyGeneratePcm arm64 /Users/colbycorcoran/Library/Developer/Xcode/DerivedData/ModuleCache.noindex/Darwin-9BA8Z0OWBU1L4XFAO4K0X00AB.pcm

SwiftExplicitDependencyGeneratePcm arm64 /Users/colbycorcoran/Library/Developer/Xcode/DerivedData/ModuleCache.noindex/simd-Q3732Z4G3U5RH6Z6ZTDZ02Z8.pcm

SwiftExplicitDependencyGeneratePcm arm64 /Users/colbycorcoran/Library/Developer/Xcode/DerivedData/Fiz-fiflxcjvlfosoebhvlytfgwprkxo/Build/Intermediates.noindex/SwiftExplicitPrecompiledModules/phlibwebp-BU0914F360SJYO1IVB60ROP58.pcm

SwiftExplicitDependencyGeneratePcm arm64 /Users/colbycorcoran/Library/Developer/Xcode/DerivedData/ModuleCache.noindex/MachO-39SNMUS8PQQZDVH2UCN9WMKUL.pcm

SwiftExplicitDependencyGeneratePcm arm64 /Users/colbycorcoran/Library/Developer/Xcode/DerivedData/ModuleCache.noindex/ObjectiveC-2KL3KXSULU9FX3VC2TT729CCG.pcm

SwiftExplicitDependencyGeneratePcm arm64 /Users/colbycorcoran/Library/Developer/Xcode/DerivedData/ModuleCache.noindex/os_object-AD3RO7F9SRVL0FV4Q4650S8GN.pcm

SwiftExplicitDependencyGeneratePcm arm64 /Users/colbycorcoran/Library/Developer/Xcode/DerivedData/ModuleCache.noindex/os_workgroup-BD20T7LFQCRXAOE2WY1C06UNA.pcm

SwiftExplicitDependencyGeneratePcm arm64 /Users/colbycorcoran/Library/Developer/Xcode/DerivedData/ModuleCache.noindex/Dispatch-A79816U2CHAGWJSWPBV5JAS3R.pcm

SwiftExplicitDependencyGeneratePcm arm64 /Users/colbycorcoran/Library/Developer/Xcode/DerivedData/ModuleCache.noindex/Spatial-EJ9WQ8VQ2TNTCEB7DM6PDZ2KP.pcm

SwiftExplicitDependencyGeneratePcm arm64 /Users/colbycorcoran/Library/Developer/Xcode/DerivedData/ModuleCache.noindex/dnssd-8251EQBRZY6DXMM3X8NOK4EHF.pcm

SwiftExplicitDependencyGeneratePcm arm64 /Users/colbycorcoran/Library/Developer/Xcode/DerivedData/ModuleCache.noindex/CoreFoundation-7U31JEHBY8DFJUWOWMWFTRDP9.pcm

SwiftExplicitDependencyGeneratePcm arm64 /Users/colbycorcoran/Library/Developer/Xcode/DerivedData/ModuleCache.noindex/XPC-6KS7L20C6VPMPBN5B5OKT52R6.pcm

SwiftExplicitDependencyGeneratePcm arm64 /Users/colbycorcoran/Library/Developer/Xcode/DerivedData/ModuleCache.noindex/os-BYQXP14D8N740GPX4TINLZB3R.pcm

SwiftExplicitDependencyGeneratePcm arm64 /Users/colbycorcoran/Library/Developer/Xcode/DerivedData/ModuleCache.noindex/CoreGraphics-3F7O8UHN6REH3BC1Q032QTK5B.pcm

SwiftExplicitDependencyGeneratePcm arm64 /Users/colbycorcoran/Library/Developer/Xcode/DerivedData/ModuleCache.noindex/CoreAudioTypes-9LZGF0X1ONFXC2KVYNPYRQ1EF.pcm

SwiftExplicitDependencyGeneratePcm arm64 /Users/colbycorcoran/Library/Developer/Xcode/DerivedData/ModuleCache.noindex/Security-DZCQKL1LC3DT57QEH4FADKJG.pcm

SwiftExplicitDependencyGeneratePcm arm64 /Users/colbycorcoran/Library/Developer/Xcode/DerivedData/ModuleCache.noindex/CFNetwork-75XFSROV1J5G85HWDE66NET28.pcm

SwiftExplicitDependencyGeneratePcm arm64 /Users/colbycorcoran/Library/Developer/Xcode/DerivedData/ModuleCache.noindex/SystemConfiguration-EW3YH7WMHIOLLSWRNEV0RGTO3.pcm

SwiftExplicitDependencyGeneratePcm arm64 /Users/colbycorcoran/Library/Developer/Xcode/DerivedData/ModuleCache.noindex/CoreAudio-2QH2ETBRVWSB1AY00LJRYMHM.pcm

SwiftExplicitDependencyGeneratePcm arm64 /Users/colbycorcoran/Library/Developer/Xcode/DerivedData/ModuleCache.noindex/Foundation-5W97EKI9TB6WM7K05TKPTCNLV.pcm

SwiftExplicitDependencyGeneratePcm arm64 /Users/colbycorcoran/Library/Developer/Xcode/DerivedData/ModuleCache.noindex/CoreText-9XIRX1Z11MR46GE7L4UAP58V4.pcm

SwiftExplicitDependencyGeneratePcm arm64 /Users/colbycorcoran/Library/Developer/Xcode/DerivedData/ModuleCache.noindex/ImageIO-BT79YR9QAWBWWVIPW8Y9NTTT2.pcm

SwiftExplicitDependencyGeneratePcm arm64 /Users/colbycorcoran/Library/Developer/Xcode/DerivedData/ModuleCache.noindex/CoreData-3JAEBWXKA2JC9JAJVJ7S0AHCN.pcm

SwiftExplicitDependencyGeneratePcm arm64 /Users/colbycorcoran/Library/Developer/Xcode/DerivedData/ModuleCache.noindex/OSLog-2DXHDV10KMIZR1KZZNU8UFG0P.pcm

SwiftExplicitDependencyGeneratePcm arm64 /Users/colbycorcoran/Library/Developer/Xcode/DerivedData/ModuleCache.noindex/CoreMIDI-BNL50BJLMVZK96ORT8VP8NS9W.pcm

SwiftExplicitDependencyGeneratePcm arm64 /Users/colbycorcoran/Library/Developer/Xcode/DerivedData/ModuleCache.noindex/DataDetection-1L2TLMUC12DBM3ZNOQL552C8C.pcm

SwiftExplicitDependencyGeneratePcm arm64 /Users/colbycorcoran/Library/Developer/Xcode/DerivedData/ModuleCache.noindex/Accessibility-AQQ4QOYXQV8UNX5MGZOJIVSZC.pcm

SwiftExplicitDependencyGeneratePcm arm64 /Users/colbycorcoran/Library/Developer/Xcode/DerivedData/ModuleCache.noindex/CoreTransferable-DIDY65IQQI84EY5M2RO9H7Y0V.pcm

SwiftExplicitDependencyGeneratePcm arm64 /Users/colbycorcoran/Library/Developer/Xcode/DerivedData/ModuleCache.noindex/Symbols-1RPX9S5UL6DM6WOZHCSWDFURO.pcm

SwiftExplicitDependencyGeneratePcm arm64 /Users/colbycorcoran/Library/Developer/Xcode/DerivedData/ModuleCache.noindex/Network-60IQDMPE88YZN0ZW4VISGOYQV.pcm

SwiftExplicitDependencyGeneratePcm arm64 /Users/colbycorcoran/Library/Developer/Xcode/DerivedData/ModuleCache.noindex/_LocationEssentials-F3ZYS0UD7ZWZFL4WC5CKBXMGA.pcm

SwiftExplicitDependencyGeneratePcm arm64 /Users/colbycorcoran/Library/Developer/Xcode/DerivedData/ModuleCache.noindex/FileProvider-9NFXQ3RNK8THQGHEE10D9L1T8.pcm

SwiftExplicitDependencyGeneratePcm arm64 /Users/colbycorcoran/Library/Developer/Xcode/DerivedData/ModuleCache.noindex/UserNotifications-CZQMKR6MX09D7VK0FK0JR891S.pcm

SwiftExplicitDependencyGeneratePcm arm64 /Users/colbycorcoran/Library/Developer/Xcode/DerivedData/ModuleCache.noindex/IOSurface-WNVXGK3WDIMEB5RBO9U7UM60.pcm

SwiftExplicitDependencyGeneratePcm arm64 /Users/colbycorcoran/Library/Developer/Xcode/DerivedData/ModuleCache.noindex/UIUtilities-9VM0Q123YIQLATI98X9JSEY6J.pcm

SwiftExplicitDependencyGeneratePcm arm64 /Users/colbycorcoran/Library/Developer/Xcode/DerivedData/ModuleCache.noindex/CoreLocation-DOGE6PR1R3ZOW4CRYUP8IXYS5.pcm

SwiftExplicitDependencyGeneratePcm arm64 /Users/colbycorcoran/Library/Developer/Xcode/DerivedData/ModuleCache.noindex/UniformTypeIdentifiers-79KONCYSFBH0110QN60JORNWR.pcm

SwiftExplicitDependencyGeneratePcm arm64 /Users/colbycorcoran/Library/Developer/Xcode/DerivedData/ModuleCache.noindex/AVRouting-3S8DZM27VJIOZ2W31NJ907ZQV.pcm

SwiftExplicitDependencyGeneratePcm arm64 /Users/colbycorcoran/Library/Developer/Xcode/DerivedData/ModuleCache.noindex/AudioToolbox-BPDQET6KWL9RRUWPD9M54X3T2.pcm

SwiftExplicitDependencyGeneratePcm arm64 /Users/colbycorcoran/Library/Developer/Xcode/DerivedData/ModuleCache.noindex/Metal-B4ECJS3RWY041E1JM9BYIDXNC.pcm

SwiftExplicitDependencyGeneratePcm arm64 /Users/colbycorcoran/Library/Developer/Xcode/DerivedData/ModuleCache.noindex/OpenGLES-BBUVB1T3RC3VE712HZW7UF88O.pcm

SwiftExplicitDependencyGeneratePcm arm64 /Users/colbycorcoran/Library/Developer/Xcode/DerivedData/ModuleCache.noindex/CoreVideo-25SVBO97YN2Q4QLNYHVBOACXM.pcm

SwiftExplicitDependencyGeneratePcm arm64 /Users/colbycorcoran/Library/Developer/Xcode/DerivedData/ModuleCache.noindex/CoreImage-CVRYVWY4S0QLWMBZWLXTBILAJ.pcm

SwiftExplicitDependencyGeneratePcm arm64 /Users/colbycorcoran/Library/Developer/Xcode/DerivedData/ModuleCache.noindex/QuartzCore-CUFFW7ACZOZD8JGBQH82536TR.pcm

SwiftExplicitDependencyGeneratePcm arm64 /Users/colbycorcoran/Library/Developer/Xcode/DerivedData/ModuleCache.noindex/CoreMedia-A1G1GUQ0EM6IJMGKJGB92E111.pcm

SwiftExplicitDependencyGeneratePcm arm64 /Users/colbycorcoran/Library/Developer/Xcode/DerivedData/ModuleCache.noindex/Accelerate-7T7JZEC32RNZV0WZWZ2MKCPTJ.pcm

SwiftExplicitDependencyGeneratePcm arm64 /Users/colbycorcoran/Library/Developer/Xcode/DerivedData/ModuleCache.noindex/SwiftUICore-COVDFGQNS57CL7UK9U9OUGXRD.pcm

SwiftExplicitDependencyGeneratePcm arm64 /Users/colbycorcoran/Library/Developer/Xcode/DerivedData/ModuleCache.noindex/UIKit-DK9AENY1AY0K43MH8E8GNQ8YK.pcm

SwiftExplicitDependencyGeneratePcm arm64 /Users/colbycorcoran/Library/Developer/Xcode/DerivedData/ModuleCache.noindex/AVFAudio-2OMIBRA6RK68QZ2IIDIFBVBI9.pcm

SwiftExplicitDependencyGeneratePcm arm64 /Users/colbycorcoran/Library/Developer/Xcode/DerivedData/ModuleCache.noindex/MediaToolbox-D802Z55AB71OWKQJUNT25QHHB.pcm

SwiftExplicitDependencyGeneratePcm arm64 /Users/colbycorcoran/Library/Developer/Xcode/DerivedData/ModuleCache.noindex/AVFoundation-BPV39GUT9EZ4LJCZUDCSYD7Q7.pcm

SwiftExplicitDependencyGeneratePcm arm64 /Users/colbycorcoran/Library/Developer/Xcode/DerivedData/ModuleCache.noindex/Photos-8FQGSTR5WS73TS3KYD0S29EXF.pcm

SwiftExplicitDependencyGeneratePcm arm64 /Users/colbycorcoran/Library/Developer/Xcode/DerivedData/ModuleCache.noindex/PhotosUI-CHVN78RMAFNZRC9UH4SISQI9W.pcm

SwiftExplicitDependencyGeneratePcm arm64 /Users/colbycorcoran/Library/Developer/Xcode/DerivedData/ModuleCache.noindex/SwiftUI-3GFVSJ3A5K9H0S4IMBFDI0YZN.pcm

SwiftExplicitDependencyGeneratePcm arm64 /Users/colbycorcoran/Library/Developer/Xcode/DerivedData/ModuleCache.noindex/WebKit-9JQTFF879WE2AE0WC48XF37KY.pcm

SwiftCompile normal arm64 Compiling\ DictUtils.swift,\ Errors.swift,\ FileUtils.swift,\ Hedgelog.swift,\ Reachability.swift,\ ReadWriteLock.swift,\ TimeBasedEpochGenerator.swift,\ UIApplication+.swift,\ UIImage+WebP.swift,\ UIWindow+.swift,\ UUIDUtils.swift /Users/colbycorcoran/Library/Developer/Xcode/DerivedData/Fiz-fiflxcjvlfosoebhvlytfgwprkxo/SourcePackages/checkouts/posthog-ios/PostHog/Utils/DictUtils.swift /Users/colbycorcoran/Library/Developer/Xcode/DerivedData/Fiz-fiflxcjvlfosoebhvlytfgwprkxo/SourcePackages/checkouts/posthog-ios/PostHog/Utils/Errors.swift /Users/colbycorcoran/Library/Developer/Xcode/DerivedData/Fiz-fiflxcjvlfosoebhvlytfgwprkxo/SourcePackages/checkouts/posthog-ios/PostHog/Utils/FileUtils.swift /Users/colbycorcoran/Library/Developer/Xcode/DerivedData/Fiz-fiflxcjvlfosoebhvlytfgwprkxo/SourcePackages/checkouts/posthog-ios/PostHog/Utils/Hedgelog.swift /Users/colbycorcoran/Library/Developer/Xcode/DerivedData/Fiz-fiflxcjvlfosoebhvlytfgwprkxo/SourcePackages/checkouts/posthog-ios/PostHog/Utils/Reachability.swift /Users/colbycorcoran/Library/Developer/Xcode/DerivedData/Fiz-fiflxcjvlfosoebhvlytfgwprkxo/SourcePackages/checkouts/posthog-ios/PostHog/Utils/ReadWriteLock.swift /Users/colbycorcoran/Library/Developer/Xcode/DerivedData/Fiz-fiflxcjvlfosoebhvlytfgwprkxo/SourcePackages/checkouts/posthog-ios/PostHog/Utils/TimeBasedEpochGenerator.swift /Users/colbycorcoran/Library/Developer/Xcode/DerivedData/Fiz-fiflxcjvlfosoebhvlytfgwprkxo/SourcePackages/checkouts/posthog-ios/PostHog/Utils/UIApplication+.swift /Users/colbycorcoran/Library/Developer/Xcode/DerivedData/Fiz-fiflxcjvlfosoebhvlytfgwprkxo/SourcePackages/checkouts/posthog-ios/PostHog/Utils/UIImage+WebP.swift /Users/colbycorcoran/Library/Developer/Xcode/DerivedData/Fiz-fiflxcjvlfosoebhvlytfgwprkxo/SourcePackages/checkouts/posthog-ios/PostHog/Utils/UIWindow+.swift /Users/colbycorcoran/Library/Developer/Xcode/DerivedData/Fiz-fiflxcjvlfosoebhvlytfgwprkxo/SourcePackages/checkouts/posthog-ios/PostHog/Utils/UUIDUtils.swift (in target 'PostHog' from project 'PostHog')

SwiftCompile normal arm64 /Users/colbycorcoran/Library/Developer/Xcode/DerivedData/Fiz-fiflxcjvlfosoebhvlytfgwprkxo/SourcePackages/checkouts/posthog-ios/PostHog/Utils/DictUtils.swift (in target 'PostHog' from project 'PostHog')
    cd /Users/colbycorcoran/Documents/App\ Development/Fiz/Fiz.xcodeproj
    

SwiftCompile normal arm64 /Users/colbycorcoran/Library/Developer/Xcode/DerivedData/Fiz-fiflxcjvlfosoebhvlytfgwprkxo/SourcePackages/checkouts/posthog-ios/PostHog/Utils/Errors.swift (in target 'PostHog' from project 'PostHog')
    cd /Users/colbycorcoran/Documents/App\ Development/Fiz/Fiz.xcodeproj
    

SwiftCompile normal arm64 /Users/colbycorcoran/Library/Developer/Xcode/DerivedData/Fiz-fiflxcjvlfosoebhvlytfgwprkxo/SourcePackages/checkouts/posthog-ios/PostHog/Utils/FileUtils.swift (in target 'PostHog' from project 'PostHog')
    cd /Users/colbycorcoran/Documents/App\ Development/Fiz/Fiz.xcodeproj
    

SwiftCompile normal arm64 /Users/colbycorcoran/Library/Developer/Xcode/DerivedData/Fiz-fiflxcjvlfosoebhvlytfgwprkxo/SourcePackages/checkouts/posthog-ios/PostHog/Utils/Hedgelog.swift (in target 'PostHog' from project 'PostHog')
    cd /Users/colbycorcoran/Documents/App\ Development/Fiz/Fiz.xcodeproj
    

SwiftCompile normal arm64 /Users/colbycorcoran/Library/Developer/Xcode/DerivedData/Fiz-fiflxcjvlfosoebhvlytfgwprkxo/SourcePackages/checkouts/posthog-ios/PostHog/Utils/Reachability.swift (in target 'PostHog' from project 'PostHog')
    cd /Users/colbycorcoran/Documents/App\ Development/Fiz/Fiz.xcodeproj
    

SwiftCompile normal arm64 /Users/colbycorcoran/Library/Developer/Xcode/DerivedData/Fiz-fiflxcjvlfosoebhvlytfgwprkxo/SourcePackages/checkouts/posthog-ios/PostHog/Utils/ReadWriteLock.swift (in target 'PostHog' from project 'PostHog')
    cd /Users/colbycorcoran/Documents/App\ Development/Fiz/Fiz.xcodeproj
    

SwiftCompile normal arm64 /Users/colbycorcoran/Library/Developer/Xcode/DerivedData/Fiz-fiflxcjvlfosoebhvlytfgwprkxo/SourcePackages/checkouts/posthog-ios/PostHog/Utils/TimeBasedEpochGenerator.swift (in target 'PostHog' from project 'PostHog')
    cd /Users/colbycorcoran/Documents/App\ Development/Fiz/Fiz.xcodeproj
    

SwiftCompile normal arm64 /Users/colbycorcoran/Library/Developer/Xcode/DerivedData/Fiz-fiflxcjvlfosoebhvlytfgwprkxo/SourcePackages/checkouts/posthog-ios/PostHog/Utils/UIApplication+.swift (in target 'PostHog' from project 'PostHog')
    cd /Users/colbycorcoran/Documents/App\ Development/Fiz/Fiz.xcodeproj
    

SwiftCompile normal arm64 /Users/colbycorcoran/Library/Developer/Xcode/DerivedData/Fiz-fiflxcjvlfosoebhvlytfgwprkxo/SourcePackages/checkouts/posthog-ios/PostHog/Utils/UIImage+WebP.swift (in target 'PostHog' from project 'PostHog')
    cd /Users/colbycorcoran/Documents/App\ Development/Fiz/Fiz.xcodeproj
    

SwiftCompile normal arm64 /Users/colbycorcoran/Library/Developer/Xcode/DerivedData/Fiz-fiflxcjvlfosoebhvlytfgwprkxo/SourcePackages/checkouts/posthog-ios/PostHog/Utils/UIWindow+.swift (in target 'PostHog' from project 'PostHog')
    cd /Users/colbycorcoran/Documents/App\ Development/Fiz/Fiz.xcodeproj
    

SwiftCompile normal arm64 /Users/colbycorcoran/Library/Developer/Xcode/DerivedData/Fiz-fiflxcjvlfosoebhvlytfgwprkxo/SourcePackages/checkouts/posthog-ios/PostHog/Utils/UUIDUtils.swift (in target 'PostHog' from project 'PostHog')
    cd /Users/colbycorcoran/Documents/App\ Development/Fiz/Fiz.xcodeproj
    

SwiftEmitModule normal arm64 Emitting\ module\ for\ PostHog (in target 'PostHog' from project 'PostHog')

EmitSwiftModule normal arm64 (in target 'PostHog' from project 'PostHog')
    cd /Users/colbycorcoran/Documents/App\ Development/Fiz/Fiz.xcodeproj
    

SwiftCompile normal arm64 Compiling\ SurveyButton.swift,\ SurveyPresentationDetentsRepresentable.swift,\ SwiftUI+Util.swift,\ PostHogMaskViewModifier.swift,\ PostHogNoMaskViewModifier.swift,\ PostHogSwiftUIViewModifiers.swift,\ PostHogTagViewModifier.swift,\ UIViewController.swift,\ AssociatedKeys.swift,\ Data+Gzip.swift,\ DateUtils.swift /Users/colbycorcoran/Library/Developer/Xcode/DerivedData/Fiz-fiflxcjvlfosoebhvlytfgwprkxo/SourcePackages/checkouts/posthog-ios/PostHog/Surveys/Utils/SurveyButton.swift /Users/colbycorcoran/Library/Developer/Xcode/DerivedData/Fiz-fiflxcjvlfosoebhvlytfgwprkxo/SourcePackages/checkouts/posthog-ios/PostHog/Surveys/Utils/SurveyPresentationDetentsRepresentable.swift /Users/colbycorcoran/Library/Developer/Xcode/DerivedData/Fiz-fiflxcjvlfosoebhvlytfgwprkxo/SourcePackages/checkouts/posthog-ios/PostHog/Surveys/Utils/SwiftUI+Util.swift /Users/colbycorcoran/Library/Developer/Xcode/DerivedData/Fiz-fiflxcjvlfosoebhvlytfgwprkxo/SourcePackages/checkouts/posthog-ios/PostHog/SwiftUI/PostHogMaskViewModifier.swift /Users/colbycorcoran/Library/Developer/Xcode/DerivedData/Fiz-fiflxcjvlfosoebhvlytfgwprkxo/SourcePackages/checkouts/posthog-ios/PostHog/SwiftUI/PostHogNoMaskViewModifier.swift /Users/colbycorcoran/Library/Developer/Xcode/DerivedData/Fiz-fiflxcjvlfosoebhvlytfgwprkxo/SourcePackages/checkouts/posthog-ios/PostHog/SwiftUI/PostHogSwiftUIViewModifiers.swift /Users/colbycorcoran/Library/Developer/Xcode/DerivedData/Fiz-fiflxcjvlfosoebhvlytfgwprkxo/SourcePackages/checkouts/posthog-ios/PostHog/SwiftUI/PostHogTagViewModifier.swift /Users/colbycorcoran/Library/Developer/Xcode/DerivedData/Fiz-fiflxcjvlfosoebhvlytfgwprkxo/SourcePackages/checkouts/posthog-ios/PostHog/UIViewController.swift /Users/colbycorcoran/Library/Developer/Xcode/DerivedData/Fiz-fiflxcjvlfosoebhvlytfgwprkxo/SourcePackages/checkouts/posthog-ios/PostHog/Utils/AssociatedKeys.swift /Users/colbycorcoran/Library/Developer/Xcode/DerivedData/Fiz-fiflxcjvlfosoebhvlytfgwprkxo/SourcePackages/checkouts/posthog-ios/PostHog/Utils/Data+Gzip.swift /Users/colbycorcoran/Library/Developer/Xcode/DerivedData/Fiz-fiflxcjvlfosoebhvlytfgwprkxo/SourcePackages/checkouts/posthog-ios/PostHog/Utils/DateUtils.swift (in target 'PostHog' from project 'PostHog')

SwiftCompile normal arm64 /Users/colbycorcoran/Library/Developer/Xcode/DerivedData/Fiz-fiflxcjvlfosoebhvlytfgwprkxo/SourcePackages/checkouts/posthog-ios/PostHog/Surveys/Utils/SurveyButton.swift (in target 'PostHog' from project 'PostHog')
    cd /Users/colbycorcoran/Documents/App\ Development/Fiz/Fiz.xcodeproj
    

SwiftCompile normal arm64 /Users/colbycorcoran/Library/Developer/Xcode/DerivedData/Fiz-fiflxcjvlfosoebhvlytfgwprkxo/SourcePackages/checkouts/posthog-ios/PostHog/Surveys/Utils/SurveyPresentationDetentsRepresentable.swift (in target 'PostHog' from project 'PostHog')
    cd /Users/colbycorcoran/Documents/App\ Development/Fiz/Fiz.xcodeproj
    

SwiftCompile normal arm64 /Users/colbycorcoran/Library/Developer/Xcode/DerivedData/Fiz-fiflxcjvlfosoebhvlytfgwprkxo/SourcePackages/checkouts/posthog-ios/PostHog/Surveys/Utils/SwiftUI+Util.swift (in target 'PostHog' from project 'PostHog')
    cd /Users/colbycorcoran/Documents/App\ Development/Fiz/Fiz.xcodeproj
    

SwiftCompile normal arm64 /Users/colbycorcoran/Library/Developer/Xcode/DerivedData/Fiz-fiflxcjvlfosoebhvlytfgwprkxo/SourcePackages/checkouts/posthog-ios/PostHog/SwiftUI/PostHogMaskViewModifier.swift (in target 'PostHog' from project 'PostHog')
    cd /Users/colbycorcoran/Documents/App\ Development/Fiz/Fiz.xcodeproj
    

SwiftCompile normal arm64 /Users/colbycorcoran/Library/Developer/Xcode/DerivedData/Fiz-fiflxcjvlfosoebhvlytfgwprkxo/SourcePackages/checkouts/posthog-ios/PostHog/SwiftUI/PostHogNoMaskViewModifier.swift (in target 'PostHog' from project 'PostHog')
    cd /Users/colbycorcoran/Documents/App\ Development/Fiz/Fiz.xcodeproj
    

SwiftCompile normal arm64 /Users/colbycorcoran/Library/Developer/Xcode/DerivedData/Fiz-fiflxcjvlfosoebhvlytfgwprkxo/SourcePackages/checkouts/posthog-ios/PostHog/SwiftUI/PostHogSwiftUIViewModifiers.swift (in target 'PostHog' from project 'PostHog')
    cd /Users/colbycorcoran/Documents/App\ Development/Fiz/Fiz.xcodeproj
    

SwiftCompile normal arm64 /Users/colbycorcoran/Library/Developer/Xcode/DerivedData/Fiz-fiflxcjvlfosoebhvlytfgwprkxo/SourcePackages/checkouts/posthog-ios/PostHog/SwiftUI/PostHogTagViewModifier.swift (in target 'PostHog' from project 'PostHog')
    cd /Users/colbycorcoran/Documents/App\ Development/Fiz/Fiz.xcodeproj
    

SwiftCompile normal arm64 /Users/colbycorcoran/Library/Developer/Xcode/DerivedData/Fiz-fiflxcjvlfosoebhvlytfgwprkxo/SourcePackages/checkouts/posthog-ios/PostHog/UIViewController.swift (in target 'PostHog' from project 'PostHog')
    cd /Users/colbycorcoran/Documents/App\ Development/Fiz/Fiz.xcodeproj
    

SwiftCompile normal arm64 /Users/colbycorcoran/Library/Developer/Xcode/DerivedData/Fiz-fiflxcjvlfosoebhvlytfgwprkxo/SourcePackages/checkouts/posthog-ios/PostHog/Utils/AssociatedKeys.swift (in target 'PostHog' from project 'PostHog')
    cd /Users/colbycorcoran/Documents/App\ Development/Fiz/Fiz.xcodeproj
    

SwiftCompile normal arm64 /Users/colbycorcoran/Library/Developer/Xcode/DerivedData/Fiz-fiflxcjvlfosoebhvlytfgwprkxo/SourcePackages/checkouts/posthog-ios/PostHog/Utils/Data+Gzip.swift (in target 'PostHog' from project 'PostHog')
    cd /Users/colbycorcoran/Documents/App\ Development/Fiz/Fiz.xcodeproj
    

SwiftCompile normal arm64 /Users/colbycorcoran/Library/Developer/Xcode/DerivedData/Fiz-fiflxcjvlfosoebhvlytfgwprkxo/SourcePackages/checkouts/posthog-ios/PostHog/Utils/DateUtils.swift (in target 'PostHog' from project 'PostHog')
    cd /Users/colbycorcoran/Documents/App\ Development/Fiz/Fiz.xcodeproj
    

SwiftCompile normal arm64 Compiling\ SurveyDisplayController.swift,\ SurveySheet.swift,\ SurveysRootView.swift,\ SurveysWindow.swift,\ EdgeBorder.swift,\ EmojiRating.swift,\ MultipleChoiceOptions.swift,\ NumberRating.swift,\ Resources.swift,\ SegmentedControl.swift,\ Survey+Util.swift /Users/colbycorcoran/Library/Developer/Xcode/DerivedData/Fiz-fiflxcjvlfosoebhvlytfgwprkxo/SourcePackages/checkouts/posthog-ios/PostHog/Surveys/SurveyDisplayController.swift /Users/colbycorcoran/Library/Developer/Xcode/DerivedData/Fiz-fiflxcjvlfosoebhvlytfgwprkxo/SourcePackages/checkouts/posthog-ios/PostHog/Surveys/SurveySheet.swift /Users/colbycorcoran/Library/Developer/Xcode/DerivedData/Fiz-fiflxcjvlfosoebhvlytfgwprkxo/SourcePackages/checkouts/posthog-ios/PostHog/Surveys/SurveysRootView.swift /Users/colbycorcoran/Library/Developer/Xcode/DerivedData/Fiz-fiflxcjvlfosoebhvlytfgwprkxo/SourcePackages/checkouts/posthog-ios/PostHog/Surveys/SurveysWindow.swift /Users/colbycorcoran/Library/Developer/Xcode/DerivedData/Fiz-fiflxcjvlfosoebhvlytfgwprkxo/SourcePackages/checkouts/posthog-ios/PostHog/Surveys/Utils/EdgeBorder.swift /Users/colbycorcoran/Library/Developer/Xcode/DerivedData/Fiz-fiflxcjvlfosoebhvlytfgwprkxo/SourcePackages/checkouts/posthog-ios/PostHog/Surveys/Utils/EmojiRating.swift /Users/colbycorcoran/Library/Developer/Xcode/DerivedData/Fiz-fiflxcjvlfosoebhvlytfgwprkxo/SourcePackages/checkouts/posthog-ios/PostHog/Surveys/Utils/MultipleChoiceOptions.swift /Users/colbycorcoran/Library/Developer/Xcode/DerivedData/Fiz-fiflxcjvlfosoebhvlytfgwprkxo/SourcePackages/checkouts/posthog-ios/PostHog/Surveys/Utils/NumberRating.swift /Users/colbycorcoran/Library/Developer/Xcode/DerivedData/Fiz-fiflxcjvlfosoebhvlytfgwprkxo/SourcePackages/checkouts/posthog-ios/PostHog/Surveys/Utils/Resources.swift /Users/colbycorcoran/Library/Developer/Xcode/DerivedData/Fiz-fiflxcjvlfosoebhvlytfgwprkxo/SourcePackages/checkouts/posthog-ios/PostHog/Surveys/Utils/SegmentedControl.swift /Users/colbycorcoran/Library/Developer/Xcode/DerivedData/Fiz-fiflxcjvlfosoebhvlytfgwprkxo/SourcePackages/checkouts/posthog-ios/PostHog/Surveys/Utils/Survey+Util.swift (in target 'PostHog' from project 'PostHog')
SwiftCompile normal arm64 /Users/colbycorcoran/Library/Developer/Xcode/DerivedData/Fiz-fiflxcjvlfosoebhvlytfgwprkxo/SourcePackages/checkouts/posthog-ios/PostHog/Surveys/SurveyDisplayController.swift (in target 'PostHog' from project 'PostHog')
    cd /Users/colbycorcoran/Documents/App\ Development/Fiz/Fiz.xcodeproj
    

SwiftCompile normal arm64 /Users/colbycorcoran/Library/Developer/Xcode/DerivedData/Fiz-fiflxcjvlfosoebhvlytfgwprkxo/SourcePackages/checkouts/posthog-ios/PostHog/Surveys/SurveySheet.swift (in target 'PostHog' from project 'PostHog')
    cd /Users/colbycorcoran/Documents/App\ Development/Fiz/Fiz.xcodeproj
    

SwiftCompile normal arm64 /Users/colbycorcoran/Library/Developer/Xcode/DerivedData/Fiz-fiflxcjvlfosoebhvlytfgwprkxo/SourcePackages/checkouts/posthog-ios/PostHog/Surveys/SurveysRootView.swift (in target 'PostHog' from project 'PostHog')
    cd /Users/colbycorcoran/Documents/App\ Development/Fiz/Fiz.xcodeproj
    

SwiftCompile normal arm64 /Users/colbycorcoran/Library/Developer/Xcode/DerivedData/Fiz-fiflxcjvlfosoebhvlytfgwprkxo/SourcePackages/checkouts/posthog-ios/PostHog/Surveys/SurveysWindow.swift (in target 'PostHog' from project 'PostHog')
    cd /Users/colbycorcoran/Documents/App\ Development/Fiz/Fiz.xcodeproj
    

SwiftCompile normal arm64 /Users/colbycorcoran/Library/Developer/Xcode/DerivedData/Fiz-fiflxcjvlfosoebhvlytfgwprkxo/SourcePackages/checkouts/posthog-ios/PostHog/Surveys/Utils/EdgeBorder.swift (in target 'PostHog' from project 'PostHog')
    cd /Users/colbycorcoran/Documents/App\ Development/Fiz/Fiz.xcodeproj
    

SwiftCompile normal arm64 /Users/colbycorcoran/Library/Developer/Xcode/DerivedData/Fiz-fiflxcjvlfosoebhvlytfgwprkxo/SourcePackages/checkouts/posthog-ios/PostHog/Surveys/Utils/EmojiRating.swift (in target 'PostHog' from project 'PostHog')
    cd /Users/colbycorcoran/Documents/App\ Development/Fiz/Fiz.xcodeproj
    

SwiftCompile normal arm64 /Users/colbycorcoran/Library/Developer/Xcode/DerivedData/Fiz-fiflxcjvlfosoebhvlytfgwprkxo/SourcePackages/checkouts/posthog-ios/PostHog/Surveys/Utils/MultipleChoiceOptions.swift (in target 'PostHog' from project 'PostHog')
    cd /Users/colbycorcoran/Documents/App\ Development/Fiz/Fiz.xcodeproj
    

SwiftCompile normal arm64 /Users/colbycorcoran/Library/Developer/Xcode/DerivedData/Fiz-fiflxcjvlfosoebhvlytfgwprkxo/SourcePackages/checkouts/posthog-ios/PostHog/Surveys/Utils/NumberRating.swift (in target 'PostHog' from project 'PostHog')
    cd /Users/colbycorcoran/Documents/App\ Development/Fiz/Fiz.xcodeproj
    

SwiftCompile normal arm64 /Users/colbycorcoran/Library/Developer/Xcode/DerivedData/Fiz-fiflxcjvlfosoebhvlytfgwprkxo/SourcePackages/checkouts/posthog-ios/PostHog/Surveys/Utils/Resources.swift (in target 'PostHog' from project 'PostHog')
    cd /Users/colbycorcoran/Documents/App\ Development/Fiz/Fiz.xcodeproj
    

SwiftCompile normal arm64 /Users/colbycorcoran/Library/Developer/Xcode/DerivedData/Fiz-fiflxcjvlfosoebhvlytfgwprkxo/SourcePackages/checkouts/posthog-ios/PostHog/Surveys/Utils/SegmentedControl.swift (in target 'PostHog' from project 'PostHog')
    cd /Users/colbycorcoran/Documents/App\ Development/Fiz/Fiz.xcodeproj
    

SwiftCompile normal arm64 /Users/colbycorcoran/Library/Developer/Xcode/DerivedData/Fiz-fiflxcjvlfosoebhvlytfgwprkxo/SourcePackages/checkouts/posthog-ios/PostHog/Surveys/Utils/Survey+Util.swift (in target 'PostHog' from project 'PostHog')
    cd /Users/colbycorcoran/Documents/App\ Development/Fiz/Fiz.xcodeproj
    

SwiftCompile normal arm64 Compiling\ PostHogFileBackedQueue.swift,\ PostHogIntegration.swift,\ PostHogLegacyQueue.swift,\ PostHogPersonProfiles.swift,\ PostHogPropertiesSanitizer.swift,\ PostHogQueue.swift,\ PostHogRemoteConfig.swift,\ PostHogSDK.swift,\ PostHogSessionManager.swift,\ PostHogStorage.swift,\ PostHogStorageManager.swift /Users/colbycorcoran/Library/Developer/Xcode/DerivedData/Fiz-fiflxcjvlfosoebhvlytfgwprkxo/SourcePackages/checkouts/posthog-ios/PostHog/PostHogFileBackedQueue.swift /Users/colbycorcoran/Library/Developer/Xcode/DerivedData/Fiz-fiflxcjvlfosoebhvlytfgwprkxo/SourcePackages/checkouts/posthog-ios/PostHog/PostHogIntegration.swift /Users/colbycorcoran/Library/Developer/Xcode/DerivedData/Fiz-fiflxcjvlfosoebhvlytfgwprkxo/SourcePackages/checkouts/posthog-ios/PostHog/PostHogLegacyQueue.swift /Users/colbycorcoran/Library/Developer/Xcode/DerivedData/Fiz-fiflxcjvlfosoebhvlytfgwprkxo/SourcePackages/checkouts/posthog-ios/PostHog/PostHogPersonProfiles.swift /Users/colbycorcoran/Library/Developer/Xcode/DerivedData/Fiz-fiflxcjvlfosoebhvlytfgwprkxo/SourcePackages/checkouts/posthog-ios/PostHog/PostHogPropertiesSanitizer.swift /Users/colbycorcoran/Library/Developer/Xcode/DerivedData/Fiz-fiflxcjvlfosoebhvlytfgwprkxo/SourcePackages/checkouts/posthog-ios/PostHog/PostHogQueue.swift /Users/colbycorcoran/Library/Developer/Xcode/DerivedData/Fiz-fiflxcjvlfosoebhvlytfgwprkxo/SourcePackages/checkouts/posthog-ios/PostHog/PostHogRemoteConfig.swift /Users/colbycorcoran/Library/Developer/Xcode/DerivedData/Fiz-fiflxcjvlfosoebhvlytfgwprkxo/SourcePackages/checkouts/posthog-ios/PostHog/PostHogSDK.swift /Users/colbycorcoran/Library/Developer/Xcode/DerivedData/Fiz-fiflxcjvlfosoebhvlytfgwprkxo/SourcePackages/checkouts/posthog-ios/PostHog/PostHogSessionManager.swift /Users/colbycorcoran/Library/Developer/Xcode/DerivedData/Fiz-fiflxcjvlfosoebhvlytfgwprkxo/SourcePackages/checkouts/posthog-ios/PostHog/PostHogStorage.swift /Users/colbycorcoran/Library/Developer/Xcode/DerivedData/Fiz-fiflxcjvlfosoebhvlytfgwprkxo/SourcePackages/checkouts/posthog-ios/PostHog/PostHogStorageManager.swift (in target 'PostHog' from project 'PostHog')

SwiftCompile normal arm64 /Users/colbycorcoran/Library/Developer/Xcode/DerivedData/Fiz-fiflxcjvlfosoebhvlytfgwprkxo/SourcePackages/checkouts/posthog-ios/PostHog/PostHogFileBackedQueue.swift (in target 'PostHog' from project 'PostHog')
    cd /Users/colbycorcoran/Documents/App\ Development/Fiz/Fiz.xcodeproj
    

SwiftCompile normal arm64 /Users/colbycorcoran/Library/Developer/Xcode/DerivedData/Fiz-fiflxcjvlfosoebhvlytfgwprkxo/SourcePackages/checkouts/posthog-ios/PostHog/PostHogIntegration.swift (in target 'PostHog' from project 'PostHog')
    cd /Users/colbycorcoran/Documents/App\ Development/Fiz/Fiz.xcodeproj
    

SwiftCompile normal arm64 /Users/colbycorcoran/Library/Developer/Xcode/DerivedData/Fiz-fiflxcjvlfosoebhvlytfgwprkxo/SourcePackages/checkouts/posthog-ios/PostHog/PostHogLegacyQueue.swift (in target 'PostHog' from project 'PostHog')
    cd /Users/colbycorcoran/Documents/App\ Development/Fiz/Fiz.xcodeproj
    

SwiftCompile normal arm64 /Users/colbycorcoran/Library/Developer/Xcode/DerivedData/Fiz-fiflxcjvlfosoebhvlytfgwprkxo/SourcePackages/checkouts/posthog-ios/PostHog/PostHogPersonProfiles.swift (in target 'PostHog' from project 'PostHog')
    cd /Users/colbycorcoran/Documents/App\ Development/Fiz/Fiz.xcodeproj
    

SwiftCompile normal arm64 /Users/colbycorcoran/Library/Developer/Xcode/DerivedData/Fiz-fiflxcjvlfosoebhvlytfgwprkxo/SourcePackages/checkouts/posthog-ios/PostHog/PostHogPropertiesSanitizer.swift (in target 'PostHog' from project 'PostHog')
    cd /Users/colbycorcoran/Documents/App\ Development/Fiz/Fiz.xcodeproj
    

SwiftCompile normal arm64 /Users/colbycorcoran/Library/Developer/Xcode/DerivedData/Fiz-fiflxcjvlfosoebhvlytfgwprkxo/SourcePackages/checkouts/posthog-ios/PostHog/PostHogQueue.swift (in target 'PostHog' from project 'PostHog')
    cd /Users/colbycorcoran/Documents/App\ Development/Fiz/Fiz.xcodeproj
    

SwiftCompile normal arm64 /Users/colbycorcoran/Library/Developer/Xcode/DerivedData/Fiz-fiflxcjvlfosoebhvlytfgwprkxo/SourcePackages/checkouts/posthog-ios/PostHog/PostHogRemoteConfig.swift (in target 'PostHog' from project 'PostHog')
    cd /Users/colbycorcoran/Documents/App\ Development/Fiz/Fiz.xcodeproj
    

SwiftCompile normal arm64 /Users/colbycorcoran/Library/Developer/Xcode/DerivedData/Fiz-fiflxcjvlfosoebhvlytfgwprkxo/SourcePackages/checkouts/posthog-ios/PostHog/PostHogSDK.swift (in target 'PostHog' from project 'PostHog')
    cd /Users/colbycorcoran/Documents/App\ Development/Fiz/Fiz.xcodeproj
    

SwiftCompile normal arm64 /Users/colbycorcoran/Library/Developer/Xcode/DerivedData/Fiz-fiflxcjvlfosoebhvlytfgwprkxo/SourcePackages/checkouts/posthog-ios/PostHog/PostHogSessionManager.swift (in target 'PostHog' from project 'PostHog')
    cd /Users/colbycorcoran/Documents/App\ Development/Fiz/Fiz.xcodeproj
    

SwiftCompile normal arm64 /Users/colbycorcoran/Library/Developer/Xcode/DerivedData/Fiz-fiflxcjvlfosoebhvlytfgwprkxo/SourcePackages/checkouts/posthog-ios/PostHog/PostHogStorage.swift (in target 'PostHog' from project 'PostHog')
    cd /Users/colbycorcoran/Documents/App\ Development/Fiz/Fiz.xcodeproj
    

SwiftCompile normal arm64 /Users/colbycorcoran/Library/Developer/Xcode/DerivedData/Fiz-fiflxcjvlfosoebhvlytfgwprkxo/SourcePackages/checkouts/posthog-ios/PostHog/PostHogStorageManager.swift (in target 'PostHog' from project 'PostHog')
    cd /Users/colbycorcoran/Documents/App\ Development/Fiz/Fiz.xcodeproj
    

SwiftCompile normal arm64 Compiling\ resource_bundle_accessor.swift,\ ApplicationLifecyclePublisher.swift,\ PostHogAppLifeCycleIntegration.swift,\ ApplicationViewLayoutPublisher.swift,\ AutocaptureEventProcessing.swift,\ ForwardingPickerViewDelegate.swift,\ PostHogAutocaptureEventTracker.swift,\ PostHogAutocaptureIntegration.swift,\ View+PostHogLabel.swift,\ UIView+PostHogLabel.swift,\ DI.swift,\ PostHogEvent.swift /Users/colbycorcoran/Library/Developer/Xcode/DerivedData/Fiz-fiflxcjvlfosoebhvlytfgwprkxo/Build/Intermediates.noindex/PostHog.build/Debug-iphoneos/PostHog.build/DerivedSources/resource_bundle_accessor.swift /Users/colbycorcoran/Library/Developer/Xcode/DerivedData/Fiz-fiflxcjvlfosoebhvlytfgwprkxo/SourcePackages/checkouts/posthog-ios/PostHog/App\ Life\ Cycle/ApplicationLifecyclePublisher.swift /Users/colbycorcoran/Library/Developer/Xcode/DerivedData/Fiz-fiflxcjvlfosoebhvlytfgwprkxo/SourcePackages/checkouts/posthog-ios/PostHog/App\ Life\ Cycle/PostHogAppLifeCycleIntegration.swift /Users/colbycorcoran/Library/Developer/Xcode/DerivedData/Fiz-fiflxcjvlfosoebhvlytfgwprkxo/SourcePackages/checkouts/posthog-ios/PostHog/ApplicationViewLayoutPublisher.swift /Users/colbycorcoran/Library/Developer/Xcode/DerivedData/Fiz-fiflxcjvlfosoebhvlytfgwprkxo/SourcePackages/checkouts/posthog-ios/PostHog/Autocapture/AutocaptureEventProcessing.swift /Users/colbycorcoran/Library/Developer/Xcode/DerivedData/Fiz-fiflxcjvlfosoebhvlytfgwprkxo/SourcePackages/checkouts/posthog-ios/PostHog/Autocapture/ForwardingPickerViewDelegate.swift /Users/colbycorcoran/Library/Developer/Xcode/DerivedData/Fiz-fiflxcjvlfosoebhvlytfgwprkxo/SourcePackages/checkouts/posthog-ios/PostHog/Autocapture/PostHogAutocaptureEventTracker.swift /Users/colbycorcoran/Library/Developer/Xcode/DerivedData/Fiz-fiflxcjvlfosoebhvlytfgwprkxo/SourcePackages/checkouts/posthog-ios/PostHog/Autocapture/PostHogAutocaptureIntegration.swift /Users/colbycorcoran/Library/Developer/Xcode/DerivedData/Fiz-fiflxcjvlfosoebhvlytfgwprkxo/SourcePackages/checkouts/posthog-ios/PostHog/Autocapture/SwiftUI/View+PostHogLabel.swift /Users/colbycorcoran/Library/Developer/Xcode/DerivedData/Fiz-fiflxcjvlfosoebhvlytfgwprkxo/SourcePackages/checkouts/posthog-ios/PostHog/Autocapture/UIView+PostHogLabel.swift /Users/colbycorcoran/Library/Developer/Xcode/DerivedData/Fiz-fiflxcjvlfosoebhvlytfgwprkxo/SourcePackages/checkouts/posthog-ios/PostHog/DI.swift /Users/colbycorcoran/Library/Developer/Xcode/DerivedData/Fiz-fiflxcjvlfosoebhvlytfgwprkxo/SourcePackages/checkouts/posthog-ios/PostHog/Models/PostHogEvent.swift (in target 'PostHog' from project 'PostHog')

SwiftCompile normal arm64 /Users/colbycorcoran/Library/Developer/Xcode/DerivedData/Fiz-fiflxcjvlfosoebhvlytfgwprkxo/Build/Intermediates.noindex/PostHog.build/Debug-iphoneos/PostHog.build/DerivedSources/resource_bundle_accessor.swift (in target 'PostHog' from project 'PostHog')
    cd /Users/colbycorcoran/Documents/App\ Development/Fiz/Fiz.xcodeproj
    

SwiftCompile normal arm64 /Users/colbycorcoran/Library/Developer/Xcode/DerivedData/Fiz-fiflxcjvlfosoebhvlytfgwprkxo/SourcePackages/checkouts/posthog-ios/PostHog/App\ Life\ Cycle/ApplicationLifecyclePublisher.swift (in target 'PostHog' from project 'PostHog')
    cd /Users/colbycorcoran/Documents/App\ Development/Fiz/Fiz.xcodeproj
    

SwiftCompile normal arm64 /Users/colbycorcoran/Library/Developer/Xcode/DerivedData/Fiz-fiflxcjvlfosoebhvlytfgwprkxo/SourcePackages/checkouts/posthog-ios/PostHog/App\ Life\ Cycle/PostHogAppLifeCycleIntegration.swift (in target 'PostHog' from project 'PostHog')
    cd /Users/colbycorcoran/Documents/App\ Development/Fiz/Fiz.xcodeproj
    

SwiftCompile normal arm64 /Users/colbycorcoran/Library/Developer/Xcode/DerivedData/Fiz-fiflxcjvlfosoebhvlytfgwprkxo/SourcePackages/checkouts/posthog-ios/PostHog/ApplicationViewLayoutPublisher.swift (in target 'PostHog' from project 'PostHog')
    cd /Users/colbycorcoran/Documents/App\ Development/Fiz/Fiz.xcodeproj
    

SwiftCompile normal arm64 /Users/colbycorcoran/Library/Developer/Xcode/DerivedData/Fiz-fiflxcjvlfosoebhvlytfgwprkxo/SourcePackages/checkouts/posthog-ios/PostHog/Autocapture/AutocaptureEventProcessing.swift (in target 'PostHog' from project 'PostHog')
    cd /Users/colbycorcoran/Documents/App\ Development/Fiz/Fiz.xcodeproj
    

SwiftCompile normal arm64 /Users/colbycorcoran/Library/Developer/Xcode/DerivedData/Fiz-fiflxcjvlfosoebhvlytfgwprkxo/SourcePackages/checkouts/posthog-ios/PostHog/Autocapture/ForwardingPickerViewDelegate.swift (in target 'PostHog' from project 'PostHog')
    cd /Users/colbycorcoran/Documents/App\ Development/Fiz/Fiz.xcodeproj
    

SwiftCompile normal arm64 /Users/colbycorcoran/Library/Developer/Xcode/DerivedData/Fiz-fiflxcjvlfosoebhvlytfgwprkxo/SourcePackages/checkouts/posthog-ios/PostHog/Autocapture/PostHogAutocaptureEventTracker.swift (in target 'PostHog' from project 'PostHog')
    cd /Users/colbycorcoran/Documents/App\ Development/Fiz/Fiz.xcodeproj
    

SwiftCompile normal arm64 /Users/colbycorcoran/Library/Developer/Xcode/DerivedData/Fiz-fiflxcjvlfosoebhvlytfgwprkxo/SourcePackages/checkouts/posthog-ios/PostHog/Autocapture/PostHogAutocaptureIntegration.swift (in target 'PostHog' from project 'PostHog')
    cd /Users/colbycorcoran/Documents/App\ Development/Fiz/Fiz.xcodeproj
    

SwiftCompile normal arm64 /Users/colbycorcoran/Library/Developer/Xcode/DerivedData/Fiz-fiflxcjvlfosoebhvlytfgwprkxo/SourcePackages/checkouts/posthog-ios/PostHog/Autocapture/SwiftUI/View+PostHogLabel.swift (in target 'PostHog' from project 'PostHog')
    cd /Users/colbycorcoran/Documents/App\ Development/Fiz/Fiz.xcodeproj
    

SwiftCompile normal arm64 /Users/colbycorcoran/Library/Developer/Xcode/DerivedData/Fiz-fiflxcjvlfosoebhvlytfgwprkxo/SourcePackages/checkouts/posthog-ios/PostHog/Autocapture/UIView+PostHogLabel.swift (in target 'PostHog' from project 'PostHog')
    cd /Users/colbycorcoran/Documents/App\ Development/Fiz/Fiz.xcodeproj
    

SwiftCompile normal arm64 /Users/colbycorcoran/Library/Developer/Xcode/DerivedData/Fiz-fiflxcjvlfosoebhvlytfgwprkxo/SourcePackages/checkouts/posthog-ios/PostHog/DI.swift (in target 'PostHog' from project 'PostHog')
    cd /Users/colbycorcoran/Documents/App\ Development/Fiz/Fiz.xcodeproj
    

SwiftCompile normal arm64 /Users/colbycorcoran/Library/Developer/Xcode/DerivedData/Fiz-fiflxcjvlfosoebhvlytfgwprkxo/SourcePackages/checkouts/posthog-ios/PostHog/Models/PostHogEvent.swift (in target 'PostHog' from project 'PostHog')
    cd /Users/colbycorcoran/Documents/App\ Development/Fiz/Fiz.xcodeproj
    

SwiftCompile normal arm64 Compiling\ RRStyle.swift,\ RRWireframe.swift,\ String+Util.swift,\ UIColor+Util.swift,\ UIImage+Util.swift,\ UITextInputTraits+Util.swift,\ UIView+Util.swift,\ ViewTreeSnapshotStatus.swift,\ ApplicationScreenViewPublisher.swift,\ PostHogScreenViewIntegration.swift,\ BottomSection.swift /Users/colbycorcoran/Library/Developer/Xcode/DerivedData/Fiz-fiflxcjvlfosoebhvlytfgwprkxo/SourcePackages/checkouts/posthog-ios/PostHog/Replay/RRStyle.swift /Users/colbycorcoran/Library/Developer/Xcode/DerivedData/Fiz-fiflxcjvlfosoebhvlytfgwprkxo/SourcePackages/checkouts/posthog-ios/PostHog/Replay/RRWireframe.swift /Users/colbycorcoran/Library/Developer/Xcode/DerivedData/Fiz-fiflxcjvlfosoebhvlytfgwprkxo/SourcePackages/checkouts/posthog-ios/PostHog/Replay/String+Util.swift /Users/colbycorcoran/Library/Developer/Xcode/DerivedData/Fiz-fiflxcjvlfosoebhvlytfgwprkxo/SourcePackages/checkouts/posthog-ios/PostHog/Replay/UIColor+Util.swift /Users/colbycorcoran/Library/Developer/Xcode/DerivedData/Fiz-fiflxcjvlfosoebhvlytfgwprkxo/SourcePackages/checkouts/posthog-ios/PostHog/Replay/UIImage+Util.swift /Users/colbycorcoran/Library/Developer/Xcode/DerivedData/Fiz-fiflxcjvlfosoebhvlytfgwprkxo/SourcePackages/checkouts/posthog-ios/PostHog/Replay/UITextInputTraits+Util.swift /Users/colbycorcoran/Library/Developer/Xcode/DerivedData/Fiz-fiflxcjvlfosoebhvlytfgwprkxo/SourcePackages/checkouts/posthog-ios/PostHog/Replay/UIView+Util.swift /Users/colbycorcoran/Library/Developer/Xcode/DerivedData/Fiz-fiflxcjvlfosoebhvlytfgwprkxo/SourcePackages/checkouts/posthog-ios/PostHog/Replay/ViewTreeSnapshotStatus.swift /Users/colbycorcoran/Library/Developer/Xcode/DerivedData/Fiz-fiflxcjvlfosoebhvlytfgwprkxo/SourcePackages/checkouts/posthog-ios/PostHog/Screen\ Views/ApplicationScreenViewPublisher.swift /Users/colbycorcoran/Library/Developer/Xcode/DerivedData/Fiz-fiflxcjvlfosoebhvlytfgwprkxo/SourcePackages/checkouts/posthog-ios/PostHog/Screen\ Views/PostHogScreenViewIntegration.swift /Users/colbycorcoran/Library/Developer/Xcode/DerivedData/Fiz-fiflxcjvlfosoebhvlytfgwprkxo/SourcePackages/checkouts/posthog-ios/PostHog/Surveys/BottomSection.swift (in target 'PostHog' from project 'PostHog')

SwiftCompile normal arm64 /Users/colbycorcoran/Library/Developer/Xcode/DerivedData/Fiz-fiflxcjvlfosoebhvlytfgwprkxo/SourcePackages/checkouts/posthog-ios/PostHog/Replay/RRStyle.swift (in target 'PostHog' from project 'PostHog')
    cd /Users/colbycorcoran/Documents/App\ Development/Fiz/Fiz.xcodeproj
    

SwiftCompile normal arm64 /Users/colbycorcoran/Library/Developer/Xcode/DerivedData/Fiz-fiflxcjvlfosoebhvlytfgwprkxo/SourcePackages/checkouts/posthog-ios/PostHog/Replay/RRWireframe.swift (in target 'PostHog' from project 'PostHog')
    cd /Users/colbycorcoran/Documents/App\ Development/Fiz/Fiz.xcodeproj
    

SwiftCompile normal arm64 /Users/colbycorcoran/Library/Developer/Xcode/DerivedData/Fiz-fiflxcjvlfosoebhvlytfgwprkxo/SourcePackages/checkouts/posthog-ios/PostHog/Replay/String+Util.swift (in target 'PostHog' from project 'PostHog')
    cd /Users/colbycorcoran/Documents/App\ Development/Fiz/Fiz.xcodeproj
    

SwiftCompile normal arm64 /Users/colbycorcoran/Library/Developer/Xcode/DerivedData/Fiz-fiflxcjvlfosoebhvlytfgwprkxo/SourcePackages/checkouts/posthog-ios/PostHog/Replay/UIColor+Util.swift (in target 'PostHog' from project 'PostHog')
    cd /Users/colbycorcoran/Documents/App\ Development/Fiz/Fiz.xcodeproj
    

SwiftCompile normal arm64 /Users/colbycorcoran/Library/Developer/Xcode/DerivedData/Fiz-fiflxcjvlfosoebhvlytfgwprkxo/SourcePackages/checkouts/posthog-ios/PostHog/Replay/UIImage+Util.swift (in target 'PostHog' from project 'PostHog')
    cd /Users/colbycorcoran/Documents/App\ Development/Fiz/Fiz.xcodeproj
    

SwiftCompile normal arm64 /Users/colbycorcoran/Library/Developer/Xcode/DerivedData/Fiz-fiflxcjvlfosoebhvlytfgwprkxo/SourcePackages/checkouts/posthog-ios/PostHog/Replay/UITextInputTraits+Util.swift (in target 'PostHog' from project 'PostHog')
    cd /Users/colbycorcoran/Documents/App\ Development/Fiz/Fiz.xcodeproj
    

SwiftCompile normal arm64 /Users/colbycorcoran/Library/Developer/Xcode/DerivedData/Fiz-fiflxcjvlfosoebhvlytfgwprkxo/SourcePackages/checkouts/posthog-ios/PostHog/Replay/UIView+Util.swift (in target 'PostHog' from project 'PostHog')
    cd /Users/colbycorcoran/Documents/App\ Development/Fiz/Fiz.xcodeproj
    

SwiftCompile normal arm64 /Users/colbycorcoran/Library/Developer/Xcode/DerivedData/Fiz-fiflxcjvlfosoebhvlytfgwprkxo/SourcePackages/checkouts/posthog-ios/PostHog/Replay/ViewTreeSnapshotStatus.swift (in target 'PostHog' from project 'PostHog')
    cd /Users/colbycorcoran/Documents/App\ Development/Fiz/Fiz.xcodeproj
    

SwiftCompile normal arm64 /Users/colbycorcoran/Library/Developer/Xcode/DerivedData/Fiz-fiflxcjvlfosoebhvlytfgwprkxo/SourcePackages/checkouts/posthog-ios/PostHog/Screen\ Views/ApplicationScreenViewPublisher.swift (in target 'PostHog' from project 'PostHog')
    cd /Users/colbycorcoran/Documents/App\ Development/Fiz/Fiz.xcodeproj
    

SwiftCompile normal arm64 /Users/colbycorcoran/Library/Developer/Xcode/DerivedData/Fiz-fiflxcjvlfosoebhvlytfgwprkxo/SourcePackages/checkouts/posthog-ios/PostHog/Screen\ Views/PostHogScreenViewIntegration.swift (in target 'PostHog' from project 'PostHog')
    cd /Users/colbycorcoran/Documents/App\ Development/Fiz/Fiz.xcodeproj
    

SwiftCompile normal arm64 /Users/colbycorcoran/Library/Developer/Xcode/DerivedData/Fiz-fiflxcjvlfosoebhvlytfgwprkxo/SourcePackages/checkouts/posthog-ios/PostHog/Surveys/BottomSection.swift (in target 'PostHog' from project 'PostHog')
    cd /Users/colbycorcoran/Documents/App\ Development/Fiz/Fiz.xcodeproj
    

SwiftCompile normal arm64 Compiling\ PostHogSwizzler.swift,\ PostHogVersion.swift,\ ApplicationEventPublisher.swift,\ CGColor+Util.swift,\ CGSize+Util.swift,\ Date+Util.swift,\ Float+Util.swift,\ MethodSwizzler.swift,\ NetworkSample.swift,\ Optional+Util.swift,\ PostHogConsoleLogInterceptor.swift /Users/colbycorcoran/Library/Developer/Xcode/DerivedData/Fiz-fiflxcjvlfosoebhvlytfgwprkxo/SourcePackages/checkouts/posthog-ios/PostHog/PostHogSwizzler.swift /Users/colbycorcoran/Library/Developer/Xcode/DerivedData/Fiz-fiflxcjvlfosoebhvlytfgwprkxo/SourcePackages/checkouts/posthog-ios/PostHog/PostHogVersion.swift /Users/colbycorcoran/Library/Developer/Xcode/DerivedData/Fiz-fiflxcjvlfosoebhvlytfgwprkxo/SourcePackages/checkouts/posthog-ios/PostHog/Replay/ApplicationEventPublisher.swift /Users/colbycorcoran/Library/Developer/Xcode/DerivedData/Fiz-fiflxcjvlfosoebhvlytfgwprkxo/SourcePackages/checkouts/posthog-ios/PostHog/Replay/CGColor+Util.swift /Users/colbycorcoran/Library/Developer/Xcode/DerivedData/Fiz-fiflxcjvlfosoebhvlytfgwprkxo/SourcePackages/checkouts/posthog-ios/PostHog/Replay/CGSize+Util.swift /Users/colbycorcoran/Library/Developer/Xcode/DerivedData/Fiz-fiflxcjvlfosoebhvlytfgwprkxo/SourcePackages/checkouts/posthog-ios/PostHog/Replay/Date+Util.swift /Users/colbycorcoran/Library/Developer/Xcode/DerivedData/Fiz-fiflxcjvlfosoebhvlytfgwprkxo/SourcePackages/checkouts/posthog-ios/PostHog/Replay/Float+Util.swift /Users/colbycorcoran/Library/Developer/Xcode/DerivedData/Fiz-fiflxcjvlfosoebhvlytfgwprkxo/SourcePackages/checkouts/posthog-ios/PostHog/Replay/MethodSwizzler.swift /Users/colbycorcoran/Library/Developer/Xcode/DerivedData/Fiz-fiflxcjvlfosoebhvlytfgwprkxo/SourcePackages/checkouts/posthog-ios/PostHog/Replay/NetworkSample.swift /Users/colbycorcoran/Library/Developer/Xcode/DerivedData/Fiz-fiflxcjvlfosoebhvlytfgwprkxo/SourcePackages/checkouts/posthog-ios/PostHog/Replay/Optional+Util.swift /Users/colbycorcoran/Library/Developer/Xcode/DerivedData/Fiz-fiflxcjvlfosoebhvlytfgwprkxo/SourcePackages/checkouts/posthog-ios/PostHog/Replay/Plugins/Console\ Logs/PostHogConsoleLogInterceptor.swift (in target 'PostHog' from project 'PostHog')

SwiftCompile normal arm64 /Users/colbycorcoran/Library/Developer/Xcode/DerivedData/Fiz-fiflxcjvlfosoebhvlytfgwprkxo/SourcePackages/checkouts/posthog-ios/PostHog/PostHogSwizzler.swift (in target 'PostHog' from project 'PostHog')
    cd /Users/colbycorcoran/Documents/App\ Development/Fiz/Fiz.xcodeproj
    

SwiftCompile normal arm64 /Users/colbycorcoran/Library/Developer/Xcode/DerivedData/Fiz-fiflxcjvlfosoebhvlytfgwprkxo/SourcePackages/checkouts/posthog-ios/PostHog/PostHogVersion.swift (in target 'PostHog' from project 'PostHog')
    cd /Users/colbycorcoran/Documents/App\ Development/Fiz/Fiz.xcodeproj
    

SwiftCompile normal arm64 /Users/colbycorcoran/Library/Developer/Xcode/DerivedData/Fiz-fiflxcjvlfosoebhvlytfgwprkxo/SourcePackages/checkouts/posthog-ios/PostHog/Replay/ApplicationEventPublisher.swift (in target 'PostHog' from project 'PostHog')
    cd /Users/colbycorcoran/Documents/App\ Development/Fiz/Fiz.xcodeproj
    

SwiftCompile normal arm64 /Users/colbycorcoran/Library/Developer/Xcode/DerivedData/Fiz-fiflxcjvlfosoebhvlytfgwprkxo/SourcePackages/checkouts/posthog-ios/PostHog/Replay/CGColor+Util.swift (in target 'PostHog' from project 'PostHog')
    cd /Users/colbycorcoran/Documents/App\ Development/Fiz/Fiz.xcodeproj
    

SwiftCompile normal arm64 /Users/colbycorcoran/Library/Developer/Xcode/DerivedData/Fiz-fiflxcjvlfosoebhvlytfgwprkxo/SourcePackages/checkouts/posthog-ios/PostHog/Replay/CGSize+Util.swift (in target 'PostHog' from project 'PostHog')
    cd /Users/colbycorcoran/Documents/App\ Development/Fiz/Fiz.xcodeproj
    

SwiftCompile normal arm64 /Users/colbycorcoran/Library/Developer/Xcode/DerivedData/Fiz-fiflxcjvlfosoebhvlytfgwprkxo/SourcePackages/checkouts/posthog-ios/PostHog/Replay/Date+Util.swift (in target 'PostHog' from project 'PostHog')
    cd /Users/colbycorcoran/Documents/App\ Development/Fiz/Fiz.xcodeproj
    

SwiftCompile normal arm64 /Users/colbycorcoran/Library/Developer/Xcode/DerivedData/Fiz-fiflxcjvlfosoebhvlytfgwprkxo/SourcePackages/checkouts/posthog-ios/PostHog/Replay/Float+Util.swift (in target 'PostHog' from project 'PostHog')
    cd /Users/colbycorcoran/Documents/App\ Development/Fiz/Fiz.xcodeproj
    

SwiftCompile normal arm64 /Users/colbycorcoran/Library/Developer/Xcode/DerivedData/Fiz-fiflxcjvlfosoebhvlytfgwprkxo/SourcePackages/checkouts/posthog-ios/PostHog/Replay/MethodSwizzler.swift (in target 'PostHog' from project 'PostHog')
    cd /Users/colbycorcoran/Documents/App\ Development/Fiz/Fiz.xcodeproj
    

SwiftCompile normal arm64 /Users/colbycorcoran/Library/Developer/Xcode/DerivedData/Fiz-fiflxcjvlfosoebhvlytfgwprkxo/SourcePackages/checkouts/posthog-ios/PostHog/Replay/NetworkSample.swift (in target 'PostHog' from project 'PostHog')
    cd /Users/colbycorcoran/Documents/App\ Development/Fiz/Fiz.xcodeproj
    

SwiftCompile normal arm64 /Users/colbycorcoran/Library/Developer/Xcode/DerivedData/Fiz-fiflxcjvlfosoebhvlytfgwprkxo/SourcePackages/checkouts/posthog-ios/PostHog/Replay/Optional+Util.swift (in target 'PostHog' from project 'PostHog')
    cd /Users/colbycorcoran/Documents/App\ Development/Fiz/Fiz.xcodeproj
    

SwiftCompile normal arm64 /Users/colbycorcoran/Library/Developer/Xcode/DerivedData/Fiz-fiflxcjvlfosoebhvlytfgwprkxo/SourcePackages/checkouts/posthog-ios/PostHog/Replay/Plugins/Console\ Logs/PostHogConsoleLogInterceptor.swift (in target 'PostHog' from project 'PostHog')
    cd /Users/colbycorcoran/Documents/App\ Development/Fiz/Fiz.xcodeproj
    

SwiftCompile normal arm64 Compiling\ PostHogSurvey+Display.swift,\ PostHogSurvey.swift,\ PostHogSurveyAppearance.swift,\ PostHogSurveyConditions.swift,\ PostHogSurveyEnums.swift,\ PostHogSurveyQuestion.swift,\ PostHogApi.swift,\ PostHogBatchUploadInfo.swift,\ PostHogConfig.swift,\ PostHogConsumerPayload.swift,\ PostHogContext.swift,\ PostHogExtensions.swift /Users/colbycorcoran/Library/Developer/Xcode/DerivedData/Fiz-fiflxcjvlfosoebhvlytfgwprkxo/SourcePackages/checkouts/posthog-ios/PostHog/Models/Surveys/PostHogSurvey+Display.swift /Users/colbycorcoran/Library/Developer/Xcode/DerivedData/Fiz-fiflxcjvlfosoebhvlytfgwprkxo/SourcePackages/checkouts/posthog-ios/PostHog/Models/Surveys/PostHogSurvey.swift /Users/colbycorcoran/Library/Developer/Xcode/DerivedData/Fiz-fiflxcjvlfosoebhvlytfgwprkxo/SourcePackages/checkouts/posthog-ios/PostHog/Models/Surveys/PostHogSurveyAppearance.swift /Users/colbycorcoran/Library/Developer/Xcode/DerivedData/Fiz-fiflxcjvlfosoebhvlytfgwprkxo/SourcePackages/checkouts/posthog-ios/PostHog/Models/Surveys/PostHogSurveyConditions.swift /Users/colbycorcoran/Library/Developer/Xcode/DerivedData/Fiz-fiflxcjvlfosoebhvlytfgwprkxo/SourcePackages/checkouts/posthog-ios/PostHog/Models/Surveys/PostHogSurveyEnums.swift /Users/colbycorcoran/Library/Developer/Xcode/DerivedData/Fiz-fiflxcjvlfosoebhvlytfgwprkxo/SourcePackages/checkouts/posthog-ios/PostHog/Models/Surveys/PostHogSurveyQuestion.swift /Users/colbycorcoran/Library/Developer/Xcode/DerivedData/Fiz-fiflxcjvlfosoebhvlytfgwprkxo/SourcePackages/checkouts/posthog-ios/PostHog/PostHogApi.swift /Users/colbycorcoran/Library/Developer/Xcode/DerivedData/Fiz-fiflxcjvlfosoebhvlytfgwprkxo/SourcePackages/checkouts/posthog-ios/PostHog/PostHogBatchUploadInfo.swift /Users/colbycorcoran/Library/Developer/Xcode/DerivedData/Fiz-fiflxcjvlfosoebhvlytfgwprkxo/SourcePackages/checkouts/posthog-ios/PostHog/PostHogConfig.swift /Users/colbycorcoran/Library/Developer/Xcode/DerivedData/Fiz-fiflxcjvlfosoebhvlytfgwprkxo/SourcePackages/checkouts/posthog-ios/PostHog/PostHogConsumerPayload.swift /Users/colbycorcoran/Library/Developer/Xcode/DerivedData/Fiz-fiflxcjvlfosoebhvlytfgwprkxo/SourcePackages/checkouts/posthog-ios/PostHog/PostHogContext.swift /Users/colbycorcoran/Library/Developer/Xcode/DerivedData/Fiz-fiflxcjvlfosoebhvlytfgwprkxo/SourcePackages/checkouts/posthog-ios/PostHog/PostHogExtensions.swift (in target 'PostHog' from project 'PostHog')

SwiftCompile normal arm64 /Users/colbycorcoran/Library/Developer/Xcode/DerivedData/Fiz-fiflxcjvlfosoebhvlytfgwprkxo/SourcePackages/checkouts/posthog-ios/PostHog/Models/Surveys/PostHogSurvey+Display.swift (in target 'PostHog' from project 'PostHog')
    cd /Users/colbycorcoran/Documents/App\ Development/Fiz/Fiz.xcodeproj
    

SwiftCompile normal arm64 /Users/colbycorcoran/Library/Developer/Xcode/DerivedData/Fiz-fiflxcjvlfosoebhvlytfgwprkxo/SourcePackages/checkouts/posthog-ios/PostHog/Models/Surveys/PostHogSurvey.swift (in target 'PostHog' from project 'PostHog')
    cd /Users/colbycorcoran/Documents/App\ Development/Fiz/Fiz.xcodeproj
    

SwiftCompile normal arm64 /Users/colbycorcoran/Library/Developer/Xcode/DerivedData/Fiz-fiflxcjvlfosoebhvlytfgwprkxo/SourcePackages/checkouts/posthog-ios/PostHog/Models/Surveys/PostHogSurveyAppearance.swift (in target 'PostHog' from project 'PostHog')
    cd /Users/colbycorcoran/Documents/App\ Development/Fiz/Fiz.xcodeproj
    

SwiftCompile normal arm64 /Users/colbycorcoran/Library/Developer/Xcode/DerivedData/Fiz-fiflxcjvlfosoebhvlytfgwprkxo/SourcePackages/checkouts/posthog-ios/PostHog/Models/Surveys/PostHogSurveyConditions.swift (in target 'PostHog' from project 'PostHog')
    cd /Users/colbycorcoran/Documents/App\ Development/Fiz/Fiz.xcodeproj
    

SwiftCompile normal arm64 /Users/colbycorcoran/Library/Developer/Xcode/DerivedData/Fiz-fiflxcjvlfosoebhvlytfgwprkxo/SourcePackages/checkouts/posthog-ios/PostHog/Models/Surveys/PostHogSurveyEnums.swift (in target 'PostHog' from project 'PostHog')
    cd /Users/colbycorcoran/Documents/App\ Development/Fiz/Fiz.xcodeproj
    

SwiftCompile normal arm64 /Users/colbycorcoran/Library/Developer/Xcode/DerivedData/Fiz-fiflxcjvlfosoebhvlytfgwprkxo/SourcePackages/checkouts/posthog-ios/PostHog/Models/Surveys/PostHogSurveyQuestion.swift (in target 'PostHog' from project 'PostHog')
    cd /Users/colbycorcoran/Documents/App\ Development/Fiz/Fiz.xcodeproj
    

SwiftCompile normal arm64 /Users/colbycorcoran/Library/Developer/Xcode/DerivedData/Fiz-fiflxcjvlfosoebhvlytfgwprkxo/SourcePackages/checkouts/posthog-ios/PostHog/PostHogApi.swift (in target 'PostHog' from project 'PostHog')
    cd /Users/colbycorcoran/Documents/App\ Development/Fiz/Fiz.xcodeproj
    

SwiftCompile normal arm64 /Users/colbycorcoran/Library/Developer/Xcode/DerivedData/Fiz-fiflxcjvlfosoebhvlytfgwprkxo/SourcePackages/checkouts/posthog-ios/PostHog/PostHogBatchUploadInfo.swift (in target 'PostHog' from project 'PostHog')
    cd /Users/colbycorcoran/Documents/App\ Development/Fiz/Fiz.xcodeproj
    

SwiftCompile normal arm64 /Users/colbycorcoran/Library/Developer/Xcode/DerivedData/Fiz-fiflxcjvlfosoebhvlytfgwprkxo/SourcePackages/checkouts/posthog-ios/PostHog/PostHogConfig.swift (in target 'PostHog' from project 'PostHog')
    cd /Users/colbycorcoran/Documents/App\ Development/Fiz/Fiz.xcodeproj
    

SwiftCompile normal arm64 /Users/colbycorcoran/Library/Developer/Xcode/DerivedData/Fiz-fiflxcjvlfosoebhvlytfgwprkxo/SourcePackages/checkouts/posthog-ios/PostHog/PostHogConsumerPayload.swift (in target 'PostHog' from project 'PostHog')
    cd /Users/colbycorcoran/Documents/App\ Development/Fiz/Fiz.xcodeproj
    

SwiftCompile normal arm64 /Users/colbycorcoran/Library/Developer/Xcode/DerivedData/Fiz-fiflxcjvlfosoebhvlytfgwprkxo/SourcePackages/checkouts/posthog-ios/PostHog/PostHogContext.swift (in target 'PostHog' from project 'PostHog')
    cd /Users/colbycorcoran/Documents/App\ Development/Fiz/Fiz.xcodeproj
    

SwiftCompile normal arm64 /Users/colbycorcoran/Library/Developer/Xcode/DerivedData/Fiz-fiflxcjvlfosoebhvlytfgwprkxo/SourcePackages/checkouts/posthog-ios/PostHog/PostHogExtensions.swift (in target 'PostHog' from project 'PostHog')
    cd /Users/colbycorcoran/Documents/App\ Development/Fiz/Fiz.xcodeproj
    

SwiftCompile normal arm64 Compiling\ ConfirmationMessage.swift,\ PostHogDisplaySurvey.swift,\ PostHogDisplaySurveyAppearance.swift,\ PostHogDisplaySurveyQuestion.swift,\ PostHogNextSurveyQuestion.swift,\ PostHogSurveyResponse.swift,\ PostHogSurveyIntegration.swift,\ PostHogSurveysConfig.swift,\ PostHogSurveysDefaultDelegate.swift,\ QuestionHeader.swift,\ QuestionTypes.swift /Users/colbycorcoran/Library/Developer/Xcode/DerivedData/Fiz-fiflxcjvlfosoebhvlytfgwprkxo/SourcePackages/checkouts/posthog-ios/PostHog/Surveys/ConfirmationMessage.swift /Users/colbycorcoran/Library/Developer/Xcode/DerivedData/Fiz-fiflxcjvlfosoebhvlytfgwprkxo/SourcePackages/checkouts/posthog-ios/PostHog/Surveys/Models/PostHogDisplaySurvey.swift /Users/colbycorcoran/Library/Developer/Xcode/DerivedData/Fiz-fiflxcjvlfosoebhvlytfgwprkxo/SourcePackages/checkouts/posthog-ios/PostHog/Surveys/Models/PostHogDisplaySurveyAppearance.swift /Users/colbycorcoran/Library/Developer/Xcode/DerivedData/Fiz-fiflxcjvlfosoebhvlytfgwprkxo/SourcePackages/checkouts/posthog-ios/PostHog/Surveys/Models/PostHogDisplaySurveyQuestion.swift /Users/colbycorcoran/Library/Developer/Xcode/DerivedData/Fiz-fiflxcjvlfosoebhvlytfgwprkxo/SourcePackages/checkouts/posthog-ios/PostHog/Surveys/Models/PostHogNextSurveyQuestion.swift /Users/colbycorcoran/Library/Developer/Xcode/DerivedData/Fiz-fiflxcjvlfosoebhvlytfgwprkxo/SourcePackages/checkouts/posthog-ios/PostHog/Surveys/Models/PostHogSurveyResponse.swift /Users/colbycorcoran/Library/Developer/Xcode/DerivedData/Fiz-fiflxcjvlfosoebhvlytfgwprkxo/SourcePackages/checkouts/posthog-ios/PostHog/Surveys/PostHogSurveyIntegration.swift /Users/colbycorcoran/Library/Developer/Xcode/DerivedData/Fiz-fiflxcjvlfosoebhvlytfgwprkxo/SourcePackages/checkouts/posthog-ios/PostHog/Surveys/PostHogSurveysConfig.swift /Users/colbycorcoran/Library/Developer/Xcode/DerivedData/Fiz-fiflxcjvlfosoebhvlytfgwprkxo/SourcePackages/checkouts/posthog-ios/PostHog/Surveys/PostHogSurveysDefaultDelegate.swift /Users/colbycorcoran/Library/Developer/Xcode/DerivedData/Fiz-fiflxcjvlfosoebhvlytfgwprkxo/SourcePackages/checkouts/posthog-ios/PostHog/Surveys/QuestionHeader.swift /Users/colbycorcoran/Library/Developer/Xcode/DerivedData/Fiz-fiflxcjvlfosoebhvlytfgwprkxo/SourcePackages/checkouts/posthog-ios/PostHog/Surveys/QuestionTypes.swift (in target 'PostHog' from project 'PostHog')
SwiftCompile normal arm64 /Users/colbycorcoran/Library/Developer/Xcode/DerivedData/Fiz-fiflxcjvlfosoebhvlytfgwprkxo/SourcePackages/checkouts/posthog-ios/PostHog/Surveys/ConfirmationMessage.swift (in target 'PostHog' from project 'PostHog')
    cd /Users/colbycorcoran/Documents/App\ Development/Fiz/Fiz.xcodeproj
    

SwiftCompile normal arm64 /Users/colbycorcoran/Library/Developer/Xcode/DerivedData/Fiz-fiflxcjvlfosoebhvlytfgwprkxo/SourcePackages/checkouts/posthog-ios/PostHog/Surveys/Models/PostHogDisplaySurvey.swift (in target 'PostHog' from project 'PostHog')
    cd /Users/colbycorcoran/Documents/App\ Development/Fiz/Fiz.xcodeproj
    

SwiftCompile normal arm64 /Users/colbycorcoran/Library/Developer/Xcode/DerivedData/Fiz-fiflxcjvlfosoebhvlytfgwprkxo/SourcePackages/checkouts/posthog-ios/PostHog/Surveys/Models/PostHogDisplaySurveyAppearance.swift (in target 'PostHog' from project 'PostHog')
    cd /Users/colbycorcoran/Documents/App\ Development/Fiz/Fiz.xcodeproj
    

SwiftCompile normal arm64 /Users/colbycorcoran/Library/Developer/Xcode/DerivedData/Fiz-fiflxcjvlfosoebhvlytfgwprkxo/SourcePackages/checkouts/posthog-ios/PostHog/Surveys/Models/PostHogDisplaySurveyQuestion.swift (in target 'PostHog' from project 'PostHog')
    cd /Users/colbycorcoran/Documents/App\ Development/Fiz/Fiz.xcodeproj
    

SwiftCompile normal arm64 /Users/colbycorcoran/Library/Developer/Xcode/DerivedData/Fiz-fiflxcjvlfosoebhvlytfgwprkxo/SourcePackages/checkouts/posthog-ios/PostHog/Surveys/Models/PostHogNextSurveyQuestion.swift (in target 'PostHog' from project 'PostHog')
    cd /Users/colbycorcoran/Documents/App\ Development/Fiz/Fiz.xcodeproj
    

SwiftCompile normal arm64 /Users/colbycorcoran/Library/Developer/Xcode/DerivedData/Fiz-fiflxcjvlfosoebhvlytfgwprkxo/SourcePackages/checkouts/posthog-ios/PostHog/Surveys/Models/PostHogSurveyResponse.swift (in target 'PostHog' from project 'PostHog')
    cd /Users/colbycorcoran/Documents/App\ Development/Fiz/Fiz.xcodeproj
    

SwiftCompile normal arm64 /Users/colbycorcoran/Library/Developer/Xcode/DerivedData/Fiz-fiflxcjvlfosoebhvlytfgwprkxo/SourcePackages/checkouts/posthog-ios/PostHog/Surveys/PostHogSurveyIntegration.swift (in target 'PostHog' from project 'PostHog')
    cd /Users/colbycorcoran/Documents/App\ Development/Fiz/Fiz.xcodeproj
    

SwiftCompile normal arm64 /Users/colbycorcoran/Library/Developer/Xcode/DerivedData/Fiz-fiflxcjvlfosoebhvlytfgwprkxo/SourcePackages/checkouts/posthog-ios/PostHog/Surveys/PostHogSurveysConfig.swift (in target 'PostHog' from project 'PostHog')
    cd /Users/colbycorcoran/Documents/App\ Development/Fiz/Fiz.xcodeproj
    

SwiftCompile normal arm64 /Users/colbycorcoran/Library/Developer/Xcode/DerivedData/Fiz-fiflxcjvlfosoebhvlytfgwprkxo/SourcePackages/checkouts/posthog-ios/PostHog/Surveys/PostHogSurveysDefaultDelegate.swift (in target 'PostHog' from project 'PostHog')
    cd /Users/colbycorcoran/Documents/App\ Development/Fiz/Fiz.xcodeproj
    

SwiftCompile normal arm64 /Users/colbycorcoran/Library/Developer/Xcode/DerivedData/Fiz-fiflxcjvlfosoebhvlytfgwprkxo/SourcePackages/checkouts/posthog-ios/PostHog/Surveys/QuestionHeader.swift (in target 'PostHog' from project 'PostHog')
    cd /Users/colbycorcoran/Documents/App\ Development/Fiz/Fiz.xcodeproj
    

SwiftCompile normal arm64 /Users/colbycorcoran/Library/Developer/Xcode/DerivedData/Fiz-fiflxcjvlfosoebhvlytfgwprkxo/SourcePackages/checkouts/posthog-ios/PostHog/Surveys/QuestionTypes.swift (in target 'PostHog' from project 'PostHog')
    cd /Users/colbycorcoran/Documents/App\ Development/Fiz/Fiz.xcodeproj
    

SwiftCompile normal arm64 Compiling\ PostHogLogEntry.swift,\ PostHogLogLevel.swift,\ PostHogSessionReplayConsoleLogsPlugin.swift,\ PostHogSessionReplayNetworkPlugin.swift,\ URLSessionExtension.swift,\ URLSessionInterceptor.swift,\ URLSessionSwizzler.swift,\ PostHogSessionReplayPlugin.swift,\ PostHogReplayIntegration.swift,\ PostHogSessionReplayConfig.swift,\ PostHogSessionReplayConsoleLogConfig.swift /Users/colbycorcoran/Library/Developer/Xcode/DerivedData/Fiz-fiflxcjvlfosoebhvlytfgwprkxo/SourcePackages/checkouts/posthog-ios/PostHog/Replay/Plugins/Console\ Logs/PostHogLogEntry.swift /Users/colbycorcoran/Library/Developer/Xcode/DerivedData/Fiz-fiflxcjvlfosoebhvlytfgwprkxo/SourcePackages/checkouts/posthog-ios/PostHog/Replay/Plugins/Console\ Logs/PostHogLogLevel.swift /Users/colbycorcoran/Library/Developer/Xcode/DerivedData/Fiz-fiflxcjvlfosoebhvlytfgwprkxo/SourcePackages/checkouts/posthog-ios/PostHog/Replay/Plugins/Console\ Logs/PostHogSessionReplayConsoleLogsPlugin.swift /Users/colbycorcoran/Library/Developer/Xcode/DerivedData/Fiz-fiflxcjvlfosoebhvlytfgwprkxo/SourcePackages/checkouts/posthog-ios/PostHog/Replay/Plugins/Network/PostHogSessionReplayNetworkPlugin.swift /Users/colbycorcoran/Library/Developer/Xcode/DerivedData/Fiz-fiflxcjvlfosoebhvlytfgwprkxo/SourcePackages/checkouts/posthog-ios/PostHog/Replay/Plugins/Network/URLSessionExtension.swift /Users/colbycorcoran/Library/Developer/Xcode/DerivedData/Fiz-fiflxcjvlfosoebhvlytfgwprkxo/SourcePackages/checkouts/posthog-ios/PostHog/Replay/Plugins/Network/URLSessionInterceptor.swift /Users/colbycorcoran/Library/Developer/Xcode/DerivedData/Fiz-fiflxcjvlfosoebhvlytfgwprkxo/SourcePackages/checkouts/posthog-ios/PostHog/Replay/Plugins/Network/URLSessionSwizzler.swift /Users/colbycorcoran/Library/Developer/Xcode/DerivedData/Fiz-fiflxcjvlfosoebhvlytfgwprkxo/SourcePackages/checkouts/posthog-ios/PostHog/Replay/Plugins/PostHogSessionReplayPlugin.swift /Users/colbycorcoran/Library/Developer/Xcode/DerivedData/Fiz-fiflxcjvlfosoebhvlytfgwprkxo/SourcePackages/checkouts/posthog-ios/PostHog/Replay/PostHogReplayIntegration.swift /Users/colbycorcoran/Library/Developer/Xcode/DerivedData/Fiz-fiflxcjvlfosoebhvlytfgwprkxo/SourcePackages/checkouts/posthog-ios/PostHog/Replay/PostHogSessionReplayConfig.swift /Users/colbycorcoran/Library/Developer/Xcode/DerivedData/Fiz-fiflxcjvlfosoebhvlytfgwprkxo/SourcePackages/checkouts/posthog-ios/PostHog/Replay/PostHogSessionReplayConsoleLogConfig.swift (in target 'PostHog' from project 'PostHog')

SwiftCompile normal arm64 /Users/colbycorcoran/Library/Developer/Xcode/DerivedData/Fiz-fiflxcjvlfosoebhvlytfgwprkxo/SourcePackages/checkouts/posthog-ios/PostHog/Replay/Plugins/Console\ Logs/PostHogLogEntry.swift (in target 'PostHog' from project 'PostHog')
    cd /Users/colbycorcoran/Documents/App\ Development/Fiz/Fiz.xcodeproj
    

SwiftCompile normal arm64 /Users/colbycorcoran/Library/Developer/Xcode/DerivedData/Fiz-fiflxcjvlfosoebhvlytfgwprkxo/SourcePackages/checkouts/posthog-ios/PostHog/Replay/Plugins/Console\ Logs/PostHogLogLevel.swift (in target 'PostHog' from project 'PostHog')
    cd /Users/colbycorcoran/Documents/App\ Development/Fiz/Fiz.xcodeproj
    

SwiftCompile normal arm64 /Users/colbycorcoran/Library/Developer/Xcode/DerivedData/Fiz-fiflxcjvlfosoebhvlytfgwprkxo/SourcePackages/checkouts/posthog-ios/PostHog/Replay/Plugins/Console\ Logs/PostHogSessionReplayConsoleLogsPlugin.swift (in target 'PostHog' from project 'PostHog')
    cd /Users/colbycorcoran/Documents/App\ Development/Fiz/Fiz.xcodeproj
    

SwiftCompile normal arm64 /Users/colbycorcoran/Library/Developer/Xcode/DerivedData/Fiz-fiflxcjvlfosoebhvlytfgwprkxo/SourcePackages/checkouts/posthog-ios/PostHog/Replay/Plugins/Network/PostHogSessionReplayNetworkPlugin.swift (in target 'PostHog' from project 'PostHog')
    cd /Users/colbycorcoran/Documents/App\ Development/Fiz/Fiz.xcodeproj
    

SwiftCompile normal arm64 /Users/colbycorcoran/Library/Developer/Xcode/DerivedData/Fiz-fiflxcjvlfosoebhvlytfgwprkxo/SourcePackages/checkouts/posthog-ios/PostHog/Replay/Plugins/Network/URLSessionExtension.swift (in target 'PostHog' from project 'PostHog')
    cd /Users/colbycorcoran/Documents/App\ Development/Fiz/Fiz.xcodeproj
    

SwiftCompile normal arm64 /Users/colbycorcoran/Library/Developer/Xcode/DerivedData/Fiz-fiflxcjvlfosoebhvlytfgwprkxo/SourcePackages/checkouts/posthog-ios/PostHog/Replay/Plugins/Network/URLSessionInterceptor.swift (in target 'PostHog' from project 'PostHog')
    cd /Users/colbycorcoran/Documents/App\ Development/Fiz/Fiz.xcodeproj
    

SwiftCompile normal arm64 /Users/colbycorcoran/Library/Developer/Xcode/DerivedData/Fiz-fiflxcjvlfosoebhvlytfgwprkxo/SourcePackages/checkouts/posthog-ios/PostHog/Replay/Plugins/Network/URLSessionSwizzler.swift (in target 'PostHog' from project 'PostHog')
    cd /Users/colbycorcoran/Documents/App\ Development/Fiz/Fiz.xcodeproj
    

SwiftCompile normal arm64 /Users/colbycorcoran/Library/Developer/Xcode/DerivedData/Fiz-fiflxcjvlfosoebhvlytfgwprkxo/SourcePackages/checkouts/posthog-ios/PostHog/Replay/Plugins/PostHogSessionReplayPlugin.swift (in target 'PostHog' from project 'PostHog')
    cd /Users/colbycorcoran/Documents/App\ Development/Fiz/Fiz.xcodeproj
    

SwiftCompile normal arm64 /Users/colbycorcoran/Library/Developer/Xcode/DerivedData/Fiz-fiflxcjvlfosoebhvlytfgwprkxo/SourcePackages/checkouts/posthog-ios/PostHog/Replay/PostHogReplayIntegration.swift (in target 'PostHog' from project 'PostHog')
    cd /Users/colbycorcoran/Documents/App\ Development/Fiz/Fiz.xcodeproj
    

SwiftCompile normal arm64 /Users/colbycorcoran/Library/Developer/Xcode/DerivedData/Fiz-fiflxcjvlfosoebhvlytfgwprkxo/SourcePackages/checkouts/posthog-ios/PostHog/Replay/PostHogSessionReplayConfig.swift (in target 'PostHog' from project 'PostHog')
    cd /Users/colbycorcoran/Documents/App\ Development/Fiz/Fiz.xcodeproj
    

SwiftCompile normal arm64 /Users/colbycorcoran/Library/Developer/Xcode/DerivedData/Fiz-fiflxcjvlfosoebhvlytfgwprkxo/SourcePackages/checkouts/posthog-ios/PostHog/Replay/PostHogSessionReplayConsoleLogConfig.swift (in target 'PostHog' from project 'PostHog')
    cd /Users/colbycorcoran/Documents/App\ Development/Fiz/Fiz.xcodeproj
    

SwiftDriverJobDiscovery normal arm64 Compiling PostHogSwizzler.swift, PostHogVersion.swift, ApplicationEventPublisher.swift, CGColor+Util.swift, CGSize+Util.swift, Date+Util.swift, Float+Util.swift, MethodSwizzler.swift, NetworkSample.swift, Optional+Util.swift, PostHogConsoleLogInterceptor.swift (in target 'PostHog' from project 'PostHog')

SwiftDriverJobDiscovery normal arm64 Compiling RRStyle.swift, RRWireframe.swift, String+Util.swift, UIColor+Util.swift, UIImage+Util.swift, UITextInputTraits+Util.swift, UIView+Util.swift, ViewTreeSnapshotStatus.swift, ApplicationScreenViewPublisher.swift, PostHogScreenViewIntegration.swift, BottomSection.swift (in target 'PostHog' from project 'PostHog')

SwiftDriverJobDiscovery normal arm64 Emitting module for PostHog (in target 'PostHog' from project 'PostHog')

SwiftDriver\ Compilation\ Requirements PostHog normal arm64 com.apple.xcode.tools.swift.compiler (in target 'PostHog' from project 'PostHog')
    cd /Users/colbycorcoran/Documents/App\ Development/Fiz/Fiz.xcodeproj
    builtin-Swift-Compilation-Requirements -- /Applications/Xcode.app/Contents/Developer/Toolchains/XcodeDefault.xctoolchain/usr/bin/swiftc -module-name PostHog -Onone -enforce-exclusivity\=checked @/Users/colbycorcoran/Library/Developer/Xcode/DerivedData/Fiz-fiflxcjvlfosoebhvlytfgwprkxo/Build/Intermediates.noindex/PostHog.build/Debug-iphoneos/PostHog.build/Objects-normal/arm64/PostHog.SwiftFileList -DSWIFT_PACKAGE -DDEBUG -DSWIFT_MODULE_RESOURCE_BUNDLE_AVAILABLE -Xcc -fmodule-map-file\=/Users/colbycorcoran/Library/Developer/Xcode/DerivedData/Fiz-fiflxcjvlfosoebhvlytfgwprkxo/Build/Intermediates.noindex/GeneratedModuleMaps-iphoneos/phlibwebp.modulemap -DXcode -plugin-path /Applications/Xcode.app/Contents/Developer/Toolchains/XcodeDefault.xctoolchain/usr/lib/swift/host/plugins/testing -enable-experimental-feature DebugDescriptionMacro -sdk /Applications/Xcode.app/Contents/Developer/Platforms/iPhoneOS.platform/Developer/SDKs/iPhoneOS26.2.sdk -target arm64-apple-ios13.0 -g -module-cache-path /Users/colbycorcoran/Library/Developer/Xcode/DerivedData/ModuleCache.noindex -Xfrontend -serialize-debugging-options -profile-coverage-mapping -profile-generate -enable-testing -suppress-warnings -index-store-path /Users/colbycorcoran/Library/Developer/Xcode/DerivedData/Fiz-fiflxcjvlfosoebhvlytfgwprkxo/Index.noindex/DataStore -Xcc -D_LIBCPP_HARDENING_MODE\=_LIBCPP_HARDENING_MODE_DEBUG -swift-version 5 -I /Users/colbycorcoran/Library/Developer/Xcode/DerivedData/Fiz-fiflxcjvlfosoebhvlytfgwprkxo/Build/Products/Debug-iphoneos -Isystem /Applications/Xcode.app/Contents/Developer/Platforms/iPhoneOS.platform/Developer/usr/lib -F /Users/colbycorcoran/Library/Developer/Xcode/DerivedData/Fiz-fiflxcjvlfosoebhvlytfgwprkxo/Build/Products/Debug-iphoneos/PackageFrameworks -F /Users/colbycorcoran/Library/Developer/Xcode/DerivedData/Fiz-fiflxcjvlfosoebhvlytfgwprkxo/Build/Products/Debug-iphoneos -F /Applications/Xcode.app/Contents/Developer/Platforms/iPhoneOS.platform/Developer/Library/Frameworks -F /Applications/Xcode.app/Contents/Developer/Platforms/iPhoneOS.platform/Developer/SDKs/iPhoneOS26.2.sdk/Developer/Library/Frameworks -c -j10 -enable-batch-mode -incremental -Xcc -ivfsstatcache -Xcc /Users/colbycorcoran/Library/Developer/Xcode/DerivedData/SDKStatCaches.noindex/iphoneos26.2-23C53-3794476bd08197c3e2abd9bb477ef7f7.sdkstatcache -output-file-map /Users/colbycorcoran/Library/Developer/Xcode/DerivedData/Fiz-fiflxcjvlfosoebhvlytfgwprkxo/Build/Intermediates.noindex/PostHog.build/Debug-iphoneos/PostHog.build/Objects-normal/arm64/PostHog-OutputFileMap.json -use-frontend-parseable-output -save-temps -no-color-diagnostics -explicit-module-build -module-cache-path /Users/colbycorcoran/Library/Developer/Xcode/DerivedData/Fiz-fiflxcjvlfosoebhvlytfgwprkxo/Build/Intermediates.noindex/SwiftExplicitPrecompiledModules -clang-scanner-module-cache-path /Users/colbycorcoran/Library/Developer/Xcode/DerivedData/ModuleCache.noindex -sdk-module-cache-path /Users/colbycorcoran/Library/Developer/Xcode/DerivedData/ModuleCache.noindex -serialize-diagnostics -emit-dependencies -emit-module -emit-module-path /Users/colbycorcoran/Library/Developer/Xcode/DerivedData/Fiz-fiflxcjvlfosoebhvlytfgwprkxo/Build/Intermediates.noindex/PostHog.build/Debug-iphoneos/PostHog.build/Objects-normal/arm64/PostHog.swiftmodule -validate-clang-modules-once -clang-build-session-file /Users/colbycorcoran/Library/Developer/Xcode/DerivedData/ModuleCache.noindex/Session.modulevalidation -Xcc -I/Users/colbycorcoran/Library/Developer/Xcode/DerivedData/Fiz-fiflxcjvlfosoebhvlytfgwprkxo/Build/Intermediates.noindex/PostHog.build/Debug-iphoneos/PostHog.build/swift-overrides.hmap -emit-const-values -Xfrontend -const-gather-protocols-file -Xfrontend /Users/colbycorcoran/Library/Developer/Xcode/DerivedData/Fiz-fiflxcjvlfosoebhvlytfgwprkxo/Build/Intermediates.noindex/PostHog.build/Debug-iphoneos/PostHog.build/Objects-normal/arm64/PostHog_const_extract_protocols.json -Xcc -I/Users/colbycorcoran/Library/Developer/Xcode/DerivedData/Fiz-fiflxcjvlfosoebhvlytfgwprkxo/SourcePackages/checkouts/posthog-ios/vendor/libwebp -Xcc -I/Users/colbycorcoran/Library/Developer/Xcode/DerivedData/Fiz-fiflxcjvlfosoebhvlytfgwprkxo/Build/Products/Debug-iphoneos/include -Xcc -I/Users/colbycorcoran/Library/Developer/Xcode/DerivedData/Fiz-fiflxcjvlfosoebhvlytfgwprkxo/Build/Intermediates.noindex/PostHog.build/Debug-iphoneos/PostHog.build/DerivedSources-normal/arm64 -Xcc -I/Users/colbycorcoran/Library/Developer/Xcode/DerivedData/Fiz-fiflxcjvlfosoebhvlytfgwprkxo/Build/Intermediates.noindex/PostHog.build/Debug-iphoneos/PostHog.build/DerivedSources/arm64 -Xcc -I/Users/colbycorcoran/Library/Developer/Xcode/DerivedData/Fiz-fiflxcjvlfosoebhvlytfgwprkxo/Build/Intermediates.noindex/PostHog.build/Debug-iphoneos/PostHog.build/DerivedSources -Xcc -DSWIFT_PACKAGE -Xcc -DDEBUG\=1 -emit-objc-header -emit-objc-header-path /Users/colbycorcoran/Library/Developer/Xcode/DerivedData/Fiz-fiflxcjvlfosoebhvlytfgwprkxo/Build/Intermediates.noindex/PostHog.build/Debug-iphoneos/PostHog.build/Objects-normal/arm64/PostHog-Swift.h -working-directory /Users/colbycorcoran/Documents/App\ Development/Fiz/Fiz.xcodeproj -experimental-emit-module-separately -disable-cmo

SwiftMergeGeneratedHeaders /Users/colbycorcoran/Library/Developer/Xcode/DerivedData/Fiz-fiflxcjvlfosoebhvlytfgwprkxo/Build/Intermediates.noindex/GeneratedModuleMaps-iphoneos/PostHog-Swift.h /Users/colbycorcoran/Library/Developer/Xcode/DerivedData/Fiz-fiflxcjvlfosoebhvlytfgwprkxo/Build/Intermediates.noindex/PostHog.build/Debug-iphoneos/PostHog.build/Objects-normal/arm64/PostHog-Swift.h (in target 'PostHog' from project 'PostHog')
    cd /Users/colbycorcoran/Library/Developer/Xcode/DerivedData/Fiz-fiflxcjvlfosoebhvlytfgwprkxo/SourcePackages/checkouts/posthog-ios
    builtin-swiftHeaderTool -arch arm64 /Users/colbycorcoran/Library/Developer/Xcode/DerivedData/Fiz-fiflxcjvlfosoebhvlytfgwprkxo/Build/Intermediates.noindex/PostHog.build/Debug-iphoneos/PostHog.build/Objects-normal/arm64/PostHog-Swift.h -o /Users/colbycorcoran/Library/Developer/Xcode/DerivedData/Fiz-fiflxcjvlfosoebhvlytfgwprkxo/Build/Intermediates.noindex/GeneratedModuleMaps-iphoneos/PostHog-Swift.h

Copy /Users/colbycorcoran/Library/Developer/Xcode/DerivedData/Fiz-fiflxcjvlfosoebhvlytfgwprkxo/Build/Products/Debug-iphoneos/PostHog.swiftmodule/arm64-apple-ios.swiftmodule /Users/colbycorcoran/Library/Developer/Xcode/DerivedData/Fiz-fiflxcjvlfosoebhvlytfgwprkxo/Build/Intermediates.noindex/PostHog.build/Debug-iphoneos/PostHog.build/Objects-normal/arm64/PostHog.swiftmodule (in target 'PostHog' from project 'PostHog')
    cd /Users/colbycorcoran/Library/Developer/Xcode/DerivedData/Fiz-fiflxcjvlfosoebhvlytfgwprkxo/SourcePackages/checkouts/posthog-ios
    builtin-copy -exclude .DS_Store -exclude CVS -exclude .svn -exclude .git -exclude .hg -resolve-src-symlinks -rename /Users/colbycorcoran/Library/Developer/Xcode/DerivedData/Fiz-fiflxcjvlfosoebhvlytfgwprkxo/Build/Intermediates.noindex/PostHog.build/Debug-iphoneos/PostHog.build/Objects-normal/arm64/PostHog.swiftmodule /Users/colbycorcoran/Library/Developer/Xcode/DerivedData/Fiz-fiflxcjvlfosoebhvlytfgwprkxo/Build/Products/Debug-iphoneos/PostHog.swiftmodule/arm64-apple-ios.swiftmodule

Copy /Users/colbycorcoran/Library/Developer/Xcode/DerivedData/Fiz-fiflxcjvlfosoebhvlytfgwprkxo/Build/Products/Debug-iphoneos/PostHog.swiftmodule/arm64-apple-ios.swiftdoc /Users/colbycorcoran/Library/Developer/Xcode/DerivedData/Fiz-fiflxcjvlfosoebhvlytfgwprkxo/Build/Intermediates.noindex/PostHog.build/Debug-iphoneos/PostHog.build/Objects-normal/arm64/PostHog.swiftdoc (in target 'PostHog' from project 'PostHog')
    cd /Users/colbycorcoran/Library/Developer/Xcode/DerivedData/Fiz-fiflxcjvlfosoebhvlytfgwprkxo/SourcePackages/checkouts/posthog-ios
    builtin-copy -exclude .DS_Store -exclude CVS -exclude .svn -exclude .git -exclude .hg -resolve-src-symlinks -rename /Users/colbycorcoran/Library/Developer/Xcode/DerivedData/Fiz-fiflxcjvlfosoebhvlytfgwprkxo/Build/Intermediates.noindex/PostHog.build/Debug-iphoneos/PostHog.build/Objects-normal/arm64/PostHog.swiftdoc /Users/colbycorcoran/Library/Developer/Xcode/DerivedData/Fiz-fiflxcjvlfosoebhvlytfgwprkxo/Build/Products/Debug-iphoneos/PostHog.swiftmodule/arm64-apple-ios.swiftdoc

Copy /Users/colbycorcoran/Library/Developer/Xcode/DerivedData/Fiz-fiflxcjvlfosoebhvlytfgwprkxo/Build/Products/Debug-iphoneos/PostHog.swiftmodule/arm64-apple-ios.abi.json /Users/colbycorcoran/Library/Developer/Xcode/DerivedData/Fiz-fiflxcjvlfosoebhvlytfgwprkxo/Build/Intermediates.noindex/PostHog.build/Debug-iphoneos/PostHog.build/Objects-normal/arm64/PostHog.abi.json (in target 'PostHog' from project 'PostHog')
    cd /Users/colbycorcoran/Library/Developer/Xcode/DerivedData/Fiz-fiflxcjvlfosoebhvlytfgwprkxo/SourcePackages/checkouts/posthog-ios
    builtin-copy -exclude .DS_Store -exclude CVS -exclude .svn -exclude .git -exclude .hg -resolve-src-symlinks -rename /Users/colbycorcoran/Library/Developer/Xcode/DerivedData/Fiz-fiflxcjvlfosoebhvlytfgwprkxo/Build/Intermediates.noindex/PostHog.build/Debug-iphoneos/PostHog.build/Objects-normal/arm64/PostHog.abi.json /Users/colbycorcoran/Library/Developer/Xcode/DerivedData/Fiz-fiflxcjvlfosoebhvlytfgwprkxo/Build/Products/Debug-iphoneos/PostHog.swiftmodule/arm64-apple-ios.abi.json

Copy /Users/colbycorcoran/Library/Developer/Xcode/DerivedData/Fiz-fiflxcjvlfosoebhvlytfgwprkxo/Build/Products/Debug-iphoneos/PostHog.swiftmodule/Project/arm64-apple-ios.swiftsourceinfo /Users/colbycorcoran/Library/Developer/Xcode/DerivedData/Fiz-fiflxcjvlfosoebhvlytfgwprkxo/Build/Intermediates.noindex/PostHog.build/Debug-iphoneos/PostHog.build/Objects-normal/arm64/PostHog.swiftsourceinfo (in target 'PostHog' from project 'PostHog')
    cd /Users/colbycorcoran/Library/Developer/Xcode/DerivedData/Fiz-fiflxcjvlfosoebhvlytfgwprkxo/SourcePackages/checkouts/posthog-ios
    builtin-copy -exclude .DS_Store -exclude CVS -exclude .svn -exclude .git -exclude .hg -resolve-src-symlinks -rename /Users/colbycorcoran/Library/Developer/Xcode/DerivedData/Fiz-fiflxcjvlfosoebhvlytfgwprkxo/Build/Intermediates.noindex/PostHog.build/Debug-iphoneos/PostHog.build/Objects-normal/arm64/PostHog.swiftsourceinfo /Users/colbycorcoran/Library/Developer/Xcode/DerivedData/Fiz-fiflxcjvlfosoebhvlytfgwprkxo/Build/Products/Debug-iphoneos/PostHog.swiftmodule/Project/arm64-apple-ios.swiftsourceinfo

ProcessProductPackaging "" /Users/colbycorcoran/Library/Developer/Xcode/DerivedData/Fiz-fiflxcjvlfosoebhvlytfgwprkxo/Build/Intermediates.noindex/Fiz.build/Debug-iphoneos/Fiz.build/Fiz.app.xcent (in target 'Fiz' from project 'Fiz')
    cd /Users/colbycorcoran/Documents/App\ Development/Fiz
    
    Entitlements:
    
    {
    "application-identifier" = "Z5476SBJVC.colbyacorcoran.Fiz";
    "com.apple.developer.team-identifier" = Z5476SBJVC;
    "get-task-allow" = 1;
}
    
    builtin-productPackagingUtility -entitlements -format xml -o /Users/colbycorcoran/Library/Developer/Xcode/DerivedData/Fiz-fiflxcjvlfosoebhvlytfgwprkxo/Build/Intermediates.noindex/Fiz.build/Debug-iphoneos/Fiz.build/Fiz.app.xcent

ProcessProductPackaging /Users/colbycorcoran/Library/Developer/Xcode/UserData/Provisioning\ Profiles/8130bfcc-06cc-4cc1-bd8e-420be55f462d.mobileprovision /Users/colbycorcoran/Library/Developer/Xcode/DerivedData/Fiz-fiflxcjvlfosoebhvlytfgwprkxo/Build/Products/Debug-iphoneos/Fiz.app/embedded.mobileprovision (in target 'Fiz' from project 'Fiz')
    cd /Users/colbycorcoran/Documents/App\ Development/Fiz
    builtin-productPackagingUtility /Users/colbycorcoran/Library/Developer/Xcode/UserData/Provisioning\ Profiles/8130bfcc-06cc-4cc1-bd8e-420be55f462d.mobileprovision -o /Users/colbycorcoran/Library/Developer/Xcode/DerivedData/Fiz-fiflxcjvlfosoebhvlytfgwprkxo/Build/Products/Debug-iphoneos/Fiz.app/embedded.mobileprovision

ProcessProductPackagingDER /Users/colbycorcoran/Library/Developer/Xcode/DerivedData/Fiz-fiflxcjvlfosoebhvlytfgwprkxo/Build/Intermediates.noindex/Fiz.build/Debug-iphoneos/Fiz.build/Fiz.app.xcent /Users/colbycorcoran/Library/Developer/Xcode/DerivedData/Fiz-fiflxcjvlfosoebhvlytfgwprkxo/Build/Intermediates.noindex/Fiz.build/Debug-iphoneos/Fiz.build/Fiz.app.xcent.der (in target 'Fiz' from project 'Fiz')
    cd /Users/colbycorcoran/Documents/App\ Development/Fiz
    /usr/bin/derq query -f xml -i /Users/colbycorcoran/Library/Developer/Xcode/DerivedData/Fiz-fiflxcjvlfosoebhvlytfgwprkxo/Build/Intermediates.noindex/Fiz.build/Debug-iphoneos/Fiz.build/Fiz.app.xcent -o /Users/colbycorcoran/Library/Developer/Xcode/DerivedData/Fiz-fiflxcjvlfosoebhvlytfgwprkxo/Build/Intermediates.noindex/Fiz.build/Debug-iphoneos/Fiz.build/Fiz.app.xcent.der --raw

MkDir /Users/colbycorcoran/Library/Developer/Xcode/DerivedData/Fiz-fiflxcjvlfosoebhvlytfgwprkxo/Build/Intermediates.noindex/Fiz.build/Debug-iphoneos/Fiz.build/assetcatalog_output/unthinned (in target 'Fiz' from project 'Fiz')
    cd /Users/colbycorcoran/Documents/App\ Development/Fiz
    /bin/mkdir -p /Users/colbycorcoran/Library/Developer/Xcode/DerivedData/Fiz-fiflxcjvlfosoebhvlytfgwprkxo/Build/Intermediates.noindex/Fiz.build/Debug-iphoneos/Fiz.build/assetcatalog_output/unthinned

MkDir /Users/colbycorcoran/Library/Developer/Xcode/DerivedData/Fiz-fiflxcjvlfosoebhvlytfgwprkxo/Build/Intermediates.noindex/Fiz.build/Debug-iphoneos/Fiz.build/assetcatalog_output/thinned (in target 'Fiz' from project 'Fiz')
    cd /Users/colbycorcoran/Documents/App\ Development/Fiz
    /bin/mkdir -p /Users/colbycorcoran/Library/Developer/Xcode/DerivedData/Fiz-fiflxcjvlfosoebhvlytfgwprkxo/Build/Intermediates.noindex/Fiz.build/Debug-iphoneos/Fiz.build/assetcatalog_output/thinned

GenerateAssetSymbols /Users/colbycorcoran/Documents/App\ Development/Fiz/Fiz/Assets.xcassets (in target 'Fiz' from project 'Fiz')
    cd /Users/colbycorcoran/Documents/App\ Development/Fiz
    /Applications/Xcode.app/Contents/Developer/usr/bin/actool /Users/colbycorcoran/Documents/App\ Development/Fiz/Fiz/Assets.xcassets --compile /Users/colbycorcoran/Library/Developer/Xcode/DerivedData/Fiz-fiflxcjvlfosoebhvlytfgwprkxo/Build/Products/Debug-iphoneos/Fiz.app --output-format human-readable-text --notices --warnings --export-dependency-info /Users/colbycorcoran/Library/Developer/Xcode/DerivedData/Fiz-fiflxcjvlfosoebhvlytfgwprkxo/Build/Intermediates.noindex/Fiz.build/Debug-iphoneos/Fiz.build/assetcatalog_dependencies --output-partial-info-plist /Users/colbycorcoran/Library/Developer/Xcode/DerivedData/Fiz-fiflxcjvlfosoebhvlytfgwprkxo/Build/Intermediates.noindex/Fiz.build/Debug-iphoneos/Fiz.build/assetcatalog_generated_info.plist --app-icon AppIcon --accent-color AccentColor --compress-pngs --enable-on-demand-resources YES --development-region en --target-device iphone --target-device ipad --minimum-deployment-target 17.6 --platform iphoneos --bundle-identifier colbyacorcoran.Fiz --generate-swift-asset-symbols /Users/colbycorcoran/Library/Developer/Xcode/DerivedData/Fiz-fiflxcjvlfosoebhvlytfgwprkxo/Build/Intermediates.noindex/Fiz.build/Debug-iphoneos/Fiz.build/DerivedSources/GeneratedAssetSymbols.swift --generate-objc-asset-symbols /Users/colbycorcoran/Library/Developer/Xcode/DerivedData/Fiz-fiflxcjvlfosoebhvlytfgwprkxo/Build/Intermediates.noindex/Fiz.build/Debug-iphoneos/Fiz.build/DerivedSources/GeneratedAssetSymbols.h --generate-asset-symbol-index /Users/colbycorcoran/Library/Developer/Xcode/DerivedData/Fiz-fiflxcjvlfosoebhvlytfgwprkxo/Build/Intermediates.noindex/Fiz.build/Debug-iphoneos/Fiz.build/DerivedSources/GeneratedAssetSymbols-Index.plist
/* com.apple.actool.compilation-results */
/Users/colbycorcoran/Library/Developer/Xcode/DerivedData/Fiz-fiflxcjvlfosoebhvlytfgwprkxo/Build/Intermediates.noindex/Fiz.build/Debug-iphoneos/Fiz.build/DerivedSources/GeneratedAssetSymbols-Index.plist
/Users/colbycorcoran/Library/Developer/Xcode/DerivedData/Fiz-fiflxcjvlfosoebhvlytfgwprkxo/Build/Intermediates.noindex/Fiz.build/Debug-iphoneos/Fiz.build/DerivedSources/GeneratedAssetSymbols.h
/Users/colbycorcoran/Library/Developer/Xcode/DerivedData/Fiz-fiflxcjvlfosoebhvlytfgwprkxo/Build/Intermediates.noindex/Fiz.build/Debug-iphoneos/Fiz.build/DerivedSources/GeneratedAssetSymbols.swift


CompileAssetCatalogVariant thinned /Users/colbycorcoran/Library/Developer/Xcode/DerivedData/Fiz-fiflxcjvlfosoebhvlytfgwprkxo/Build/Products/Debug-iphoneos/Fiz.app /Users/colbycorcoran/Documents/App\ Development/Fiz/Fiz/Assets.xcassets (in target 'Fiz' from project 'Fiz')
    cd /Users/colbycorcoran/Documents/App\ Development/Fiz
    /Applications/Xcode.app/Contents/Developer/usr/bin/actool /Users/colbycorcoran/Documents/App\ Development/Fiz/Fiz/Assets.xcassets --compile /Users/colbycorcoran/Library/Developer/Xcode/DerivedData/Fiz-fiflxcjvlfosoebhvlytfgwprkxo/Build/Intermediates.noindex/Fiz.build/Debug-iphoneos/Fiz.build/assetcatalog_output/thinned --output-format human-readable-text --notices --warnings --export-dependency-info /Users/colbycorcoran/Library/Developer/Xcode/DerivedData/Fiz-fiflxcjvlfosoebhvlytfgwprkxo/Build/Intermediates.noindex/Fiz.build/Debug-iphoneos/Fiz.build/assetcatalog_dependencies_thinned --output-partial-info-plist /Users/colbycorcoran/Library/Developer/Xcode/DerivedData/Fiz-fiflxcjvlfosoebhvlytfgwprkxo/Build/Intermediates.noindex/Fiz.build/Debug-iphoneos/Fiz.build/assetcatalog_generated_info.plist_thinned --app-icon AppIcon --accent-color AccentColor --compress-pngs --enable-on-demand-resources YES --development-region en --target-device iphone --target-device ipad --minimum-deployment-target 17.6 --platform iphoneos
/* com.apple.actool.compilation-results */
/Users/colbycorcoran/Library/Developer/Xcode/DerivedData/Fiz-fiflxcjvlfosoebhvlytfgwprkxo/Build/Intermediates.noindex/Fiz.build/Debug-iphoneos/Fiz.build/assetcatalog_generated_info.plist_thinned
/Users/colbycorcoran/Library/Developer/Xcode/DerivedData/Fiz-fiflxcjvlfosoebhvlytfgwprkxo/Build/Intermediates.noindex/Fiz.build/Debug-iphoneos/Fiz.build/assetcatalog_output/thinned/AppIcon60x60@2x.png
/Users/colbycorcoran/Library/Developer/Xcode/DerivedData/Fiz-fiflxcjvlfosoebhvlytfgwprkxo/Build/Intermediates.noindex/Fiz.build/Debug-iphoneos/Fiz.build/assetcatalog_output/thinned/AppIcon76x76@2x~ipad.png
/Users/colbycorcoran/Library/Developer/Xcode/DerivedData/Fiz-fiflxcjvlfosoebhvlytfgwprkxo/Build/Intermediates.noindex/Fiz.build/Debug-iphoneos/Fiz.build/assetcatalog_output/thinned/Assets.car


SwiftDriver Fiz normal arm64 com.apple.xcode.tools.swift.compiler (in target 'Fiz' from project 'Fiz')
    cd /Users/colbycorcoran/Documents/App\ Development/Fiz
    builtin-SwiftDriver -- /Applications/Xcode.app/Contents/Developer/Toolchains/XcodeDefault.xctoolchain/usr/bin/swiftc -module-name Fiz -Onone -enforce-exclusivity\=checked @/Users/colbycorcoran/Library/Developer/Xcode/DerivedData/Fiz-fiflxcjvlfosoebhvlytfgwprkxo/Build/Intermediates.noindex/Fiz.build/Debug-iphoneos/Fiz.build/Objects-normal/arm64/Fiz.SwiftFileList -DDEBUG -Xcc -fmodule-map-file\=/Users/colbycorcoran/Library/Developer/Xcode/DerivedData/Fiz-fiflxcjvlfosoebhvlytfgwprkxo/Build/Intermediates.noindex/GeneratedModuleMaps-iphoneos/phlibwebp.modulemap -enable-bare-slash-regex -enable-experimental-feature DebugDescriptionMacro -sdk /Applications/Xcode.app/Contents/Developer/Platforms/iPhoneOS.platform/Developer/SDKs/iPhoneOS26.2.sdk -target arm64-apple-ios17.6 -g -module-cache-path /Users/colbycorcoran/Library/Developer/Xcode/DerivedData/ModuleCache.noindex -Xfrontend -serialize-debugging-options -profile-coverage-mapping -profile-generate -enable-testing -index-store-path /Users/colbycorcoran/Library/Developer/Xcode/DerivedData/Fiz-fiflxcjvlfosoebhvlytfgwprkxo/Index.noindex/DataStore -Xcc -D_LIBCPP_HARDENING_MODE\=_LIBCPP_HARDENING_MODE_DEBUG -swift-version 5 -I /Users/colbycorcoran/Library/Developer/Xcode/DerivedData/Fiz-fiflxcjvlfosoebhvlytfgwprkxo/Build/Products/Debug-iphoneos -F /Users/colbycorcoran/Library/Developer/Xcode/DerivedData/Fiz-fiflxcjvlfosoebhvlytfgwprkxo/Build/Products/Debug-iphoneos/PackageFrameworks -F /Users/colbycorcoran/Library/Developer/Xcode/DerivedData/Fiz-fiflxcjvlfosoebhvlytfgwprkxo/Build/Products/Debug-iphoneos/PackageFrameworks -F /Users/colbycorcoran/Library/Developer/Xcode/DerivedData/Fiz-fiflxcjvlfosoebhvlytfgwprkxo/Build/Products/Debug-iphoneos -emit-localized-strings -emit-localized-strings-path /Users/colbycorcoran/Library/Developer/Xcode/DerivedData/Fiz-fiflxcjvlfosoebhvlytfgwprkxo/Build/Intermediates.noindex/Fiz.build/Debug-iphoneos/Fiz.build/Objects-normal/arm64 -c -j10 -enable-batch-mode -incremental -Xcc -ivfsstatcache -Xcc /Users/colbycorcoran/Library/Developer/Xcode/DerivedData/SDKStatCaches.noindex/iphoneos26.2-23C53-3794476bd08197c3e2abd9bb477ef7f7.sdkstatcache -output-file-map /Users/colbycorcoran/Library/Developer/Xcode/DerivedData/Fiz-fiflxcjvlfosoebhvlytfgwprkxo/Build/Intermediates.noindex/Fiz.build/Debug-iphoneos/Fiz.build/Objects-normal/arm64/Fiz-OutputFileMap.json -use-frontend-parseable-output -save-temps -no-color-diagnostics -explicit-module-build -module-cache-path /Users/colbycorcoran/Library/Developer/Xcode/DerivedData/Fiz-fiflxcjvlfosoebhvlytfgwprkxo/Build/Intermediates.noindex/SwiftExplicitPrecompiledModules -clang-scanner-module-cache-path /Users/colbycorcoran/Library/Developer/Xcode/DerivedData/ModuleCache.noindex -sdk-module-cache-path /Users/colbycorcoran/Library/Developer/Xcode/DerivedData/ModuleCache.noindex -serialize-diagnostics -emit-dependencies -emit-module -emit-module-path /Users/colbycorcoran/Library/Developer/Xcode/DerivedData/Fiz-fiflxcjvlfosoebhvlytfgwprkxo/Build/Intermediates.noindex/Fiz.build/Debug-iphoneos/Fiz.build/Objects-normal/arm64/Fiz.swiftmodule -validate-clang-modules-once -clang-build-session-file /Users/colbycorcoran/Library/Developer/Xcode/DerivedData/ModuleCache.noindex/Session.modulevalidation -Xcc -I/Users/colbycorcoran/Library/Developer/Xcode/DerivedData/Fiz-fiflxcjvlfosoebhvlytfgwprkxo/Build/Intermediates.noindex/Fiz.build/Debug-iphoneos/Fiz.build/swift-overrides.hmap -emit-const-values -Xfrontend -const-gather-protocols-file -Xfrontend /Users/colbycorcoran/Library/Developer/Xcode/DerivedData/Fiz-fiflxcjvlfosoebhvlytfgwprkxo/Build/Intermediates.noindex/Fiz.build/Debug-iphoneos/Fiz.build/Objects-normal/arm64/Fiz_const_extract_protocols.json -Xcc -iquote -Xcc /Users/colbycorcoran/Library/Developer/Xcode/DerivedData/Fiz-fiflxcjvlfosoebhvlytfgwprkxo/Build/Intermediates.noindex/Fiz.build/Debug-iphoneos/Fiz.build/Fiz-generated-files.hmap -Xcc -I/Users/colbycorcoran/Library/Developer/Xcode/DerivedData/Fiz-fiflxcjvlfosoebhvlytfgwprkxo/Build/Intermediates.noindex/Fiz.build/Debug-iphoneos/Fiz.build/Fiz-own-target-headers.hmap -Xcc -I/Users/colbycorcoran/Library/Developer/Xcode/DerivedData/Fiz-fiflxcjvlfosoebhvlytfgwprkxo/Build/Intermediates.noindex/Fiz.build/Debug-iphoneos/Fiz.build/Fiz-all-non-framework-target-headers.hmap -Xcc -ivfsoverlay -Xcc /Users/colbycorcoran/Library/Developer/Xcode/DerivedData/Fiz-fiflxcjvlfosoebhvlytfgwprkxo/Build/Intermediates.noindex/Fiz.build/Debug-iphoneos/Fiz-778151566b949ac38fddff91c5adf1f7-VFS-iphoneos/all-product-headers.yaml -Xcc -iquote -Xcc /Users/colbycorcoran/Library/Developer/Xcode/DerivedData/Fiz-fiflxcjvlfosoebhvlytfgwprkxo/Build/Intermediates.noindex/Fiz.build/Debug-iphoneos/Fiz.build/Fiz-project-headers.hmap -Xcc -I/Users/colbycorcoran/Library/Developer/Xcode/DerivedData/Fiz-fiflxcjvlfosoebhvlytfgwprkxo/SourcePackages/checkouts/posthog-ios/vendor/libwebp -Xcc -I/Users/colbycorcoran/Library/Developer/Xcode/DerivedData/Fiz-fiflxcjvlfosoebhvlytfgwprkxo/Build/Products/Debug-iphoneos/include -Xcc -I/Users/colbycorcoran/Library/Developer/Xcode/DerivedData/Fiz-fiflxcjvlfosoebhvlytfgwprkxo/Build/Intermediates.noindex/Fiz.build/Debug-iphoneos/Fiz.build/DerivedSources-normal/arm64 -Xcc -I/Users/colbycorcoran/Library/Developer/Xcode/DerivedData/Fiz-fiflxcjvlfosoebhvlytfgwprkxo/Build/Intermediates.noindex/Fiz.build/Debug-iphoneos/Fiz.build/DerivedSources/arm64 -Xcc -I/Users/colbycorcoran/Library/Developer/Xcode/DerivedData/Fiz-fiflxcjvlfosoebhvlytfgwprkxo/Build/Intermediates.noindex/Fiz.build/Debug-iphoneos/Fiz.build/DerivedSources -Xcc -DDEBUG\=1 -emit-objc-header -emit-objc-header-path /Users/colbycorcoran/Library/Developer/Xcode/DerivedData/Fiz-fiflxcjvlfosoebhvlytfgwprkxo/Build/Intermediates.noindex/Fiz.build/Debug-iphoneos/Fiz.build/Objects-normal/arm64/Fiz-Swift.h -working-directory /Users/colbycorcoran/Documents/App\ Development/Fiz -experimental-emit-module-separately -disable-cmo

SwiftDriverJobDiscovery normal arm64 Compiling resource_bundle_accessor.swift, ApplicationLifecyclePublisher.swift, PostHogAppLifeCycleIntegration.swift, ApplicationViewLayoutPublisher.swift, AutocaptureEventProcessing.swift, ForwardingPickerViewDelegate.swift, PostHogAutocaptureEventTracker.swift, PostHogAutocaptureIntegration.swift, View+PostHogLabel.swift, UIView+PostHogLabel.swift, DI.swift, PostHogEvent.swift (in target 'PostHog' from project 'PostHog')

SwiftDriverJobDiscovery normal arm64 Compiling SurveyButton.swift, SurveyPresentationDetentsRepresentable.swift, SwiftUI+Util.swift, PostHogMaskViewModifier.swift, PostHogNoMaskViewModifier.swift, PostHogSwiftUIViewModifiers.swift, PostHogTagViewModifier.swift, UIViewController.swift, AssociatedKeys.swift, Data+Gzip.swift, DateUtils.swift (in target 'PostHog' from project 'PostHog')

SwiftDriverJobDiscovery normal arm64 Compiling PostHogSurvey+Display.swift, PostHogSurvey.swift, PostHogSurveyAppearance.swift, PostHogSurveyConditions.swift, PostHogSurveyEnums.swift, PostHogSurveyQuestion.swift, PostHogApi.swift, PostHogBatchUploadInfo.swift, PostHogConfig.swift, PostHogConsumerPayload.swift, PostHogContext.swift, PostHogExtensions.swift (in target 'PostHog' from project 'PostHog')

SwiftExplicitDependencyGeneratePcm arm64 /Users/colbycorcoran/Library/Developer/Xcode/DerivedData/ModuleCache.noindex/BackgroundAssets-F49TZY51YKOMIHRG0NYK5BPQP.pcm

SwiftExplicitDependencyGeneratePcm arm64 /Users/colbycorcoran/Library/Developer/Xcode/DerivedData/ModuleCache.noindex/ExtensionFoundation-87PM4P9RLO9FPFGY96XKGGK.pcm

SwiftExplicitDependencyGeneratePcm arm64 /Users/colbycorcoran/Library/Developer/Xcode/DerivedData/ModuleCache.noindex/zlib-BAOKVDKXQHZ0N0GED8O2NJFUS.pcm

SwiftExplicitDependencyGeneratePcm arm64 /Users/colbycorcoran/Library/Developer/Xcode/DerivedData/ModuleCache.noindex/_StoreKit_SwiftUI-CU5XZWLEIEKK41M0017JOI17K.pcm

SwiftExplicitDependencyGeneratePcm arm64 /Users/colbycorcoran/Library/Developer/Xcode/DerivedData/ModuleCache.noindex/SystemConfiguration-5MEO5B1MDEOFRI7JC8YHKGM5M.pcm

SwiftDriverJobDiscovery normal arm64 Compiling PostHogFileBackedQueue.swift, PostHogIntegration.swift, PostHogLegacyQueue.swift, PostHogPersonProfiles.swift, PostHogPropertiesSanitizer.swift, PostHogQueue.swift, PostHogRemoteConfig.swift, PostHogSDK.swift, PostHogSessionManager.swift, PostHogStorage.swift, PostHogStorageManager.swift (in target 'PostHog' from project 'PostHog')

SwiftExplicitDependencyGeneratePcm arm64 /Users/colbycorcoran/Library/Developer/Xcode/DerivedData/ModuleCache.noindex/_LocationEssentials-3F1SAXOJ3NHTBW46OOIZWCRJ8.pcm

SwiftExplicitDependencyGeneratePcm arm64 /Users/colbycorcoran/Library/Developer/Xcode/DerivedData/ModuleCache.noindex/WebKit-BE7VME1TYZY45REPSRC4IYCZB.pcm

SwiftExplicitDependencyGeneratePcm arm64 /Users/colbycorcoran/Library/Developer/Xcode/DerivedData/ModuleCache.noindex/StoreKit-790PQ0M02UBEHO1ED1132L8Q3.pcm

SwiftExplicitDependencyGeneratePcm arm64 /Users/colbycorcoran/Library/Developer/Xcode/DerivedData/ModuleCache.noindex/CoreLocation-EKKE5BGY5DFC0KIEC4AEJUVG9.pcm

SwiftDriverJobDiscovery normal arm64 Compiling DictUtils.swift, Errors.swift, FileUtils.swift, Hedgelog.swift, Reachability.swift, ReadWriteLock.swift, TimeBasedEpochGenerator.swift, UIApplication+.swift, UIImage+WebP.swift, UIWindow+.swift, UUIDUtils.swift (in target 'PostHog' from project 'PostHog')

SwiftExplicitDependencyGeneratePcm arm64 /Users/colbycorcoran/Library/Developer/Xcode/DerivedData/ModuleCache.noindex/Photos-2UNTX8VIJXUTJGUH9CJJYZC11.pcm

SwiftExplicitDependencyGeneratePcm arm64 /Users/colbycorcoran/Library/Developer/Xcode/DerivedData/ModuleCache.noindex/PhotosUI-F0GKLVRCYVLEKUG0WAHUGOOKK.pcm

SwiftEmitModule normal arm64 Emitting\ module\ for\ Fiz (in target 'Fiz' from project 'Fiz')
EmitSwiftModule normal arm64 (in target 'Fiz' from project 'Fiz')
    cd /Users/colbycorcoran/Documents/App\ Development/Fiz
    

SwiftCompile normal arm64 Compiling\ FilterPillLabel.swift,\ StoreManager.swift,\ HapticSettingsManager.swift,\ SwipeNavigationManager.swift,\ OnboardingManager.swift,\ ExpansionPackManager.swift /Users/colbycorcoran/Documents/App\ Development/Fiz/Fiz/Views/Store/FilterPillLabel.swift /Users/colbycorcoran/Documents/App\ Development/Fiz/Fiz/Utils/StoreManager.swift /Users/colbycorcoran/Documents/App\ Development/Fiz/Fiz/Managers/HapticSettingsManager.swift /Users/colbycorcoran/Documents/App\ Development/Fiz/Fiz/Managers/SwipeNavigationManager.swift /Users/colbycorcoran/Documents/App\ Development/Fiz/Fiz/Managers/OnboardingManager.swift /Users/colbycorcoran/Documents/App\ Development/Fiz/Fiz/Managers/ExpansionPackManager.swift (in target 'Fiz' from project 'Fiz')

SwiftCompile normal arm64 /Users/colbycorcoran/Documents/App\ Development/Fiz/Fiz/Views/Store/FilterPillLabel.swift (in target 'Fiz' from project 'Fiz')
    cd /Users/colbycorcoran/Documents/App\ Development/Fiz
    

SwiftCompile normal arm64 /Users/colbycorcoran/Documents/App\ Development/Fiz/Fiz/Utils/StoreManager.swift (in target 'Fiz' from project 'Fiz')
    cd /Users/colbycorcoran/Documents/App\ Development/Fiz
    

SwiftCompile normal arm64 /Users/colbycorcoran/Documents/App\ Development/Fiz/Fiz/Managers/HapticSettingsManager.swift (in target 'Fiz' from project 'Fiz')
    cd /Users/colbycorcoran/Documents/App\ Development/Fiz
    

SwiftCompile normal arm64 /Users/colbycorcoran/Documents/App\ Development/Fiz/Fiz/Managers/SwipeNavigationManager.swift (in target 'Fiz' from project 'Fiz')
    cd /Users/colbycorcoran/Documents/App\ Development/Fiz
    

SwiftCompile normal arm64 /Users/colbycorcoran/Documents/App\ Development/Fiz/Fiz/Managers/OnboardingManager.swift (in target 'Fiz' from project 'Fiz')
    cd /Users/colbycorcoran/Documents/App\ Development/Fiz
    

SwiftCompile normal arm64 /Users/colbycorcoran/Documents/App\ Development/Fiz/Fiz/Managers/ExpansionPackManager.swift (in target 'Fiz' from project 'Fiz')
    cd /Users/colbycorcoran/Documents/App\ Development/Fiz
    

SwiftCompile normal arm64 Compiling\ LeaderboardView.swift,\ QuestionModalView.swift,\ QuestionContentView.swift,\ ResultContentView.swift,\ DiscountCodeManager.swift,\ CartManager.swift,\ ButtonStyles.swift /Users/colbycorcoran/Documents/App\ Development/Fiz/Fiz/Views/LeaderboardView.swift /Users/colbycorcoran/Documents/App\ Development/Fiz/Fiz/Views/QuestionModalView.swift /Users/colbycorcoran/Documents/App\ Development/Fiz/Fiz/Views/QuestionContentView.swift /Users/colbycorcoran/Documents/App\ Development/Fiz/Fiz/Views/ResultContentView.swift /Users/colbycorcoran/Documents/App\ Development/Fiz/Fiz/Utils/DiscountCodeManager.swift /Users/colbycorcoran/Documents/App\ Development/Fiz/Fiz/Utils/CartManager.swift /Users/colbycorcoran/Documents/App\ Development/Fiz/Fiz/Utils/ButtonStyles.swift (in target 'Fiz' from project 'Fiz')

SwiftCompile normal arm64 /Users/colbycorcoran/Documents/App\ Development/Fiz/Fiz/Views/LeaderboardView.swift (in target 'Fiz' from project 'Fiz')
    cd /Users/colbycorcoran/Documents/App\ Development/Fiz
    

SwiftCompile normal arm64 /Users/colbycorcoran/Documents/App\ Development/Fiz/Fiz/Views/QuestionModalView.swift (in target 'Fiz' from project 'Fiz')
    cd /Users/colbycorcoran/Documents/App\ Development/Fiz
    

SwiftCompile normal arm64 /Users/colbycorcoran/Documents/App\ Development/Fiz/Fiz/Views/QuestionContentView.swift (in target 'Fiz' from project 'Fiz')
    cd /Users/colbycorcoran/Documents/App\ Development/Fiz
    

SwiftCompile normal arm64 /Users/colbycorcoran/Documents/App\ Development/Fiz/Fiz/Views/ResultContentView.swift (in target 'Fiz' from project 'Fiz')
    cd /Users/colbycorcoran/Documents/App\ Development/Fiz
    

SwiftCompile normal arm64 /Users/colbycorcoran/Documents/App\ Development/Fiz/Fiz/Utils/DiscountCodeManager.swift (in target 'Fiz' from project 'Fiz')
    cd /Users/colbycorcoran/Documents/App\ Development/Fiz
    

SwiftCompile normal arm64 /Users/colbycorcoran/Documents/App\ Development/Fiz/Fiz/Utils/CartManager.swift (in target 'Fiz' from project 'Fiz')
    cd /Users/colbycorcoran/Documents/App\ Development/Fiz
    

SwiftCompile normal arm64 /Users/colbycorcoran/Documents/App\ Development/Fiz/Fiz/Utils/ButtonStyles.swift (in target 'Fiz' from project 'Fiz')
    cd /Users/colbycorcoran/Documents/App\ Development/Fiz
    

SwiftCompile normal arm64 Compiling\ OnboardingView.swift,\ StoreFilters.swift,\ GameEnums.swift,\ HapticManager.swift,\ StoreView.swift,\ GameProgressSettingsView.swift,\ AppIconSettingsView.swift /Users/colbycorcoran/Documents/App\ Development/Fiz/Fiz/Views/OnboardingView.swift /Users/colbycorcoran/Documents/App\ Development/Fiz/Fiz/Models/StoreFilters.swift /Users/colbycorcoran/Documents/App\ Development/Fiz/Fiz/Models/Enums/GameEnums.swift /Users/colbycorcoran/Documents/App\ Development/Fiz/Fiz/Utils/HapticManager.swift /Users/colbycorcoran/Documents/App\ Development/Fiz/Fiz/Views/StoreView.swift /Users/colbycorcoran/Documents/App\ Development/Fiz/Fiz/Views/Settings/GameProgressSettingsView.swift /Users/colbycorcoran/Documents/App\ Development/Fiz/Fiz/Views/Settings/AppIconSettingsView.swift (in target 'Fiz' from project 'Fiz')

SwiftCompile normal arm64 /Users/colbycorcoran/Documents/App\ Development/Fiz/Fiz/Views/OnboardingView.swift (in target 'Fiz' from project 'Fiz')
    cd /Users/colbycorcoran/Documents/App\ Development/Fiz
    

SwiftCompile normal arm64 /Users/colbycorcoran/Documents/App\ Development/Fiz/Fiz/Models/StoreFilters.swift (in target 'Fiz' from project 'Fiz')
    cd /Users/colbycorcoran/Documents/App\ Development/Fiz
    

SwiftCompile normal arm64 /Users/colbycorcoran/Documents/App\ Development/Fiz/Fiz/Models/Enums/GameEnums.swift (in target 'Fiz' from project 'Fiz')
    cd /Users/colbycorcoran/Documents/App\ Development/Fiz
    

SwiftCompile normal arm64 /Users/colbycorcoran/Documents/App\ Development/Fiz/Fiz/Utils/HapticManager.swift (in target 'Fiz' from project 'Fiz')
    cd /Users/colbycorcoran/Documents/App\ Development/Fiz
    

SwiftCompile normal arm64 /Users/colbycorcoran/Documents/App\ Development/Fiz/Fiz/Views/StoreView.swift (in target 'Fiz' from project 'Fiz')
    cd /Users/colbycorcoran/Documents/App\ Development/Fiz
    

SwiftCompile normal arm64 /Users/colbycorcoran/Documents/App\ Development/Fiz/Fiz/Views/Settings/GameProgressSettingsView.swift (in target 'Fiz' from project 'Fiz')
    cd /Users/colbycorcoran/Documents/App\ Development/Fiz
    

SwiftCompile normal arm64 /Users/colbycorcoran/Documents/App\ Development/Fiz/Fiz/Views/Settings/AppIconSettingsView.swift (in target 'Fiz' from project 'Fiz')
    cd /Users/colbycorcoran/Documents/App\ Development/Fiz
    

SwiftCompile normal arm64 Compiling\ PopupDurationManager.swift,\ TriviaSubcategories.swift,\ WhatsNewManager.swift,\ CategoryWheelView.swift,\ AccessibilityHelpers.swift,\ GeneratedAssetSymbols.swift /Users/colbycorcoran/Documents/App\ Development/Fiz/Fiz/Managers/PopupDurationManager.swift /Users/colbycorcoran/Documents/App\ Development/Fiz/Fiz/Protocols/TriviaSubcategories.swift /Users/colbycorcoran/Documents/App\ Development/Fiz/Fiz/Managers/WhatsNewManager.swift /Users/colbycorcoran/Documents/App\ Development/Fiz/Fiz/Views/CategoryWheelView.swift /Users/colbycorcoran/Documents/App\ Development/Fiz/Fiz/Utils/AccessibilityHelpers.swift /Users/colbycorcoran/Library/Developer/Xcode/DerivedData/Fiz-fiflxcjvlfosoebhvlytfgwprkxo/Build/Intermediates.noindex/Fiz.build/Debug-iphoneos/Fiz.build/DerivedSources/GeneratedAssetSymbols.swift (in target 'Fiz' from project 'Fiz')

SwiftCompile normal arm64 /Users/colbycorcoran/Documents/App\ Development/Fiz/Fiz/Managers/PopupDurationManager.swift (in target 'Fiz' from project 'Fiz')
    cd /Users/colbycorcoran/Documents/App\ Development/Fiz
    

SwiftCompile normal arm64 /Users/colbycorcoran/Documents/App\ Development/Fiz/Fiz/Protocols/TriviaSubcategories.swift (in target 'Fiz' from project 'Fiz')
    cd /Users/colbycorcoran/Documents/App\ Development/Fiz
    

SwiftCompile normal arm64 /Users/colbycorcoran/Documents/App\ Development/Fiz/Fiz/Managers/WhatsNewManager.swift (in target 'Fiz' from project 'Fiz')
    cd /Users/colbycorcoran/Documents/App\ Development/Fiz
    

SwiftCompile normal arm64 /Users/colbycorcoran/Documents/App\ Development/Fiz/Fiz/Views/CategoryWheelView.swift (in target 'Fiz' from project 'Fiz')
    cd /Users/colbycorcoran/Documents/App\ Development/Fiz
    

SwiftCompile normal arm64 /Users/colbycorcoran/Documents/App\ Development/Fiz/Fiz/Utils/AccessibilityHelpers.swift (in target 'Fiz' from project 'Fiz')
    cd /Users/colbycorcoran/Documents/App\ Development/Fiz
    

SwiftCompile normal arm64 /Users/colbycorcoran/Library/Developer/Xcode/DerivedData/Fiz-fiflxcjvlfosoebhvlytfgwprkxo/Build/Intermediates.noindex/Fiz.build/Debug-iphoneos/Fiz.build/DerivedSources/GeneratedAssetSymbols.swift (in target 'Fiz' from project 'Fiz')
    cd /Users/colbycorcoran/Documents/App\ Development/Fiz
    

SwiftCompile normal arm64 Compiling\ GameModesSettingsView.swift,\ SettingsView.swift,\ QuestionHistoryView.swift,\ FizColors.swift,\ AnalyticsManager.swift,\ CollapsiblePackCard.swift /Users/colbycorcoran/Documents/App\ Development/Fiz/Fiz/Views/Settings/GameModesSettingsView.swift /Users/colbycorcoran/Documents/App\ Development/Fiz/Fiz/Views/SettingsView.swift /Users/colbycorcoran/Documents/App\ Development/Fiz/Fiz/Views/QuestionHistoryView.swift /Users/colbycorcoran/Documents/App\ Development/Fiz/Fiz/Utils/FizColors.swift /Users/colbycorcoran/Documents/App\ Development/Fiz/Fiz/Utils/AnalyticsManager.swift /Users/colbycorcoran/Documents/App\ Development/Fiz/Fiz/Views/Store/CollapsiblePackCard.swift (in target 'Fiz' from project 'Fiz')

SwiftCompile normal arm64 /Users/colbycorcoran/Documents/App\ Development/Fiz/Fiz/Views/Settings/GameModesSettingsView.swift (in target 'Fiz' from project 'Fiz')
    cd /Users/colbycorcoran/Documents/App\ Development/Fiz
    

SwiftCompile normal arm64 /Users/colbycorcoran/Documents/App\ Development/Fiz/Fiz/Views/SettingsView.swift (in target 'Fiz' from project 'Fiz')
    cd /Users/colbycorcoran/Documents/App\ Development/Fiz
    

SwiftCompile normal arm64 /Users/colbycorcoran/Documents/App\ Development/Fiz/Fiz/Views/QuestionHistoryView.swift (in target 'Fiz' from project 'Fiz')
    cd /Users/colbycorcoran/Documents/App\ Development/Fiz
    

SwiftCompile normal arm64 /Users/colbycorcoran/Documents/App\ Development/Fiz/Fiz/Utils/FizColors.swift (in target 'Fiz' from project 'Fiz')
    cd /Users/colbycorcoran/Documents/App\ Development/Fiz
    

SwiftCompile normal arm64 /Users/colbycorcoran/Documents/App\ Development/Fiz/Fiz/Utils/AnalyticsManager.swift (in target 'Fiz' from project 'Fiz')
    cd /Users/colbycorcoran/Documents/App\ Development/Fiz
    

SwiftCompile normal arm64 /Users/colbycorcoran/Documents/App\ Development/Fiz/Fiz/Views/Store/CollapsiblePackCard.swift (in target 'Fiz' from project 'Fiz')
    cd /Users/colbycorcoran/Documents/App\ Development/Fiz
    

SwiftCompile normal arm64 Compiling\ CartView.swift,\ UsernameSettingsView.swift,\ DifficultySettingsView.swift,\ AnalyticsSettingsView.swift,\ PopupDurationSettingsView.swift,\ HapticsSettingsView.swift /Users/colbycorcoran/Documents/App\ Development/Fiz/Fiz/Views/CartView.swift /Users/colbycorcoran/Documents/App\ Development/Fiz/Fiz/Views/Settings/UsernameSettingsView.swift /Users/colbycorcoran/Documents/App\ Development/Fiz/Fiz/Views/Settings/DifficultySettingsView.swift /Users/colbycorcoran/Documents/App\ Development/Fiz/Fiz/Views/Settings/AnalyticsSettingsView.swift /Users/colbycorcoran/Documents/App\ Development/Fiz/Fiz/Views/Settings/PopupDurationSettingsView.swift /Users/colbycorcoran/Documents/App\ Development/Fiz/Fiz/Views/Settings/HapticsSettingsView.swift (in target 'Fiz' from project 'Fiz')

SwiftCompile normal arm64 /Users/colbycorcoran/Documents/App\ Development/Fiz/Fiz/Views/CartView.swift (in target 'Fiz' from project 'Fiz')
    cd /Users/colbycorcoran/Documents/App\ Development/Fiz
    

SwiftCompile normal arm64 /Users/colbycorcoran/Documents/App\ Development/Fiz/Fiz/Views/Settings/UsernameSettingsView.swift (in target 'Fiz' from project 'Fiz')
    cd /Users/colbycorcoran/Documents/App\ Development/Fiz
    

SwiftCompile normal arm64 /Users/colbycorcoran/Documents/App\ Development/Fiz/Fiz/Views/Settings/DifficultySettingsView.swift (in target 'Fiz' from project 'Fiz')
    cd /Users/colbycorcoran/Documents/App\ Development/Fiz
    

SwiftCompile normal arm64 /Users/colbycorcoran/Documents/App\ Development/Fiz/Fiz/Views/Settings/AnalyticsSettingsView.swift (in target 'Fiz' from project 'Fiz')
    cd /Users/colbycorcoran/Documents/App\ Development/Fiz
    

SwiftCompile normal arm64 /Users/colbycorcoran/Documents/App\ Development/Fiz/Fiz/Views/Settings/PopupDurationSettingsView.swift (in target 'Fiz' from project 'Fiz')
    cd /Users/colbycorcoran/Documents/App\ Development/Fiz
    

SwiftCompile normal arm64 /Users/colbycorcoran/Documents/App\ Development/Fiz/Fiz/Views/Settings/HapticsSettingsView.swift (in target 'Fiz' from project 'Fiz')
    cd /Users/colbycorcoran/Documents/App\ Development/Fiz
    

SwiftDriverJobDiscovery normal arm64 Compiling SurveyDisplayController.swift, SurveySheet.swift, SurveysRootView.swift, SurveysWindow.swift, EdgeBorder.swift, EmojiRating.swift, MultipleChoiceOptions.swift, NumberRating.swift, Resources.swift, SegmentedControl.swift, Survey+Util.swift (in target 'PostHog' from project 'PostHog')

SwiftCompile normal arm64 Compiling\ ContentView.swift,\ GameViewModel.swift,\ SecondaryOnboardingView.swift,\ WhatsNewView.swift,\ PhobiaSettingsView.swift,\ FizApp.swift,\ TriviaModels.swift /Users/colbycorcoran/Documents/App\ Development/Fiz/Fiz/ContentView.swift /Users/colbycorcoran/Documents/App\ Development/Fiz/Fiz/ViewModels/GameViewModel.swift /Users/colbycorcoran/Documents/App\ Development/Fiz/Fiz/Views/SecondaryOnboardingView.swift /Users/colbycorcoran/Documents/App\ Development/Fiz/Fiz/Views/WhatsNewView.swift /Users/colbycorcoran/Documents/App\ Development/Fiz/Fiz/Views/Settings/PhobiaSettingsView.swift /Users/colbycorcoran/Documents/App\ Development/Fiz/Fiz/FizApp.swift /Users/colbycorcoran/Documents/App\ Development/Fiz/Fiz/Models/TriviaModels.swift (in target 'Fiz' from project 'Fiz')

SwiftCompile normal arm64 /Users/colbycorcoran/Documents/App\ Development/Fiz/Fiz/ContentView.swift (in target 'Fiz' from project 'Fiz')
    cd /Users/colbycorcoran/Documents/App\ Development/Fiz
    

SwiftCompile normal arm64 /Users/colbycorcoran/Documents/App\ Development/Fiz/Fiz/ViewModels/GameViewModel.swift (in target 'Fiz' from project 'Fiz')
    cd /Users/colbycorcoran/Documents/App\ Development/Fiz
    

SwiftCompile normal arm64 /Users/colbycorcoran/Documents/App\ Development/Fiz/Fiz/Views/SecondaryOnboardingView.swift (in target 'Fiz' from project 'Fiz')
    cd /Users/colbycorcoran/Documents/App\ Development/Fiz
    

SwiftCompile normal arm64 /Users/colbycorcoran/Documents/App\ Development/Fiz/Fiz/Views/WhatsNewView.swift (in target 'Fiz' from project 'Fiz')
    cd /Users/colbycorcoran/Documents/App\ Development/Fiz
    

SwiftCompile normal arm64 /Users/colbycorcoran/Documents/App\ Development/Fiz/Fiz/Views/Settings/PhobiaSettingsView.swift (in target 'Fiz' from project 'Fiz')
    cd /Users/colbycorcoran/Documents/App\ Development/Fiz
    

SwiftCompile normal arm64 /Users/colbycorcoran/Documents/App\ Development/Fiz/Fiz/FizApp.swift (in target 'Fiz' from project 'Fiz')
    cd /Users/colbycorcoran/Documents/App\ Development/Fiz
    

SwiftCompile normal arm64 /Users/colbycorcoran/Documents/App\ Development/Fiz/Fiz/Models/TriviaModels.swift (in target 'Fiz' from project 'Fiz')
    cd /Users/colbycorcoran/Documents/App\ Development/Fiz
    

SwiftDriverJobDiscovery normal arm64 Compiling PostHogLogEntry.swift, PostHogLogLevel.swift, PostHogSessionReplayConsoleLogsPlugin.swift, PostHogSessionReplayNetworkPlugin.swift, URLSessionExtension.swift, URLSessionInterceptor.swift, URLSessionSwizzler.swift, PostHogSessionReplayPlugin.swift, PostHogReplayIntegration.swift, PostHogSessionReplayConfig.swift, PostHogSessionReplayConsoleLogConfig.swift (in target 'PostHog' from project 'PostHog')

SwiftCompile normal arm64 Compiling\ LeaderboardEntry.swift,\ Phobia.swift,\ WhatsNewModels.swift,\ GameSession.swift,\ AnsweredQuestionsManager.swift,\ UserManager.swift /Users/colbycorcoran/Documents/App\ Development/Fiz/Fiz/Models/Core/LeaderboardEntry.swift /Users/colbycorcoran/Documents/App\ Development/Fiz/Fiz/Models/Core/Phobia.swift /Users/colbycorcoran/Documents/App\ Development/Fiz/Fiz/Models/Core/WhatsNewModels.swift /Users/colbycorcoran/Documents/App\ Development/Fiz/Fiz/Models/Core/GameSession.swift /Users/colbycorcoran/Documents/App\ Development/Fiz/Fiz/Managers/AnsweredQuestionsManager.swift /Users/colbycorcoran/Documents/App\ Development/Fiz/Fiz/Managers/UserManager.swift (in target 'Fiz' from project 'Fiz')
Failed frontend command:
/Applications/Xcode.app/Contents/Developer/Toolchains/XcodeDefault.xctoolchain/usr/bin/swift-frontend -frontend -c /Users/colbycorcoran/Documents/App\ Development/Fiz/Fiz/Views/LeaderboardView.swift /Users/colbycorcoran/Documents/App\ Development/Fiz/Fiz/Views/QuestionModalView.swift /Users/colbycorcoran/Documents/App\ Development/Fiz/Fiz/Views/QuestionContentView.swift /Users/colbycorcoran/Documents/App\ Development/Fiz/Fiz/Views/ResultContentView.swift /Users/colbycorcoran/Documents/App\ Development/Fiz/Fiz/Utils/DiscountCodeManager.swift /Users/colbycorcoran/Documents/App\ Development/Fiz/Fiz/Utils/CartManager.swift /Users/colbycorcoran/Documents/App\ Development/Fiz/Fiz/Utils/ButtonStyles.swift /Users/colbycorcoran/Documents/App\ Development/Fiz/Fiz/ContentView.swift /Users/colbycorcoran/Documents/App\ Development/Fiz/Fiz/ViewModels/GameViewModel.swift /Users/colbycorcoran/Documents/App\ Development/Fiz/Fiz/Views/SecondaryOnboardingView.swift /Users/colbycorcoran/Documents/App\ Development/Fiz/Fiz/Views/WhatsNewView.swift /Users/colbycorcoran/Documents/App\ Development/Fiz/Fiz/Views/Settings/PhobiaSettingsView.swift /Users/colbycorcoran/Documents/App\ Development/Fiz/Fiz/FizApp.swift /Users/colbycorcoran/Documents/App\ Development/Fiz/Fiz/Models/TriviaModels.swift /Users/colbycorcoran/Documents/App\ Development/Fiz/Fiz/Views/OnboardingView.swift /Users/colbycorcoran/Documents/App\ Development/Fiz/Fiz/Models/StoreFilters.swift /Users/colbycorcoran/Documents/App\ Development/Fiz/Fiz/Models/Enums/GameEnums.swift /Users/colbycorcoran/Documents/App\ Development/Fiz/Fiz/Utils/HapticManager.swift /Users/colbycorcoran/Documents/App\ Development/Fiz/Fiz/Views/StoreView.swift /Users/colbycorcoran/Documents/App\ Development/Fiz/Fiz/Views/Settings/GameProgressSettingsView.swift /Users/colbycorcoran/Documents/App\ Development/Fiz/Fiz/Views/Settings/AppIconSettingsView.swift /Users/colbycorcoran/Documents/App\ Development/Fiz/Fiz/Views/CartView.swift /Users/colbycorcoran/Documents/App\ Development/Fiz/Fiz/Views/Settings/UsernameSettingsView.swift /Users/colbycorcoran/Documents/App\ Development/Fiz/Fiz/Views/Settings/DifficultySettingsView.swift /Users/colbycorcoran/Documents/App\ Development/Fiz/Fiz/Views/Settings/AnalyticsSettingsView.swift /Users/colbycorcoran/Documents/App\ Development/Fiz/Fiz/Views/Settings/PopupDurationSettingsView.swift /Users/colbycorcoran/Documents/App\ Development/Fiz/Fiz/Views/Settings/HapticsSettingsView.swift /Users/colbycorcoran/Documents/App\ Development/Fiz/Fiz/Views/Settings/GameModesSettingsView.swift /Users/colbycorcoran/Documents/App\ Development/Fiz/Fiz/Views/SettingsView.swift /Users/colbycorcoran/Documents/App\ Development/Fiz/Fiz/Views/QuestionHistoryView.swift /Users/colbycorcoran/Documents/App\ Development/Fiz/Fiz/Utils/FizColors.swift /Users/colbycorcoran/Documents/App\ Development/Fiz/Fiz/Utils/AnalyticsManager.swift /Users/colbycorcoran/Documents/App\ Development/Fiz/Fiz/Views/Store/CollapsiblePackCard.swift /Users/colbycorcoran/Documents/App\ Development/Fiz/Fiz/Views/Store/FilterPillLabel.swift /Users/colbycorcoran/Documents/App\ Development/Fiz/Fiz/Utils/StoreManager.swift /Users/colbycorcoran/Documents/App\ Development/Fiz/Fiz/Managers/HapticSettingsManager.swift /Users/colbycorcoran/Documents/App\ Development/Fiz/Fiz/Managers/SwipeNavigationManager.swift /Users/colbycorcoran/Documents/App\ Development/Fiz/Fiz/Managers/OnboardingManager.swift /Users/colbycorcoran/Documents/App\ Development/Fiz/Fiz/Managers/ExpansionPackManager.swift /Users/colbycorcoran/Documents/App\ Development/Fiz/Fiz/Managers/CategorySelectionManager.swift /Users/colbycorcoran/Documents/App\ Development/Fiz/Fiz/Managers/DifficultyManager.swift /Users/colbycorcoran/Documents/App\ Development/Fiz/Fiz/Managers/AppIconManager.swift /Users/colbycorcoran/Documents/App\ Development/Fiz/Fiz/Managers/GameModeManager.swift /Users/colbycorcoran/Documents/App\ Development/Fiz/Fiz/Managers/StreakPersistenceManager.swift /Users/colbycorcoran/Documents/App\ Development/Fiz/Fiz/Utils/UserDefaultsKeys.swift /Users/colbycorcoran/Documents/App\ Development/Fiz/Fiz/Managers/DeveloperBypassManager.swift /Users/colbycorcoran/Documents/App\ Development/Fiz/Fiz/Managers/PhobiaExclusionManager.swift /Users/colbycorcoran/Documents/App\ Development/Fiz/Fiz/Models/Core/TriviaCategory.swift /Users/colbycorcoran/Documents/App\ Development/Fiz/Fiz/Models/Core/TriviaQuestion.swift /Users/colbycorcoran/Documents/App\ Development/Fiz/Fiz/Models/Core/QuestionHistoryEntry.swift /Users/colbycorcoran/Documents/App\ Development/Fiz/Fiz/Models/Core/ExpansionPack.swift -primary-file /Users/colbycorcoran/Documents/App\ Development/Fiz/Fiz/Models/Core/LeaderboardEntry.swift -primary-file /Users/colbycorcoran/Documents/App\ Development/Fiz/Fiz/Models/Core/Phobia.swift -primary-file /Users/colbycorcoran/Documents/App\ Development/Fiz/Fiz/Models/Core/WhatsNewModels.swift -primary-file /Users/colbycorcoran/Documents/App\ Development/Fiz/Fiz/Models/Core/GameSession.swift -primary-file /Users/colbycorcoran/Documents/App\ Development/Fiz/Fiz/Managers/AnsweredQuestionsManager.swift -primary-file /Users/colbycorcoran/Documents/App\ Development/Fiz/Fiz/Managers/UserManager.swift /Users/colbycorcoran/Documents/App\ Development/Fiz/Fiz/Managers/PopupDurationManager.swift /Users/colbycorcoran/Documents/App\ Development/Fiz/Fiz/Protocols/TriviaSubcategories.swift /Users/colbycorcoran/Documents/App\ Development/Fiz/Fiz/Managers/WhatsNewManager.swift /Users/colbycorcoran/Documents/App\ Development/Fiz/Fiz/Views/CategoryWheelView.swift /Users/colbycorcoran/Documents/App\ Development/Fiz/Fiz/Utils/AccessibilityHelpers.swift /Users/colbycorcoran/Library/Developer/Xcode/DerivedData/Fiz-fiflxcjvlfosoebhvlytfgwprkxo/Build/Intermediates.noindex/Fiz.build/Debug-iphoneos/Fiz.build/DerivedSources/GeneratedAssetSymbols.swift -supplementary-output-file-map /Users/colbycorcoran/Library/Developer/Xcode/DerivedData/Fiz-fiflxcjvlfosoebhvlytfgwprkxo/Build/Intermediates.noindex/Fiz.build/Debug-iphoneos/Fiz.build/Objects-normal/arm64/supplementaryOutputs-19 -emit-localized-strings -emit-localized-strings-path /Users/colbycorcoran/Library/Developer/Xcode/DerivedData/Fiz-fiflxcjvlfosoebhvlytfgwprkxo/Build/Intermediates.noindex/Fiz.build/Debug-iphoneos/Fiz.build/Objects-normal/arm64 -target arm64-apple-ios17.6 -module-can-import-version DeveloperToolsSupport 23.0.4 23.0.4 -module-can-import-version SwiftUI 7.2.5.1 7.2.5 -module-can-import-version UIKit 9126.2.4.1 9126.2.4 -disable-cross-import-overlay-search -swift-module-cross-import StoreKit /Applications/Xcode.app/Contents/Developer/Platforms/iPhoneOS.platform/Developer/SDKs/iPhoneOS.sdk/System/Library/Frameworks/StoreKit.framework/Modules/StoreKit.swiftcrossimport/SwiftUI.swiftoverlay -swift-module-cross-import StoreKit /Applications/Xcode.app/Contents/Developer/Platforms/iPhoneOS.platform/Developer/SDKs/iPhoneOS26.2.sdk/System/Library/Frameworks/StoreKit.framework/Modules/StoreKit.swiftcrossimport/SwiftUI.swiftoverlay -swift-module-cross-import SwiftData /Applications/Xcode.app/Contents/Developer/Platforms/iPhoneOS.platform/Developer/SDKs/iPhoneOS26.2.sdk/System/Library/Frameworks/SwiftData.framework/Modules/SwiftData.swiftcrossimport/CoreData.swiftoverlay -swift-module-cross-import SwiftData /Applications/Xcode.app/Contents/Developer/Platforms/iPhoneOS.platform/Developer/SDKs/iPhoneOS26.2.sdk/System/Library/Frameworks/SwiftData.framework/Modules/SwiftData.swiftcrossimport/SwiftUI.swiftoverlay -load-resolved-plugin /Applications/Xcode.app/Contents/Developer/Platforms/iPhoneOS.platform/Developer/usr/lib/swift/host/plugins/libFoundationMacros.dylib\#/Applications/Xcode.app/Contents/Developer/Platforms/iPhoneOS.platform/Developer/usr/bin/swift-plugin-server\#FoundationMacros -load-resolved-plugin /Applications/Xcode.app/Contents/Developer/Platforms/iPhoneOS.platform/Developer/usr/lib/swift/host/plugins/libObservationMacros.dylib\#/Applications/Xcode.app/Contents/Developer/Platforms/iPhoneOS.platform/Developer/usr/bin/swift-plugin-server\#ObservationMacros -load-resolved-plugin /Applications/Xcode.app/Contents/Developer/Platforms/iPhoneOS.platform/Developer/usr/lib/swift/host/plugins/libPreviewsMacros.dylib\#/Applications/Xcode.app/Contents/Developer/Platforms/iPhoneOS.platform/Developer/usr/bin/swift-plugin-server\#PreviewsMacros -load-resolved-plugin /Applications/Xcode.app/Contents/Developer/Platforms/iPhoneOS.platform/Developer/usr/lib/swift/host/plugins/libSwiftDataMacros.dylib\#/Applications/Xcode.app/Contents/Developer/Platforms/iPhoneOS.platform/Developer/usr/bin/swift-plugin-server\#SwiftDataMacros -load-resolved-plugin /Applications/Xcode.app/Contents/Developer/Platforms/iPhoneOS.platform/Developer/usr/lib/swift/host/plugins/libSwiftMacros.dylib\#/Applications/Xcode.app/Contents/Developer/Platforms/iPhoneOS.platform/Developer/usr/bin/swift-plugin-server\#SwiftMacros -load-resolved-plugin /Applications/Xcode.app/Contents/Developer/Platforms/iPhoneOS.platform/Developer/usr/lib/swift/host/plugins/libSwiftUIMacros.dylib\#/Applications/Xcode.app/Contents/Developer/Platforms/iPhoneOS.platform/Developer/usr/bin/swift-plugin-server\#SwiftUIMacros -disable-implicit-swift-modules -Xcc -fno-implicit-modules -Xcc -fno-implicit-module-maps -explicit-swift-module-map-file /Users/colbycorcoran/Library/Developer/Xcode/DerivedData/Fiz-fiflxcjvlfosoebhvlytfgwprkxo/Build/Intermediates.noindex/Fiz.build/Debug-iphoneos/Fiz.build/Objects-normal/arm64/Fiz-dependencies-1.json -Xllvm -aarch64-use-tbi -enable-objc-interop -stack-check -sdk /Applications/Xcode.app/Contents/Developer/Platforms/iPhoneOS.platform/Developer/SDKs/iPhoneOS26.2.sdk -I /Users/colbycorcoran/Library/Developer/Xcode/DerivedData/Fiz-fiflxcjvlfosoebhvlytfgwprkxo/Build/Products/Debug-iphoneos -F /Users/colbycorcoran/Library/Developer/Xcode/DerivedData/Fiz-fiflxcjvlfosoebhvlytfgwprkxo/Build/Products/Debug-iphoneos/PackageFrameworks -F /Users/colbycorcoran/Library/Developer/Xcode/DerivedData/Fiz-fiflxcjvlfosoebhvlytfgwprkxo/Build/Products/Debug-iphoneos/PackageFrameworks -F /Users/colbycorcoran/Library/Developer/Xcode/DerivedData/Fiz-fiflxcjvlfosoebhvlytfgwprkxo/Build/Products/Debug-iphoneos -no-color-diagnostics -Xcc -fno-color-diagnostics -enable-testing -g -debug-info-format\=dwarf -dwarf-version\=4 -module-cache-path /Users/colbycorcoran/Library/Developer/Xcode/DerivedData/Fiz-fiflxcjvlfosoebhvlytfgwprkxo/Build/Intermediates.noindex/SwiftExplicitPrecompiledModules -profile-generate -profile-coverage-mapping -swift-version 5 -enforce-exclusivity\=checked -Onone -D DEBUG -serialize-debugging-options -const-gather-protocols-file /Users/colbycorcoran/Library/Developer/Xcode/DerivedData/Fiz-fiflxcjvlfosoebhvlytfgwprkxo/Build/Intermediates.noindex/Fiz.build/Debug-iphoneos/Fiz.build/Objects-normal/arm64/Fiz_const_extract_protocols.json -enable-experimental-feature DebugDescriptionMacro -enable-bare-slash-regex -empty-abi-descriptor -validate-clang-modules-once -clang-build-session-file /Users/colbycorcoran/Library/Developer/Xcode/DerivedData/ModuleCache.noindex/Session.modulevalidation -Xcc -working-directory -Xcc /Users/colbycorcoran/Documents/App\ Development/Fiz -enable-anonymous-context-mangled-names -file-compilation-dir /Users/colbycorcoran/Documents/App\ Development/Fiz -Xcc -fmodule-map-file\=/Users/colbycorcoran/Library/Developer/Xcode/DerivedData/Fiz-fiflxcjvlfosoebhvlytfgwprkxo/Build/Intermediates.noindex/GeneratedModuleMaps-iphoneos/phlibwebp.modulemap -Xcc -D_LIBCPP_HARDENING_MODE\=_LIBCPP_HARDENING_MODE_DEBUG -Xcc -ivfsstatcache -Xcc /Users/colbycorcoran/Library/Developer/Xcode/DerivedData/SDKStatCaches.noindex/iphoneos26.2-23C53-3794476bd08197c3e2abd9bb477ef7f7.sdkstatcache -Xcc -I/Users/colbycorcoran/Library/Developer/Xcode/DerivedData/Fiz-fiflxcjvlfosoebhvlytfgwprkxo/Build/Intermediates.noindex/Fiz.build/Debug-iphoneos/Fiz.build/swift-overrides.hmap -Xcc -iquote -Xcc /Users/colbycorcoran/Library/Developer/Xcode/DerivedData/Fiz-fiflxcjvlfosoebhvlytfgwprkxo/Build/Intermediates.noindex/Fiz.build/Debug-iphoneos/Fiz.build/Fiz-generated-files.hmap -Xcc -I/Users/colbycorcoran/Library/Developer/Xcode/DerivedData/Fiz-fiflxcjvlfosoebhvlytfgwprkxo/Build/Intermediates.noindex/Fiz.build/Debug-iphoneos/Fiz.build/Fiz-own-target-headers.hmap -Xcc -I/Users/colbycorcoran/Library/Developer/Xcode/DerivedData/Fiz-fiflxcjvlfosoebhvlytfgwprkxo/Build/Intermediates.noindex/Fiz.build/Debug-iphoneos/Fiz.build/Fiz-all-non-framework-target-headers.hmap -Xcc -ivfsoverlay -Xcc /Users/colbycorcoran/Library/Developer/Xcode/DerivedData/Fiz-fiflxcjvlfosoebhvlytfgwprkxo/Build/Intermediates.noindex/Fiz.build/Debug-iphoneos/Fiz-778151566b949ac38fddff91c5adf1f7-VFS-iphoneos/all-product-headers.yaml -Xcc -iquote -Xcc /Users/colbycorcoran/Library/Developer/Xcode/DerivedData/Fiz-fiflxcjvlfosoebhvlytfgwprkxo/Build/Intermediates.noindex/Fiz.build/Debug-iphoneos/Fiz.build/Fiz-project-headers.hmap -Xcc -I/Users/colbycorcoran/Library/Developer/Xcode/DerivedData/Fiz-fiflxcjvlfosoebhvlytfgwprkxo/SourcePackages/checkouts/posthog-ios/vendor/libwebp -Xcc -I/Users/colbycorcoran/Library/Developer/Xcode/DerivedData/Fiz-fiflxcjvlfosoebhvlytfgwprkxo/Build/Products/Debug-iphoneos/include -Xcc -I/Users/colbycorcoran/Library/Developer/Xcode/DerivedData/Fiz-fiflxcjvlfosoebhvlytfgwprkxo/Build/Intermediates.noindex/Fiz.build/Debug-iphoneos/Fiz.build/DerivedSources-normal/arm64 -Xcc -I/Users/colbycorcoran/Library/Developer/Xcode/DerivedData/Fiz-fiflxcjvlfosoebhvlytfgwprkxo/Build/Intermediates.noindex/Fiz.build/Debug-iphoneos/Fiz.build/DerivedSources/arm64 -Xcc -I/Users/colbycorcoran/Library/Developer/Xcode/DerivedData/Fiz-fiflxcjvlfosoebhvlytfgwprkxo/Build/Intermediates.noindex/Fiz.build/Debug-iphoneos/Fiz.build/DerivedSources -Xcc -DDEBUG\=1 -no-auto-bridging-header-chaining -module-name Fiz -frontend-parseable-output -disable-clang-spi -target-sdk-version 26.2 -target-sdk-name iphoneos26.2 -clang-target arm64-apple-ios26.2 -in-process-plugin-server-path /Applications/Xcode.app/Contents/Developer/Toolchains/XcodeDefault.xctoolchain/usr/lib/swift/host/libSwiftInProcPluginServer.dylib -o /Users/colbycorcoran/Library/Developer/Xcode/DerivedData/Fiz-fiflxcjvlfosoebhvlytfgwprkxo/Build/Intermediates.noindex/Fiz.build/Debug-iphoneos/Fiz.build/Objects-normal/arm64/LeaderboardEntry.o -o /Users/colbycorcoran/Library/Developer/Xcode/DerivedData/Fiz-fiflxcjvlfosoebhvlytfgwprkxo/Build/Intermediates.noindex/Fiz.build/Debug-iphoneos/Fiz.build/Objects-normal/arm64/Phobia.o -o /Users/colbycorcoran/Library/Developer/Xcode/DerivedData/Fiz-fiflxcjvlfosoebhvlytfgwprkxo/Build/Intermediates.noindex/Fiz.build/Debug-iphoneos/Fiz.build/Objects-normal/arm64/WhatsNewModels.o -o /Users/colbycorcoran/Library/Developer/Xcode/DerivedData/Fiz-fiflxcjvlfosoebhvlytfgwprkxo/Build/Intermediates.noindex/Fiz.build/Debug-iphoneos/Fiz.build/Objects-normal/arm64/GameSession.o -o /Users/colbycorcoran/Library/Developer/Xcode/DerivedData/Fiz-fiflxcjvlfosoebhvlytfgwprkxo/Build/Intermediates.noindex/Fiz.build/Debug-iphoneos/Fiz.build/Objects-normal/arm64/AnsweredQuestionsManager.o -o /Users/colbycorcoran/Library/Developer/Xcode/DerivedData/Fiz-fiflxcjvlfosoebhvlytfgwprkxo/Build/Intermediates.noindex/Fiz.build/Debug-iphoneos/Fiz.build/Objects-normal/arm64/UserManager.o -index-unit-output-path /Fiz.build/Debug-iphoneos/Fiz.build/Objects-normal/arm64/LeaderboardEntry.o -index-unit-output-path /Fiz.build/Debug-iphoneos/Fiz.build/Objects-normal/arm64/Phobia.o -index-unit-output-path /Fiz.build/Debug-iphoneos/Fiz.build/Objects-normal/arm64/WhatsNewModels.o -index-unit-output-path /Fiz.build/Debug-iphoneos/Fiz.build/Objects-normal/arm64/GameSession.o -index-unit-output-path /Fiz.build/Debug-iphoneos/Fiz.build/Objects-normal/arm64/AnsweredQuestionsManager.o -index-unit-output-path /Fiz.build/Debug-iphoneos/Fiz.build/Objects-normal/arm64/UserManager.o -index-store-path /Users/colbycorcoran/Library/Developer/Xcode/DerivedData/Fiz-fiflxcjvlfosoebhvlytfgwprkxo/Index.noindex/DataStore -index-system-modules

SwiftCompile normal arm64 /Users/colbycorcoran/Documents/App\ Development/Fiz/Fiz/Models/Core/LeaderboardEntry.swift (in target 'Fiz' from project 'Fiz')
    cd /Users/colbycorcoran/Documents/App\ Development/Fiz
    

SwiftCompile normal arm64 /Users/colbycorcoran/Documents/App\ Development/Fiz/Fiz/Models/Core/Phobia.swift (in target 'Fiz' from project 'Fiz')
    cd /Users/colbycorcoran/Documents/App\ Development/Fiz
    
/Users/colbycorcoran/Documents/App Development/Fiz/Fiz/Models/Core/Phobia.swift:10:8: error: invalid redeclaration of 'Phobia'
struct Phobia: Codable, Identifiable, Equatable {
       ^
/Users/colbycorcoran/Documents/App Development/Fiz/Fiz/Managers/PhobiaExclusionManager.swift:4:8: note: 'Phobia' previously declared here
struct Phobia: Codable, Identifiable, Equatable {
       ^
/Users/colbycorcoran/Documents/App Development/Fiz/Fiz/Managers/PhobiaExclusionManager.swift:4:8: note: 'Phobia' previously declared here
struct Phobia: Codable, Identifiable, Equatable {
       ^

SwiftCompile normal arm64 /Users/colbycorcoran/Documents/App\ Development/Fiz/Fiz/Models/Core/WhatsNewModels.swift (in target 'Fiz' from project 'Fiz')
    cd /Users/colbycorcoran/Documents/App\ Development/Fiz
    
/Users/colbycorcoran/Documents/App Development/Fiz/Fiz/Models/Core/WhatsNewModels.swift:14:20: error: 'WhatsNewFeature' is ambiguous for type lookup in this context
    let features: [WhatsNewFeature]
                   ^~~~~~~~~~~~~~~
/Users/colbycorcoran/Documents/App Development/Fiz/Fiz/Models/Core/WhatsNewModels.swift:17:8: note: found this candidate
struct WhatsNewFeature: Identifiable {
       ^
/Users/colbycorcoran/Documents/App Development/Fiz/Fiz/Managers/WhatsNewManager.swift:102:8: note: found this candidate
struct WhatsNewFeature: Identifiable {
       ^
/Users/colbycorcoran/Documents/App Development/Fiz/Fiz/Models/Core/WhatsNewModels.swift:10:8: error: invalid redeclaration of 'WhatsNewUpdate'
struct WhatsNewUpdate: Identifiable {
       ^
/Users/colbycorcoran/Documents/App Development/Fiz/Fiz/Managers/WhatsNewManager.swift:95:8: note: 'WhatsNewUpdate' previously declared here
struct WhatsNewUpdate: Identifiable {
       ^
/Users/colbycorcoran/Documents/App Development/Fiz/Fiz/Managers/WhatsNewManager.swift:95:8: note: 'WhatsNewUpdate' previously declared here
struct WhatsNewUpdate: Identifiable {
       ^
/Users/colbycorcoran/Documents/App Development/Fiz/Fiz/Models/Core/WhatsNewModels.swift:17:8: error: invalid redeclaration of 'WhatsNewFeature'
struct WhatsNewFeature: Identifiable {
       ^
/Users/colbycorcoran/Documents/App Development/Fiz/Fiz/Managers/WhatsNewManager.swift:102:8: note: 'WhatsNewFeature' previously declared here
struct WhatsNewFeature: Identifiable {
       ^
/Users/colbycorcoran/Documents/App Development/Fiz/Fiz/Managers/WhatsNewManager.swift:102:8: note: 'WhatsNewFeature' previously declared here
struct WhatsNewFeature: Identifiable {
       ^

SwiftCompile normal arm64 /Users/colbycorcoran/Documents/App\ Development/Fiz/Fiz/Models/Core/GameSession.swift (in target 'Fiz' from project 'Fiz')
    cd /Users/colbycorcoran/Documents/App\ Development/Fiz
    

SwiftCompile normal arm64 /Users/colbycorcoran/Documents/App\ Development/Fiz/Fiz/Managers/AnsweredQuestionsManager.swift (in target 'Fiz' from project 'Fiz')
    cd /Users/colbycorcoran/Documents/App\ Development/Fiz
    

SwiftCompile normal arm64 /Users/colbycorcoran/Documents/App\ Development/Fiz/Fiz/Managers/UserManager.swift (in target 'Fiz' from project 'Fiz')
    cd /Users/colbycorcoran/Documents/App\ Development/Fiz
    

LinkAssetCatalog /Users/colbycorcoran/Documents/App\ Development/Fiz/Fiz/Assets.xcassets (in target 'Fiz' from project 'Fiz')
    cd /Users/colbycorcoran/Documents/App\ Development/Fiz
    builtin-linkAssetCatalog --thinned /Users/colbycorcoran/Library/Developer/Xcode/DerivedData/Fiz-fiflxcjvlfosoebhvlytfgwprkxo/Build/Intermediates.noindex/Fiz.build/Debug-iphoneos/Fiz.build/assetcatalog_output/thinned --thinned-dependencies /Users/colbycorcoran/Library/Developer/Xcode/DerivedData/Fiz-fiflxcjvlfosoebhvlytfgwprkxo/Build/Intermediates.noindex/Fiz.build/Debug-iphoneos/Fiz.build/assetcatalog_dependencies_thinned --thinned-info-plist-content /Users/colbycorcoran/Library/Developer/Xcode/DerivedData/Fiz-fiflxcjvlfosoebhvlytfgwprkxo/Build/Intermediates.noindex/Fiz.build/Debug-iphoneos/Fiz.build/assetcatalog_generated_info.plist_thinned --unthinned /Users/colbycorcoran/Library/Developer/Xcode/DerivedData/Fiz-fiflxcjvlfosoebhvlytfgwprkxo/Build/Intermediates.noindex/Fiz.build/Debug-iphoneos/Fiz.build/assetcatalog_output/unthinned --unthinned-dependencies /Users/colbycorcoran/Library/Developer/Xcode/DerivedData/Fiz-fiflxcjvlfosoebhvlytfgwprkxo/Build/Intermediates.noindex/Fiz.build/Debug-iphoneos/Fiz.build/assetcatalog_dependencies_unthinned --unthinned-info-plist-content /Users/colbycorcoran/Library/Developer/Xcode/DerivedData/Fiz-fiflxcjvlfosoebhvlytfgwprkxo/Build/Intermediates.noindex/Fiz.build/Debug-iphoneos/Fiz.build/assetcatalog_generated_info.plist_unthinned --output /Users/colbycorcoran/Library/Developer/Xcode/DerivedData/Fiz-fiflxcjvlfosoebhvlytfgwprkxo/Build/Products/Debug-iphoneos/Fiz.app --plist-output /Users/colbycorcoran/Library/Developer/Xcode/DerivedData/Fiz-fiflxcjvlfosoebhvlytfgwprkxo/Build/Intermediates.noindex/Fiz.build/Debug-iphoneos/Fiz.build/assetcatalog_generated_info.plist
note: Emplaced /Users/colbycorcoran/Library/Developer/Xcode/DerivedData/Fiz-fiflxcjvlfosoebhvlytfgwprkxo/Build/Products/Debug-iphoneos/Fiz.app/AppIcon76x76@2x~ipad.png (in target 'Fiz' from project 'Fiz')
note: Emplaced /Users/colbycorcoran/Library/Developer/Xcode/DerivedData/Fiz-fiflxcjvlfosoebhvlytfgwprkxo/Build/Products/Debug-iphoneos/Fiz.app/AppIcon60x60@2x.png (in target 'Fiz' from project 'Fiz')
note: Emplaced /Users/colbycorcoran/Library/Developer/Xcode/DerivedData/Fiz-fiflxcjvlfosoebhvlytfgwprkxo/Build/Products/Debug-iphoneos/Fiz.app/Assets.car (in target 'Fiz' from project 'Fiz')

SwiftDriverJobDiscovery normal arm64 Compiling ConfirmationMessage.swift, PostHogDisplaySurvey.swift, PostHogDisplaySurveyAppearance.swift, PostHogDisplaySurveyQuestion.swift, PostHogNextSurveyQuestion.swift, PostHogSurveyResponse.swift, PostHogSurveyIntegration.swift, PostHogSurveysConfig.swift, PostHogSurveysDefaultDelegate.swift, QuestionHeader.swift, QuestionTypes.swift (in target 'PostHog' from project 'PostHog')

SwiftCompile normal arm64 Compiling\ DeveloperBypassManager.swift,\ PhobiaExclusionManager.swift,\ TriviaCategory.swift,\ TriviaQuestion.swift,\ QuestionHistoryEntry.swift,\ ExpansionPack.swift /Users/colbycorcoran/Documents/App\ Development/Fiz/Fiz/Managers/DeveloperBypassManager.swift /Users/colbycorcoran/Documents/App\ Development/Fiz/Fiz/Managers/PhobiaExclusionManager.swift /Users/colbycorcoran/Documents/App\ Development/Fiz/Fiz/Models/Core/TriviaCategory.swift /Users/colbycorcoran/Documents/App\ Development/Fiz/Fiz/Models/Core/TriviaQuestion.swift /Users/colbycorcoran/Documents/App\ Development/Fiz/Fiz/Models/Core/QuestionHistoryEntry.swift /Users/colbycorcoran/Documents/App\ Development/Fiz/Fiz/Models/Core/ExpansionPack.swift (in target 'Fiz' from project 'Fiz')

SwiftCompile normal arm64 /Users/colbycorcoran/Documents/App\ Development/Fiz/Fiz/Managers/DeveloperBypassManager.swift (in target 'Fiz' from project 'Fiz')
    cd /Users/colbycorcoran/Documents/App\ Development/Fiz
    

SwiftCompile normal arm64 /Users/colbycorcoran/Documents/App\ Development/Fiz/Fiz/Managers/PhobiaExclusionManager.swift (in target 'Fiz' from project 'Fiz')
    cd /Users/colbycorcoran/Documents/App\ Development/Fiz
    

SwiftCompile normal arm64 /Users/colbycorcoran/Documents/App\ Development/Fiz/Fiz/Models/Core/TriviaCategory.swift (in target 'Fiz' from project 'Fiz')
    cd /Users/colbycorcoran/Documents/App\ Development/Fiz
    

SwiftCompile normal arm64 /Users/colbycorcoran/Documents/App\ Development/Fiz/Fiz/Models/Core/TriviaQuestion.swift (in target 'Fiz' from project 'Fiz')
    cd /Users/colbycorcoran/Documents/App\ Development/Fiz
    

SwiftCompile normal arm64 /Users/colbycorcoran/Documents/App\ Development/Fiz/Fiz/Models/Core/QuestionHistoryEntry.swift (in target 'Fiz' from project 'Fiz')
    cd /Users/colbycorcoran/Documents/App\ Development/Fiz
    

SwiftCompile normal arm64 /Users/colbycorcoran/Documents/App\ Development/Fiz/Fiz/Models/Core/ExpansionPack.swift (in target 'Fiz' from project 'Fiz')
    cd /Users/colbycorcoran/Documents/App\ Development/Fiz
    

SwiftDriver\ Compilation PostHog normal arm64 com.apple.xcode.tools.swift.compiler (in target 'PostHog' from project 'PostHog')
    cd /Users/colbycorcoran/Documents/App\ Development/Fiz/Fiz.xcodeproj
    builtin-Swift-Compilation -- /Applications/Xcode.app/Contents/Developer/Toolchains/XcodeDefault.xctoolchain/usr/bin/swiftc -module-name PostHog -Onone -enforce-exclusivity\=checked @/Users/colbycorcoran/Library/Developer/Xcode/DerivedData/Fiz-fiflxcjvlfosoebhvlytfgwprkxo/Build/Intermediates.noindex/PostHog.build/Debug-iphoneos/PostHog.build/Objects-normal/arm64/PostHog.SwiftFileList -DSWIFT_PACKAGE -DDEBUG -DSWIFT_MODULE_RESOURCE_BUNDLE_AVAILABLE -Xcc -fmodule-map-file\=/Users/colbycorcoran/Library/Developer/Xcode/DerivedData/Fiz-fiflxcjvlfosoebhvlytfgwprkxo/Build/Intermediates.noindex/GeneratedModuleMaps-iphoneos/phlibwebp.modulemap -DXcode -plugin-path /Applications/Xcode.app/Contents/Developer/Toolchains/XcodeDefault.xctoolchain/usr/lib/swift/host/plugins/testing -enable-experimental-feature DebugDescriptionMacro -sdk /Applications/Xcode.app/Contents/Developer/Platforms/iPhoneOS.platform/Developer/SDKs/iPhoneOS26.2.sdk -target arm64-apple-ios13.0 -g -module-cache-path /Users/colbycorcoran/Library/Developer/Xcode/DerivedData/ModuleCache.noindex -Xfrontend -serialize-debugging-options -profile-coverage-mapping -profile-generate -enable-testing -suppress-warnings -index-store-path /Users/colbycorcoran/Library/Developer/Xcode/DerivedData/Fiz-fiflxcjvlfosoebhvlytfgwprkxo/Index.noindex/DataStore -Xcc -D_LIBCPP_HARDENING_MODE\=_LIBCPP_HARDENING_MODE_DEBUG -swift-version 5 -I /Users/colbycorcoran/Library/Developer/Xcode/DerivedData/Fiz-fiflxcjvlfosoebhvlytfgwprkxo/Build/Products/Debug-iphoneos -Isystem /Applications/Xcode.app/Contents/Developer/Platforms/iPhoneOS.platform/Developer/usr/lib -F /Users/colbycorcoran/Library/Developer/Xcode/DerivedData/Fiz-fiflxcjvlfosoebhvlytfgwprkxo/Build/Products/Debug-iphoneos/PackageFrameworks -F /Users/colbycorcoran/Library/Developer/Xcode/DerivedData/Fiz-fiflxcjvlfosoebhvlytfgwprkxo/Build/Products/Debug-iphoneos -F /Applications/Xcode.app/Contents/Developer/Platforms/iPhoneOS.platform/Developer/Library/Frameworks -F /Applications/Xcode.app/Contents/Developer/Platforms/iPhoneOS.platform/Developer/SDKs/iPhoneOS26.2.sdk/Developer/Library/Frameworks -c -j10 -enable-batch-mode -incremental -Xcc -ivfsstatcache -Xcc /Users/colbycorcoran/Library/Developer/Xcode/DerivedData/SDKStatCaches.noindex/iphoneos26.2-23C53-3794476bd08197c3e2abd9bb477ef7f7.sdkstatcache -output-file-map /Users/colbycorcoran/Library/Developer/Xcode/DerivedData/Fiz-fiflxcjvlfosoebhvlytfgwprkxo/Build/Intermediates.noindex/PostHog.build/Debug-iphoneos/PostHog.build/Objects-normal/arm64/PostHog-OutputFileMap.json -use-frontend-parseable-output -save-temps -no-color-diagnostics -explicit-module-build -module-cache-path /Users/colbycorcoran/Library/Developer/Xcode/DerivedData/Fiz-fiflxcjvlfosoebhvlytfgwprkxo/Build/Intermediates.noindex/SwiftExplicitPrecompiledModules -clang-scanner-module-cache-path /Users/colbycorcoran/Library/Developer/Xcode/DerivedData/ModuleCache.noindex -sdk-module-cache-path /Users/colbycorcoran/Library/Developer/Xcode/DerivedData/ModuleCache.noindex -serialize-diagnostics -emit-dependencies -emit-module -emit-module-path /Users/colbycorcoran/Library/Developer/Xcode/DerivedData/Fiz-fiflxcjvlfosoebhvlytfgwprkxo/Build/Intermediates.noindex/PostHog.build/Debug-iphoneos/PostHog.build/Objects-normal/arm64/PostHog.swiftmodule -validate-clang-modules-once -clang-build-session-file /Users/colbycorcoran/Library/Developer/Xcode/DerivedData/ModuleCache.noindex/Session.modulevalidation -Xcc -I/Users/colbycorcoran/Library/Developer/Xcode/DerivedData/Fiz-fiflxcjvlfosoebhvlytfgwprkxo/Build/Intermediates.noindex/PostHog.build/Debug-iphoneos/PostHog.build/swift-overrides.hmap -emit-const-values -Xfrontend -const-gather-protocols-file -Xfrontend /Users/colbycorcoran/Library/Developer/Xcode/DerivedData/Fiz-fiflxcjvlfosoebhvlytfgwprkxo/Build/Intermediates.noindex/PostHog.build/Debug-iphoneos/PostHog.build/Objects-normal/arm64/PostHog_const_extract_protocols.json -Xcc -I/Users/colbycorcoran/Library/Developer/Xcode/DerivedData/Fiz-fiflxcjvlfosoebhvlytfgwprkxo/SourcePackages/checkouts/posthog-ios/vendor/libwebp -Xcc -I/Users/colbycorcoran/Library/Developer/Xcode/DerivedData/Fiz-fiflxcjvlfosoebhvlytfgwprkxo/Build/Products/Debug-iphoneos/include -Xcc -I/Users/colbycorcoran/Library/Developer/Xcode/DerivedData/Fiz-fiflxcjvlfosoebhvlytfgwprkxo/Build/Intermediates.noindex/PostHog.build/Debug-iphoneos/PostHog.build/DerivedSources-normal/arm64 -Xcc -I/Users/colbycorcoran/Library/Developer/Xcode/DerivedData/Fiz-fiflxcjvlfosoebhvlytfgwprkxo/Build/Intermediates.noindex/PostHog.build/Debug-iphoneos/PostHog.build/DerivedSources/arm64 -Xcc -I/Users/colbycorcoran/Library/Developer/Xcode/DerivedData/Fiz-fiflxcjvlfosoebhvlytfgwprkxo/Build/Intermediates.noindex/PostHog.build/Debug-iphoneos/PostHog.build/DerivedSources -Xcc -DSWIFT_PACKAGE -Xcc -DDEBUG\=1 -emit-objc-header -emit-objc-header-path /Users/colbycorcoran/Library/Developer/Xcode/DerivedData/Fiz-fiflxcjvlfosoebhvlytfgwprkxo/Build/Intermediates.noindex/PostHog.build/Debug-iphoneos/PostHog.build/Objects-normal/arm64/PostHog-Swift.h -working-directory /Users/colbycorcoran/Documents/App\ Development/Fiz/Fiz.xcodeproj -experimental-emit-module-separately -disable-cmo

